Initialized native services in: C:\Users\oMaaBo\.gradle\native
Initialized jansi services in: C:\Users\oMaaBo\.gradle\native
Received JVM installation metadata from 'C:\Program Files\Microsoft\jdk-17.0.14.7-hotspot': {JAVA_HOME=C:\Program Files\Microsoft\jdk-17.0.14.7-hotspot, JAVA_VERSION=17.0.14, JAVA_VENDOR=Microsoft, RUNTIME_NAME=OpenJDK Runtime Environment, RUNTIME_VERSION=17.0.14+7-LTS, VM_NAME=OpenJDK 64-Bit Server VM, VM_VERSION=17.0.14+7-LTS, VM_VENDOR=Microsoft, OS_ARCH=amd64}
The client will now receive all logging from the daemon (pid: 20360). The daemon log file: C:\Users\oMaaBo\.gradle\daemon\8.9\daemon-20360.out.log
Starting 19th build in daemon [uptime: 57 mins 23.941 secs, performance: 100%, GC rate: 0.00/s, heap usage: 5% of 2 GiB]
Using 12 worker leases.
Now considering [E:\For Safe Keeping\WEB REF\MaterialFiles] as hierarchies to watch
Watching the file system is configured to be enabled if available
File system watching is active
Starting Build
Settings evaluated using settings file 'E:\For Safe Keeping\WEB REF\MaterialFiles\settings.gradle'.
Projects loaded. Root project using build file 'E:\For Safe Keeping\WEB REF\MaterialFiles\build.gradle'.
Included projects: [root project 'MaterialFiles', project ':app']

> Configure project :
Evaluating root project 'MaterialFiles' using build file 'E:\For Safe Keeping\WEB REF\MaterialFiles\build.gradle'.
Transforming gradle-8.5.0.jar (com.android.tools.build:gradle:8.5.0) with InstrumentationAnalysisTransform
Transforming kotlin-gradle-plugin-model-1.9.24.jar (org.jetbrains.kotlin:kotlin-gradle-plugin-model:1.9.24) with InstrumentationAnalysisTransform
Transforming kotlin-serialization-1.9.24-gradle82.jar (org.jetbrains.kotlin:kotlin-serialization:1.9.24) with InstrumentationAnalysisTransform
Transforming kotlin-gradle-plugin-api-1.9.24.jar (org.jetbrains.kotlin:kotlin-gradle-plugin-api:1.9.24) with InstrumentationAnalysisTransform
Transforming kotlin-gradle-plugin-api-1.9.24-gradle82.jar (org.jetbrains.kotlin:kotlin-gradle-plugin-api:1.9.24) with InstrumentationAnalysisTransform
Transforming kotlin-gradle-plugin-1.9.24-gradle82.jar (org.jetbrains.kotlin:kotlin-gradle-plugin:1.9.24) with InstrumentationAnalysisTransform
Transforming gradle-settings-api-8.5.0.jar (com.android.tools.build:gradle-settings-api:8.5.0) with InstrumentationAnalysisTransform
Transforming lint-model-31.5.0.jar (com.android.tools.lint:lint-model:31.5.0) with InstrumentationAnalysisTransform
Transforming builder-8.5.0.jar (com.android.tools.build:builder:8.5.0) with InstrumentationAnalysisTransform
Transforming manifest-merger-31.5.0.jar (com.android.tools.build:manifest-merger:31.5.0) with InstrumentationAnalysisTransform
Transforming sdk-common-31.5.0.jar (com.android.tools:sdk-common:31.5.0) with InstrumentationAnalysisTransform
Transforming sdklib-31.5.0.jar (com.android.tools:sdklib:31.5.0) with InstrumentationAnalysisTransform
Transforming repository-31.5.0.jar (com.android.tools:repository:31.5.0) with InstrumentationAnalysisTransform
Transforming gradle-api-8.5.0.jar (com.android.tools.build:gradle-api:8.5.0) with InstrumentationAnalysisTransform
Transforming builder-test-api-8.5.0.jar (com.android.tools.build:builder-test-api:8.5.0) with InstrumentationAnalysisTransform
Transforming ddmlib-31.5.0.jar (com.android.tools.ddms:ddmlib:31.5.0) with InstrumentationAnalysisTransform
Transforming aaptcompiler-8.5.0.jar (com.android.tools.build:aaptcompiler:8.5.0) with InstrumentationAnalysisTransform
Transforming bundletool-1.16.0.jar (com.android.tools.build:bundletool:1.16.0) with InstrumentationAnalysisTransform
Transforming aapt2-proto-8.5.0-11315950.jar (com.android.tools.build:aapt2-proto:8.5.0-11315950) with InstrumentationAnalysisTransform
Transforming crash-31.5.0.jar (com.android.tools.analytics-library:crash:31.5.0) with InstrumentationAnalysisTransform
Transforming tracker-31.5.0.jar (com.android.tools.analytics-library:tracker:31.5.0) with InstrumentationAnalysisTransform
Transforming shared-31.5.0.jar (com.android.tools.analytics-library:shared:31.5.0) with InstrumentationAnalysisTransform
Transforming lint-typedef-remover-31.5.0.jar (com.android.tools.lint:lint-typedef-remover:31.5.0) with InstrumentationAnalysisTransform
Transforming databinding-compiler-common-8.5.0.jar (androidx.databinding:databinding-compiler-common:8.5.0) with InstrumentationAnalysisTransform
Transforming databinding-common-8.5.0.jar (androidx.databinding:databinding-common:8.5.0) with InstrumentationAnalysisTransform
Transforming baseLibrary-8.5.0.jar (com.android.databinding:baseLibrary:8.5.0) with InstrumentationAnalysisTransform
Transforming layoutlib-api-31.5.0.jar (com.android.tools.layoutlib:layoutlib-api:31.5.0) with InstrumentationAnalysisTransform
Transforming android-device-provider-ddmlib-proto-31.5.0.jar (com.android.tools.utp:android-device-provider-ddmlib-proto:31.5.0) with InstrumentationAnalysisTransform
Transforming android-device-provider-gradle-proto-31.5.0.jar (com.android.tools.utp:android-device-provider-gradle-proto:31.5.0) with InstrumentationAnalysisTransform
Transforming android-test-plugin-host-additional-test-output-proto-31.5.0.jar (com.android.tools.utp:android-test-plugin-host-additional-test-output-proto:31.5.0) with InstrumentationAnalysisTransform
Transforming android-test-plugin-host-coverage-proto-31.5.0.jar (com.android.tools.utp:android-test-plugin-host-coverage-proto:31.5.0) with InstrumentationAnalysisTransform
Transforming android-test-plugin-host-emulator-control-proto-31.5.0.jar (com.android.tools.utp:android-test-plugin-host-emulator-control-proto:31.5.0) with InstrumentationAnalysisTransform
Transforming android-test-plugin-host-logcat-proto-31.5.0.jar (com.android.tools.utp:android-test-plugin-host-logcat-proto:31.5.0) with InstrumentationAnalysisTransform
Transforming android-test-plugin-host-apk-installer-proto-31.5.0.jar (com.android.tools.utp:android-test-plugin-host-apk-installer-proto:31.5.0) with InstrumentationAnalysisTransform
Transforming android-test-plugin-host-retention-proto-31.5.0.jar (com.android.tools.utp:android-test-plugin-host-retention-proto:31.5.0) with InstrumentationAnalysisTransform
Transforming android-test-plugin-result-listener-gradle-proto-31.5.0.jar (com.android.tools.utp:android-test-plugin-result-listener-gradle-proto:31.5.0) with InstrumentationAnalysisTransform
Transforming google-services-4.4.2.jar (com.google.gms:google-services:4.4.2) with InstrumentationAnalysisTransform
Transforming firebase-crashlytics-gradle-3.0.2.jar (com.google.firebase:firebase-crashlytics-gradle:3.0.2) with InstrumentationAnalysisTransform
Transforming builder-model-8.5.0.jar (com.android.tools.build:builder-model:8.5.0) with InstrumentationAnalysisTransform
Transforming symbol-processing-gradle-plugin-1.9.24-1.0.20.jar (com.google.devtools.ksp:symbol-processing-gradle-plugin:1.9.24-1.0.20) with InstrumentationAnalysisTransform
Transforming symbol-processing-api-1.9.24-1.0.20.jar (com.google.devtools.ksp:symbol-processing-api:1.9.24-1.0.20) with InstrumentationAnalysisTransform
Transforming symbol-processing-common-deps-1.9.24-1.0.20.jar (com.google.devtools.ksp:symbol-processing-common-deps:1.9.24-1.0.20) with InstrumentationAnalysisTransform
Transforming strict-version-matcher-plugin-1.2.4.jar (com.google.android.gms:strict-version-matcher-plugin:1.2.4) with InstrumentationAnalysisTransform
Transforming dvlib-31.5.0.jar (com.android.tools:dvlib:31.5.0) with InstrumentationAnalysisTransform
Transforming common-31.5.0.jar (com.android.tools:common:31.5.0) with InstrumentationAnalysisTransform
Transforming jetifier-processor-1.0.0-beta10.jar (com.android.tools.build.jetifier:jetifier-processor:1.0.0-beta10) with InstrumentationAnalysisTransform
Transforming jetifier-core-1.0.0-beta10.jar (com.android.tools.build.jetifier:jetifier-core:1.0.0-beta10) with InstrumentationAnalysisTransform
Transforming kotlin-reflect-1.9.20.jar (org.jetbrains.kotlin:kotlin-reflect:1.9.20) with InstrumentationAnalysisTransform
Transforming kotlin-stdlib-jdk7-1.9.20.jar (org.jetbrains.kotlin:kotlin-stdlib-jdk7:1.9.20) with InstrumentationAnalysisTransform
Transforming kotlin-stdlib-1.9.20.jar (org.jetbrains.kotlin:kotlin-stdlib:1.9.20) with InstrumentationAnalysisTransform
Transforming kotlin-stdlib-jdk8-1.9.20.jar (org.jetbrains.kotlin:kotlin-stdlib-jdk8:1.9.20) with InstrumentationAnalysisTransform
Transforming transform-api-2.0.0-deprecated-use-gradle-api.jar (com.android.tools.build:transform-api:2.0.0-deprecated-use-gradle-api) with InstrumentationAnalysisTransform
Transforming httpmime-4.5.6.jar (org.apache.httpcomponents:httpmime:4.5.6) with InstrumentationAnalysisTransform
Transforming commons-io-2.13.0.jar (commons-io:commons-io:2.13.0) with InstrumentationAnalysisTransform
Transforming asm-commons-9.6.jar (org.ow2.asm:asm-commons:9.6) with InstrumentationAnalysisTransform
Transforming asm-util-9.6.jar (org.ow2.asm:asm-util:9.6) with InstrumentationAnalysisTransform
Transforming asm-analysis-9.6.jar (org.ow2.asm:asm-analysis:9.6) with InstrumentationAnalysisTransform
Transforming asm-tree-9.6.jar (org.ow2.asm:asm-tree:9.6) with InstrumentationAnalysisTransform
Transforming asm-9.6.jar (org.ow2.asm:asm:9.6) with InstrumentationAnalysisTransform
Transforming jaxb-runtime-2.3.2.jar (org.glassfish.jaxb:jaxb-runtime:2.3.2) with InstrumentationAnalysisTransform
Transforming jopt-simple-4.9.jar (net.sf.jopt-simple:jopt-simple:4.9) with InstrumentationAnalysisTransform
Transforming javapoet-1.10.0.jar (com.squareup:javapoet:1.10.0) with InstrumentationAnalysisTransform
Transforming protobuf-java-util-3.22.3.jar (com.google.protobuf:protobuf-java-util:3.22.3) with InstrumentationAnalysisTransform
Transforming grpc-protobuf-1.57.0.jar (io.grpc:grpc-protobuf:1.57.0) with InstrumentationAnalysisTransform
Transforming tink-1.7.0.jar (com.google.crypto.tink:tink:1.7.0) with InstrumentationAnalysisTransform
Transforming protos-31.5.0.jar (com.android.tools.analytics-library:protos:31.5.0) with InstrumentationAnalysisTransform
Transforming proto-google-common-protos-2.17.0.jar (com.google.api.grpc:proto-google-common-protos:2.17.0) with InstrumentationAnalysisTransform
Transforming protobuf-java-3.22.3.jar (com.google.protobuf:protobuf-java:3.22.3) with InstrumentationAnalysisTransform
Transforming grpc-netty-1.57.0.jar (io.grpc:grpc-netty:1.57.0) with InstrumentationAnalysisTransform
Transforming grpc-core-1.57.0.jar (io.grpc:grpc-core:1.57.0) with InstrumentationAnalysisTransform
Transforming gson-2.10.1.jar (com.google.code.gson:gson:2.10.1) with InstrumentationAnalysisTransform
Transforming grpc-stub-1.57.0.jar (io.grpc:grpc-stub:1.57.0) with InstrumentationAnalysisTransform
Transforming core-proto-0.0.9-alpha02.jar (com.google.testing.platform:core-proto:0.0.9-alpha02) with InstrumentationAnalysisTransform
Transforming kxml2-2.3.0.jar (net.sf.kxml:kxml2:2.3.0) with InstrumentationAnalysisTransform
Transforming tensorflow-lite-metadata-0.1.0-rc2.jar (org.tensorflow:tensorflow-lite-metadata:0.1.0-rc2) with InstrumentationAnalysisTransform
Transforming flatbuffers-java-1.12.0.jar (com.google.flatbuffers:flatbuffers-java:1.12.0) with InstrumentationAnalysisTransform
Transforming kotlin-gradle-plugin-idea-proto-1.9.24.jar (org.jetbrains.kotlin:kotlin-gradle-plugin-idea-proto:1.9.24) with InstrumentationAnalysisTransform
Transforming kotlin-gradle-plugin-idea-1.9.24.jar (org.jetbrains.kotlin:kotlin-gradle-plugin-idea:1.9.24) with InstrumentationAnalysisTransform
Transforming kotlin-klib-commonizer-api-1.9.24.jar (org.jetbrains.kotlin:kotlin-klib-commonizer-api:1.9.24) with InstrumentationAnalysisTransform
Transforming kotlin-native-utils-1.9.24.jar (org.jetbrains.kotlin:kotlin-native-utils:1.9.24) with InstrumentationAnalysisTransform
Transforming kotlin-util-klib-1.9.24.jar (org.jetbrains.kotlin:kotlin-util-klib:1.9.24) with InstrumentationAnalysisTransform
Transforming kotlin-build-tools-api-1.9.24.jar (org.jetbrains.kotlin:kotlin-build-tools-api:1.9.24) with InstrumentationAnalysisTransform
Transforming kotlin-android-extensions-1.9.24.jar (org.jetbrains.kotlin:kotlin-android-extensions:1.9.24) with InstrumentationAnalysisTransform
Transforming kotlin-compiler-runner-1.9.24.jar (org.jetbrains.kotlin:kotlin-compiler-runner:1.9.24) with InstrumentationAnalysisTransform
Transforming kotlin-compiler-embeddable-1.9.24.jar (org.jetbrains.kotlin:kotlin-compiler-embeddable:1.9.24) with InstrumentationAnalysisTransform
Transforming kotlin-scripting-compiler-embeddable-1.9.24.jar (org.jetbrains.kotlin:kotlin-scripting-compiler-embeddable:1.9.24) with InstrumentationAnalysisTransform
Transforming kotlin-scripting-compiler-impl-embeddable-1.9.24.jar (org.jetbrains.kotlin:kotlin-scripting-compiler-impl-embeddable:1.9.24) with InstrumentationAnalysisTransform
Transforming kotlin-gradle-plugin-annotations-1.9.24.jar (org.jetbrains.kotlin:kotlin-gradle-plugin-annotations:1.9.24) with InstrumentationAnalysisTransform
Transforming kotlin-project-model-1.9.24.jar (org.jetbrains.kotlin:kotlin-project-model:1.9.24) with InstrumentationAnalysisTransform
Transforming kotlin-tooling-core-1.9.24.jar (org.jetbrains.kotlin:kotlin-tooling-core:1.9.24) with InstrumentationAnalysisTransform
Transforming kotlin-util-io-1.9.24.jar (org.jetbrains.kotlin:kotlin-util-io:1.9.24) with InstrumentationAnalysisTransform
Transforming kotlin-daemon-embeddable-1.9.24.jar (org.jetbrains.kotlin:kotlin-daemon-embeddable:1.9.24) with InstrumentationAnalysisTransform
Transforming trove4j-1.0.20200330.jar (org.jetbrains.intellij.deps:trove4j:1.0.20200330) with InstrumentationAnalysisTransform
Transforming kotlin-daemon-client-1.9.24.jar (org.jetbrains.kotlin:kotlin-daemon-client:1.9.24) with InstrumentationAnalysisTransform
Transforming kotlinx-coroutines-core-jvm-1.5.0.jar (org.jetbrains.kotlinx:kotlinx-coroutines-core-jvm:1.5.0) with InstrumentationAnalysisTransform
Transforming kotlin-scripting-jvm-1.9.24.jar (org.jetbrains.kotlin:kotlin-scripting-jvm:1.9.24) with InstrumentationAnalysisTransform
Transforming kotlin-scripting-common-1.9.24.jar (org.jetbrains.kotlin:kotlin-scripting-common:1.9.24) with InstrumentationAnalysisTransform
Transforming apkzlib-8.5.0.jar (com.android.tools.build:apkzlib:8.5.0) with InstrumentationAnalysisTransform
Transforming bcpkix-jdk18on-1.77.jar (org.bouncycastle:bcpkix-jdk18on:1.77) with InstrumentationAnalysisTransform
Transforming jimfs-1.1.jar (com.google.jimfs:jimfs:1.1) with InstrumentationAnalysisTransform
Transforming grpc-context-1.57.0.jar (io.grpc:grpc-context:1.57.0) with InstrumentationAnalysisTransform
Transforming grpc-protobuf-lite-1.57.0.jar (io.grpc:grpc-protobuf-lite:1.57.0) with InstrumentationAnalysisTransform
Transforming grpc-api-1.57.0.jar (io.grpc:grpc-api:1.57.0) with InstrumentationAnalysisTransform
Transforming guava-32.0.1-jre.jar (com.google.guava:guava:32.0.1-jre) with InstrumentationAnalysisTransform
Transforming firebase-crashlytics-buildtools-3.0.2.jar (com.google.firebase:firebase-crashlytics-buildtools:3.0.2) with InstrumentationAnalysisTransform
Transforming dagger-2.28.3.jar (com.google.dagger:dagger:2.28.3) with InstrumentationAnalysisTransform
Transforming javax.inject-1.jar (javax.inject:javax.inject:1) with InstrumentationAnalysisTransform
Transforming bcutil-jdk18on-1.77.jar (org.bouncycastle:bcutil-jdk18on:1.77) with InstrumentationAnalysisTransform
Transforming bcprov-jdk18on-1.77.jar (org.bouncycastle:bcprov-jdk18on:1.77) with InstrumentationAnalysisTransform
Transforming commons-compress-1.21.jar (org.apache.commons:commons-compress:1.21) with InstrumentationAnalysisTransform
Transforming httpclient-4.5.14.jar (org.apache.httpcomponents:httpclient:4.5.14) with InstrumentationAnalysisTransform
Transforming httpcore-4.4.16.jar (org.apache.httpcomponents:httpcore:4.4.16) with InstrumentationAnalysisTransform
Transforming javax.activation-1.2.0.jar (com.sun.activation:javax.activation:1.2.0) with InstrumentationAnalysisTransform
Transforming annotations-23.0.0.jar (org.jetbrains:annotations:23.0.0) with InstrumentationAnalysisTransform
Transforming signflinger-8.5.0.jar (com.android:signflinger:8.5.0) with InstrumentationAnalysisTransform
Transforming zipflinger-8.5.0.jar (com.android:zipflinger:8.5.0) with InstrumentationAnalysisTransform
Transforming annotations-31.5.0.jar (com.android.tools:annotations:31.5.0) with InstrumentationAnalysisTransform
Transforming jna-platform-5.6.0.jar (net.java.dev.jna:jna-platform:5.6.0) with InstrumentationAnalysisTransform
Transforming juniversalchardet-1.0.3.jar (com.googlecode.juniversalchardet:juniversalchardet:1.0.3) with InstrumentationAnalysisTransform
Transforming javax.annotation-api-1.3.2.jar (javax.annotation:javax.annotation-api:1.3.2) with InstrumentationAnalysisTransform
Transforming stax-ex-1.8.1.jar (org.jvnet.staxex:stax-ex:1.8.1) with InstrumentationAnalysisTransform
Transforming jakarta.xml.bind-api-2.3.2.jar (jakarta.xml.bind:jakarta.xml.bind-api:2.3.2) with InstrumentationAnalysisTransform
Transforming txw2-2.3.2.jar (org.glassfish.jaxb:txw2:2.3.2) with InstrumentationAnalysisTransform
Transforming istack-commons-runtime-3.0.8.jar (com.sun.istack:istack-commons-runtime:3.0.8) with InstrumentationAnalysisTransform
Transforming FastInfoset-1.2.16.jar (com.sun.xml.fastinfoset:FastInfoset:1.2.16) with InstrumentationAnalysisTransform
Transforming jakarta.activation-api-1.2.1.jar (jakarta.activation:jakarta.activation-api:1.2.1) with InstrumentationAnalysisTransform
Transforming auto-value-annotations-1.6.2.jar (com.google.auto.value:auto-value-annotations:1.6.2) with InstrumentationAnalysisTransform
Transforming error_prone_annotations-2.18.0.jar (com.google.errorprone:error_prone_annotations:2.18.0) with InstrumentationAnalysisTransform
Transforming jose4j-0.9.5.jar (org.bitbucket.b_c:jose4j:0.9.5) with InstrumentationAnalysisTransform
Transforming slf4j-api-1.7.30.jar (org.slf4j:slf4j-api:1.7.30) with InstrumentationAnalysisTransform
Transforming jdom2-2.0.6.jar (org.jdom:jdom2:2.0.6) with InstrumentationAnalysisTransform
Transforming jsr305-3.0.2.jar (com.google.code.findbugs:jsr305:3.0.2) with InstrumentationAnalysisTransform
Transforming j2objc-annotations-2.8.jar (com.google.j2objc:j2objc-annotations:2.8) with InstrumentationAnalysisTransform
Transforming annotations-4.1.1.4.jar (com.google.android:annotations:4.1.1.4) with InstrumentationAnalysisTransform
Transforming animal-sniffer-annotations-1.23.jar (org.codehaus.mojo:animal-sniffer-annotations:1.23) with InstrumentationAnalysisTransform
Transforming perfmark-api-0.26.0.jar (io.perfmark:perfmark-api:0.26.0) with InstrumentationAnalysisTransform
Transforming netty-codec-http2-4.1.93.Final.jar (io.netty:netty-codec-http2:4.1.93.Final) with InstrumentationAnalysisTransform
Transforming netty-handler-proxy-4.1.93.Final.jar (io.netty:netty-handler-proxy:4.1.93.Final) with InstrumentationAnalysisTransform
Transforming netty-codec-http-4.1.93.Final.jar (io.netty:netty-codec-http:4.1.93.Final) with InstrumentationAnalysisTransform
Transforming netty-handler-4.1.93.Final.jar (io.netty:netty-handler:4.1.93.Final) with InstrumentationAnalysisTransform
Transforming netty-transport-native-unix-common-4.1.93.Final.jar (io.netty:netty-transport-native-unix-common:4.1.93.Final) with InstrumentationAnalysisTransform
Transforming checker-qual-3.33.0.jar (org.checkerframework:checker-qual:3.33.0) with InstrumentationAnalysisTransform
Transforming commons-codec-1.11.jar (commons-codec:commons-codec:1.11) with InstrumentationAnalysisTransform
Transforming apksig-8.5.0.jar (com.android.tools.build:apksig:8.5.0) with InstrumentationAnalysisTransform
Transforming javawriter-2.5.0.jar (com.squareup:javawriter:2.5.0) with InstrumentationAnalysisTransform
Transforming failureaccess-1.0.1.jar (com.google.guava:failureaccess:1.0.1) with InstrumentationAnalysisTransform
Transforming listenablefuture-9999.0-empty-to-avoid-conflict-with-guava.jar (com.google.guava:listenablefuture:9999.0-empty-to-avoid-conflict-with-guava) with InstrumentationAnalysisTransform
Transforming commons-logging-1.2.jar (commons-logging:commons-logging:1.2) with InstrumentationAnalysisTransform
Transforming jna-5.6.0.jar (net.java.dev.jna:jna:5.6.0) with InstrumentationAnalysisTransform
Transforming netty-codec-socks-4.1.93.Final.jar (io.netty:netty-codec-socks:4.1.93.Final) with InstrumentationAnalysisTransform
Transforming netty-codec-4.1.93.Final.jar (io.netty:netty-codec:4.1.93.Final) with InstrumentationAnalysisTransform
Transforming netty-transport-4.1.93.Final.jar (io.netty:netty-transport:4.1.93.Final) with InstrumentationAnalysisTransform
Transforming netty-buffer-4.1.93.Final.jar (io.netty:netty-buffer:4.1.93.Final) with InstrumentationAnalysisTransform
Transforming netty-resolver-4.1.93.Final.jar (io.netty:netty-resolver:4.1.93.Final) with InstrumentationAnalysisTransform
Transforming netty-common-4.1.93.Final.jar (io.netty:netty-common:4.1.93.Final) with InstrumentationAnalysisTransform
Transforming gradle-8.5.0.jar (com.android.tools.build:gradle:8.5.0) with InstrumentationAnalysisTransform
Transforming gradle-8.5.0.jar (com.android.tools.build:gradle:8.5.0) with MergeInstrumentationAnalysisTransform
Transforming kotlin-gradle-plugin-model-1.9.24.jar (org.jetbrains.kotlin:kotlin-gradle-plugin-model:1.9.24) with InstrumentationAnalysisTransform
Transforming kotlin-gradle-plugin-model-1.9.24.jar (org.jetbrains.kotlin:kotlin-gradle-plugin-model:1.9.24) with MergeInstrumentationAnalysisTransform
Transforming kotlin-serialization-1.9.24-gradle82.jar (org.jetbrains.kotlin:kotlin-serialization:1.9.24) with InstrumentationAnalysisTransform
Transforming kotlin-serialization-1.9.24-gradle82.jar (org.jetbrains.kotlin:kotlin-serialization:1.9.24) with MergeInstrumentationAnalysisTransform
Transforming kotlin-gradle-plugin-api-1.9.24.jar (org.jetbrains.kotlin:kotlin-gradle-plugin-api:1.9.24) with InstrumentationAnalysisTransform
Transforming kotlin-gradle-plugin-api-1.9.24.jar (org.jetbrains.kotlin:kotlin-gradle-plugin-api:1.9.24) with MergeInstrumentationAnalysisTransform
Transforming kotlin-gradle-plugin-api-1.9.24-gradle82.jar (org.jetbrains.kotlin:kotlin-gradle-plugin-api:1.9.24) with InstrumentationAnalysisTransform
Transforming kotlin-gradle-plugin-api-1.9.24-gradle82.jar (org.jetbrains.kotlin:kotlin-gradle-plugin-api:1.9.24) with MergeInstrumentationAnalysisTransform
Transforming kotlin-gradle-plugin-model-1.9.24.jar (org.jetbrains.kotlin:kotlin-gradle-plugin-model:1.9.24) with ExternalDependencyInstrumentingArtifactTransform
Transforming gradle-8.5.0.jar (com.android.tools.build:gradle:8.5.0) with ExternalDependencyInstrumentingArtifactTransform
Transforming kotlin-serialization-1.9.24-gradle82.jar (org.jetbrains.kotlin:kotlin-serialization:1.9.24) with ExternalDependencyInstrumentingArtifactTransform
Transforming kotlin-gradle-plugin-1.9.24-gradle82.jar (org.jetbrains.kotlin:kotlin-gradle-plugin:1.9.24) with InstrumentationAnalysisTransform
Transforming kotlin-gradle-plugin-1.9.24-gradle82.jar (org.jetbrains.kotlin:kotlin-gradle-plugin:1.9.24) with MergeInstrumentationAnalysisTransform
Transforming kotlin-gradle-plugin-api-1.9.24.jar (org.jetbrains.kotlin:kotlin-gradle-plugin-api:1.9.24) with ExternalDependencyInstrumentingArtifactTransform
Transforming kotlin-gradle-plugin-api-1.9.24-gradle82.jar (org.jetbrains.kotlin:kotlin-gradle-plugin-api:1.9.24) with ExternalDependencyInstrumentingArtifactTransform
Transforming gradle-settings-api-8.5.0.jar (com.android.tools.build:gradle-settings-api:8.5.0) with InstrumentationAnalysisTransform
Transforming gradle-settings-api-8.5.0.jar (com.android.tools.build:gradle-settings-api:8.5.0) with MergeInstrumentationAnalysisTransform
Transforming kotlin-gradle-plugin-1.9.24-gradle82.jar (org.jetbrains.kotlin:kotlin-gradle-plugin:1.9.24) with ExternalDependencyInstrumentingArtifactTransform
Transforming lint-model-31.5.0.jar (com.android.tools.lint:lint-model:31.5.0) with InstrumentationAnalysisTransform
Transforming lint-model-31.5.0.jar (com.android.tools.lint:lint-model:31.5.0) with MergeInstrumentationAnalysisTransform
Transforming gradle-settings-api-8.5.0.jar (com.android.tools.build:gradle-settings-api:8.5.0) with ExternalDependencyInstrumentingArtifactTransform
Transforming builder-8.5.0.jar (com.android.tools.build:builder:8.5.0) with InstrumentationAnalysisTransform
Transforming builder-8.5.0.jar (com.android.tools.build:builder:8.5.0) with MergeInstrumentationAnalysisTransform
Transforming lint-model-31.5.0.jar (com.android.tools.lint:lint-model:31.5.0) with ExternalDependencyInstrumentingArtifactTransform
Transforming manifest-merger-31.5.0.jar (com.android.tools.build:manifest-merger:31.5.0) with InstrumentationAnalysisTransform
Transforming manifest-merger-31.5.0.jar (com.android.tools.build:manifest-merger:31.5.0) with MergeInstrumentationAnalysisTransform
Transforming builder-8.5.0.jar (com.android.tools.build:builder:8.5.0) with ExternalDependencyInstrumentingArtifactTransform
Transforming sdk-common-31.5.0.jar (com.android.tools:sdk-common:31.5.0) with InstrumentationAnalysisTransform
Transforming sdk-common-31.5.0.jar (com.android.tools:sdk-common:31.5.0) with MergeInstrumentationAnalysisTransform
Transforming manifest-merger-31.5.0.jar (com.android.tools.build:manifest-merger:31.5.0) with ExternalDependencyInstrumentingArtifactTransform
Transforming sdklib-31.5.0.jar (com.android.tools:sdklib:31.5.0) with InstrumentationAnalysisTransform
Transforming sdklib-31.5.0.jar (com.android.tools:sdklib:31.5.0) with MergeInstrumentationAnalysisTransform
Transforming repository-31.5.0.jar (com.android.tools:repository:31.5.0) with InstrumentationAnalysisTransform
Transforming sdk-common-31.5.0.jar (com.android.tools:sdk-common:31.5.0) with ExternalDependencyInstrumentingArtifactTransform
Transforming repository-31.5.0.jar (com.android.tools:repository:31.5.0) with MergeInstrumentationAnalysisTransform
Transforming gradle-api-8.5.0.jar (com.android.tools.build:gradle-api:8.5.0) with InstrumentationAnalysisTransform
Transforming gradle-api-8.5.0.jar (com.android.tools.build:gradle-api:8.5.0) with MergeInstrumentationAnalysisTransform
Transforming builder-test-api-8.5.0.jar (com.android.tools.build:builder-test-api:8.5.0) with InstrumentationAnalysisTransform
Transforming repository-31.5.0.jar (com.android.tools:repository:31.5.0) with ExternalDependencyInstrumentingArtifactTransform
Transforming gradle-api-8.5.0.jar (com.android.tools.build:gradle-api:8.5.0) with ExternalDependencyInstrumentingArtifactTransform
Transforming sdklib-31.5.0.jar (com.android.tools:sdklib:31.5.0) with ExternalDependencyInstrumentingArtifactTransform
Transforming builder-test-api-8.5.0.jar (com.android.tools.build:builder-test-api:8.5.0) with MergeInstrumentationAnalysisTransform
Transforming ddmlib-31.5.0.jar (com.android.tools.ddms:ddmlib:31.5.0) with InstrumentationAnalysisTransform
Transforming ddmlib-31.5.0.jar (com.android.tools.ddms:ddmlib:31.5.0) with MergeInstrumentationAnalysisTransform
Transforming aaptcompiler-8.5.0.jar (com.android.tools.build:aaptcompiler:8.5.0) with InstrumentationAnalysisTransform
Transforming builder-test-api-8.5.0.jar (com.android.tools.build:builder-test-api:8.5.0) with ExternalDependencyInstrumentingArtifactTransform
Transforming aaptcompiler-8.5.0.jar (com.android.tools.build:aaptcompiler:8.5.0) with MergeInstrumentationAnalysisTransform
Transforming ddmlib-31.5.0.jar (com.android.tools.ddms:ddmlib:31.5.0) with ExternalDependencyInstrumentingArtifactTransform
Transforming bundletool-1.16.0.jar (com.android.tools.build:bundletool:1.16.0) with InstrumentationAnalysisTransform
Transforming aaptcompiler-8.5.0.jar (com.android.tools.build:aaptcompiler:8.5.0) with ExternalDependencyInstrumentingArtifactTransform
Transforming bundletool-1.16.0.jar (com.android.tools.build:bundletool:1.16.0) with MergeInstrumentationAnalysisTransform
Transforming aapt2-proto-8.5.0-11315950.jar (com.android.tools.build:aapt2-proto:8.5.0-11315950) with InstrumentationAnalysisTransform
Transforming aapt2-proto-8.5.0-11315950.jar (com.android.tools.build:aapt2-proto:8.5.0-11315950) with MergeInstrumentationAnalysisTransform
Transforming crash-31.5.0.jar (com.android.tools.analytics-library:crash:31.5.0) with InstrumentationAnalysisTransform
Transforming crash-31.5.0.jar (com.android.tools.analytics-library:crash:31.5.0) with MergeInstrumentationAnalysisTransform
Transforming tracker-31.5.0.jar (com.android.tools.analytics-library:tracker:31.5.0) with InstrumentationAnalysisTransform
Transforming tracker-31.5.0.jar (com.android.tools.analytics-library:tracker:31.5.0) with MergeInstrumentationAnalysisTransform
Transforming shared-31.5.0.jar (com.android.tools.analytics-library:shared:31.5.0) with InstrumentationAnalysisTransform
Transforming shared-31.5.0.jar (com.android.tools.analytics-library:shared:31.5.0) with MergeInstrumentationAnalysisTransform
Transforming lint-typedef-remover-31.5.0.jar (com.android.tools.lint:lint-typedef-remover:31.5.0) with InstrumentationAnalysisTransform
Transforming lint-typedef-remover-31.5.0.jar (com.android.tools.lint:lint-typedef-remover:31.5.0) with MergeInstrumentationAnalysisTransform
Transforming aapt2-proto-8.5.0-11315950.jar (com.android.tools.build:aapt2-proto:8.5.0-11315950) with ExternalDependencyInstrumentingArtifactTransform
Transforming bundletool-1.16.0.jar (com.android.tools.build:bundletool:1.16.0) with ExternalDependencyInstrumentingArtifactTransform
Transforming tracker-31.5.0.jar (com.android.tools.analytics-library:tracker:31.5.0) with ExternalDependencyInstrumentingArtifactTransform
Transforming crash-31.5.0.jar (com.android.tools.analytics-library:crash:31.5.0) with ExternalDependencyInstrumentingArtifactTransform
Transforming databinding-compiler-common-8.5.0.jar (androidx.databinding:databinding-compiler-common:8.5.0) with InstrumentationAnalysisTransform
Transforming lint-typedef-remover-31.5.0.jar (com.android.tools.lint:lint-typedef-remover:31.5.0) with ExternalDependencyInstrumentingArtifactTransform
Transforming shared-31.5.0.jar (com.android.tools.analytics-library:shared:31.5.0) with ExternalDependencyInstrumentingArtifactTransform
Transforming databinding-compiler-common-8.5.0.jar (androidx.databinding:databinding-compiler-common:8.5.0) with MergeInstrumentationAnalysisTransform
Transforming databinding-common-8.5.0.jar (androidx.databinding:databinding-common:8.5.0) with InstrumentationAnalysisTransform
Transforming databinding-common-8.5.0.jar (androidx.databinding:databinding-common:8.5.0) with MergeInstrumentationAnalysisTransform
Transforming baseLibrary-8.5.0.jar (com.android.databinding:baseLibrary:8.5.0) with InstrumentationAnalysisTransform
Transforming baseLibrary-8.5.0.jar (com.android.databinding:baseLibrary:8.5.0) with MergeInstrumentationAnalysisTransform
Transforming databinding-compiler-common-8.5.0.jar (androidx.databinding:databinding-compiler-common:8.5.0) with ExternalDependencyInstrumentingArtifactTransform
Transforming databinding-common-8.5.0.jar (androidx.databinding:databinding-common:8.5.0) with ExternalDependencyInstrumentingArtifactTransform
Transforming layoutlib-api-31.5.0.jar (com.android.tools.layoutlib:layoutlib-api:31.5.0) with InstrumentationAnalysisTransform
Transforming baseLibrary-8.5.0.jar (com.android.databinding:baseLibrary:8.5.0) with ExternalDependencyInstrumentingArtifactTransform
Transforming layoutlib-api-31.5.0.jar (com.android.tools.layoutlib:layoutlib-api:31.5.0) with MergeInstrumentationAnalysisTransform
Transforming android-device-provider-ddmlib-proto-31.5.0.jar (com.android.tools.utp:android-device-provider-ddmlib-proto:31.5.0) with InstrumentationAnalysisTransform
Transforming android-device-provider-ddmlib-proto-31.5.0.jar (com.android.tools.utp:android-device-provider-ddmlib-proto:31.5.0) with MergeInstrumentationAnalysisTransform
Transforming layoutlib-api-31.5.0.jar (com.android.tools.layoutlib:layoutlib-api:31.5.0) with ExternalDependencyInstrumentingArtifactTransform
Transforming android-device-provider-gradle-proto-31.5.0.jar (com.android.tools.utp:android-device-provider-gradle-proto:31.5.0) with InstrumentationAnalysisTransform
Transforming android-device-provider-ddmlib-proto-31.5.0.jar (com.android.tools.utp:android-device-provider-ddmlib-proto:31.5.0) with ExternalDependencyInstrumentingArtifactTransform
Transforming android-device-provider-gradle-proto-31.5.0.jar (com.android.tools.utp:android-device-provider-gradle-proto:31.5.0) with MergeInstrumentationAnalysisTransform
Transforming android-test-plugin-host-additional-test-output-proto-31.5.0.jar (com.android.tools.utp:android-test-plugin-host-additional-test-output-proto:31.5.0) with InstrumentationAnalysisTransform
Transforming android-test-plugin-host-additional-test-output-proto-31.5.0.jar (com.android.tools.utp:android-test-plugin-host-additional-test-output-proto:31.5.0) with MergeInstrumentationAnalysisTransform
Transforming android-device-provider-gradle-proto-31.5.0.jar (com.android.tools.utp:android-device-provider-gradle-proto:31.5.0) with ExternalDependencyInstrumentingArtifactTransform
Transforming android-test-plugin-host-additional-test-output-proto-31.5.0.jar (com.android.tools.utp:android-test-plugin-host-additional-test-output-proto:31.5.0) with ExternalDependencyInstrumentingArtifactTransform
Transforming android-test-plugin-host-coverage-proto-31.5.0.jar (com.android.tools.utp:android-test-plugin-host-coverage-proto:31.5.0) with InstrumentationAnalysisTransform
Transforming android-test-plugin-host-coverage-proto-31.5.0.jar (com.android.tools.utp:android-test-plugin-host-coverage-proto:31.5.0) with MergeInstrumentationAnalysisTransform
Transforming android-test-plugin-host-emulator-control-proto-31.5.0.jar (com.android.tools.utp:android-test-plugin-host-emulator-control-proto:31.5.0) with InstrumentationAnalysisTransform
Transforming android-test-plugin-host-emulator-control-proto-31.5.0.jar (com.android.tools.utp:android-test-plugin-host-emulator-control-proto:31.5.0) with MergeInstrumentationAnalysisTransform
Transforming android-test-plugin-host-logcat-proto-31.5.0.jar (com.android.tools.utp:android-test-plugin-host-logcat-proto:31.5.0) with InstrumentationAnalysisTransform
Transforming android-test-plugin-host-coverage-proto-31.5.0.jar (com.android.tools.utp:android-test-plugin-host-coverage-proto:31.5.0) with ExternalDependencyInstrumentingArtifactTransform
Transforming android-test-plugin-host-logcat-proto-31.5.0.jar (com.android.tools.utp:android-test-plugin-host-logcat-proto:31.5.0) with MergeInstrumentationAnalysisTransform
Transforming android-test-plugin-host-apk-installer-proto-31.5.0.jar (com.android.tools.utp:android-test-plugin-host-apk-installer-proto:31.5.0) with InstrumentationAnalysisTransform
Transforming android-test-plugin-host-apk-installer-proto-31.5.0.jar (com.android.tools.utp:android-test-plugin-host-apk-installer-proto:31.5.0) with MergeInstrumentationAnalysisTransform
Transforming android-test-plugin-host-retention-proto-31.5.0.jar (com.android.tools.utp:android-test-plugin-host-retention-proto:31.5.0) with InstrumentationAnalysisTransform
Transforming android-test-plugin-host-logcat-proto-31.5.0.jar (com.android.tools.utp:android-test-plugin-host-logcat-proto:31.5.0) with ExternalDependencyInstrumentingArtifactTransform
Transforming android-test-plugin-host-emulator-control-proto-31.5.0.jar (com.android.tools.utp:android-test-plugin-host-emulator-control-proto:31.5.0) with ExternalDependencyInstrumentingArtifactTransform
Transforming android-test-plugin-host-apk-installer-proto-31.5.0.jar (com.android.tools.utp:android-test-plugin-host-apk-installer-proto:31.5.0) with ExternalDependencyInstrumentingArtifactTransform
Transforming android-test-plugin-host-retention-proto-31.5.0.jar (com.android.tools.utp:android-test-plugin-host-retention-proto:31.5.0) with MergeInstrumentationAnalysisTransform
Transforming android-test-plugin-result-listener-gradle-proto-31.5.0.jar (com.android.tools.utp:android-test-plugin-result-listener-gradle-proto:31.5.0) with InstrumentationAnalysisTransform
Transforming android-test-plugin-result-listener-gradle-proto-31.5.0.jar (com.android.tools.utp:android-test-plugin-result-listener-gradle-proto:31.5.0) with MergeInstrumentationAnalysisTransform
Transforming google-services-4.4.2.jar (com.google.gms:google-services:4.4.2) with InstrumentationAnalysisTransform
Transforming google-services-4.4.2.jar (com.google.gms:google-services:4.4.2) with MergeInstrumentationAnalysisTransform
Transforming firebase-crashlytics-gradle-3.0.2.jar (com.google.firebase:firebase-crashlytics-gradle:3.0.2) with InstrumentationAnalysisTransform
Transforming android-test-plugin-host-retention-proto-31.5.0.jar (com.android.tools.utp:android-test-plugin-host-retention-proto:31.5.0) with ExternalDependencyInstrumentingArtifactTransform
Transforming android-test-plugin-result-listener-gradle-proto-31.5.0.jar (com.android.tools.utp:android-test-plugin-result-listener-gradle-proto:31.5.0) with ExternalDependencyInstrumentingArtifactTransform
Transforming firebase-crashlytics-gradle-3.0.2.jar (com.google.firebase:firebase-crashlytics-gradle:3.0.2) with MergeInstrumentationAnalysisTransform
Transforming builder-model-8.5.0.jar (com.android.tools.build:builder-model:8.5.0) with InstrumentationAnalysisTransform
Transforming google-services-4.4.2.jar (com.google.gms:google-services:4.4.2) with ExternalDependencyInstrumentingArtifactTransform
Transforming firebase-crashlytics-gradle-3.0.2.jar (com.google.firebase:firebase-crashlytics-gradle:3.0.2) with ExternalDependencyInstrumentingArtifactTransform
Transforming builder-model-8.5.0.jar (com.android.tools.build:builder-model:8.5.0) with MergeInstrumentationAnalysisTransform
Transforming symbol-processing-gradle-plugin-1.9.24-1.0.20.jar (com.google.devtools.ksp:symbol-processing-gradle-plugin:1.9.24-1.0.20) with InstrumentationAnalysisTransform
Transforming symbol-processing-gradle-plugin-1.9.24-1.0.20.jar (com.google.devtools.ksp:symbol-processing-gradle-plugin:1.9.24-1.0.20) with MergeInstrumentationAnalysisTransform
Transforming symbol-processing-api-1.9.24-1.0.20.jar (com.google.devtools.ksp:symbol-processing-api:1.9.24-1.0.20) with InstrumentationAnalysisTransform
Transforming symbol-processing-api-1.9.24-1.0.20.jar (com.google.devtools.ksp:symbol-processing-api:1.9.24-1.0.20) with MergeInstrumentationAnalysisTransform
Transforming symbol-processing-common-deps-1.9.24-1.0.20.jar (com.google.devtools.ksp:symbol-processing-common-deps:1.9.24-1.0.20) with InstrumentationAnalysisTransform
Transforming builder-model-8.5.0.jar (com.android.tools.build:builder-model:8.5.0) with ExternalDependencyInstrumentingArtifactTransform
Transforming symbol-processing-gradle-plugin-1.9.24-1.0.20.jar (com.google.devtools.ksp:symbol-processing-gradle-plugin:1.9.24-1.0.20) with ExternalDependencyInstrumentingArtifactTransform
Transforming symbol-processing-common-deps-1.9.24-1.0.20.jar (com.google.devtools.ksp:symbol-processing-common-deps:1.9.24-1.0.20) with MergeInstrumentationAnalysisTransform
Transforming strict-version-matcher-plugin-1.2.4.jar (com.google.android.gms:strict-version-matcher-plugin:1.2.4) with InstrumentationAnalysisTransform
Transforming symbol-processing-api-1.9.24-1.0.20.jar (com.google.devtools.ksp:symbol-processing-api:1.9.24-1.0.20) with ExternalDependencyInstrumentingArtifactTransform
Transforming symbol-processing-common-deps-1.9.24-1.0.20.jar (com.google.devtools.ksp:symbol-processing-common-deps:1.9.24-1.0.20) with ExternalDependencyInstrumentingArtifactTransform
Transforming strict-version-matcher-plugin-1.2.4.jar (com.google.android.gms:strict-version-matcher-plugin:1.2.4) with MergeInstrumentationAnalysisTransform
Transforming dvlib-31.5.0.jar (com.android.tools:dvlib:31.5.0) with InstrumentationAnalysisTransform
Transforming dvlib-31.5.0.jar (com.android.tools:dvlib:31.5.0) with MergeInstrumentationAnalysisTransform
Transforming common-31.5.0.jar (com.android.tools:common:31.5.0) with InstrumentationAnalysisTransform
Transforming strict-version-matcher-plugin-1.2.4.jar (com.google.android.gms:strict-version-matcher-plugin:1.2.4) with ExternalDependencyInstrumentingArtifactTransform
Transforming common-31.5.0.jar (com.android.tools:common:31.5.0) with MergeInstrumentationAnalysisTransform
Transforming jetifier-processor-1.0.0-beta10.jar (com.android.tools.build.jetifier:jetifier-processor:1.0.0-beta10) with InstrumentationAnalysisTransform
Transforming jetifier-processor-1.0.0-beta10.jar (com.android.tools.build.jetifier:jetifier-processor:1.0.0-beta10) with MergeInstrumentationAnalysisTransform
Transforming common-31.5.0.jar (com.android.tools:common:31.5.0) with ExternalDependencyInstrumentingArtifactTransform
Transforming dvlib-31.5.0.jar (com.android.tools:dvlib:31.5.0) with ExternalDependencyInstrumentingArtifactTransform
Transforming jetifier-processor-1.0.0-beta10.jar (com.android.tools.build.jetifier:jetifier-processor:1.0.0-beta10) with ExternalDependencyInstrumentingArtifactTransform
Transforming jetifier-core-1.0.0-beta10.jar (com.android.tools.build.jetifier:jetifier-core:1.0.0-beta10) with InstrumentationAnalysisTransform
Transforming jetifier-core-1.0.0-beta10.jar (com.android.tools.build.jetifier:jetifier-core:1.0.0-beta10) with MergeInstrumentationAnalysisTransform
Transforming kotlin-reflect-1.9.20.jar (org.jetbrains.kotlin:kotlin-reflect:1.9.20) with InstrumentationAnalysisTransform
Transforming kotlin-reflect-1.9.20.jar (org.jetbrains.kotlin:kotlin-reflect:1.9.20) with MergeInstrumentationAnalysisTransform
Transforming kotlin-stdlib-jdk7-1.9.20.jar (org.jetbrains.kotlin:kotlin-stdlib-jdk7:1.9.20) with InstrumentationAnalysisTransform
Transforming jetifier-core-1.0.0-beta10.jar (com.android.tools.build.jetifier:jetifier-core:1.0.0-beta10) with ExternalDependencyInstrumentingArtifactTransform
Transforming kotlin-stdlib-jdk7-1.9.20.jar (org.jetbrains.kotlin:kotlin-stdlib-jdk7:1.9.20) with MergeInstrumentationAnalysisTransform
Transforming kotlin-stdlib-1.9.20.jar (org.jetbrains.kotlin:kotlin-stdlib:1.9.20) with InstrumentationAnalysisTransform
Transforming kotlin-reflect-1.9.20.jar (org.jetbrains.kotlin:kotlin-reflect:1.9.20) with ExternalDependencyInstrumentingArtifactTransform
Transforming kotlin-stdlib-1.9.20.jar (org.jetbrains.kotlin:kotlin-stdlib:1.9.20) with MergeInstrumentationAnalysisTransform
Transforming kotlin-stdlib-jdk8-1.9.20.jar (org.jetbrains.kotlin:kotlin-stdlib-jdk8:1.9.20) with InstrumentationAnalysisTransform
Transforming kotlin-stdlib-jdk7-1.9.20.jar (org.jetbrains.kotlin:kotlin-stdlib-jdk7:1.9.20) with ExternalDependencyInstrumentingArtifactTransform
Transforming kotlin-stdlib-jdk8-1.9.20.jar (org.jetbrains.kotlin:kotlin-stdlib-jdk8:1.9.20) with MergeInstrumentationAnalysisTransform
Transforming kotlin-stdlib-1.9.20.jar (org.jetbrains.kotlin:kotlin-stdlib:1.9.20) with ExternalDependencyInstrumentingArtifactTransform
Transforming transform-api-2.0.0-deprecated-use-gradle-api.jar (com.android.tools.build:transform-api:2.0.0-deprecated-use-gradle-api) with InstrumentationAnalysisTransform
Transforming kotlin-stdlib-jdk8-1.9.20.jar (org.jetbrains.kotlin:kotlin-stdlib-jdk8:1.9.20) with ExternalDependencyInstrumentingArtifactTransform
Transforming transform-api-2.0.0-deprecated-use-gradle-api.jar (com.android.tools.build:transform-api:2.0.0-deprecated-use-gradle-api) with MergeInstrumentationAnalysisTransform
Transforming httpmime-4.5.6.jar (org.apache.httpcomponents:httpmime:4.5.6) with InstrumentationAnalysisTransform
Transforming httpmime-4.5.6.jar (org.apache.httpcomponents:httpmime:4.5.6) with MergeInstrumentationAnalysisTransform
Transforming commons-io-2.13.0.jar (commons-io:commons-io:2.13.0) with InstrumentationAnalysisTransform
Transforming commons-io-2.13.0.jar (commons-io:commons-io:2.13.0) with MergeInstrumentationAnalysisTransform
Transforming httpmime-4.5.6.jar (org.apache.httpcomponents:httpmime:4.5.6) with ExternalDependencyInstrumentingArtifactTransform
Transforming transform-api-2.0.0-deprecated-use-gradle-api.jar (com.android.tools.build:transform-api:2.0.0-deprecated-use-gradle-api) with ExternalDependencyInstrumentingArtifactTransform
Transforming commons-io-2.13.0.jar (commons-io:commons-io:2.13.0) with ExternalDependencyInstrumentingArtifactTransform
Transforming asm-commons-9.6.jar (org.ow2.asm:asm-commons:9.6) with InstrumentationAnalysisTransform
Transforming asm-commons-9.6.jar (org.ow2.asm:asm-commons:9.6) with MergeInstrumentationAnalysisTransform
Transforming asm-util-9.6.jar (org.ow2.asm:asm-util:9.6) with InstrumentationAnalysisTransform
Transforming asm-util-9.6.jar (org.ow2.asm:asm-util:9.6) with MergeInstrumentationAnalysisTransform
Transforming asm-analysis-9.6.jar (org.ow2.asm:asm-analysis:9.6) with InstrumentationAnalysisTransform
Transforming asm-commons-9.6.jar (org.ow2.asm:asm-commons:9.6) with ExternalDependencyInstrumentingArtifactTransform
Transforming asm-util-9.6.jar (org.ow2.asm:asm-util:9.6) with ExternalDependencyInstrumentingArtifactTransform
Transforming asm-analysis-9.6.jar (org.ow2.asm:asm-analysis:9.6) with MergeInstrumentationAnalysisTransform
Transforming asm-tree-9.6.jar (org.ow2.asm:asm-tree:9.6) with InstrumentationAnalysisTransform
Transforming asm-tree-9.6.jar (org.ow2.asm:asm-tree:9.6) with MergeInstrumentationAnalysisTransform
Transforming asm-analysis-9.6.jar (org.ow2.asm:asm-analysis:9.6) with ExternalDependencyInstrumentingArtifactTransform
Transforming asm-9.6.jar (org.ow2.asm:asm:9.6) with InstrumentationAnalysisTransform
Transforming asm-tree-9.6.jar (org.ow2.asm:asm-tree:9.6) with ExternalDependencyInstrumentingArtifactTransform
Transforming asm-9.6.jar (org.ow2.asm:asm:9.6) with MergeInstrumentationAnalysisTransform
Transforming jaxb-runtime-2.3.2.jar (org.glassfish.jaxb:jaxb-runtime:2.3.2) with InstrumentationAnalysisTransform
Transforming jaxb-runtime-2.3.2.jar (org.glassfish.jaxb:jaxb-runtime:2.3.2) with MergeInstrumentationAnalysisTransform
Transforming jopt-simple-4.9.jar (net.sf.jopt-simple:jopt-simple:4.9) with InstrumentationAnalysisTransform
Transforming asm-9.6.jar (org.ow2.asm:asm:9.6) with ExternalDependencyInstrumentingArtifactTransform
Transforming jaxb-runtime-2.3.2.jar (org.glassfish.jaxb:jaxb-runtime:2.3.2) with ExternalDependencyInstrumentingArtifactTransform
Transforming jopt-simple-4.9.jar (net.sf.jopt-simple:jopt-simple:4.9) with MergeInstrumentationAnalysisTransform
Transforming javapoet-1.10.0.jar (com.squareup:javapoet:1.10.0) with InstrumentationAnalysisTransform
Transforming javapoet-1.10.0.jar (com.squareup:javapoet:1.10.0) with MergeInstrumentationAnalysisTransform
Transforming protobuf-java-util-3.22.3.jar (com.google.protobuf:protobuf-java-util:3.22.3) with InstrumentationAnalysisTransform
Transforming jopt-simple-4.9.jar (net.sf.jopt-simple:jopt-simple:4.9) with ExternalDependencyInstrumentingArtifactTransform
Transforming protobuf-java-util-3.22.3.jar (com.google.protobuf:protobuf-java-util:3.22.3) with MergeInstrumentationAnalysisTransform
Transforming grpc-protobuf-1.57.0.jar (io.grpc:grpc-protobuf:1.57.0) with InstrumentationAnalysisTransform
Transforming javapoet-1.10.0.jar (com.squareup:javapoet:1.10.0) with ExternalDependencyInstrumentingArtifactTransform
Transforming protobuf-java-util-3.22.3.jar (com.google.protobuf:protobuf-java-util:3.22.3) with ExternalDependencyInstrumentingArtifactTransform
Transforming grpc-protobuf-1.57.0.jar (io.grpc:grpc-protobuf:1.57.0) with MergeInstrumentationAnalysisTransform
Transforming tink-1.7.0.jar (com.google.crypto.tink:tink:1.7.0) with InstrumentationAnalysisTransform
Transforming tink-1.7.0.jar (com.google.crypto.tink:tink:1.7.0) with MergeInstrumentationAnalysisTransform
Transforming protos-31.5.0.jar (com.android.tools.analytics-library:protos:31.5.0) with InstrumentationAnalysisTransform
Transforming grpc-protobuf-1.57.0.jar (io.grpc:grpc-protobuf:1.57.0) with ExternalDependencyInstrumentingArtifactTransform
Transforming tink-1.7.0.jar (com.google.crypto.tink:tink:1.7.0) with ExternalDependencyInstrumentingArtifactTransform
Transforming protos-31.5.0.jar (com.android.tools.analytics-library:protos:31.5.0) with MergeInstrumentationAnalysisTransform
Transforming proto-google-common-protos-2.17.0.jar (com.google.api.grpc:proto-google-common-protos:2.17.0) with InstrumentationAnalysisTransform
Transforming proto-google-common-protos-2.17.0.jar (com.google.api.grpc:proto-google-common-protos:2.17.0) with MergeInstrumentationAnalysisTransform
Transforming protobuf-java-3.22.3.jar (com.google.protobuf:protobuf-java:3.22.3) with InstrumentationAnalysisTransform
Transforming protos-31.5.0.jar (com.android.tools.analytics-library:protos:31.5.0) with ExternalDependencyInstrumentingArtifactTransform
Transforming protobuf-java-3.22.3.jar (com.google.protobuf:protobuf-java:3.22.3) with MergeInstrumentationAnalysisTransform
Transforming grpc-netty-1.57.0.jar (io.grpc:grpc-netty:1.57.0) with InstrumentationAnalysisTransform
Transforming grpc-netty-1.57.0.jar (io.grpc:grpc-netty:1.57.0) with MergeInstrumentationAnalysisTransform
Transforming grpc-core-1.57.0.jar (io.grpc:grpc-core:1.57.0) with InstrumentationAnalysisTransform
Transforming proto-google-common-protos-2.17.0.jar (com.google.api.grpc:proto-google-common-protos:2.17.0) with ExternalDependencyInstrumentingArtifactTransform
Transforming grpc-netty-1.57.0.jar (io.grpc:grpc-netty:1.57.0) with ExternalDependencyInstrumentingArtifactTransform
Transforming protobuf-java-3.22.3.jar (com.google.protobuf:protobuf-java:3.22.3) with ExternalDependencyInstrumentingArtifactTransform
Transforming grpc-core-1.57.0.jar (io.grpc:grpc-core:1.57.0) with MergeInstrumentationAnalysisTransform
Transforming gson-2.10.1.jar (com.google.code.gson:gson:2.10.1) with InstrumentationAnalysisTransform
Transforming gson-2.10.1.jar (com.google.code.gson:gson:2.10.1) with MergeInstrumentationAnalysisTransform
Transforming grpc-stub-1.57.0.jar (io.grpc:grpc-stub:1.57.0) with InstrumentationAnalysisTransform
Transforming grpc-stub-1.57.0.jar (io.grpc:grpc-stub:1.57.0) with MergeInstrumentationAnalysisTransform
Transforming core-proto-0.0.9-alpha02.jar (com.google.testing.platform:core-proto:0.0.9-alpha02) with InstrumentationAnalysisTransform
Transforming grpc-core-1.57.0.jar (io.grpc:grpc-core:1.57.0) with ExternalDependencyInstrumentingArtifactTransform
Transforming grpc-stub-1.57.0.jar (io.grpc:grpc-stub:1.57.0) with ExternalDependencyInstrumentingArtifactTransform
Transforming core-proto-0.0.9-alpha02.jar (com.google.testing.platform:core-proto:0.0.9-alpha02) with MergeInstrumentationAnalysisTransform
Transforming gson-2.10.1.jar (com.google.code.gson:gson:2.10.1) with ExternalDependencyInstrumentingArtifactTransform
Transforming kxml2-2.3.0.jar (net.sf.kxml:kxml2:2.3.0) with InstrumentationAnalysisTransform
Transforming core-proto-0.0.9-alpha02.jar (com.google.testing.platform:core-proto:0.0.9-alpha02) with ExternalDependencyInstrumentingArtifactTransform
Transforming kxml2-2.3.0.jar (net.sf.kxml:kxml2:2.3.0) with MergeInstrumentationAnalysisTransform
Transforming tensorflow-lite-metadata-0.1.0-rc2.jar (org.tensorflow:tensorflow-lite-metadata:0.1.0-rc2) with InstrumentationAnalysisTransform
Transforming tensorflow-lite-metadata-0.1.0-rc2.jar (org.tensorflow:tensorflow-lite-metadata:0.1.0-rc2) with MergeInstrumentationAnalysisTransform
Transforming flatbuffers-java-1.12.0.jar (com.google.flatbuffers:flatbuffers-java:1.12.0) with InstrumentationAnalysisTransform
Transforming flatbuffers-java-1.12.0.jar (com.google.flatbuffers:flatbuffers-java:1.12.0) with MergeInstrumentationAnalysisTransform
Transforming kotlin-gradle-plugin-idea-proto-1.9.24.jar (org.jetbrains.kotlin:kotlin-gradle-plugin-idea-proto:1.9.24) with InstrumentationAnalysisTransform
Transforming tensorflow-lite-metadata-0.1.0-rc2.jar (org.tensorflow:tensorflow-lite-metadata:0.1.0-rc2) with ExternalDependencyInstrumentingArtifactTransform
Transforming kxml2-2.3.0.jar (net.sf.kxml:kxml2:2.3.0) with ExternalDependencyInstrumentingArtifactTransform
Transforming flatbuffers-java-1.12.0.jar (com.google.flatbuffers:flatbuffers-java:1.12.0) with ExternalDependencyInstrumentingArtifactTransform
Transforming kotlin-gradle-plugin-idea-proto-1.9.24.jar (org.jetbrains.kotlin:kotlin-gradle-plugin-idea-proto:1.9.24) with MergeInstrumentationAnalysisTransform
Transforming kotlin-gradle-plugin-idea-1.9.24.jar (org.jetbrains.kotlin:kotlin-gradle-plugin-idea:1.9.24) with InstrumentationAnalysisTransform
Transforming kotlin-gradle-plugin-idea-proto-1.9.24.jar (org.jetbrains.kotlin:kotlin-gradle-plugin-idea-proto:1.9.24) with ExternalDependencyInstrumentingArtifactTransform
Transforming kotlin-gradle-plugin-idea-1.9.24.jar (org.jetbrains.kotlin:kotlin-gradle-plugin-idea:1.9.24) with MergeInstrumentationAnalysisTransform
Transforming kotlin-klib-commonizer-api-1.9.24.jar (org.jetbrains.kotlin:kotlin-klib-commonizer-api:1.9.24) with InstrumentationAnalysisTransform
Transforming kotlin-klib-commonizer-api-1.9.24.jar (org.jetbrains.kotlin:kotlin-klib-commonizer-api:1.9.24) with MergeInstrumentationAnalysisTransform
Transforming kotlin-gradle-plugin-idea-1.9.24.jar (org.jetbrains.kotlin:kotlin-gradle-plugin-idea:1.9.24) with ExternalDependencyInstrumentingArtifactTransform
Transforming kotlin-native-utils-1.9.24.jar (org.jetbrains.kotlin:kotlin-native-utils:1.9.24) with InstrumentationAnalysisTransform
Transforming kotlin-klib-commonizer-api-1.9.24.jar (org.jetbrains.kotlin:kotlin-klib-commonizer-api:1.9.24) with ExternalDependencyInstrumentingArtifactTransform
Transforming kotlin-native-utils-1.9.24.jar (org.jetbrains.kotlin:kotlin-native-utils:1.9.24) with MergeInstrumentationAnalysisTransform
Transforming kotlin-util-klib-1.9.24.jar (org.jetbrains.kotlin:kotlin-util-klib:1.9.24) with InstrumentationAnalysisTransform
Transforming kotlin-util-klib-1.9.24.jar (org.jetbrains.kotlin:kotlin-util-klib:1.9.24) with MergeInstrumentationAnalysisTransform
Transforming kotlin-build-tools-api-1.9.24.jar (org.jetbrains.kotlin:kotlin-build-tools-api:1.9.24) with InstrumentationAnalysisTransform
Transforming kotlin-native-utils-1.9.24.jar (org.jetbrains.kotlin:kotlin-native-utils:1.9.24) with ExternalDependencyInstrumentingArtifactTransform
Transforming kotlin-util-klib-1.9.24.jar (org.jetbrains.kotlin:kotlin-util-klib:1.9.24) with ExternalDependencyInstrumentingArtifactTransform
Transforming kotlin-build-tools-api-1.9.24.jar (org.jetbrains.kotlin:kotlin-build-tools-api:1.9.24) with MergeInstrumentationAnalysisTransform
Transforming kotlin-android-extensions-1.9.24.jar (org.jetbrains.kotlin:kotlin-android-extensions:1.9.24) with InstrumentationAnalysisTransform
Transforming kotlin-android-extensions-1.9.24.jar (org.jetbrains.kotlin:kotlin-android-extensions:1.9.24) with MergeInstrumentationAnalysisTransform
Transforming kotlin-build-tools-api-1.9.24.jar (org.jetbrains.kotlin:kotlin-build-tools-api:1.9.24) with ExternalDependencyInstrumentingArtifactTransform
Transforming kotlin-compiler-runner-1.9.24.jar (org.jetbrains.kotlin:kotlin-compiler-runner:1.9.24) with InstrumentationAnalysisTransform
Transforming kotlin-android-extensions-1.9.24.jar (org.jetbrains.kotlin:kotlin-android-extensions:1.9.24) with ExternalDependencyInstrumentingArtifactTransform
Transforming kotlin-compiler-runner-1.9.24.jar (org.jetbrains.kotlin:kotlin-compiler-runner:1.9.24) with MergeInstrumentationAnalysisTransform
Transforming kotlin-compiler-embeddable-1.9.24.jar (org.jetbrains.kotlin:kotlin-compiler-embeddable:1.9.24) with InstrumentationAnalysisTransform
Transforming kotlin-compiler-embeddable-1.9.24.jar (org.jetbrains.kotlin:kotlin-compiler-embeddable:1.9.24) with MergeInstrumentationAnalysisTransform
Transforming kotlin-compiler-runner-1.9.24.jar (org.jetbrains.kotlin:kotlin-compiler-runner:1.9.24) with ExternalDependencyInstrumentingArtifactTransform
Transforming kotlin-scripting-compiler-embeddable-1.9.24.jar (org.jetbrains.kotlin:kotlin-scripting-compiler-embeddable:1.9.24) with InstrumentationAnalysisTransform
Transforming kotlin-compiler-embeddable-1.9.24.jar (org.jetbrains.kotlin:kotlin-compiler-embeddable:1.9.24) with ExternalDependencyInstrumentingArtifactTransform
Transforming kotlin-scripting-compiler-embeddable-1.9.24.jar (org.jetbrains.kotlin:kotlin-scripting-compiler-embeddable:1.9.24) with MergeInstrumentationAnalysisTransform
Transforming kotlin-scripting-compiler-impl-embeddable-1.9.24.jar (org.jetbrains.kotlin:kotlin-scripting-compiler-impl-embeddable:1.9.24) with InstrumentationAnalysisTransform
Transforming kotlin-scripting-compiler-impl-embeddable-1.9.24.jar (org.jetbrains.kotlin:kotlin-scripting-compiler-impl-embeddable:1.9.24) with MergeInstrumentationAnalysisTransform
Transforming kotlin-scripting-compiler-embeddable-1.9.24.jar (org.jetbrains.kotlin:kotlin-scripting-compiler-embeddable:1.9.24) with ExternalDependencyInstrumentingArtifactTransform
Transforming kotlin-gradle-plugin-annotations-1.9.24.jar (org.jetbrains.kotlin:kotlin-gradle-plugin-annotations:1.9.24) with InstrumentationAnalysisTransform
Transforming kotlin-scripting-compiler-impl-embeddable-1.9.24.jar (org.jetbrains.kotlin:kotlin-scripting-compiler-impl-embeddable:1.9.24) with ExternalDependencyInstrumentingArtifactTransform
Transforming kotlin-gradle-plugin-annotations-1.9.24.jar (org.jetbrains.kotlin:kotlin-gradle-plugin-annotations:1.9.24) with MergeInstrumentationAnalysisTransform
Transforming kotlin-project-model-1.9.24.jar (org.jetbrains.kotlin:kotlin-project-model:1.9.24) with InstrumentationAnalysisTransform
Transforming kotlin-project-model-1.9.24.jar (org.jetbrains.kotlin:kotlin-project-model:1.9.24) with MergeInstrumentationAnalysisTransform
Transforming kotlin-tooling-core-1.9.24.jar (org.jetbrains.kotlin:kotlin-tooling-core:1.9.24) with InstrumentationAnalysisTransform
Transforming kotlin-gradle-plugin-annotations-1.9.24.jar (org.jetbrains.kotlin:kotlin-gradle-plugin-annotations:1.9.24) with ExternalDependencyInstrumentingArtifactTransform
Transforming kotlin-tooling-core-1.9.24.jar (org.jetbrains.kotlin:kotlin-tooling-core:1.9.24) with MergeInstrumentationAnalysisTransform
Transforming kotlin-util-io-1.9.24.jar (org.jetbrains.kotlin:kotlin-util-io:1.9.24) with InstrumentationAnalysisTransform
Transforming kotlin-project-model-1.9.24.jar (org.jetbrains.kotlin:kotlin-project-model:1.9.24) with ExternalDependencyInstrumentingArtifactTransform
Transforming kotlin-tooling-core-1.9.24.jar (org.jetbrains.kotlin:kotlin-tooling-core:1.9.24) with ExternalDependencyInstrumentingArtifactTransform
Transforming kotlin-util-io-1.9.24.jar (org.jetbrains.kotlin:kotlin-util-io:1.9.24) with MergeInstrumentationAnalysisTransform
Transforming kotlin-daemon-embeddable-1.9.24.jar (org.jetbrains.kotlin:kotlin-daemon-embeddable:1.9.24) with InstrumentationAnalysisTransform
Transforming kotlin-daemon-embeddable-1.9.24.jar (org.jetbrains.kotlin:kotlin-daemon-embeddable:1.9.24) with MergeInstrumentationAnalysisTransform
Transforming trove4j-1.0.20200330.jar (org.jetbrains.intellij.deps:trove4j:1.0.20200330) with InstrumentationAnalysisTransform
Transforming kotlin-util-io-1.9.24.jar (org.jetbrains.kotlin:kotlin-util-io:1.9.24) with ExternalDependencyInstrumentingArtifactTransform
Transforming trove4j-1.0.20200330.jar (org.jetbrains.intellij.deps:trove4j:1.0.20200330) with MergeInstrumentationAnalysisTransform
Transforming kotlin-daemon-client-1.9.24.jar (org.jetbrains.kotlin:kotlin-daemon-client:1.9.24) with InstrumentationAnalysisTransform
Transforming kotlin-daemon-embeddable-1.9.24.jar (org.jetbrains.kotlin:kotlin-daemon-embeddable:1.9.24) with ExternalDependencyInstrumentingArtifactTransform
Transforming trove4j-1.0.20200330.jar (org.jetbrains.intellij.deps:trove4j:1.0.20200330) with ExternalDependencyInstrumentingArtifactTransform
Transforming kotlin-daemon-client-1.9.24.jar (org.jetbrains.kotlin:kotlin-daemon-client:1.9.24) with MergeInstrumentationAnalysisTransform
Transforming kotlinx-coroutines-core-jvm-1.5.0.jar (org.jetbrains.kotlinx:kotlinx-coroutines-core-jvm:1.5.0) with InstrumentationAnalysisTransform
Transforming kotlinx-coroutines-core-jvm-1.5.0.jar (org.jetbrains.kotlinx:kotlinx-coroutines-core-jvm:1.5.0) with MergeInstrumentationAnalysisTransform
Transforming kotlin-scripting-jvm-1.9.24.jar (org.jetbrains.kotlin:kotlin-scripting-jvm:1.9.24) with InstrumentationAnalysisTransform
Transforming kotlin-daemon-client-1.9.24.jar (org.jetbrains.kotlin:kotlin-daemon-client:1.9.24) with ExternalDependencyInstrumentingArtifactTransform
Transforming kotlinx-coroutines-core-jvm-1.5.0.jar (org.jetbrains.kotlinx:kotlinx-coroutines-core-jvm:1.5.0) with ExternalDependencyInstrumentingArtifactTransform
Transforming kotlin-scripting-jvm-1.9.24.jar (org.jetbrains.kotlin:kotlin-scripting-jvm:1.9.24) with MergeInstrumentationAnalysisTransform
Transforming kotlin-scripting-common-1.9.24.jar (org.jetbrains.kotlin:kotlin-scripting-common:1.9.24) with InstrumentationAnalysisTransform
Transforming kotlin-scripting-common-1.9.24.jar (org.jetbrains.kotlin:kotlin-scripting-common:1.9.24) with MergeInstrumentationAnalysisTransform
Transforming kotlin-scripting-jvm-1.9.24.jar (org.jetbrains.kotlin:kotlin-scripting-jvm:1.9.24) with ExternalDependencyInstrumentingArtifactTransform
Transforming apkzlib-8.5.0.jar (com.android.tools.build:apkzlib:8.5.0) with InstrumentationAnalysisTransform
Transforming apkzlib-8.5.0.jar (com.android.tools.build:apkzlib:8.5.0) with MergeInstrumentationAnalysisTransform
Transforming bcpkix-jdk18on-1.77.jar (org.bouncycastle:bcpkix-jdk18on:1.77) with InstrumentationAnalysisTransform
Transforming kotlin-scripting-common-1.9.24.jar (org.jetbrains.kotlin:kotlin-scripting-common:1.9.24) with ExternalDependencyInstrumentingArtifactTransform
Transforming bcpkix-jdk18on-1.77.jar (org.bouncycastle:bcpkix-jdk18on:1.77) with MergeInstrumentationAnalysisTransform
Transforming jimfs-1.1.jar (com.google.jimfs:jimfs:1.1) with InstrumentationAnalysisTransform
Transforming jimfs-1.1.jar (com.google.jimfs:jimfs:1.1) with MergeInstrumentationAnalysisTransform
Transforming apkzlib-8.5.0.jar (com.android.tools.build:apkzlib:8.5.0) with ExternalDependencyInstrumentingArtifactTransform
Transforming bcpkix-jdk18on-1.77.jar (org.bouncycastle:bcpkix-jdk18on:1.77) with ExternalDependencyInstrumentingArtifactTransform
Transforming jimfs-1.1.jar (com.google.jimfs:jimfs:1.1) with ExternalDependencyInstrumentingArtifactTransform
Transforming grpc-context-1.57.0.jar (io.grpc:grpc-context:1.57.0) with InstrumentationAnalysisTransform
Transforming grpc-context-1.57.0.jar (io.grpc:grpc-context:1.57.0) with MergeInstrumentationAnalysisTransform
Transforming grpc-protobuf-lite-1.57.0.jar (io.grpc:grpc-protobuf-lite:1.57.0) with InstrumentationAnalysisTransform
Transforming grpc-protobuf-lite-1.57.0.jar (io.grpc:grpc-protobuf-lite:1.57.0) with MergeInstrumentationAnalysisTransform
Transforming grpc-api-1.57.0.jar (io.grpc:grpc-api:1.57.0) with InstrumentationAnalysisTransform
Transforming grpc-context-1.57.0.jar (io.grpc:grpc-context:1.57.0) with ExternalDependencyInstrumentingArtifactTransform
Transforming grpc-api-1.57.0.jar (io.grpc:grpc-api:1.57.0) with MergeInstrumentationAnalysisTransform
Transforming grpc-protobuf-lite-1.57.0.jar (io.grpc:grpc-protobuf-lite:1.57.0) with ExternalDependencyInstrumentingArtifactTransform
Transforming guava-32.0.1-jre.jar (com.google.guava:guava:32.0.1-jre) with InstrumentationAnalysisTransform
Transforming grpc-api-1.57.0.jar (io.grpc:grpc-api:1.57.0) with ExternalDependencyInstrumentingArtifactTransform
Transforming guava-32.0.1-jre.jar (com.google.guava:guava:32.0.1-jre) with MergeInstrumentationAnalysisTransform
Transforming firebase-crashlytics-buildtools-3.0.2.jar (com.google.firebase:firebase-crashlytics-buildtools:3.0.2) with InstrumentationAnalysisTransform
Transforming firebase-crashlytics-buildtools-3.0.2.jar (com.google.firebase:firebase-crashlytics-buildtools:3.0.2) with MergeInstrumentationAnalysisTransform
Transforming guava-32.0.1-jre.jar (com.google.guava:guava:32.0.1-jre) with ExternalDependencyInstrumentingArtifactTransform
Transforming dagger-2.28.3.jar (com.google.dagger:dagger:2.28.3) with InstrumentationAnalysisTransform
Transforming firebase-crashlytics-buildtools-3.0.2.jar (com.google.firebase:firebase-crashlytics-buildtools:3.0.2) with ExternalDependencyInstrumentingArtifactTransform
Transforming dagger-2.28.3.jar (com.google.dagger:dagger:2.28.3) with MergeInstrumentationAnalysisTransform
Transforming javax.inject-1.jar (javax.inject:javax.inject:1) with InstrumentationAnalysisTransform
Transforming javax.inject-1.jar (javax.inject:javax.inject:1) with MergeInstrumentationAnalysisTransform
Transforming bcutil-jdk18on-1.77.jar (org.bouncycastle:bcutil-jdk18on:1.77) with InstrumentationAnalysisTransform
Transforming dagger-2.28.3.jar (com.google.dagger:dagger:2.28.3) with ExternalDependencyInstrumentingArtifactTransform
Transforming javax.inject-1.jar (javax.inject:javax.inject:1) with ExternalDependencyInstrumentingArtifactTransform
Transforming bcutil-jdk18on-1.77.jar (org.bouncycastle:bcutil-jdk18on:1.77) with MergeInstrumentationAnalysisTransform
Transforming bcprov-jdk18on-1.77.jar (org.bouncycastle:bcprov-jdk18on:1.77) with InstrumentationAnalysisTransform
Transforming bcprov-jdk18on-1.77.jar (org.bouncycastle:bcprov-jdk18on:1.77) with MergeInstrumentationAnalysisTransform
Transforming commons-compress-1.21.jar (org.apache.commons:commons-compress:1.21) with InstrumentationAnalysisTransform
Transforming bcutil-jdk18on-1.77.jar (org.bouncycastle:bcutil-jdk18on:1.77) with ExternalDependencyInstrumentingArtifactTransform
Transforming commons-compress-1.21.jar (org.apache.commons:commons-compress:1.21) with MergeInstrumentationAnalysisTransform
Transforming httpclient-4.5.14.jar (org.apache.httpcomponents:httpclient:4.5.14) with InstrumentationAnalysisTransform
Transforming bcprov-jdk18on-1.77.jar (org.bouncycastle:bcprov-jdk18on:1.77) with ExternalDependencyInstrumentingArtifactTransform
Transforming commons-compress-1.21.jar (org.apache.commons:commons-compress:1.21) with ExternalDependencyInstrumentingArtifactTransform
Transforming httpclient-4.5.14.jar (org.apache.httpcomponents:httpclient:4.5.14) with MergeInstrumentationAnalysisTransform
Transforming httpcore-4.4.16.jar (org.apache.httpcomponents:httpcore:4.4.16) with InstrumentationAnalysisTransform
Transforming httpcore-4.4.16.jar (org.apache.httpcomponents:httpcore:4.4.16) with MergeInstrumentationAnalysisTransform
Transforming javax.activation-1.2.0.jar (com.sun.activation:javax.activation:1.2.0) with InstrumentationAnalysisTransform
Transforming httpclient-4.5.14.jar (org.apache.httpcomponents:httpclient:4.5.14) with ExternalDependencyInstrumentingArtifactTransform
Transforming httpcore-4.4.16.jar (org.apache.httpcomponents:httpcore:4.4.16) with ExternalDependencyInstrumentingArtifactTransform
Transforming javax.activation-1.2.0.jar (com.sun.activation:javax.activation:1.2.0) with MergeInstrumentationAnalysisTransform
Transforming annotations-23.0.0.jar (org.jetbrains:annotations:23.0.0) with InstrumentationAnalysisTransform
Transforming annotations-23.0.0.jar (org.jetbrains:annotations:23.0.0) with MergeInstrumentationAnalysisTransform
Transforming javax.activation-1.2.0.jar (com.sun.activation:javax.activation:1.2.0) with ExternalDependencyInstrumentingArtifactTransform
Transforming signflinger-8.5.0.jar (com.android:signflinger:8.5.0) with InstrumentationAnalysisTransform
Transforming annotations-23.0.0.jar (org.jetbrains:annotations:23.0.0) with ExternalDependencyInstrumentingArtifactTransform
Transforming signflinger-8.5.0.jar (com.android:signflinger:8.5.0) with MergeInstrumentationAnalysisTransform
Transforming zipflinger-8.5.0.jar (com.android:zipflinger:8.5.0) with InstrumentationAnalysisTransform
Transforming zipflinger-8.5.0.jar (com.android:zipflinger:8.5.0) with MergeInstrumentationAnalysisTransform
Transforming annotations-31.5.0.jar (com.android.tools:annotations:31.5.0) with InstrumentationAnalysisTransform
Transforming annotations-31.5.0.jar (com.android.tools:annotations:31.5.0) with MergeInstrumentationAnalysisTransform
Transforming jna-platform-5.6.0.jar (net.java.dev.jna:jna-platform:5.6.0) with InstrumentationAnalysisTransform
Transforming zipflinger-8.5.0.jar (com.android:zipflinger:8.5.0) with ExternalDependencyInstrumentingArtifactTransform
Transforming signflinger-8.5.0.jar (com.android:signflinger:8.5.0) with ExternalDependencyInstrumentingArtifactTransform
Transforming annotations-31.5.0.jar (com.android.tools:annotations:31.5.0) with ExternalDependencyInstrumentingArtifactTransform
Transforming jna-platform-5.6.0.jar (net.java.dev.jna:jna-platform:5.6.0) with MergeInstrumentationAnalysisTransform
Transforming juniversalchardet-1.0.3.jar (com.googlecode.juniversalchardet:juniversalchardet:1.0.3) with InstrumentationAnalysisTransform
Transforming jna-platform-5.6.0.jar (net.java.dev.jna:jna-platform:5.6.0) with ExternalDependencyInstrumentingArtifactTransform
Transforming juniversalchardet-1.0.3.jar (com.googlecode.juniversalchardet:juniversalchardet:1.0.3) with MergeInstrumentationAnalysisTransform
Transforming javax.annotation-api-1.3.2.jar (javax.annotation:javax.annotation-api:1.3.2) with InstrumentationAnalysisTransform
Transforming javax.annotation-api-1.3.2.jar (javax.annotation:javax.annotation-api:1.3.2) with MergeInstrumentationAnalysisTransform
Transforming stax-ex-1.8.1.jar (org.jvnet.staxex:stax-ex:1.8.1) with InstrumentationAnalysisTransform
Transforming juniversalchardet-1.0.3.jar (com.googlecode.juniversalchardet:juniversalchardet:1.0.3) with ExternalDependencyInstrumentingArtifactTransform
Transforming javax.annotation-api-1.3.2.jar (javax.annotation:javax.annotation-api:1.3.2) with ExternalDependencyInstrumentingArtifactTransform
Transforming stax-ex-1.8.1.jar (org.jvnet.staxex:stax-ex:1.8.1) with MergeInstrumentationAnalysisTransform
Transforming jakarta.xml.bind-api-2.3.2.jar (jakarta.xml.bind:jakarta.xml.bind-api:2.3.2) with InstrumentationAnalysisTransform
Transforming jakarta.xml.bind-api-2.3.2.jar (jakarta.xml.bind:jakarta.xml.bind-api:2.3.2) with MergeInstrumentationAnalysisTransform
Transforming txw2-2.3.2.jar (org.glassfish.jaxb:txw2:2.3.2) with InstrumentationAnalysisTransform
Transforming stax-ex-1.8.1.jar (org.jvnet.staxex:stax-ex:1.8.1) with ExternalDependencyInstrumentingArtifactTransform
Transforming txw2-2.3.2.jar (org.glassfish.jaxb:txw2:2.3.2) with MergeInstrumentationAnalysisTransform
Transforming istack-commons-runtime-3.0.8.jar (com.sun.istack:istack-commons-runtime:3.0.8) with InstrumentationAnalysisTransform
Transforming jakarta.xml.bind-api-2.3.2.jar (jakarta.xml.bind:jakarta.xml.bind-api:2.3.2) with ExternalDependencyInstrumentingArtifactTransform
Transforming txw2-2.3.2.jar (org.glassfish.jaxb:txw2:2.3.2) with ExternalDependencyInstrumentingArtifactTransform
Transforming istack-commons-runtime-3.0.8.jar (com.sun.istack:istack-commons-runtime:3.0.8) with MergeInstrumentationAnalysisTransform
Transforming FastInfoset-1.2.16.jar (com.sun.xml.fastinfoset:FastInfoset:1.2.16) with InstrumentationAnalysisTransform
Transforming FastInfoset-1.2.16.jar (com.sun.xml.fastinfoset:FastInfoset:1.2.16) with MergeInstrumentationAnalysisTransform
Transforming jakarta.activation-api-1.2.1.jar (jakarta.activation:jakarta.activation-api:1.2.1) with InstrumentationAnalysisTransform
Transforming istack-commons-runtime-3.0.8.jar (com.sun.istack:istack-commons-runtime:3.0.8) with ExternalDependencyInstrumentingArtifactTransform
Transforming FastInfoset-1.2.16.jar (com.sun.xml.fastinfoset:FastInfoset:1.2.16) with ExternalDependencyInstrumentingArtifactTransform
Transforming jakarta.activation-api-1.2.1.jar (jakarta.activation:jakarta.activation-api:1.2.1) with MergeInstrumentationAnalysisTransform
Transforming auto-value-annotations-1.6.2.jar (com.google.auto.value:auto-value-annotations:1.6.2) with InstrumentationAnalysisTransform
Transforming auto-value-annotations-1.6.2.jar (com.google.auto.value:auto-value-annotations:1.6.2) with MergeInstrumentationAnalysisTransform
Transforming error_prone_annotations-2.18.0.jar (com.google.errorprone:error_prone_annotations:2.18.0) with InstrumentationAnalysisTransform
Transforming jakarta.activation-api-1.2.1.jar (jakarta.activation:jakarta.activation-api:1.2.1) with ExternalDependencyInstrumentingArtifactTransform
Transforming error_prone_annotations-2.18.0.jar (com.google.errorprone:error_prone_annotations:2.18.0) with MergeInstrumentationAnalysisTransform
Transforming auto-value-annotations-1.6.2.jar (com.google.auto.value:auto-value-annotations:1.6.2) with ExternalDependencyInstrumentingArtifactTransform
Transforming jose4j-0.9.5.jar (org.bitbucket.b_c:jose4j:0.9.5) with InstrumentationAnalysisTransform
Transforming jose4j-0.9.5.jar (org.bitbucket.b_c:jose4j:0.9.5) with MergeInstrumentationAnalysisTransform
Transforming slf4j-api-1.7.30.jar (org.slf4j:slf4j-api:1.7.30) with InstrumentationAnalysisTransform
Transforming error_prone_annotations-2.18.0.jar (com.google.errorprone:error_prone_annotations:2.18.0) with ExternalDependencyInstrumentingArtifactTransform
Transforming jose4j-0.9.5.jar (org.bitbucket.b_c:jose4j:0.9.5) with ExternalDependencyInstrumentingArtifactTransform
Transforming slf4j-api-1.7.30.jar (org.slf4j:slf4j-api:1.7.30) with MergeInstrumentationAnalysisTransform
Transforming jdom2-2.0.6.jar (org.jdom:jdom2:2.0.6) with InstrumentationAnalysisTransform
Transforming jdom2-2.0.6.jar (org.jdom:jdom2:2.0.6) with MergeInstrumentationAnalysisTransform
Transforming jsr305-3.0.2.jar (com.google.code.findbugs:jsr305:3.0.2) with InstrumentationAnalysisTransform
Transforming slf4j-api-1.7.30.jar (org.slf4j:slf4j-api:1.7.30) with ExternalDependencyInstrumentingArtifactTransform
Transforming jsr305-3.0.2.jar (com.google.code.findbugs:jsr305:3.0.2) with MergeInstrumentationAnalysisTransform
Transforming jdom2-2.0.6.jar (org.jdom:jdom2:2.0.6) with ExternalDependencyInstrumentingArtifactTransform
Transforming j2objc-annotations-2.8.jar (com.google.j2objc:j2objc-annotations:2.8) with InstrumentationAnalysisTransform
Transforming jsr305-3.0.2.jar (com.google.code.findbugs:jsr305:3.0.2) with ExternalDependencyInstrumentingArtifactTransform
Transforming j2objc-annotations-2.8.jar (com.google.j2objc:j2objc-annotations:2.8) with MergeInstrumentationAnalysisTransform
Transforming annotations-4.1.1.4.jar (com.google.android:annotations:4.1.1.4) with InstrumentationAnalysisTransform
Transforming annotations-4.1.1.4.jar (com.google.android:annotations:4.1.1.4) with MergeInstrumentationAnalysisTransform
Transforming j2objc-annotations-2.8.jar (com.google.j2objc:j2objc-annotations:2.8) with ExternalDependencyInstrumentingArtifactTransform
Transforming animal-sniffer-annotations-1.23.jar (org.codehaus.mojo:animal-sniffer-annotations:1.23) with InstrumentationAnalysisTransform
Transforming annotations-4.1.1.4.jar (com.google.android:annotations:4.1.1.4) with ExternalDependencyInstrumentingArtifactTransform
Transforming animal-sniffer-annotations-1.23.jar (org.codehaus.mojo:animal-sniffer-annotations:1.23) with MergeInstrumentationAnalysisTransform
Transforming perfmark-api-0.26.0.jar (io.perfmark:perfmark-api:0.26.0) with InstrumentationAnalysisTransform
Transforming perfmark-api-0.26.0.jar (io.perfmark:perfmark-api:0.26.0) with MergeInstrumentationAnalysisTransform
Transforming netty-codec-http2-4.1.93.Final.jar (io.netty:netty-codec-http2:4.1.93.Final) with InstrumentationAnalysisTransform
Transforming animal-sniffer-annotations-1.23.jar (org.codehaus.mojo:animal-sniffer-annotations:1.23) with ExternalDependencyInstrumentingArtifactTransform
Transforming netty-codec-http2-4.1.93.Final.jar (io.netty:netty-codec-http2:4.1.93.Final) with MergeInstrumentationAnalysisTransform
Transforming netty-handler-proxy-4.1.93.Final.jar (io.netty:netty-handler-proxy:4.1.93.Final) with InstrumentationAnalysisTransform
Transforming perfmark-api-0.26.0.jar (io.perfmark:perfmark-api:0.26.0) with ExternalDependencyInstrumentingArtifactTransform
Transforming netty-codec-http2-4.1.93.Final.jar (io.netty:netty-codec-http2:4.1.93.Final) with ExternalDependencyInstrumentingArtifactTransform
Transforming netty-handler-proxy-4.1.93.Final.jar (io.netty:netty-handler-proxy:4.1.93.Final) with MergeInstrumentationAnalysisTransform
Transforming netty-codec-http-4.1.93.Final.jar (io.netty:netty-codec-http:4.1.93.Final) with InstrumentationAnalysisTransform
Transforming netty-codec-http-4.1.93.Final.jar (io.netty:netty-codec-http:4.1.93.Final) with MergeInstrumentationAnalysisTransform
Transforming netty-handler-proxy-4.1.93.Final.jar (io.netty:netty-handler-proxy:4.1.93.Final) with ExternalDependencyInstrumentingArtifactTransform
Transforming netty-handler-4.1.93.Final.jar (io.netty:netty-handler:4.1.93.Final) with InstrumentationAnalysisTransform
Transforming netty-codec-http-4.1.93.Final.jar (io.netty:netty-codec-http:4.1.93.Final) with ExternalDependencyInstrumentingArtifactTransform
Transforming netty-handler-4.1.93.Final.jar (io.netty:netty-handler:4.1.93.Final) with MergeInstrumentationAnalysisTransform
Transforming netty-transport-native-unix-common-4.1.93.Final.jar (io.netty:netty-transport-native-unix-common:4.1.93.Final) with InstrumentationAnalysisTransform
Transforming netty-transport-native-unix-common-4.1.93.Final.jar (io.netty:netty-transport-native-unix-common:4.1.93.Final) with MergeInstrumentationAnalysisTransform
Transforming checker-qual-3.33.0.jar (org.checkerframework:checker-qual:3.33.0) with InstrumentationAnalysisTransform
Transforming checker-qual-3.33.0.jar (org.checkerframework:checker-qual:3.33.0) with MergeInstrumentationAnalysisTransform
Transforming commons-codec-1.11.jar (commons-codec:commons-codec:1.11) with InstrumentationAnalysisTransform
Transforming netty-handler-4.1.93.Final.jar (io.netty:netty-handler:4.1.93.Final) with ExternalDependencyInstrumentingArtifactTransform
Transforming checker-qual-3.33.0.jar (org.checkerframework:checker-qual:3.33.0) with ExternalDependencyInstrumentingArtifactTransform
Transforming commons-codec-1.11.jar (commons-codec:commons-codec:1.11) with MergeInstrumentationAnalysisTransform
Transforming netty-transport-native-unix-common-4.1.93.Final.jar (io.netty:netty-transport-native-unix-common:4.1.93.Final) with ExternalDependencyInstrumentingArtifactTransform
Transforming apksig-8.5.0.jar (com.android.tools.build:apksig:8.5.0) with InstrumentationAnalysisTransform
Transforming commons-codec-1.11.jar (commons-codec:commons-codec:1.11) with ExternalDependencyInstrumentingArtifactTransform
Transforming apksig-8.5.0.jar (com.android.tools.build:apksig:8.5.0) with MergeInstrumentationAnalysisTransform
Transforming javawriter-2.5.0.jar (com.squareup:javawriter:2.5.0) with InstrumentationAnalysisTransform
Transforming javawriter-2.5.0.jar (com.squareup:javawriter:2.5.0) with MergeInstrumentationAnalysisTransform
Transforming failureaccess-1.0.1.jar (com.google.guava:failureaccess:1.0.1) with InstrumentationAnalysisTransform
Transforming apksig-8.5.0.jar (com.android.tools.build:apksig:8.5.0) with ExternalDependencyInstrumentingArtifactTransform
Transforming javawriter-2.5.0.jar (com.squareup:javawriter:2.5.0) with ExternalDependencyInstrumentingArtifactTransform
Transforming failureaccess-1.0.1.jar (com.google.guava:failureaccess:1.0.1) with MergeInstrumentationAnalysisTransform
Transforming listenablefuture-9999.0-empty-to-avoid-conflict-with-guava.jar (com.google.guava:listenablefuture:9999.0-empty-to-avoid-conflict-with-guava) with InstrumentationAnalysisTransform
Transforming listenablefuture-9999.0-empty-to-avoid-conflict-with-guava.jar (com.google.guava:listenablefuture:9999.0-empty-to-avoid-conflict-with-guava) with MergeInstrumentationAnalysisTransform
Transforming commons-logging-1.2.jar (commons-logging:commons-logging:1.2) with InstrumentationAnalysisTransform
Transforming commons-logging-1.2.jar (commons-logging:commons-logging:1.2) with MergeInstrumentationAnalysisTransform
Transforming jna-5.6.0.jar (net.java.dev.jna:jna:5.6.0) with InstrumentationAnalysisTransform
Transforming failureaccess-1.0.1.jar (com.google.guava:failureaccess:1.0.1) with ExternalDependencyInstrumentingArtifactTransform
Transforming listenablefuture-9999.0-empty-to-avoid-conflict-with-guava.jar (com.google.guava:listenablefuture:9999.0-empty-to-avoid-conflict-with-guava) with ExternalDependencyInstrumentingArtifactTransform
Transforming jna-5.6.0.jar (net.java.dev.jna:jna:5.6.0) with MergeInstrumentationAnalysisTransform
Transforming netty-codec-socks-4.1.93.Final.jar (io.netty:netty-codec-socks:4.1.93.Final) with InstrumentationAnalysisTransform
Transforming commons-logging-1.2.jar (commons-logging:commons-logging:1.2) with ExternalDependencyInstrumentingArtifactTransform
Transforming jna-5.6.0.jar (net.java.dev.jna:jna:5.6.0) with ExternalDependencyInstrumentingArtifactTransform
Transforming netty-codec-socks-4.1.93.Final.jar (io.netty:netty-codec-socks:4.1.93.Final) with MergeInstrumentationAnalysisTransform
Transforming netty-codec-4.1.93.Final.jar (io.netty:netty-codec:4.1.93.Final) with InstrumentationAnalysisTransform
Transforming netty-codec-4.1.93.Final.jar (io.netty:netty-codec:4.1.93.Final) with MergeInstrumentationAnalysisTransform
Transforming netty-transport-4.1.93.Final.jar (io.netty:netty-transport:4.1.93.Final) with InstrumentationAnalysisTransform
Transforming netty-codec-socks-4.1.93.Final.jar (io.netty:netty-codec-socks:4.1.93.Final) with ExternalDependencyInstrumentingArtifactTransform
Transforming netty-transport-4.1.93.Final.jar (io.netty:netty-transport:4.1.93.Final) with MergeInstrumentationAnalysisTransform
Transforming netty-buffer-4.1.93.Final.jar (io.netty:netty-buffer:4.1.93.Final) with InstrumentationAnalysisTransform
Transforming netty-codec-4.1.93.Final.jar (io.netty:netty-codec:4.1.93.Final) with ExternalDependencyInstrumentingArtifactTransform
Transforming netty-transport-4.1.93.Final.jar (io.netty:netty-transport:4.1.93.Final) with ExternalDependencyInstrumentingArtifactTransform
Transforming netty-buffer-4.1.93.Final.jar (io.netty:netty-buffer:4.1.93.Final) with MergeInstrumentationAnalysisTransform
Transforming netty-resolver-4.1.93.Final.jar (io.netty:netty-resolver:4.1.93.Final) with InstrumentationAnalysisTransform
Transforming netty-resolver-4.1.93.Final.jar (io.netty:netty-resolver:4.1.93.Final) with MergeInstrumentationAnalysisTransform
Transforming netty-common-4.1.93.Final.jar (io.netty:netty-common:4.1.93.Final) with InstrumentationAnalysisTransform
Transforming netty-buffer-4.1.93.Final.jar (io.netty:netty-buffer:4.1.93.Final) with ExternalDependencyInstrumentingArtifactTransform
Transforming netty-resolver-4.1.93.Final.jar (io.netty:netty-resolver:4.1.93.Final) with ExternalDependencyInstrumentingArtifactTransform
Transforming netty-common-4.1.93.Final.jar (io.netty:netty-common:4.1.93.Final) with MergeInstrumentationAnalysisTransform
Transforming netty-common-4.1.93.Final.jar (io.netty:netty-common:4.1.93.Final) with ExternalDependencyInstrumentingArtifactTransform

> Configure project :app
Evaluating project ':app' using build file 'E:\For Safe Keeping\WEB REF\MaterialFiles\app\build.gradle'.
Using default execution profile
Using Kotlin Gradle Plugin gradle82 variant
C/C++: android.ndkVersion from module build.gradle is [27.2.12479018]
C/C++: android.ndkPath from module build.gradle is not set
C/C++: ndk.dir in local.properties is not set
C/C++: Not considering ANDROID_NDK_HOME because support was removed after deprecation period.
C/C++: sdkFolder is C:\Users\oMaaBo\AppData\Local\Android\Sdk
C/C++: android.ndkVersion from module build.gradle is [27.2.12479018]
C/C++: android.ndkPath from module build.gradle is not set
C/C++: ndk.dir in local.properties is not set
C/C++: Not considering ANDROID_NDK_HOME because support was removed after deprecation period.
C/C++: sdkFolder is C:\Users\oMaaBo\AppData\Local\Android\Sdk
C/C++: android.ndkVersion from module build.gradle is [27.2.12479018]
C/C++: android.ndkPath from module build.gradle is not set
C/C++: ndk.dir in local.properties is not set
C/C++: Not considering ANDROID_NDK_HOME because support was removed after deprecation period.
C/C++: sdkFolder is C:\Users\oMaaBo\AppData\Local\Android\Sdk
C/C++: android.ndkVersion from module build.gradle is [27.2.12479018]
C/C++: android.ndkPath from module build.gradle is not set
C/C++: ndk.dir in local.properties is not set
C/C++: Not considering ANDROID_NDK_HOME because support was removed after deprecation period.
C/C++: sdkFolder is C:\Users\oMaaBo\AppData\Local\Android\Sdk
C/C++: android.ndkVersion from module build.gradle is [27.2.12479018]
C/C++: android.ndkPath from module build.gradle is not set
C/C++: ndk.dir in local.properties is not set
C/C++: Not considering ANDROID_NDK_HOME because support was removed after deprecation period.
C/C++: sdkFolder is C:\Users\oMaaBo\AppData\Local\Android\Sdk
C/C++: android.ndkVersion from module build.gradle is [27.2.12479018]
C/C++: android.ndkPath from module build.gradle is not set
C/C++: ndk.dir in local.properties is not set
C/C++: Not considering ANDROID_NDK_HOME because support was removed after deprecation period.
C/C++: sdkFolder is C:\Users\oMaaBo\AppData\Local\Android\Sdk
C/C++: android.ndkVersion from module build.gradle is [27.2.12479018]
C/C++: android.ndkPath from module build.gradle is not set
C/C++: ndk.dir in local.properties is not set
C/C++: Not considering ANDROID_NDK_HOME because support was removed after deprecation period.
C/C++: sdkFolder is C:\Users\oMaaBo\AppData\Local\Android\Sdk
C/C++: android.ndkVersion from module build.gradle is [27.2.12479018]
C/C++: android.ndkPath from module build.gradle is not set
C/C++: ndk.dir in local.properties is not set
C/C++: Not considering ANDROID_NDK_HOME because support was removed after deprecation period.
C/C++: sdkFolder is C:\Users\oMaaBo\AppData\Local\Android\Sdk
C/C++: android.ndkVersion from module build.gradle is [27.2.12479018]
C/C++: android.ndkPath from module build.gradle is not set
C/C++: ndk.dir in local.properties is not set
C/C++: Not considering ANDROID_NDK_HOME because support was removed after deprecation period.
C/C++: sdkFolder is C:\Users\oMaaBo\AppData\Local\Android\Sdk
C/C++: android.ndkVersion from module build.gradle is [27.2.12479018]
C/C++: android.ndkPath from module build.gradle is not set
C/C++: ndk.dir in local.properties is not set
C/C++: Not considering ANDROID_NDK_HOME because support was removed after deprecation period.
C/C++: sdkFolder is C:\Users\oMaaBo\AppData\Local\Android\Sdk
C/C++: android.ndkVersion from module build.gradle is [27.2.12479018]
C/C++: android.ndkPath from module build.gradle is not set
C/C++: ndk.dir in local.properties is not set
C/C++: Not considering ANDROID_NDK_HOME because support was removed after deprecation period.
C/C++: sdkFolder is C:\Users\oMaaBo\AppData\Local\Android\Sdk
C/C++: android.ndkVersion from module build.gradle is [27.2.12479018]
C/C++: android.ndkPath from module build.gradle is not set
C/C++: ndk.dir in local.properties is not set
C/C++: Not considering ANDROID_NDK_HOME because support was removed after deprecation period.
C/C++: sdkFolder is C:\Users\oMaaBo\AppData\Local\Android\Sdk
C/C++: android.ndkVersion from module build.gradle is [27.2.12479018]
C/C++: android.ndkPath from module build.gradle is not set
C/C++: ndk.dir in local.properties is not set
C/C++: Not considering ANDROID_NDK_HOME because support was removed after deprecation period.
C/C++: sdkFolder is C:\Users\oMaaBo\AppData\Local\Android\Sdk
Parsed shrinker version: 8.5.10
All projects evaluated.
Task name matched 'assembleDebug'
Selected primary task 'assembleDebug' from project :
WARNING: We recommend using a newer Android Gradle plugin to use compileSdk = 35

This Android Gradle plugin (8.5.0) was tested up to compileSdk = 34.

You are strongly encouraged to update your project to use a newer
Android Gradle plugin that has been tested with compileSdk = 35.

If you are already using the latest version of the Android Gradle plugin,
you may need to wait until a newer version with support for compileSdk = 35 is available.

For more information refer to the compatibility table:
https://d.android.com/r/tools/api-level-support

To suppress this warning, add/update
    android.suppressUnsupportedCompileSdk=35
to this project's gradle.properties.
Tasks to be executed: [task ':app:preBuild', task ':app:preDebugBuild', task ':app:mergeDebugNativeDebugMetadata', task ':app:compileDebugAidl', task ':app:checkKotlinGradlePluginConfigurationErrors', task ':app:dataBindingMergeDependencyArtifactsDebug', task ':app:generateDebugResValues', task ':app:injectCrashlyticsMappingFileIdDebug', task ':app:processDebugGoogleServices', task ':app:extractDebugSupportedLocales', task ':app:generateDebugLocaleConfig', task ':app:generateDebugResources', task ':app:mergeDebugResources', task ':app:packageDebugResources', task ':app:parseDebugLocalResources', task ':app:dataBindingGenBaseClassesDebug', task ':app:generateDebugBuildConfig', task ':app:checkDebugAarMetadata', task ':app:mapDebugSourceSetPaths', task ':app:createDebugCompatibleScreenManifests', task ':app:extractDeepLinksDebug', task ':app:processDebugMainManifest', task ':app:processDebugManifest', task ':app:processDebugManifestForPackage', task ':app:processDebugResources', task ':app:kspDebugKotlin', task ':app:compileDebugKotlin', task ':app:javaPreCompileDebug', task ':app:compileDebugJavaWithJavac', task ':app:mergeDebugShaders', task ':app:compileDebugShaders', task ':app:generateDebugAssets', task ':app:mergeDebugAssets', task ':app:compressDebugAssets', task ':app:l8DexDesugarLibDebug', task ':app:processDebugJavaRes', task ':app:mergeDebugJavaResource', task ':app:checkDebugDuplicateClasses', task ':app:desugarDebugFileDependencies', task ':app:mergeDebugStartupProfile', task ':app:mergeExtDexDebug', task ':app:mergeLibDexDebug', task ':app:dexBuilderDebug', task ':app:mergeProjectDexDebug', task ':app:configureCMakeDebug[arm64-v8a]', task ':app:buildCMakeDebug[arm64-v8a]', task ':app:configureCMakeDebug[armeabi-v7a]', task ':app:buildCMakeDebug[armeabi-v7a]', task ':app:configureCMakeDebug[x86]', task ':app:buildCMakeDebug[x86]', task ':app:configureCMakeDebug[x86_64]', task ':app:buildCMakeDebug[x86_64]', task ':app:mergeDebugJniLibFolders', task ':app:mergeDebugNativeLibs', task ':app:stripDebugDebugSymbols', task ':app:validateSigningDebug', task ':app:writeDebugAppMetadata', task ':app:writeDebugSigningConfigVersions', task ':app:packageDebug', task ':app:createDebugApkListingFileRedirect', task ':app:assembleDebug']
Tasks that were excluded: []
Resolve mutations for :app:preBuild (Thread[Execution worker,5,main]) started.
:app:preBuild (Thread[Execution worker Thread 4,5,main]) started.

> Task :app:preBuild UP-TO-DATE
Skipping task ':app:preBuild' as it has no actions.
Resolve mutations for :app:preDebugBuild (Thread[Execution worker Thread 4,5,main]) started.
:app:preDebugBuild (Thread[Execution worker Thread 4,5,main]) started.

> Task :app:preDebugBuild UP-TO-DATE
Skipping task ':app:preDebugBuild' as it has no actions.
Resolve mutations for :app:mergeDebugNativeDebugMetadata (Thread[Execution worker Thread 4,5,main]) started.
:app:mergeDebugNativeDebugMetadata (Thread[Execution worker Thread 4,5,main]) started.

> Task :app:mergeDebugNativeDebugMetadata NO-SOURCE
Skipping task ':app:mergeDebugNativeDebugMetadata' as it has no source files and no previous output files.
Resolve mutations for :app:compileDebugAidl (Thread[Execution worker Thread 4,5,main]) started.
:app:compileDebugAidl (Thread[Execution worker Thread 4,5,main]) started.

> Task :app:compileDebugAidl UP-TO-DATE
Registered task dependencies: app:debugCompileClasspath
Skipping misunderstood TO dep string: io.coil-kt:coil
Skipping misunderstood TO dep string: io.coil-kt:coil-gif
Skipping misunderstood TO dep string: io.coil-kt:coil-svg
Skipping misunderstood TO dep string: io.coil-kt:coil-video
Skipping misunderstood TO dep string: com.google.firebase:firebase-analytics
Skipping misunderstood TO dep string: com.google.firebase:firebase-crashlytics-ndk
Starting dependency analysis
file or directory 'E:\For Safe Keeping\WEB REF\MaterialFiles\app\libs', not found
Transforming viewbinding-8.5.0.aar (androidx.databinding:viewbinding:8.5.0) with ExtractAarTransform
Transforming PhotoView-2.3.0.aar (com.github.chrisbanes:PhotoView:2.3.0) with ExtractAarTransform
Transforming viewbinding-8.5.0.aar (androidx.databinding:viewbinding:8.5.0) with AarTransform
Transforming PhotoView-2.3.0.aar (com.github.chrisbanes:PhotoView:2.3.0) with AarTransform
Transforming constraintlayout-2.0.1.aar (androidx.constraintlayout:constraintlayout:2.0.1) with ExtractAarTransform
Transforming constraintlayout-2.0.1.aar (androidx.constraintlayout:constraintlayout:2.0.1) with AarTransform
Transforming service-5.2.2.aar (com.github.topjohnwu.libsu:service:5.2.2) with ExtractAarTransform
Transforming service-5.2.2.aar (com.github.topjohnwu.libsu:service:5.2.2) with AarTransform
Transforming firebase-analytics-22.1.2.aar (com.google.firebase:firebase-analytics:22.1.2) with ExtractAarTransform
Transforming firebase-analytics-22.1.2.aar (com.google.firebase:firebase-analytics:22.1.2) with AarTransform
Transforming preference-ktx-1.2.1.aar (androidx.preference:preference-ktx:1.2.1) with ExtractAarTransform
Transforming preference-ktx-1.2.1.aar (androidx.preference:preference-ktx:1.2.1) with AarTransform
Transforming appcompat-1.7.0.aar (androidx.appcompat:appcompat:1.7.0) with ExtractAarTransform
Transforming appcompat-1.7.0.aar (androidx.appcompat:appcompat:1.7.0) with AarTransform
Transforming licensesdialog-2.1.0.aar (de.psdev.licensesdialog:licensesdialog:2.1.0) with ExtractAarTransform
Transforming licensesdialog-2.1.0.aar (de.psdev.licensesdialog:licensesdialog:2.1.0) with AarTransform
Transforming appcompat-resources-1.7.0.aar (androidx.appcompat:appcompat-resources:1.7.0) with ExtractAarTransform
Transforming appcompat-resources-1.7.0.aar (androidx.appcompat:appcompat-resources:1.7.0) with AarTransform
Transforming preferencex-1.1.0.aar (com.takisoft.preferencex:preferencex:1.1.0) with ExtractAarTransform
Transforming preferencex-1.1.0.aar (com.takisoft.preferencex:preferencex:1.1.0) with AarTransform
Transforming play-services-measurement-sdk-22.1.2.aar (com.google.android.gms:play-services-measurement-sdk:22.1.2) with ExtractAarTransform
Transforming play-services-measurement-sdk-22.1.2.aar (com.google.android.gms:play-services-measurement-sdk:22.1.2) with AarTransform
Transforming preference-1.2.1.aar (androidx.preference:preference:1.2.1) with ExtractAarTransform
Transforming preference-1.2.1.aar (androidx.preference:preference:1.2.1) with AarTransform
Transforming material-1.12.0.aar (com.google.android.material:material:1.12.0) with ExtractAarTransform
Transforming material-1.12.0.aar (com.google.android.material:material:1.12.0) with AarTransform
Transforming subsampling-scale-image-view-androidx-3.10.0.aar (com.davemorrissey.labs:subsampling-scale-image-view-androidx:3.10.0) with ExtractAarTransform
Transforming subsampling-scale-image-view-androidx-3.10.0.aar (com.davemorrissey.labs:subsampling-scale-image-view-androidx:3.10.0) with AarTransform
Transforming viewpager2-1.1.0-beta02.aar (androidx.viewpager2:viewpager2:1.1.0-beta02) with ExtractAarTransform
Transforming viewpager2-1.1.0-beta02.aar (androidx.viewpager2:viewpager2:1.1.0-beta02) with AarTransform
Transforming appcompat-1.7.0.aar (androidx.appcompat:appcompat:1.7.0) with ExtractAarTransform
Transforming appcompat-1.7.0.aar (androidx.appcompat:appcompat:1.7.0) with AarTransform
Transforming play-services-measurement-api-22.1.2.aar (com.google.android.gms:play-services-measurement-api:22.1.2) with ExtractAarTransform
Transforming play-services-measurement-api-22.1.2.aar (com.google.android.gms:play-services-measurement-api:22.1.2) with AarTransform
Transforming speed-dial-3.3.0.aar (com.leinardi.android:speed-dial:3.3.0) with ExtractAarTransform
Transforming speed-dial-3.3.0.aar (com.leinardi.android:speed-dial:3.3.0) with AarTransform
Transforming play-services-measurement-base-22.1.2.aar (com.google.android.gms:play-services-measurement-base:22.1.2) with ExtractAarTransform
Transforming play-services-measurement-base-22.1.2.aar (com.google.android.gms:play-services-measurement-base:22.1.2) with ExtractAarTransform
Transforming play-services-measurement-base-22.1.2.aar (com.google.android.gms:play-services-measurement-base:22.1.2) with ExtractAarTransform
Transforming play-services-measurement-base-22.1.2.aar (com.google.android.gms:play-services-measurement-base:22.1.2) with ExtractAarTransform
Transforming play-services-measurement-base-22.1.2.aar (com.google.android.gms:play-services-measurement-base:22.1.2) with AarTransform
Transforming play-services-measurement-base-22.1.2.aar (com.google.android.gms:play-services-measurement-base:22.1.2) with AarTransform
Transforming play-services-measurement-base-22.1.2.aar (com.google.android.gms:play-services-measurement-base:22.1.2) with AarTransform
Transforming play-services-measurement-base-22.1.2.aar (com.google.android.gms:play-services-measurement-base:22.1.2) with ExtractAarTransform
Transforming play-services-measurement-base-22.1.2.aar (com.google.android.gms:play-services-measurement-base:22.1.2) with AarTransform
Transforming play-services-measurement-base-22.1.2.aar (com.google.android.gms:play-services-measurement-base:22.1.2) with AarTransform
Transforming play-services-measurement-22.1.2.aar (com.google.android.gms:play-services-measurement:22.1.2) with ExtractAarTransform
Transforming play-services-ads-identifier-18.0.0.aar (com.google.android.gms:play-services-ads-identifier:18.0.0) with ExtractAarTransform
Transforming play-services-measurement-22.1.2.aar (com.google.android.gms:play-services-measurement:22.1.2) with AarTransform
Transforming play-services-ads-identifier-18.0.0.aar (com.google.android.gms:play-services-ads-identifier:18.0.0) with AarTransform
Transforming play-services-ads-identifier-18.0.0.aar (com.google.android.gms:play-services-ads-identifier:18.0.0) with ExtractAarTransform
Transforming play-services-ads-identifier-18.0.0.aar (com.google.android.gms:play-services-ads-identifier:18.0.0) with ExtractAarTransform
Transforming play-services-ads-identifier-18.0.0.aar (com.google.android.gms:play-services-ads-identifier:18.0.0) with AarTransform
Transforming firebase-crashlytics-19.2.1.aar (com.google.firebase:firebase-crashlytics:19.2.1) with ExtractAarTransform
Transforming play-services-ads-identifier-18.0.0.aar (com.google.android.gms:play-services-ads-identifier:18.0.0) with AarTransform
Transforming firebase-crashlytics-19.2.1.aar (com.google.firebase:firebase-crashlytics:19.2.1) with AarTransform
Transforming play-services-measurement-impl-22.1.2.aar (com.google.android.gms:play-services-measurement-impl:22.1.2) with ExtractAarTransform
Transforming play-services-measurement-impl-22.1.2.aar (com.google.android.gms:play-services-measurement-impl:22.1.2) with ExtractAarTransform
Transforming play-services-measurement-impl-22.1.2.aar (com.google.android.gms:play-services-measurement-impl:22.1.2) with AarTransform
Transforming play-services-measurement-impl-22.1.2.aar (com.google.android.gms:play-services-measurement-impl:22.1.2) with AarTransform
Transforming play-services-measurement-sdk-api-22.1.2.aar (com.google.android.gms:play-services-measurement-sdk-api:22.1.2) with ExtractAarTransform
Transforming play-services-measurement-sdk-api-22.1.2.aar (com.google.android.gms:play-services-measurement-sdk-api:22.1.2) with AarTransform
Transforming play-services-stats-17.0.2.aar (com.google.android.gms:play-services-stats:17.0.2) with ExtractAarTransform
Transforming play-services-stats-17.0.2.aar (com.google.android.gms:play-services-stats:17.0.2) with ExtractAarTransform
Transforming play-services-stats-17.0.2.aar (com.google.android.gms:play-services-stats:17.0.2) with AarTransform
Transforming play-services-stats-17.0.2.aar (com.google.android.gms:play-services-stats:17.0.2) with AarTransform
Transforming firebase-installations-interop-17.2.0.aar (com.google.firebase:firebase-installations-interop:17.2.0) with ExtractAarTransform
Transforming firebase-installations-interop-17.2.0.aar (com.google.firebase:firebase-installations-interop:17.2.0) with ExtractAarTransform
Transforming firebase-installations-interop-17.2.0.aar (com.google.firebase:firebase-installations-interop:17.2.0) with ExtractAarTransform
Transforming firebase-installations-interop-17.2.0.aar (com.google.firebase:firebase-installations-interop:17.2.0) with AarTransform
Transforming firebase-installations-interop-17.2.0.aar (com.google.firebase:firebase-installations-interop:17.2.0) with AarTransform
Transforming firebase-installations-interop-17.2.0.aar (com.google.firebase:firebase-installations-interop:17.2.0) with ExtractAarTransform
Transforming firebase-installations-18.0.0.aar (com.google.firebase:firebase-installations:18.0.0) with ExtractAarTransform
Transforming firebase-installations-18.0.0.aar (com.google.firebase:firebase-installations:18.0.0) with ExtractAarTransform
Transforming firebase-installations-interop-17.2.0.aar (com.google.firebase:firebase-installations-interop:17.2.0) with AarTransform
Transforming firebase-installations-18.0.0.aar (com.google.firebase:firebase-installations:18.0.0) with AarTransform
Transforming firebase-installations-18.0.0.aar (com.google.firebase:firebase-installations:18.0.0) with AarTransform
Transforming firebase-installations-interop-17.2.0.aar (com.google.firebase:firebase-installations-interop:17.2.0) with AarTransform
Transforming firebase-crashlytics-ndk-19.2.1.aar (com.google.firebase:firebase-crashlytics-ndk:19.2.1) with ExtractAarTransform
Transforming firebase-crashlytics-ndk-19.2.1.aar (com.google.firebase:firebase-crashlytics-ndk:19.2.1) with AarTransform
Transforming firebase-sessions-2.0.6.aar (com.google.firebase:firebase-sessions:2.0.6) with ExtractAarTransform
Transforming firebase-sessions-2.0.6.aar (com.google.firebase:firebase-sessions:2.0.6) with AarTransform
Transforming firebase-common-ktx-21.0.0.aar (com.google.firebase:firebase-common-ktx:21.0.0) with ExtractAarTransform
Transforming firebase-common-ktx-21.0.0.aar (com.google.firebase:firebase-common-ktx:21.0.0) with ExtractAarTransform
Transforming firebase-common-ktx-21.0.0.aar (com.google.firebase:firebase-common-ktx:21.0.0) with ExtractAarTransform
Transforming firebase-common-ktx-21.0.0.aar (com.google.firebase:firebase-common-ktx:21.0.0) with AarTransform
Transforming firebase-common-ktx-21.0.0.aar (com.google.firebase:firebase-common-ktx:21.0.0) with AarTransform
Transforming firebase-common-ktx-21.0.0.aar (com.google.firebase:firebase-common-ktx:21.0.0) with ExtractAarTransform
Transforming firebase-common-21.0.0.aar (com.google.firebase:firebase-common:21.0.0) with ExtractAarTransform
Transforming firebase-common-21.0.0.aar (com.google.firebase:firebase-common:21.0.0) with AarTransform
Transforming firebase-common-21.0.0.aar (com.google.firebase:firebase-common:21.0.0) with ExtractAarTransform
Transforming firebase-common-21.0.0.aar (com.google.firebase:firebase-common:21.0.0) with ExtractAarTransform
Transforming firebase-common-21.0.0.aar (com.google.firebase:firebase-common:21.0.0) with ExtractAarTransform
Transforming activity-1.9.3.aar (androidx.activity:activity:1.9.3) with ExtractAarTransform
Transforming firebase-common-21.0.0.aar (com.google.firebase:firebase-common:21.0.0) with AarTransform
Transforming activity-1.9.3.aar (androidx.activity:activity:1.9.3) with AarTransform
Transforming firebase-common-ktx-21.0.0.aar (com.google.firebase:firebase-common-ktx:21.0.0) with AarTransform
Transforming firebase-common-ktx-21.0.0.aar (com.google.firebase:firebase-common-ktx:21.0.0) with ExtractAarTransform
Transforming firebase-common-21.0.0.aar (com.google.firebase:firebase-common:21.0.0) with AarTransform
Transforming firebase-common-21.0.0.aar (com.google.firebase:firebase-common:21.0.0) with AarTransform
Transforming drawerlayout-1.2.0.aar (androidx.drawerlayout:drawerlayout:1.2.0) with ExtractAarTransform
Transforming firebase-common-21.0.0.aar (com.google.firebase:firebase-common:21.0.0) with ExtractAarTransform
Transforming firebase-common-ktx-21.0.0.aar (com.google.firebase:firebase-common-ktx:21.0.0) with AarTransform
Transforming firebase-common-21.0.0.aar (com.google.firebase:firebase-common:21.0.0) with ExtractAarTransform
Transforming firebase-common-21.0.0.aar (com.google.firebase:firebase-common:21.0.0) with AarTransform
Transforming drawerlayout-1.2.0.aar (androidx.drawerlayout:drawerlayout:1.2.0) with AarTransform
Transforming firebase-common-ktx-21.0.0.aar (com.google.firebase:firebase-common-ktx:21.0.0) with AarTransform
Transforming insetter-ktx-0.3.1.aar (dev.chrisbanes:insetter-ktx:0.3.1) with ExtractAarTransform
Transforming firebase-common-21.0.0.aar (com.google.firebase:firebase-common:21.0.0) with AarTransform
Transforming insetter-ktx-0.3.1.aar (dev.chrisbanes:insetter-ktx:0.3.1) with AarTransform
Transforming slidingpanelayout-1.2.0.aar (androidx.slidingpanelayout:slidingpanelayout:1.2.0) with ExtractAarTransform
Transforming slidingpanelayout-1.2.0.aar (androidx.slidingpanelayout:slidingpanelayout:1.2.0) with AarTransform
Transforming viewpager-1.0.0.aar (androidx.viewpager:viewpager:1.0.0) with ExtractAarTransform
Transforming viewpager-1.0.0.aar (androidx.viewpager:viewpager:1.0.0) with AarTransform
Transforming customview-1.1.0.aar (androidx.customview:customview:1.1.0) with ExtractAarTransform
Transforming customview-1.1.0.aar (androidx.customview:customview:1.1.0) with ExtractAarTransform
Transforming customview-1.1.0.aar (androidx.customview:customview:1.1.0) with ExtractAarTransform
Transforming customview-1.1.0.aar (androidx.customview:customview:1.1.0) with AarTransform
Transforming customview-1.1.0.aar (androidx.customview:customview:1.1.0) with AarTransform
Transforming customview-1.1.0.aar (androidx.customview:customview:1.1.0) with AarTransform
Transforming swiperefreshlayout-1.1.0.aar (androidx.swiperefreshlayout:swiperefreshlayout:1.1.0) with ExtractAarTransform
Transforming swiperefreshlayout-1.1.0.aar (androidx.swiperefreshlayout:swiperefreshlayout:1.1.0) with AarTransform
Transforming materialshadowninepatch-1.0.0.aar (com.h6ah4i.android.materialshadowninepatch:materialshadowninepatch:1.0.0) with ExtractAarTransform
Transforming materialshadowninepatch-1.0.0.aar (com.h6ah4i.android.materialshadowninepatch:materialshadowninepatch:1.0.0) with AarTransform
Transforming dynamicanimation-1.0.0.aar (androidx.dynamicanimation:dynamicanimation:1.0.0) with ExtractAarTransform
Transforming dynamicanimation-1.0.0.aar (androidx.dynamicanimation:dynamicanimation:1.0.0) with AarTransform
Transforming insetter-0.3.1.aar (dev.chrisbanes:insetter:0.3.1) with ExtractAarTransform
Transforming insetter-0.3.1.aar (dev.chrisbanes:insetter:0.3.1) with AarTransform
Transforming core-ktx-1.15.0.aar (androidx.core:core-ktx:1.15.0) with ExtractAarTransform
Transforming core-ktx-1.15.0.aar (androidx.core:core-ktx:1.15.0) with AarTransform
Transforming exoplayer-2.18.7.aar (com.google.android.exoplayer:exoplayer:2.18.7) with ExtractAarTransform
Transforming exoplayer-2.18.7.aar (com.google.android.exoplayer:exoplayer:2.18.7) with AarTransform
Transforming media-1.6.0.aar (androidx.media:media:1.6.0) with ExtractAarTransform
Transforming media-1.6.0.aar (androidx.media:media:1.6.0) with AarTransform
Transforming legacy-support-core-utils-1.0.0.aar (androidx.legacy:legacy-support-core-utils:1.0.0) with ExtractAarTransform
Transforming legacy-support-core-utils-1.0.0.aar (androidx.legacy:legacy-support-core-utils:1.0.0) with ExtractAarTransform
Transforming legacy-support-core-utils-1.0.0.aar (androidx.legacy:legacy-support-core-utils:1.0.0) with AarTransform
Transforming legacy-support-core-utils-1.0.0.aar (androidx.legacy:legacy-support-core-utils:1.0.0) with ExtractAarTransform
Transforming legacy-support-core-utils-1.0.0.aar (androidx.legacy:legacy-support-core-utils:1.0.0) with AarTransform
Transforming legacy-support-core-utils-1.0.0.aar (androidx.legacy:legacy-support-core-utils:1.0.0) with AarTransform
Transforming advrecyclerview-1.0.0.aar (com.h6ah4i.android.widget.advrecyclerview:advrecyclerview:1.0.0) with ExtractAarTransform
Transforming advrecyclerview-1.0.0.aar (com.h6ah4i.android.widget.advrecyclerview:advrecyclerview:1.0.0) with AarTransform
Transforming play-services-base-18.5.0.aar (com.google.android.gms:play-services-base:18.5.0) with ExtractAarTransform
Transforming play-services-base-18.5.0.aar (com.google.android.gms:play-services-base:18.5.0) with AarTransform
Transforming coordinatorlayout-1.1.0.aar (androidx.coordinatorlayout:coordinatorlayout:1.1.0) with ExtractAarTransform
Transforming coordinatorlayout-1.1.0.aar (androidx.coordinatorlayout:coordinatorlayout:1.1.0) with AarTransform
Transforming vectordrawable-animated-1.1.0.aar (androidx.vectordrawable:vectordrawable-animated:1.1.0) with ExtractAarTransform
Transforming vectordrawable-animated-1.1.0.aar (androidx.vectordrawable:vectordrawable-animated:1.1.0) with AarTransform
Transforming recyclerview-1.3.2.aar (androidx.recyclerview:recyclerview:1.3.2) with ExtractAarTransform
Transforming recyclerview-1.3.2.aar (androidx.recyclerview:recyclerview:1.3.2) with AarTransform
Transforming core-1.15.0.aar (androidx.core:core:1.15.0) with ExtractAarTransform
Transforming core-1.15.0.aar (androidx.core:core:1.15.0) with AarTransform
Transforming loader-1.0.0.aar (androidx.loader:loader:1.0.0) with ExtractAarTransform
Transforming loader-1.0.0.aar (androidx.loader:loader:1.0.0) with ExtractAarTransform
Transforming loader-1.0.0.aar (androidx.loader:loader:1.0.0) with AarTransform
Transforming loader-1.0.0.aar (androidx.loader:loader:1.0.0) with AarTransform
Transforming transition-1.5.0.aar (androidx.transition:transition:1.5.0) with ExtractAarTransform
Transforming transition-1.5.0.aar (androidx.transition:transition:1.5.0) with AarTransform
Transforming exoplayer-ui-2.18.7.aar (com.google.android.exoplayer:exoplayer-ui:2.18.7) with ExtractAarTransform
Transforming exoplayer-ui-2.18.7.aar (com.google.android.exoplayer:exoplayer-ui:2.18.7) with AarTransform
Transforming vectordrawable-1.1.0.aar (androidx.vectordrawable:vectordrawable:1.1.0) with ExtractAarTransform
Transforming vectordrawable-1.1.0.aar (androidx.vectordrawable:vectordrawable:1.1.0) with ExtractAarTransform
Transforming vectordrawable-1.1.0.aar (androidx.vectordrawable:vectordrawable:1.1.0) with AarTransform
Transforming vectordrawable-1.1.0.aar (androidx.vectordrawable:vectordrawable:1.1.0) with AarTransform
Transforming core-1.15.0.aar (androidx.core:core:1.15.0) with ExtractAarTransform
Transforming core-1.15.0.aar (androidx.core:core:1.15.0) with ExtractAarTransform
Transforming core-1.15.0.aar (androidx.core:core:1.15.0) with ExtractAarTransform
Transforming core-1.15.0.aar (androidx.core:core:1.15.0) with ExtractAarTransform
Transforming core-1.15.0.aar (androidx.core:core:1.15.0) with AarTransform
Transforming core-1.15.0.aar (androidx.core:core:1.15.0) with ExtractAarTransform
Transforming core-1.15.0.aar (androidx.core:core:1.15.0) with ExtractAarTransform
Transforming core-1.15.0.aar (androidx.core:core:1.15.0) with AarTransform
Transforming core-1.15.0.aar (androidx.core:core:1.15.0) with AarTransform
Transforming core-1.15.0.aar (androidx.core:core:1.15.0) with ExtractAarTransform
Transforming core-1.15.0.aar (androidx.core:core:1.15.0) with ExtractAarTransform
Transforming core-1.15.0.aar (androidx.core:core:1.15.0) with AarTransform
Transforming core-1.15.0.aar (androidx.core:core:1.15.0) with ExtractAarTransform
Transforming core-1.15.0.aar (androidx.core:core:1.15.0) with ExtractAarTransform
Transforming core-1.15.0.aar (androidx.core:core:1.15.0) with AarTransform
Transforming core-1.15.0.aar (androidx.core:core:1.15.0) with ExtractAarTransform
Transforming core-1.15.0.aar (androidx.core:core:1.15.0) with AarTransform
Transforming coil-svg-2.7.0.aar (io.coil-kt:coil-svg:2.7.0) with ExtractAarTransform
Transforming core-1.15.0.aar (androidx.core:core:1.15.0) with AarTransform
Transforming coil-gif-2.7.0.aar (io.coil-kt:coil-gif:2.7.0) with ExtractAarTransform
Transforming core-1.15.0.aar (androidx.core:core:1.15.0) with AarTransform
Transforming core-1.15.0.aar (androidx.core:core:1.15.0) with AarTransform
Transforming core-1.15.0.aar (androidx.core:core:1.15.0) with AarTransform
Transforming coil-2.7.0.aar (io.coil-kt:coil:2.7.0) with ExtractAarTransform
Transforming lifecycle-viewmodel-release.aar (androidx.lifecycle:lifecycle-viewmodel-android:2.8.7) with ExtractAarTransform
Transforming coil-gif-2.7.0.aar (io.coil-kt:coil-gif:2.7.0) with AarTransform
Transforming coil-svg-2.7.0.aar (io.coil-kt:coil-svg:2.7.0) with AarTransform
Transforming core-1.15.0.aar (androidx.core:core:1.15.0) with AarTransform
Transforming lifecycle-viewmodel-release.aar (androidx.lifecycle:lifecycle-viewmodel-android:2.8.7) with AarTransform
Transforming coil-2.7.0.aar (io.coil-kt:coil:2.7.0) with AarTransform
Transforming coil-base-2.7.0.aar (io.coil-kt:coil-base:2.7.0) with ExtractAarTransform
Transforming coil-base-2.7.0.aar (io.coil-kt:coil-base:2.7.0) with AarTransform
Transforming lifecycle-viewmodel-savedstate-2.8.7.aar (androidx.lifecycle:lifecycle-viewmodel-savedstate:2.8.7) with ExtractAarTransform
Transforming lifecycle-viewmodel-savedstate-2.8.7.aar (androidx.lifecycle:lifecycle-viewmodel-savedstate:2.8.7) with AarTransform
Transforming coil-video-2.7.0.aar (io.coil-kt:coil-video:2.7.0) with ExtractAarTransform
Transforming coil-video-2.7.0.aar (io.coil-kt:coil-video:2.7.0) with AarTransform
Transforming lifecycle-livedata-core-ktx-2.8.7.aar (androidx.lifecycle:lifecycle-livedata-core-ktx:2.8.7) with ExtractAarTransform
Transforming lifecycle-livedata-core-ktx-2.8.7.aar (androidx.lifecycle:lifecycle-livedata-core-ktx:2.8.7) with AarTransform
Transforming lifecycle-viewmodel-2.8.7.aar (androidx.lifecycle:lifecycle-viewmodel:2.8.7) with ExtractAarTransform
Transforming lifecycle-viewmodel-2.8.7.aar (androidx.lifecycle:lifecycle-viewmodel:2.8.7) with AarTransform
Transforming lifecycle-runtime-release.aar (androidx.lifecycle:lifecycle-runtime-android:2.8.7) with ExtractAarTransform
Transforming lifecycle-runtime-release.aar (androidx.lifecycle:lifecycle-runtime-android:2.8.7) with AarTransform
Transforming lifecycle-runtime-ktx-release.aar (androidx.lifecycle:lifecycle-runtime-ktx-android:2.8.7) with ExtractAarTransform
Transforming lifecycle-runtime-ktx-release.aar (androidx.lifecycle:lifecycle-runtime-ktx-android:2.8.7) with AarTransform
Transforming lifecycle-process-2.8.7.aar (androidx.lifecycle:lifecycle-process:2.8.7) with ExtractAarTransform
Transforming lifecycle-process-2.8.7.aar (androidx.lifecycle:lifecycle-process:2.8.7) with AarTransform
Transforming ads-adservices-1.0.0-beta05.aar (androidx.privacysandbox.ads:ads-adservices:1.0.0-beta05) with ExtractAarTransform
Transforming ads-adservices-1.0.0-beta05.aar (androidx.privacysandbox.ads:ads-adservices:1.0.0-beta05) with AarTransform
Transforming lifecycle-livedata-core-2.8.7.aar (androidx.lifecycle:lifecycle-livedata-core:2.8.7) with ExtractAarTransform
Transforming lifecycle-livedata-core-2.8.7.aar (androidx.lifecycle:lifecycle-livedata-core:2.8.7) with AarTransform
Transforming play-services-tasks-18.2.0.aar (com.google.android.gms:play-services-tasks:18.2.0) with ExtractAarTransform
Transforming play-services-tasks-18.2.0.aar (com.google.android.gms:play-services-tasks:18.2.0) with ExtractAarTransform
Transforming play-services-tasks-18.2.0.aar (com.google.android.gms:play-services-tasks:18.2.0) with ExtractAarTransform
Transforming play-services-tasks-18.2.0.aar (com.google.android.gms:play-services-tasks:18.2.0) with AarTransform
Transforming play-services-tasks-18.2.0.aar (com.google.android.gms:play-services-tasks:18.2.0) with ExtractAarTransform
Transforming play-services-tasks-18.2.0.aar (com.google.android.gms:play-services-tasks:18.2.0) with AarTransform
Transforming play-services-tasks-18.2.0.aar (com.google.android.gms:play-services-tasks:18.2.0) with ExtractAarTransform
Transforming play-services-tasks-18.2.0.aar (com.google.android.gms:play-services-tasks:18.2.0) with AarTransform
Transforming lifecycle-livedata-2.8.7.aar (androidx.lifecycle:lifecycle-livedata:2.8.7) with ExtractAarTransform
Transforming play-services-basement-18.4.0.aar (com.google.android.gms:play-services-basement:18.4.0) with ExtractAarTransform
Transforming play-services-basement-18.4.0.aar (com.google.android.gms:play-services-basement:18.4.0) with ExtractAarTransform
Transforming lifecycle-livedata-2.8.7.aar (androidx.lifecycle:lifecycle-livedata:2.8.7) with AarTransform
Transforming play-services-tasks-18.2.0.aar (com.google.android.gms:play-services-tasks:18.2.0) with AarTransform
Transforming play-services-basement-18.4.0.aar (com.google.android.gms:play-services-basement:18.4.0) with ExtractAarTransform
Transforming play-services-tasks-18.2.0.aar (com.google.android.gms:play-services-tasks:18.2.0) with AarTransform
Transforming play-services-tasks-18.2.0.aar (com.google.android.gms:play-services-tasks:18.2.0) with ExtractAarTransform
Transforming lifecycle-livedata-2.8.7.aar (androidx.lifecycle:lifecycle-livedata:2.8.7) with ExtractAarTransform
Transforming play-services-tasks-18.2.0.aar (com.google.android.gms:play-services-tasks:18.2.0) with AarTransform
Transforming lifecycle-livedata-2.8.7.aar (androidx.lifecycle:lifecycle-livedata:2.8.7) with AarTransform
Transforming play-services-basement-18.4.0.aar (com.google.android.gms:play-services-basement:18.4.0) with ExtractAarTransform
Transforming play-services-basement-18.4.0.aar (com.google.android.gms:play-services-basement:18.4.0) with ExtractAarTransform
Transforming play-services-basement-18.4.0.aar (com.google.android.gms:play-services-basement:18.4.0) with AarTransform
Transforming play-services-basement-18.4.0.aar (com.google.android.gms:play-services-basement:18.4.0) with AarTransform
Transforming play-services-tasks-18.2.0.aar (com.google.android.gms:play-services-tasks:18.2.0) with ExtractAarTransform
Transforming play-services-tasks-18.2.0.aar (com.google.android.gms:play-services-tasks:18.2.0) with AarTransform
Transforming play-services-basement-18.4.0.aar (com.google.android.gms:play-services-basement:18.4.0) with ExtractAarTransform
Transforming play-services-basement-18.4.0.aar (com.google.android.gms:play-services-basement:18.4.0) with AarTransform
Transforming play-services-basement-18.4.0.aar (com.google.android.gms:play-services-basement:18.4.0) with AarTransform
Transforming lifecycle-livedata-ktx-2.8.7.aar (androidx.lifecycle:lifecycle-livedata-ktx:2.8.7) with ExtractAarTransform
Transforming lifecycle-livedata-ktx-2.8.7.aar (androidx.lifecycle:lifecycle-livedata-ktx:2.8.7) with AarTransform
Transforming play-services-basement-18.4.0.aar (com.google.android.gms:play-services-basement:18.4.0) with ExtractAarTransform
Transforming play-services-basement-18.4.0.aar (com.google.android.gms:play-services-basement:18.4.0) with AarTransform
Transforming play-services-basement-18.4.0.aar (com.google.android.gms:play-services-basement:18.4.0) with AarTransform
Transforming play-services-basement-18.4.0.aar (com.google.android.gms:play-services-basement:18.4.0) with AarTransform
Transforming fragment-ktx-1.8.5.aar (androidx.fragment:fragment-ktx:1.8.5) with ExtractAarTransform
Transforming fragment-ktx-1.8.5.aar (androidx.fragment:fragment-ktx:1.8.5) with AarTransform
Transforming fragment-1.8.5.aar (androidx.fragment:fragment:1.8.5) with ExtractAarTransform
Transforming fragment-1.8.5.aar (androidx.fragment:fragment:1.8.5) with AarTransform
Transforming firebase-measurement-connector-20.0.1.aar (com.google.firebase:firebase-measurement-connector:20.0.1) with ExtractAarTransform
Transforming firebase-measurement-connector-20.0.1.aar (com.google.firebase:firebase-measurement-connector:20.0.1) with ExtractAarTransform
Transforming room-runtime-2.6.1.aar (androidx.room:room-runtime:2.6.1) with ExtractAarTransform
Transforming ads-adservices-java-1.0.0-beta05.aar (androidx.privacysandbox.ads:ads-adservices-java:1.0.0-beta05) with ExtractAarTransform
Transforming room-runtime-2.6.1.aar (androidx.room:room-runtime:2.6.1) with AarTransform
Transforming firebase-measurement-connector-20.0.1.aar (com.google.firebase:firebase-measurement-connector:20.0.1) with AarTransform
Transforming firebase-measurement-connector-20.0.1.aar (com.google.firebase:firebase-measurement-connector:20.0.1) with AarTransform
Transforming ads-adservices-java-1.0.0-beta05.aar (androidx.privacysandbox.ads:ads-adservices-java:1.0.0-beta05) with AarTransform
Transforming lifecycle-viewmodel-ktx-2.8.7.aar (androidx.lifecycle:lifecycle-viewmodel-ktx:2.8.7) with ExtractAarTransform
Transforming lifecycle-viewmodel-ktx-2.8.7.aar (androidx.lifecycle:lifecycle-viewmodel-ktx:2.8.7) with AarTransform
Transforming room-ktx-2.6.1.aar (androidx.room:room-ktx:2.6.1) with ExtractAarTransform
Transforming room-ktx-2.6.1.aar (androidx.room:room-ktx:2.6.1) with AarTransform
Transforming activity-ktx-1.9.3.aar (androidx.activity:activity-ktx:1.9.3) with ExtractAarTransform
Transforming activity-ktx-1.9.3.aar (androidx.activity:activity-ktx:1.9.3) with AarTransform
Transforming cardview-1.0.0.aar (androidx.cardview:cardview:1.0.0) with ExtractAarTransform
Transforming cardview-1.0.0.aar (androidx.cardview:cardview:1.0.0) with AarTransform
Transforming fragment-1.8.5.aar (androidx.fragment:fragment:1.8.5) with ExtractAarTransform
Transforming fragment-1.8.5.aar (androidx.fragment:fragment:1.8.5) with ExtractAarTransform
Transforming fragment-1.8.5.aar (androidx.fragment:fragment:1.8.5) with AarTransform
Transforming fragment-1.8.5.aar (androidx.fragment:fragment:1.8.5) with AarTransform
Transforming savedstate-1.2.1.aar (androidx.savedstate:savedstate:1.2.1) with ExtractAarTransform
Transforming savedstate-1.2.1.aar (androidx.savedstate:savedstate:1.2.1) with AarTransform
Transforming savedstate-ktx-1.2.1.aar (androidx.savedstate:savedstate-ktx:1.2.1) with ExtractAarTransform
Transforming savedstate-ktx-1.2.1.aar (androidx.savedstate:savedstate-ktx:1.2.1) with AarTransform
Transforming firebase-encoders-json-18.0.1.aar (com.google.firebase:firebase-encoders-json:18.0.1) with ExtractAarTransform
Transforming firebase-encoders-json-18.0.1.aar (com.google.firebase:firebase-encoders-json:18.0.1) with ExtractAarTransform
Transforming firebase-encoders-json-18.0.1.aar (com.google.firebase:firebase-encoders-json:18.0.1) with ExtractAarTransform
Transforming firebase-encoders-json-18.0.1.aar (com.google.firebase:firebase-encoders-json:18.0.1) with AarTransform
Transforming firebase-encoders-json-18.0.1.aar (com.google.firebase:firebase-encoders-json:18.0.1) with AarTransform
Transforming firebase-encoders-json-18.0.1.aar (com.google.firebase:firebase-encoders-json:18.0.1) with AarTransform
Transforming core-runtime-2.2.0.aar (androidx.arch.core:core-runtime:2.2.0) with ExtractAarTransform
Transforming core-runtime-2.2.0.aar (androidx.arch.core:core-runtime:2.2.0) with AarTransform
Transforming annotation-experimental-1.4.1.aar (androidx.annotation:annotation-experimental:1.4.1) with ExtractAarTransform
Transforming annotation-experimental-1.4.1.aar (androidx.annotation:annotation-experimental:1.4.1) with AarTransform
Transforming localbroadcastmanager-1.0.0.aar (androidx.localbroadcastmanager:localbroadcastmanager:1.0.0) with ExtractAarTransform
Transforming localbroadcastmanager-1.0.0.aar (androidx.localbroadcastmanager:localbroadcastmanager:1.0.0) with AarTransform
Transforming sqlite-2.4.0.aar (androidx.sqlite:sqlite:2.4.0) with ExtractAarTransform
Transforming sqlite-2.4.0.aar (androidx.sqlite:sqlite:2.4.0) with AarTransform
Transforming print-1.0.0.aar (androidx.print:print:1.0.0) with ExtractAarTransform
Transforming print-1.0.0.aar (androidx.print:print:1.0.0) with AarTransform
Transforming sqlite-framework-2.4.0.aar (androidx.sqlite:sqlite-framework:2.4.0) with ExtractAarTransform
Transforming sqlite-framework-2.4.0.aar (androidx.sqlite:sqlite-framework:2.4.0) with AarTransform
Transforming documentfile-1.0.0.aar (androidx.documentfile:documentfile:1.0.0) with ExtractAarTransform
Transforming documentfile-1.0.0.aar (androidx.documentfile:documentfile:1.0.0) with AarTransform
Transforming androidsvg-aar-1.4.aar (com.caverock:androidsvg-aar:1.4) with ExtractAarTransform
Transforming androidsvg-aar-1.4.aar (com.caverock:androidsvg-aar:1.4) with AarTransform
Transforming drawer-1.0.3.aar (com.drakeet.drawer:drawer:1.0.3) with ExtractAarTransform
Transforming drawer-1.0.3.aar (com.drakeet.drawer:drawer:1.0.3) with AarTransform
Transforming cursoradapter-1.0.0.aar (androidx.cursoradapter:cursoradapter:1.0.0) with ExtractAarTransform
Transforming cursoradapter-1.0.0.aar (androidx.cursoradapter:cursoradapter:1.0.0) with AarTransform
Transforming versionedparcelable-1.1.1.aar (androidx.versionedparcelable:versionedparcelable:1.1.1) with ExtractAarTransform
Transforming versionedparcelable-1.1.1.aar (androidx.versionedparcelable:versionedparcelable:1.1.1) with AarTransform
Transforming simplemenu-preference-1.0.3.aar (dev.rikka.rikkax.preference:simplemenu-preference:1.0.3) with ExtractAarTransform
Transforming simplemenu-preference-1.0.3.aar (dev.rikka.rikkax.preference:simplemenu-preference:1.0.3) with AarTransform
Transforming interpolator-1.0.0.aar (androidx.interpolator:interpolator:1.0.0) with ExtractAarTransform
Transforming interpolator-1.0.0.aar (androidx.interpolator:interpolator:1.0.0) with AarTransform
Transforming interpolator-1.0.0.aar (androidx.interpolator:interpolator:1.0.0) with ExtractAarTransform
Transforming interpolator-1.0.0.aar (androidx.interpolator:interpolator:1.0.0) with AarTransform
Transforming appiconloader-1.5.0.aar (me.zhanghai.android.appiconloader:appiconloader:1.5.0) with ExtractAarTransform
Transforming appiconloader-1.5.0.aar (me.zhanghai.android.appiconloader:appiconloader:1.5.0) with AarTransform
Transforming api-13.1.5.aar (dev.rikka.shizuku:api:13.1.5) with ExtractAarTransform
Transforming api-13.1.5.aar (dev.rikka.shizuku:api:13.1.5) with AarTransform
Transforming library-1.2.0.aar (me.zhanghai.android.retrofile:library:1.2.0) with ExtractAarTransform
Transforming library-1.2.0.aar (me.zhanghai.android.retrofile:library:1.2.0) with AarTransform
Transforming library-1.0.2.aar (me.zhanghai.android.foregroundcompat:library:1.0.2) with ExtractAarTransform
Transforming library-1.0.2.aar (me.zhanghai.android.foregroundcompat:library:1.0.2) with AarTransform
Transforming firebase-config-interop-16.0.1.aar (com.google.firebase:firebase-config-interop:16.0.1) with ExtractAarTransform
Transforming firebase-config-interop-16.0.1.aar (com.google.firebase:firebase-config-interop:16.0.1) with AarTransform
Transforming HoloColorPicker-1.5.aar (com.larswerkman:HoloColorPicker:1.5) with ExtractAarTransform
Transforming HoloColorPicker-1.5.aar (com.larswerkman:HoloColorPicker:1.5) with AarTransform
Transforming exoplayer-common-2.18.7.aar (com.google.android.exoplayer:exoplayer-common:2.18.7) with ExtractAarTransform
Transforming exoplayer-common-2.18.7.aar (com.google.android.exoplayer:exoplayer-common:2.18.7) with AarTransform
Transforming library-1.3.0.aar (me.zhanghai.android.fastscroll:library:1.3.0) with ExtractAarTransform
Transforming library-1.3.0.aar (me.zhanghai.android.fastscroll:library:1.3.0) with AarTransform
Transforming exifinterface-1.3.7.aar (androidx.exifinterface:exifinterface:1.3.7) with ExtractAarTransform
Transforming exifinterface-1.3.7.aar (androidx.exifinterface:exifinterface:1.3.7) with AarTransform
Transforming library-1.1.4.aar (me.zhanghai.android.libarchive:library:1.1.4) with ExtractAarTransform
Transforming library-1.1.4.aar (me.zhanghai.android.libarchive:library:1.1.4) with AarTransform
Transforming exoplayer-core-2.18.7.aar (com.google.android.exoplayer:exoplayer-core:2.18.7) with ExtractAarTransform
Transforming exoplayer-core-2.18.7.aar (com.google.android.exoplayer:exoplayer-core:2.18.7) with AarTransform
Transforming firebase-components-18.0.0.aar (com.google.firebase:firebase-components:18.0.0) with ExtractAarTransform
Transforming firebase-components-18.0.0.aar (com.google.firebase:firebase-components:18.0.0) with ExtractAarTransform
Transforming firebase-components-18.0.0.aar (com.google.firebase:firebase-components:18.0.0) with ExtractAarTransform
Transforming firebase-components-18.0.0.aar (com.google.firebase:firebase-components:18.0.0) with ExtractAarTransform
Transforming firebase-components-18.0.0.aar (com.google.firebase:firebase-components:18.0.0) with AarTransform
Transforming firebase-components-18.0.0.aar (com.google.firebase:firebase-components:18.0.0) with ExtractAarTransform
Transforming shared-13.1.5.aar (dev.rikka.shizuku:shared:13.1.5) with ExtractAarTransform
Transforming firebase-components-18.0.0.aar (com.google.firebase:firebase-components:18.0.0) with AarTransform
Transforming firebase-components-18.0.0.aar (com.google.firebase:firebase-components:18.0.0) with AarTransform
Transforming firebase-components-18.0.0.aar (com.google.firebase:firebase-components:18.0.0) with ExtractAarTransform
Transforming firebase-components-18.0.0.aar (com.google.firebase:firebase-components:18.0.0) with AarTransform
Transforming firebase-components-18.0.0.aar (com.google.firebase:firebase-components:18.0.0) with AarTransform
Transforming aidl-13.1.5.aar (dev.rikka.shizuku:aidl:13.1.5) with ExtractAarTransform
Transforming shared-13.1.5.aar (dev.rikka.shizuku:shared:13.1.5) with AarTransform
Transforming firebase-components-18.0.0.aar (com.google.firebase:firebase-components:18.0.0) with AarTransform
Transforming exoplayer-datasource-2.18.7.aar (com.google.android.exoplayer:exoplayer-datasource:2.18.7) with ExtractAarTransform
Transforming aidl-13.1.5.aar (dev.rikka.shizuku:aidl:13.1.5) with AarTransform
Transforming exoplayer-datasource-2.18.7.aar (com.google.android.exoplayer:exoplayer-datasource:2.18.7) with AarTransform
Transforming exoplayer-hls-2.18.7.aar (com.google.android.exoplayer:exoplayer-hls:2.18.7) with ExtractAarTransform
Transforming exoplayer-hls-2.18.7.aar (com.google.android.exoplayer:exoplayer-hls:2.18.7) with AarTransform
Transforming exoplayer-decoder-2.18.7.aar (com.google.android.exoplayer:exoplayer-decoder:2.18.7) with ExtractAarTransform
Transforming exoplayer-decoder-2.18.7.aar (com.google.android.exoplayer:exoplayer-decoder:2.18.7) with AarTransform
Transforming core-5.2.2.aar (com.github.topjohnwu.libsu:core:5.2.2) with ExtractAarTransform
Transforming core-5.2.2.aar (com.github.topjohnwu.libsu:core:5.2.2) with AarTransform
Transforming startup-runtime-1.1.1.aar (androidx.startup:startup-runtime:1.1.1) with ExtractAarTransform
Transforming startup-runtime-1.1.1.aar (androidx.startup:startup-runtime:1.1.1) with AarTransform
Transforming exoplayer-rtsp-2.18.7.aar (com.google.android.exoplayer:exoplayer-rtsp:2.18.7) with ExtractAarTransform
Transforming exoplayer-rtsp-2.18.7.aar (com.google.android.exoplayer:exoplayer-rtsp:2.18.7) with AarTransform
Transforming library-2.1.0.aar (me.zhanghai.android.libselinux:library:2.1.0) with ExtractAarTransform
Transforming library-2.1.0.aar (me.zhanghai.android.libselinux:library:2.1.0) with AarTransform
Transforming exoplayer-extractor-2.18.7.aar (com.google.android.exoplayer:exoplayer-extractor:2.18.7) with ExtractAarTransform
Transforming exoplayer-extractor-2.18.7.aar (com.google.android.exoplayer:exoplayer-extractor:2.18.7) with AarTransform
Transforming library-1.0.0.aar (me.zhanghai.android.systemuihelper:library:1.0.0) with ExtractAarTransform
Transforming library-1.0.0.aar (me.zhanghai.android.systemuihelper:library:1.0.0) with AarTransform
Transforming exoplayer-database-2.18.7.aar (com.google.android.exoplayer:exoplayer-database:2.18.7) with ExtractAarTransform
Transforming exoplayer-database-2.18.7.aar (com.google.android.exoplayer:exoplayer-database:2.18.7) with AarTransform
Transforming exoplayer-dash-2.18.7.aar (com.google.android.exoplayer:exoplayer-dash:2.18.7) with ExtractAarTransform
Transforming exoplayer-dash-2.18.7.aar (com.google.android.exoplayer:exoplayer-dash:2.18.7) with AarTransform
Transforming exoplayer-smoothstreaming-2.18.7.aar (com.google.android.exoplayer:exoplayer-smoothstreaming:2.18.7) with ExtractAarTransform
Transforming exoplayer-smoothstreaming-2.18.7.aar (com.google.android.exoplayer:exoplayer-smoothstreaming:2.18.7) with AarTransform
file or directory 'E:\For Safe Keeping\WEB REF\MaterialFiles\app\libs', not found
Caching disabled for task ':app:compileDebugAidl' because:
  Build cache is disabled
Skipping task ':app:compileDebugAidl' as it is up-to-date.
Resolve mutations for :app:checkKotlinGradlePluginConfigurationErrors (Thread[Execution worker Thread 4,5,main]) started.
:app:checkKotlinGradlePluginConfigurationErrors (Thread[Execution worker Thread 4,5,main]) started.

> Task :app:checkKotlinGradlePluginConfigurationErrors
Caching disabled for task ':app:checkKotlinGradlePluginConfigurationErrors' because:
  Build cache is disabled
Task ':app:checkKotlinGradlePluginConfigurationErrors' is not up-to-date because:
  Task has not declared any outputs despite executing actions.
Resolve mutations for :app:dataBindingMergeDependencyArtifactsDebug (Thread[Execution worker Thread 4,5,main]) started.
:app:dataBindingMergeDependencyArtifactsDebug (Thread[Execution worker Thread 3,5,main]) started.

> Task :app:dataBindingMergeDependencyArtifactsDebug UP-TO-DATE
file or directory 'E:\For Safe Keeping\WEB REF\MaterialFiles\app\libs', not found
Transforming viewbinding-8.5.0.aar (androidx.databinding:viewbinding:8.5.0) with ExtractAarTransform
Transforming viewbinding-8.5.0.aar (androidx.databinding:viewbinding:8.5.0) with AarTransform
Transforming PhotoView-2.3.0.aar (com.github.chrisbanes:PhotoView:2.3.0) with ExtractAarTransform
Transforming PhotoView-2.3.0.aar (com.github.chrisbanes:PhotoView:2.3.0) with AarTransform
Transforming service-5.2.2.aar (com.github.topjohnwu.libsu:service:5.2.2) with ExtractAarTransform
Transforming service-5.2.2.aar (com.github.topjohnwu.libsu:service:5.2.2) with AarTransform
Transforming preference-ktx-1.2.1.aar (androidx.preference:preference-ktx:1.2.1) with ExtractAarTransform
Transforming preference-ktx-1.2.1.aar (androidx.preference:preference-ktx:1.2.1) with AarTransform
Transforming speed-dial-3.3.0.aar (com.leinardi.android:speed-dial:3.3.0) with ExtractAarTransform
Transforming speed-dial-3.3.0.aar (com.leinardi.android:speed-dial:3.3.0) with AarTransform
Transforming material-1.12.0.aar (com.google.android.material:material:1.12.0) with ExtractAarTransform
Transforming material-1.12.0.aar (com.google.android.material:material:1.12.0) with AarTransform
Transforming subsampling-scale-image-view-androidx-3.10.0.aar (com.davemorrissey.labs:subsampling-scale-image-view-androidx:3.10.0) with ExtractAarTransform
Transforming subsampling-scale-image-view-androidx-3.10.0.aar (com.davemorrissey.labs:subsampling-scale-image-view-androidx:3.10.0) with AarTransform
Transforming licensesdialog-2.1.0.aar (de.psdev.licensesdialog:licensesdialog:2.1.0) with ExtractAarTransform
Transforming licensesdialog-2.1.0.aar (de.psdev.licensesdialog:licensesdialog:2.1.0) with AarTransform
Transforming appcompat-resources-1.7.0.aar (androidx.appcompat:appcompat-resources:1.7.0) with ExtractAarTransform
Transforming appcompat-resources-1.7.0.aar (androidx.appcompat:appcompat-resources:1.7.0) with AarTransform
Transforming preferencex-1.1.0.aar (com.takisoft.preferencex:preferencex:1.1.0) with ExtractAarTransform
Transforming preferencex-1.1.0.aar (com.takisoft.preferencex:preferencex:1.1.0) with AarTransform
Transforming preference-1.2.1.aar (androidx.preference:preference:1.2.1) with ExtractAarTransform
Transforming preference-1.2.1.aar (androidx.preference:preference:1.2.1) with AarTransform
Transforming constraintlayout-2.0.1.aar (androidx.constraintlayout:constraintlayout:2.0.1) with ExtractAarTransform
Transforming constraintlayout-2.0.1.aar (androidx.constraintlayout:constraintlayout:2.0.1) with AarTransform
Transforming appcompat-1.7.0.aar (androidx.appcompat:appcompat:1.7.0) with ExtractAarTransform
Transforming appcompat-1.7.0.aar (androidx.appcompat:appcompat:1.7.0) with AarTransform
Transforming appcompat-1.7.0.aar (androidx.appcompat:appcompat:1.7.0) with ExtractAarTransform
Transforming appcompat-1.7.0.aar (androidx.appcompat:appcompat:1.7.0) with AarTransform
Transforming viewpager2-1.1.0-beta02.aar (androidx.viewpager2:viewpager2:1.1.0-beta02) with ExtractAarTransform
Transforming viewpager2-1.1.0-beta02.aar (androidx.viewpager2:viewpager2:1.1.0-beta02) with AarTransform
Transforming firebase-analytics-22.1.2.aar (com.google.firebase:firebase-analytics:22.1.2) with ExtractAarTransform
Transforming firebase-analytics-22.1.2.aar (com.google.firebase:firebase-analytics:22.1.2) with AarTransform
Transforming play-services-measurement-22.1.2.aar (com.google.android.gms:play-services-measurement:22.1.2) with ExtractAarTransform
Transforming play-services-measurement-22.1.2.aar (com.google.android.gms:play-services-measurement:22.1.2) with AarTransform
Transforming play-services-measurement-api-22.1.2.aar (com.google.android.gms:play-services-measurement-api:22.1.2) with ExtractAarTransform
Transforming play-services-measurement-api-22.1.2.aar (com.google.android.gms:play-services-measurement-api:22.1.2) with AarTransform
Transforming play-services-measurement-sdk-22.1.2.aar (com.google.android.gms:play-services-measurement-sdk:22.1.2) with ExtractAarTransform
Transforming play-services-measurement-sdk-22.1.2.aar (com.google.android.gms:play-services-measurement-sdk:22.1.2) with AarTransform
Transforming play-services-measurement-impl-22.1.2.aar (com.google.android.gms:play-services-measurement-impl:22.1.2) with ExtractAarTransform
Transforming play-services-measurement-impl-22.1.2.aar (com.google.android.gms:play-services-measurement-impl:22.1.2) with AarTransform
Transforming play-services-ads-identifier-18.0.0.aar (com.google.android.gms:play-services-ads-identifier:18.0.0) with ExtractAarTransform
Transforming play-services-ads-identifier-18.0.0.aar (com.google.android.gms:play-services-ads-identifier:18.0.0) with AarTransform
Transforming play-services-measurement-sdk-api-22.1.2.aar (com.google.android.gms:play-services-measurement-sdk-api:22.1.2) with ExtractAarTransform
Transforming play-services-measurement-sdk-api-22.1.2.aar (com.google.android.gms:play-services-measurement-sdk-api:22.1.2) with AarTransform
Transforming play-services-measurement-base-22.1.2.aar (com.google.android.gms:play-services-measurement-base:22.1.2) with ExtractAarTransform
Transforming play-services-measurement-base-22.1.2.aar (com.google.android.gms:play-services-measurement-base:22.1.2) with AarTransform
Transforming play-services-stats-17.0.2.aar (com.google.android.gms:play-services-stats:17.0.2) with ExtractAarTransform
Transforming play-services-stats-17.0.2.aar (com.google.android.gms:play-services-stats:17.0.2) with AarTransform
Transforming firebase-crashlytics-ndk-19.2.1.aar (com.google.firebase:firebase-crashlytics-ndk:19.2.1) with ExtractAarTransform
Transforming firebase-crashlytics-ndk-19.2.1.aar (com.google.firebase:firebase-crashlytics-ndk:19.2.1) with AarTransform
Transforming firebase-crashlytics-19.2.1.aar (com.google.firebase:firebase-crashlytics:19.2.1) with ExtractAarTransform
Transforming firebase-crashlytics-19.2.1.aar (com.google.firebase:firebase-crashlytics:19.2.1) with AarTransform
Transforming firebase-installations-18.0.0.aar (com.google.firebase:firebase-installations:18.0.0) with ExtractAarTransform
Transforming firebase-installations-18.0.0.aar (com.google.firebase:firebase-installations:18.0.0) with AarTransform
Transforming firebase-sessions-2.0.6.aar (com.google.firebase:firebase-sessions:2.0.6) with ExtractAarTransform
Transforming firebase-sessions-2.0.6.aar (com.google.firebase:firebase-sessions:2.0.6) with AarTransform
Transforming firebase-installations-interop-17.2.0.aar (com.google.firebase:firebase-installations-interop:17.2.0) with ExtractAarTransform
Transforming firebase-installations-interop-17.2.0.aar (com.google.firebase:firebase-installations-interop:17.2.0) with AarTransform
Transforming firebase-common-ktx-21.0.0.aar (com.google.firebase:firebase-common-ktx:21.0.0) with ExtractAarTransform
Transforming firebase-common-ktx-21.0.0.aar (com.google.firebase:firebase-common-ktx:21.0.0) with AarTransform
Transforming firebase-common-21.0.0.aar (com.google.firebase:firebase-common:21.0.0) with ExtractAarTransform
Transforming firebase-common-21.0.0.aar (com.google.firebase:firebase-common:21.0.0) with AarTransform
Transforming activity-1.9.3.aar (androidx.activity:activity:1.9.3) with ExtractAarTransform
Transforming activity-1.9.3.aar (androidx.activity:activity:1.9.3) with AarTransform
Transforming core-ktx-1.15.0.aar (androidx.core:core-ktx:1.15.0) with ExtractAarTransform
Transforming core-ktx-1.15.0.aar (androidx.core:core-ktx:1.15.0) with AarTransform
Transforming drawerlayout-1.2.0.aar (androidx.drawerlayout:drawerlayout:1.2.0) with ExtractAarTransform
Transforming drawerlayout-1.2.0.aar (androidx.drawerlayout:drawerlayout:1.2.0) with AarTransform
Transforming advrecyclerview-1.0.0.aar (com.h6ah4i.android.widget.advrecyclerview:advrecyclerview:1.0.0) with ExtractAarTransform
Transforming advrecyclerview-1.0.0.aar (com.h6ah4i.android.widget.advrecyclerview:advrecyclerview:1.0.0) with AarTransform
Transforming recyclerview-1.3.2.aar (androidx.recyclerview:recyclerview:1.3.2) with ExtractAarTransform
Transforming recyclerview-1.3.2.aar (androidx.recyclerview:recyclerview:1.3.2) with AarTransform
Transforming swiperefreshlayout-1.1.0.aar (androidx.swiperefreshlayout:swiperefreshlayout:1.1.0) with ExtractAarTransform
Transforming swiperefreshlayout-1.1.0.aar (androidx.swiperefreshlayout:swiperefreshlayout:1.1.0) with AarTransform
Transforming materialshadowninepatch-1.0.0.aar (com.h6ah4i.android.materialshadowninepatch:materialshadowninepatch:1.0.0) with ExtractAarTransform
Transforming materialshadowninepatch-1.0.0.aar (com.h6ah4i.android.materialshadowninepatch:materialshadowninepatch:1.0.0) with AarTransform
Transforming insetter-ktx-0.3.1.aar (dev.chrisbanes:insetter-ktx:0.3.1) with ExtractAarTransform
Transforming insetter-ktx-0.3.1.aar (dev.chrisbanes:insetter-ktx:0.3.1) with AarTransform
Transforming coordinatorlayout-1.1.0.aar (androidx.coordinatorlayout:coordinatorlayout:1.1.0) with ExtractAarTransform
Transforming coordinatorlayout-1.1.0.aar (androidx.coordinatorlayout:coordinatorlayout:1.1.0) with AarTransform
Transforming viewpager-1.0.0.aar (androidx.viewpager:viewpager:1.0.0) with ExtractAarTransform
Transforming viewpager-1.0.0.aar (androidx.viewpager:viewpager:1.0.0) with AarTransform
Transforming slidingpanelayout-1.2.0.aar (androidx.slidingpanelayout:slidingpanelayout:1.2.0) with ExtractAarTransform
Transforming slidingpanelayout-1.2.0.aar (androidx.slidingpanelayout:slidingpanelayout:1.2.0) with AarTransform
Transforming customview-1.1.0.aar (androidx.customview:customview:1.1.0) with ExtractAarTransform
Transforming customview-1.1.0.aar (androidx.customview:customview:1.1.0) with AarTransform
Transforming customview-1.1.0.aar (androidx.customview:customview:1.1.0) with ExtractAarTransform
Transforming customview-1.1.0.aar (androidx.customview:customview:1.1.0) with AarTransform
Transforming dynamicanimation-1.0.0.aar (androidx.dynamicanimation:dynamicanimation:1.0.0) with ExtractAarTransform
Transforming dynamicanimation-1.0.0.aar (androidx.dynamicanimation:dynamicanimation:1.0.0) with AarTransform
Transforming transition-1.5.0.aar (androidx.transition:transition:1.5.0) with ExtractAarTransform
Transforming transition-1.5.0.aar (androidx.transition:transition:1.5.0) with AarTransform
Transforming vectordrawable-animated-1.1.0.aar (androidx.vectordrawable:vectordrawable-animated:1.1.0) with ExtractAarTransform
Transforming vectordrawable-animated-1.1.0.aar (androidx.vectordrawable:vectordrawable-animated:1.1.0) with AarTransform
Transforming vectordrawable-1.1.0.aar (androidx.vectordrawable:vectordrawable:1.1.0) with ExtractAarTransform
Transforming vectordrawable-1.1.0.aar (androidx.vectordrawable:vectordrawable:1.1.0) with AarTransform
Transforming vectordrawable-1.1.0.aar (androidx.vectordrawable:vectordrawable:1.1.0) with ExtractAarTransform
Transforming vectordrawable-1.1.0.aar (androidx.vectordrawable:vectordrawable:1.1.0) with AarTransform
Transforming insetter-0.3.1.aar (dev.chrisbanes:insetter:0.3.1) with ExtractAarTransform
Transforming insetter-0.3.1.aar (dev.chrisbanes:insetter:0.3.1) with AarTransform
Transforming exoplayer-2.18.7.aar (com.google.android.exoplayer:exoplayer:2.18.7) with ExtractAarTransform
Transforming exoplayer-2.18.7.aar (com.google.android.exoplayer:exoplayer:2.18.7) with AarTransform
Transforming exoplayer-ui-2.18.7.aar (com.google.android.exoplayer:exoplayer-ui:2.18.7) with ExtractAarTransform
Transforming exoplayer-ui-2.18.7.aar (com.google.android.exoplayer:exoplayer-ui:2.18.7) with AarTransform
Transforming media-1.6.0.aar (androidx.media:media:1.6.0) with ExtractAarTransform
Transforming media-1.6.0.aar (androidx.media:media:1.6.0) with AarTransform
Transforming legacy-support-core-utils-1.0.0.aar (androidx.legacy:legacy-support-core-utils:1.0.0) with ExtractAarTransform
Transforming legacy-support-core-utils-1.0.0.aar (androidx.legacy:legacy-support-core-utils:1.0.0) with AarTransform
Transforming loader-1.0.0.aar (androidx.loader:loader:1.0.0) with ExtractAarTransform
Transforming loader-1.0.0.aar (androidx.loader:loader:1.0.0) with AarTransform
Transforming loader-1.0.0.aar (androidx.loader:loader:1.0.0) with ExtractAarTransform
Transforming loader-1.0.0.aar (androidx.loader:loader:1.0.0) with AarTransform
Transforming play-services-base-18.5.0.aar (com.google.android.gms:play-services-base:18.5.0) with ExtractAarTransform
Transforming play-services-base-18.5.0.aar (com.google.android.gms:play-services-base:18.5.0) with AarTransform
Transforming core-1.15.0.aar (androidx.core:core:1.15.0) with ExtractAarTransform
Transforming core-1.15.0.aar (androidx.core:core:1.15.0) with AarTransform
Transforming core-1.15.0.aar (androidx.core:core:1.15.0) with ExtractAarTransform
Transforming core-1.15.0.aar (androidx.core:core:1.15.0) with AarTransform
Transforming coil-2.7.0.aar (io.coil-kt:coil:2.7.0) with ExtractAarTransform
Transforming coil-2.7.0.aar (io.coil-kt:coil:2.7.0) with AarTransform
Transforming coil-gif-2.7.0.aar (io.coil-kt:coil-gif:2.7.0) with ExtractAarTransform
Transforming coil-gif-2.7.0.aar (io.coil-kt:coil-gif:2.7.0) with AarTransform
Transforming coil-svg-2.7.0.aar (io.coil-kt:coil-svg:2.7.0) with ExtractAarTransform
Transforming coil-svg-2.7.0.aar (io.coil-kt:coil-svg:2.7.0) with AarTransform
Transforming coil-video-2.7.0.aar (io.coil-kt:coil-video:2.7.0) with ExtractAarTransform
Transforming coil-video-2.7.0.aar (io.coil-kt:coil-video:2.7.0) with AarTransform
Transforming coil-base-2.7.0.aar (io.coil-kt:coil-base:2.7.0) with ExtractAarTransform
Transforming coil-base-2.7.0.aar (io.coil-kt:coil-base:2.7.0) with AarTransform
Transforming lifecycle-viewmodel-2.8.7.aar (androidx.lifecycle:lifecycle-viewmodel:2.8.7) with ExtractAarTransform
Transforming lifecycle-viewmodel-2.8.7.aar (androidx.lifecycle:lifecycle-viewmodel:2.8.7) with AarTransform
Transforming lifecycle-viewmodel-release.aar (androidx.lifecycle:lifecycle-viewmodel-android:2.8.7) with ExtractAarTransform
Transforming lifecycle-viewmodel-release.aar (androidx.lifecycle:lifecycle-viewmodel-android:2.8.7) with AarTransform
Transforming lifecycle-runtime-release.aar (androidx.lifecycle:lifecycle-runtime-android:2.8.7) with ExtractAarTransform
Transforming lifecycle-runtime-release.aar (androidx.lifecycle:lifecycle-runtime-android:2.8.7) with AarTransform
Transforming lifecycle-livedata-core-2.8.7.aar (androidx.lifecycle:lifecycle-livedata-core:2.8.7) with ExtractAarTransform
Transforming lifecycle-livedata-core-2.8.7.aar (androidx.lifecycle:lifecycle-livedata-core:2.8.7) with AarTransform
Transforming lifecycle-viewmodel-savedstate-2.8.7.aar (androidx.lifecycle:lifecycle-viewmodel-savedstate:2.8.7) with ExtractAarTransform
Transforming lifecycle-viewmodel-savedstate-2.8.7.aar (androidx.lifecycle:lifecycle-viewmodel-savedstate:2.8.7) with AarTransform
Transforming lifecycle-runtime-ktx-release.aar (androidx.lifecycle:lifecycle-runtime-ktx-android:2.8.7) with ExtractAarTransform
Transforming lifecycle-runtime-ktx-release.aar (androidx.lifecycle:lifecycle-runtime-ktx-android:2.8.7) with AarTransform
Transforming lifecycle-livedata-2.8.7.aar (androidx.lifecycle:lifecycle-livedata:2.8.7) with ExtractAarTransform
Transforming lifecycle-livedata-2.8.7.aar (androidx.lifecycle:lifecycle-livedata:2.8.7) with AarTransform
Transforming lifecycle-livedata-2.8.7.aar (androidx.lifecycle:lifecycle-livedata:2.8.7) with ExtractAarTransform
Transforming lifecycle-livedata-2.8.7.aar (androidx.lifecycle:lifecycle-livedata:2.8.7) with AarTransform
Transforming lifecycle-livedata-core-ktx-2.8.7.aar (androidx.lifecycle:lifecycle-livedata-core-ktx:2.8.7) with ExtractAarTransform
Transforming lifecycle-livedata-core-ktx-2.8.7.aar (androidx.lifecycle:lifecycle-livedata-core-ktx:2.8.7) with AarTransform
Transforming lifecycle-process-2.8.7.aar (androidx.lifecycle:lifecycle-process:2.8.7) with ExtractAarTransform
Transforming lifecycle-process-2.8.7.aar (androidx.lifecycle:lifecycle-process:2.8.7) with AarTransform
Transforming lifecycle-livedata-ktx-2.8.7.aar (androidx.lifecycle:lifecycle-livedata-ktx:2.8.7) with ExtractAarTransform
Transforming lifecycle-livedata-ktx-2.8.7.aar (androidx.lifecycle:lifecycle-livedata-ktx:2.8.7) with AarTransform
Transforming ads-adservices-java-1.0.0-beta05.aar (androidx.privacysandbox.ads:ads-adservices-java:1.0.0-beta05) with ExtractAarTransform
Transforming ads-adservices-java-1.0.0-beta05.aar (androidx.privacysandbox.ads:ads-adservices-java:1.0.0-beta05) with AarTransform
Transforming ads-adservices-1.0.0-beta05.aar (androidx.privacysandbox.ads:ads-adservices:1.0.0-beta05) with ExtractAarTransform
Transforming ads-adservices-1.0.0-beta05.aar (androidx.privacysandbox.ads:ads-adservices:1.0.0-beta05) with AarTransform
Transforming play-services-tasks-18.2.0.aar (com.google.android.gms:play-services-tasks:18.2.0) with ExtractAarTransform
Transforming play-services-tasks-18.2.0.aar (com.google.android.gms:play-services-tasks:18.2.0) with AarTransform
Transforming play-services-tasks-18.2.0.aar (com.google.android.gms:play-services-tasks:18.2.0) with ExtractAarTransform
Transforming play-services-tasks-18.2.0.aar (com.google.android.gms:play-services-tasks:18.2.0) with AarTransform
Transforming firebase-measurement-connector-20.0.1.aar (com.google.firebase:firebase-measurement-connector:20.0.1) with ExtractAarTransform
Transforming firebase-measurement-connector-20.0.1.aar (com.google.firebase:firebase-measurement-connector:20.0.1) with AarTransform
Transforming play-services-basement-18.4.0.aar (com.google.android.gms:play-services-basement:18.4.0) with ExtractAarTransform
Transforming play-services-basement-18.4.0.aar (com.google.android.gms:play-services-basement:18.4.0) with AarTransform
Transforming fragment-1.8.5.aar (androidx.fragment:fragment:1.8.5) with ExtractAarTransform
Transforming fragment-1.8.5.aar (androidx.fragment:fragment:1.8.5) with AarTransform
Transforming fragment-1.8.5.aar (androidx.fragment:fragment:1.8.5) with ExtractAarTransform
Transforming fragment-1.8.5.aar (androidx.fragment:fragment:1.8.5) with AarTransform
Transforming fragment-ktx-1.8.5.aar (androidx.fragment:fragment-ktx:1.8.5) with ExtractAarTransform
Transforming fragment-ktx-1.8.5.aar (androidx.fragment:fragment-ktx:1.8.5) with AarTransform
Transforming activity-ktx-1.9.3.aar (androidx.activity:activity-ktx:1.9.3) with ExtractAarTransform
Transforming activity-ktx-1.9.3.aar (androidx.activity:activity-ktx:1.9.3) with AarTransform
Transforming lifecycle-viewmodel-ktx-2.8.7.aar (androidx.lifecycle:lifecycle-viewmodel-ktx:2.8.7) with ExtractAarTransform
Transforming lifecycle-viewmodel-ktx-2.8.7.aar (androidx.lifecycle:lifecycle-viewmodel-ktx:2.8.7) with AarTransform
Transforming room-runtime-2.6.1.aar (androidx.room:room-runtime:2.6.1) with ExtractAarTransform
Transforming room-runtime-2.6.1.aar (androidx.room:room-runtime:2.6.1) with AarTransform
Transforming room-ktx-2.6.1.aar (androidx.room:room-ktx:2.6.1) with ExtractAarTransform
Transforming room-ktx-2.6.1.aar (androidx.room:room-ktx:2.6.1) with AarTransform
Transforming savedstate-1.2.1.aar (androidx.savedstate:savedstate:1.2.1) with ExtractAarTransform
Transforming savedstate-1.2.1.aar (androidx.savedstate:savedstate:1.2.1) with AarTransform
Transforming savedstate-ktx-1.2.1.aar (androidx.savedstate:savedstate-ktx:1.2.1) with ExtractAarTransform
Transforming savedstate-ktx-1.2.1.aar (androidx.savedstate:savedstate-ktx:1.2.1) with AarTransform
Transforming annotation-experimental-1.4.1.aar (androidx.annotation:annotation-experimental:1.4.1) with ExtractAarTransform
Transforming annotation-experimental-1.4.1.aar (androidx.annotation:annotation-experimental:1.4.1) with AarTransform
Transforming cursoradapter-1.0.0.aar (androidx.cursoradapter:cursoradapter:1.0.0) with ExtractAarTransform
Transforming cursoradapter-1.0.0.aar (androidx.cursoradapter:cursoradapter:1.0.0) with AarTransform
Transforming interpolator-1.0.0.aar (androidx.interpolator:interpolator:1.0.0) with ExtractAarTransform
Transforming interpolator-1.0.0.aar (androidx.interpolator:interpolator:1.0.0) with AarTransform
Transforming cardview-1.0.0.aar (androidx.cardview:cardview:1.0.0) with ExtractAarTransform
Transforming cardview-1.0.0.aar (androidx.cardview:cardview:1.0.0) with AarTransform
Transforming sqlite-framework-2.4.0.aar (androidx.sqlite:sqlite-framework:2.4.0) with ExtractAarTransform
Transforming sqlite-framework-2.4.0.aar (androidx.sqlite:sqlite-framework:2.4.0) with AarTransform
Transforming sqlite-2.4.0.aar (androidx.sqlite:sqlite:2.4.0) with ExtractAarTransform
Transforming sqlite-2.4.0.aar (androidx.sqlite:sqlite:2.4.0) with AarTransform
Transforming versionedparcelable-1.1.1.aar (androidx.versionedparcelable:versionedparcelable:1.1.1) with ExtractAarTransform
Transforming versionedparcelable-1.1.1.aar (androidx.versionedparcelable:versionedparcelable:1.1.1) with AarTransform
Transforming core-runtime-2.2.0.aar (androidx.arch.core:core-runtime:2.2.0) with ExtractAarTransform
Transforming core-runtime-2.2.0.aar (androidx.arch.core:core-runtime:2.2.0) with AarTransform
Transforming firebase-config-interop-16.0.1.aar (com.google.firebase:firebase-config-interop:16.0.1) with ExtractAarTransform
Transforming firebase-config-interop-16.0.1.aar (com.google.firebase:firebase-config-interop:16.0.1) with AarTransform
Transforming firebase-encoders-json-18.0.1.aar (com.google.firebase:firebase-encoders-json:18.0.1) with ExtractAarTransform
Transforming firebase-encoders-json-18.0.1.aar (com.google.firebase:firebase-encoders-json:18.0.1) with AarTransform
Transforming documentfile-1.0.0.aar (androidx.documentfile:documentfile:1.0.0) with ExtractAarTransform
Transforming documentfile-1.0.0.aar (androidx.documentfile:documentfile:1.0.0) with AarTransform
Transforming localbroadcastmanager-1.0.0.aar (androidx.localbroadcastmanager:localbroadcastmanager:1.0.0) with ExtractAarTransform
Transforming localbroadcastmanager-1.0.0.aar (androidx.localbroadcastmanager:localbroadcastmanager:1.0.0) with AarTransform
Transforming print-1.0.0.aar (androidx.print:print:1.0.0) with ExtractAarTransform
Transforming print-1.0.0.aar (androidx.print:print:1.0.0) with AarTransform
Transforming exifinterface-1.3.7.aar (androidx.exifinterface:exifinterface:1.3.7) with ExtractAarTransform
Transforming exifinterface-1.3.7.aar (androidx.exifinterface:exifinterface:1.3.7) with AarTransform
Transforming androidsvg-aar-1.4.aar (com.caverock:androidsvg-aar:1.4) with ExtractAarTransform
Transforming androidsvg-aar-1.4.aar (com.caverock:androidsvg-aar:1.4) with AarTransform
Transforming drawer-1.0.3.aar (com.drakeet.drawer:drawer:1.0.3) with ExtractAarTransform
Transforming drawer-1.0.3.aar (com.drakeet.drawer:drawer:1.0.3) with AarTransform
Transforming exoplayer-core-2.18.7.aar (com.google.android.exoplayer:exoplayer-core:2.18.7) with ExtractAarTransform
Transforming exoplayer-core-2.18.7.aar (com.google.android.exoplayer:exoplayer-core:2.18.7) with AarTransform
Transforming exoplayer-common-2.18.7.aar (com.google.android.exoplayer:exoplayer-common:2.18.7) with ExtractAarTransform
Transforming exoplayer-common-2.18.7.aar (com.google.android.exoplayer:exoplayer-common:2.18.7) with AarTransform
Transforming simplemenu-preference-1.0.3.aar (dev.rikka.rikkax.preference:simplemenu-preference:1.0.3) with ExtractAarTransform
Transforming simplemenu-preference-1.0.3.aar (dev.rikka.rikkax.preference:simplemenu-preference:1.0.3) with AarTransform
Transforming api-13.1.5.aar (dev.rikka.shizuku:api:13.1.5) with ExtractAarTransform
Transforming api-13.1.5.aar (dev.rikka.shizuku:api:13.1.5) with AarTransform
Transforming appiconloader-1.5.0.aar (me.zhanghai.android.appiconloader:appiconloader:1.5.0) with ExtractAarTransform
Transforming appiconloader-1.5.0.aar (me.zhanghai.android.appiconloader:appiconloader:1.5.0) with AarTransform
Transforming library-1.3.0.aar (me.zhanghai.android.fastscroll:library:1.3.0) with ExtractAarTransform
Transforming library-1.3.0.aar (me.zhanghai.android.fastscroll:library:1.3.0) with AarTransform
Transforming library-1.0.2.aar (me.zhanghai.android.foregroundcompat:library:1.0.2) with ExtractAarTransform
Transforming library-1.0.2.aar (me.zhanghai.android.foregroundcompat:library:1.0.2) with AarTransform
Transforming library-1.1.4.aar (me.zhanghai.android.libarchive:library:1.1.4) with ExtractAarTransform
Transforming library-1.1.4.aar (me.zhanghai.android.libarchive:library:1.1.4) with AarTransform
Transforming library-2.1.0.aar (me.zhanghai.android.libselinux:library:2.1.0) with ExtractAarTransform
Transforming library-2.1.0.aar (me.zhanghai.android.libselinux:library:2.1.0) with AarTransform
Transforming library-1.2.0.aar (me.zhanghai.android.retrofile:library:1.2.0) with ExtractAarTransform
Transforming library-1.2.0.aar (me.zhanghai.android.retrofile:library:1.2.0) with AarTransform
Transforming library-1.0.0.aar (me.zhanghai.android.systemuihelper:library:1.0.0) with ExtractAarTransform
Transforming library-1.0.0.aar (me.zhanghai.android.systemuihelper:library:1.0.0) with AarTransform
Transforming HoloColorPicker-1.5.aar (com.larswerkman:HoloColorPicker:1.5) with ExtractAarTransform
Transforming HoloColorPicker-1.5.aar (com.larswerkman:HoloColorPicker:1.5) with AarTransform
Transforming startup-runtime-1.1.1.aar (androidx.startup:startup-runtime:1.1.1) with ExtractAarTransform
Transforming startup-runtime-1.1.1.aar (androidx.startup:startup-runtime:1.1.1) with AarTransform
Transforming core-5.2.2.aar (com.github.topjohnwu.libsu:core:5.2.2) with ExtractAarTransform
Transforming core-5.2.2.aar (com.github.topjohnwu.libsu:core:5.2.2) with AarTransform
Transforming aidl-13.1.5.aar (dev.rikka.shizuku:aidl:13.1.5) with ExtractAarTransform
Transforming aidl-13.1.5.aar (dev.rikka.shizuku:aidl:13.1.5) with AarTransform
Transforming shared-13.1.5.aar (dev.rikka.shizuku:shared:13.1.5) with ExtractAarTransform
Transforming shared-13.1.5.aar (dev.rikka.shizuku:shared:13.1.5) with AarTransform
Transforming firebase-components-18.0.0.aar (com.google.firebase:firebase-components:18.0.0) with ExtractAarTransform
Transforming firebase-components-18.0.0.aar (com.google.firebase:firebase-components:18.0.0) with AarTransform
Transforming exoplayer-datasource-2.18.7.aar (com.google.android.exoplayer:exoplayer-datasource:2.18.7) with ExtractAarTransform
Transforming exoplayer-datasource-2.18.7.aar (com.google.android.exoplayer:exoplayer-datasource:2.18.7) with AarTransform
Transforming exoplayer-database-2.18.7.aar (com.google.android.exoplayer:exoplayer-database:2.18.7) with ExtractAarTransform
Transforming exoplayer-database-2.18.7.aar (com.google.android.exoplayer:exoplayer-database:2.18.7) with AarTransform
Transforming exoplayer-decoder-2.18.7.aar (com.google.android.exoplayer:exoplayer-decoder:2.18.7) with ExtractAarTransform
Transforming exoplayer-decoder-2.18.7.aar (com.google.android.exoplayer:exoplayer-decoder:2.18.7) with AarTransform
Transforming exoplayer-extractor-2.18.7.aar (com.google.android.exoplayer:exoplayer-extractor:2.18.7) with ExtractAarTransform
Transforming exoplayer-extractor-2.18.7.aar (com.google.android.exoplayer:exoplayer-extractor:2.18.7) with AarTransform
Transforming exoplayer-dash-2.18.7.aar (com.google.android.exoplayer:exoplayer-dash:2.18.7) with ExtractAarTransform
Transforming exoplayer-dash-2.18.7.aar (com.google.android.exoplayer:exoplayer-dash:2.18.7) with AarTransform
Transforming exoplayer-hls-2.18.7.aar (com.google.android.exoplayer:exoplayer-hls:2.18.7) with ExtractAarTransform
Transforming exoplayer-hls-2.18.7.aar (com.google.android.exoplayer:exoplayer-hls:2.18.7) with AarTransform
Transforming exoplayer-rtsp-2.18.7.aar (com.google.android.exoplayer:exoplayer-rtsp:2.18.7) with ExtractAarTransform
Transforming exoplayer-rtsp-2.18.7.aar (com.google.android.exoplayer:exoplayer-rtsp:2.18.7) with AarTransform
Transforming exoplayer-smoothstreaming-2.18.7.aar (com.google.android.exoplayer:exoplayer-smoothstreaming:2.18.7) with ExtractAarTransform
Transforming exoplayer-smoothstreaming-2.18.7.aar (com.google.android.exoplayer:exoplayer-smoothstreaming:2.18.7) with AarTransform
file or directory 'E:\For Safe Keeping\WEB REF\MaterialFiles\app\libs', not found
Transforming viewbinding-8.5.0.aar (androidx.databinding:viewbinding:8.5.0) with ExtractAarTransform
Transforming viewbinding-8.5.0.aar (androidx.databinding:viewbinding:8.5.0) with AarTransform
Transforming PhotoView-2.3.0.aar (com.github.chrisbanes:PhotoView:2.3.0) with ExtractAarTransform
Transforming PhotoView-2.3.0.aar (com.github.chrisbanes:PhotoView:2.3.0) with AarTransform
Transforming service-5.2.2.aar (com.github.topjohnwu.libsu:service:5.2.2) with ExtractAarTransform
Transforming service-5.2.2.aar (com.github.topjohnwu.libsu:service:5.2.2) with AarTransform
Transforming preference-ktx-1.2.1.aar (androidx.preference:preference-ktx:1.2.1) with ExtractAarTransform
Transforming preference-ktx-1.2.1.aar (androidx.preference:preference-ktx:1.2.1) with AarTransform
Transforming speed-dial-3.3.0.aar (com.leinardi.android:speed-dial:3.3.0) with ExtractAarTransform
Transforming speed-dial-3.3.0.aar (com.leinardi.android:speed-dial:3.3.0) with AarTransform
Transforming material-1.12.0.aar (com.google.android.material:material:1.12.0) with ExtractAarTransform
Transforming material-1.12.0.aar (com.google.android.material:material:1.12.0) with AarTransform
Transforming subsampling-scale-image-view-androidx-3.10.0.aar (com.davemorrissey.labs:subsampling-scale-image-view-androidx:3.10.0) with ExtractAarTransform
Transforming subsampling-scale-image-view-androidx-3.10.0.aar (com.davemorrissey.labs:subsampling-scale-image-view-androidx:3.10.0) with AarTransform
Transforming licensesdialog-2.1.0.aar (de.psdev.licensesdialog:licensesdialog:2.1.0) with ExtractAarTransform
Transforming licensesdialog-2.1.0.aar (de.psdev.licensesdialog:licensesdialog:2.1.0) with AarTransform
Transforming library-1.3.0.aar (me.zhanghai.android.fastscroll:library:1.3.0) with ExtractAarTransform
Transforming library-1.3.0.aar (me.zhanghai.android.fastscroll:library:1.3.0) with AarTransform
Transforming library-1.0.2.aar (me.zhanghai.android.foregroundcompat:library:1.0.2) with ExtractAarTransform
Transforming library-1.0.2.aar (me.zhanghai.android.foregroundcompat:library:1.0.2) with AarTransform
Transforming coil-gif-2.7.0.aar (io.coil-kt:coil-gif:2.7.0) with ExtractAarTransform
Transforming coil-gif-2.7.0.aar (io.coil-kt:coil-gif:2.7.0) with AarTransform
Transforming coil-2.7.0.aar (io.coil-kt:coil:2.7.0) with ExtractAarTransform
Transforming coil-2.7.0.aar (io.coil-kt:coil:2.7.0) with AarTransform
Transforming coil-svg-2.7.0.aar (io.coil-kt:coil-svg:2.7.0) with ExtractAarTransform
Transforming coil-svg-2.7.0.aar (io.coil-kt:coil-svg:2.7.0) with AarTransform
Transforming coil-video-2.7.0.aar (io.coil-kt:coil-video:2.7.0) with ExtractAarTransform
Transforming coil-video-2.7.0.aar (io.coil-kt:coil-video:2.7.0) with AarTransform
Transforming coil-base-2.7.0.aar (io.coil-kt:coil-base:2.7.0) with ExtractAarTransform
Transforming coil-base-2.7.0.aar (io.coil-kt:coil-base:2.7.0) with AarTransform
Transforming appcompat-resources-1.7.0.aar (androidx.appcompat:appcompat-resources:1.7.0) with ExtractAarTransform
Transforming appcompat-resources-1.7.0.aar (androidx.appcompat:appcompat-resources:1.7.0) with AarTransform
Transforming preferencex-1.1.0.aar (com.takisoft.preferencex:preferencex:1.1.0) with ExtractAarTransform
Transforming preferencex-1.1.0.aar (com.takisoft.preferencex:preferencex:1.1.0) with AarTransform
Transforming simplemenu-preference-1.0.3.aar (dev.rikka.rikkax.preference:simplemenu-preference:1.0.3) with ExtractAarTransform
Transforming simplemenu-preference-1.0.3.aar (dev.rikka.rikkax.preference:simplemenu-preference:1.0.3) with AarTransform
Transforming preference-1.2.1.aar (androidx.preference:preference:1.2.1) with ExtractAarTransform
Transforming preference-1.2.1.aar (androidx.preference:preference:1.2.1) with AarTransform
Transforming constraintlayout-2.0.1.aar (androidx.constraintlayout:constraintlayout:2.0.1) with ExtractAarTransform
Transforming constraintlayout-2.0.1.aar (androidx.constraintlayout:constraintlayout:2.0.1) with AarTransform
Transforming appcompat-1.7.0.aar (androidx.appcompat:appcompat:1.7.0) with ExtractAarTransform
Transforming appcompat-1.7.0.aar (androidx.appcompat:appcompat:1.7.0) with AarTransform
Transforming advrecyclerview-1.0.0.aar (com.h6ah4i.android.widget.advrecyclerview:advrecyclerview:1.0.0) with ExtractAarTransform
Transforming advrecyclerview-1.0.0.aar (com.h6ah4i.android.widget.advrecyclerview:advrecyclerview:1.0.0) with AarTransform
Transforming exoplayer-2.18.7.aar (com.google.android.exoplayer:exoplayer:2.18.7) with ExtractAarTransform
Transforming exoplayer-2.18.7.aar (com.google.android.exoplayer:exoplayer:2.18.7) with AarTransform
Transforming exoplayer-ui-2.18.7.aar (com.google.android.exoplayer:exoplayer-ui:2.18.7) with ExtractAarTransform
Transforming exoplayer-ui-2.18.7.aar (com.google.android.exoplayer:exoplayer-ui:2.18.7) with AarTransform
Transforming recyclerview-1.3.2.aar (androidx.recyclerview:recyclerview:1.3.2) with ExtractAarTransform
Transforming recyclerview-1.3.2.aar (androidx.recyclerview:recyclerview:1.3.2) with AarTransform
Transforming viewpager2-1.1.0-beta02.aar (androidx.viewpager2:viewpager2:1.1.0-beta02) with ExtractAarTransform
Transforming viewpager2-1.1.0-beta02.aar (androidx.viewpager2:viewpager2:1.1.0-beta02) with AarTransform
Transforming firebase-crashlytics-ndk-19.2.1.aar (com.google.firebase:firebase-crashlytics-ndk:19.2.1) with ExtractAarTransform
Transforming firebase-crashlytics-ndk-19.2.1.aar (com.google.firebase:firebase-crashlytics-ndk:19.2.1) with AarTransform
Transforming firebase-analytics-22.1.2.aar (com.google.firebase:firebase-analytics:22.1.2) with ExtractAarTransform
Transforming firebase-analytics-22.1.2.aar (com.google.firebase:firebase-analytics:22.1.2) with AarTransform
Transforming activity-1.9.3.aar (androidx.activity:activity:1.9.3) with ExtractAarTransform
Transforming activity-1.9.3.aar (androidx.activity:activity:1.9.3) with AarTransform
Transforming core-ktx-1.15.0.aar (androidx.core:core-ktx:1.15.0) with ExtractAarTransform
Transforming core-ktx-1.15.0.aar (androidx.core:core-ktx:1.15.0) with AarTransform
Transforming drawerlayout-1.2.0.aar (androidx.drawerlayout:drawerlayout:1.2.0) with ExtractAarTransform
Transforming drawerlayout-1.2.0.aar (androidx.drawerlayout:drawerlayout:1.2.0) with AarTransform
Transforming swiperefreshlayout-1.1.0.aar (androidx.swiperefreshlayout:swiperefreshlayout:1.1.0) with ExtractAarTransform
Transforming swiperefreshlayout-1.1.0.aar (androidx.swiperefreshlayout:swiperefreshlayout:1.1.0) with AarTransform
Transforming materialshadowninepatch-1.0.0.aar (com.h6ah4i.android.materialshadowninepatch:materialshadowninepatch:1.0.0) with ExtractAarTransform
Transforming materialshadowninepatch-1.0.0.aar (com.h6ah4i.android.materialshadowninepatch:materialshadowninepatch:1.0.0) with AarTransform
Transforming insetter-ktx-0.3.1.aar (dev.chrisbanes:insetter-ktx:0.3.1) with ExtractAarTransform
Transforming insetter-ktx-0.3.1.aar (dev.chrisbanes:insetter-ktx:0.3.1) with AarTransform
Transforming exoplayer-dash-2.18.7.aar (com.google.android.exoplayer:exoplayer-dash:2.18.7) with ExtractAarTransform
Transforming exoplayer-dash-2.18.7.aar (com.google.android.exoplayer:exoplayer-dash:2.18.7) with AarTransform
Transforming emoji2-views-helper-1.3.0.aar (androidx.emoji2:emoji2-views-helper:1.3.0) with ExtractAarTransform
Transforming exoplayer-hls-2.18.7.aar (com.google.android.exoplayer:exoplayer-hls:2.18.7) with ExtractAarTransform
Transforming emoji2-views-helper-1.3.0.aar (androidx.emoji2:emoji2-views-helper:1.3.0) with AarTransform
Transforming exoplayer-hls-2.18.7.aar (com.google.android.exoplayer:exoplayer-hls:2.18.7) with AarTransform
Transforming exoplayer-rtsp-2.18.7.aar (com.google.android.exoplayer:exoplayer-rtsp:2.18.7) with ExtractAarTransform
Transforming emoji2-1.3.0.aar (androidx.emoji2:emoji2:1.3.0) with ExtractAarTransform
Transforming exoplayer-rtsp-2.18.7.aar (com.google.android.exoplayer:exoplayer-rtsp:2.18.7) with AarTransform
Transforming emoji2-1.3.0.aar (androidx.emoji2:emoji2:1.3.0) with AarTransform
Transforming exoplayer-smoothstreaming-2.18.7.aar (com.google.android.exoplayer:exoplayer-smoothstreaming:2.18.7) with ExtractAarTransform
Transforming exoplayer-smoothstreaming-2.18.7.aar (com.google.android.exoplayer:exoplayer-smoothstreaming:2.18.7) with AarTransform
Transforming exoplayer-core-2.18.7.aar (com.google.android.exoplayer:exoplayer-core:2.18.7) with ExtractAarTransform
Transforming customview-poolingcontainer-1.0.0.aar (androidx.customview:customview-poolingcontainer:1.0.0) with ExtractAarTransform
Transforming exoplayer-core-2.18.7.aar (com.google.android.exoplayer:exoplayer-core:2.18.7) with AarTransform
Transforming customview-poolingcontainer-1.0.0.aar (androidx.customview:customview-poolingcontainer:1.0.0) with AarTransform
Transforming coordinatorlayout-1.1.0.aar (androidx.coordinatorlayout:coordinatorlayout:1.1.0) with ExtractAarTransform
Transforming coordinatorlayout-1.1.0.aar (androidx.coordinatorlayout:coordinatorlayout:1.1.0) with AarTransform
Transforming ads-adservices-1.0.0-beta05.aar (androidx.privacysandbox.ads:ads-adservices:1.0.0-beta05) with ExtractAarTransform
Transforming viewpager-1.0.0.aar (androidx.viewpager:viewpager:1.0.0) with ExtractAarTransform
Transforming ads-adservices-1.0.0-beta05.aar (androidx.privacysandbox.ads:ads-adservices:1.0.0-beta05) with AarTransform
Transforming viewpager-1.0.0.aar (androidx.viewpager:viewpager:1.0.0) with AarTransform
Transforming slidingpanelayout-1.2.0.aar (androidx.slidingpanelayout:slidingpanelayout:1.2.0) with ExtractAarTransform
Transforming slidingpanelayout-1.2.0.aar (androidx.slidingpanelayout:slidingpanelayout:1.2.0) with AarTransform
Transforming customview-1.1.0.aar (androidx.customview:customview:1.1.0) with ExtractAarTransform
Transforming customview-1.1.0.aar (androidx.customview:customview:1.1.0) with AarTransform
Transforming transition-1.5.0.aar (androidx.transition:transition:1.5.0) with ExtractAarTransform
Transforming transition-1.5.0.aar (androidx.transition:transition:1.5.0) with AarTransform
Transforming dynamicanimation-1.0.0.aar (androidx.dynamicanimation:dynamicanimation:1.0.0) with ExtractAarTransform
Transforming dynamicanimation-1.0.0.aar (androidx.dynamicanimation:dynamicanimation:1.0.0) with AarTransform
Transforming vectordrawable-animated-1.1.0.aar (androidx.vectordrawable:vectordrawable-animated:1.1.0) with ExtractAarTransform
Transforming vectordrawable-animated-1.1.0.aar (androidx.vectordrawable:vectordrawable-animated:1.1.0) with AarTransform
Transforming vectordrawable-1.1.0.aar (androidx.vectordrawable:vectordrawable:1.1.0) with ExtractAarTransform
Transforming vectordrawable-1.1.0.aar (androidx.vectordrawable:vectordrawable:1.1.0) with AarTransform
Transforming insetter-0.3.1.aar (dev.chrisbanes:insetter:0.3.1) with ExtractAarTransform
Transforming insetter-0.3.1.aar (dev.chrisbanes:insetter:0.3.1) with AarTransform
Transforming media-1.6.0.aar (androidx.media:media:1.6.0) with ExtractAarTransform
Transforming media-1.6.0.aar (androidx.media:media:1.6.0) with AarTransform
Transforming loader-1.0.0.aar (androidx.loader:loader:1.0.0) with ExtractAarTransform
Transforming loader-1.0.0.aar (androidx.loader:loader:1.0.0) with AarTransform
Transforming core-1.15.0.aar (androidx.core:core:1.15.0) with ExtractAarTransform
Transforming core-1.15.0.aar (androidx.core:core:1.15.0) with AarTransform
Transforming savedstate-ktx-1.2.1.aar (androidx.savedstate:savedstate-ktx:1.2.1) with ExtractAarTransform
Transforming savedstate-ktx-1.2.1.aar (androidx.savedstate:savedstate-ktx:1.2.1) with AarTransform
Transforming savedstate-1.2.1.aar (androidx.savedstate:savedstate:1.2.1) with ExtractAarTransform
Transforming savedstate-1.2.1.aar (androidx.savedstate:savedstate:1.2.1) with AarTransform
Transforming lifecycle-viewmodel-release.aar (androidx.lifecycle:lifecycle-viewmodel-android:2.8.7) with ExtractAarTransform
Transforming lifecycle-viewmodel-release.aar (androidx.lifecycle:lifecycle-viewmodel-android:2.8.7) with AarTransform
Transforming lifecycle-runtime-release.aar (androidx.lifecycle:lifecycle-runtime-android:2.8.7) with ExtractAarTransform
Transforming lifecycle-runtime-release.aar (androidx.lifecycle:lifecycle-runtime-android:2.8.7) with AarTransform
Transforming lifecycle-livedata-core-2.8.7.aar (androidx.lifecycle:lifecycle-livedata-core:2.8.7) with ExtractAarTransform
Transforming window-1.0.0.aar (androidx.window:window:1.0.0) with ExtractAarTransform
Transforming lifecycle-livedata-core-2.8.7.aar (androidx.lifecycle:lifecycle-livedata-core:2.8.7) with AarTransform
Transforming window-1.0.0.aar (androidx.window:window:1.0.0) with AarTransform
Transforming lifecycle-viewmodel-savedstate-2.8.7.aar (androidx.lifecycle:lifecycle-viewmodel-savedstate:2.8.7) with ExtractAarTransform
Transforming lifecycle-viewmodel-savedstate-2.8.7.aar (androidx.lifecycle:lifecycle-viewmodel-savedstate:2.8.7) with AarTransform
Transforming lifecycle-runtime-ktx-release.aar (androidx.lifecycle:lifecycle-runtime-ktx-android:2.8.7) with ExtractAarTransform
Transforming lifecycle-runtime-ktx-release.aar (androidx.lifecycle:lifecycle-runtime-ktx-android:2.8.7) with AarTransform
Transforming lifecycle-livedata-2.8.7.aar (androidx.lifecycle:lifecycle-livedata:2.8.7) with ExtractAarTransform
Transforming lifecycle-livedata-2.8.7.aar (androidx.lifecycle:lifecycle-livedata:2.8.7) with AarTransform
Transforming lifecycle-livedata-core-ktx-2.8.7.aar (androidx.lifecycle:lifecycle-livedata-core-ktx:2.8.7) with ExtractAarTransform
Transforming lifecycle-livedata-core-ktx-2.8.7.aar (androidx.lifecycle:lifecycle-livedata-core-ktx:2.8.7) with AarTransform
Transforming lifecycle-process-2.8.7.aar (androidx.lifecycle:lifecycle-process:2.8.7) with ExtractAarTransform
Transforming lifecycle-process-2.8.7.aar (androidx.lifecycle:lifecycle-process:2.8.7) with AarTransform
Transforming lifecycle-livedata-ktx-2.8.7.aar (androidx.lifecycle:lifecycle-livedata-ktx:2.8.7) with ExtractAarTransform
Transforming lifecycle-livedata-ktx-2.8.7.aar (androidx.lifecycle:lifecycle-livedata-ktx:2.8.7) with AarTransform
Transforming play-services-tasks-18.2.0.aar (com.google.android.gms:play-services-tasks:18.2.0) with ExtractAarTransform
Transforming play-services-tasks-18.2.0.aar (com.google.android.gms:play-services-tasks:18.2.0) with AarTransform
Transforming fragment-1.8.5.aar (androidx.fragment:fragment:1.8.5) with ExtractAarTransform
Transforming fragment-1.8.5.aar (androidx.fragment:fragment:1.8.5) with AarTransform
Transforming fragment-ktx-1.8.5.aar (androidx.fragment:fragment-ktx:1.8.5) with ExtractAarTransform
Transforming fragment-ktx-1.8.5.aar (androidx.fragment:fragment-ktx:1.8.5) with AarTransform
Transforming activity-ktx-1.9.3.aar (androidx.activity:activity-ktx:1.9.3) with ExtractAarTransform
Transforming activity-ktx-1.9.3.aar (androidx.activity:activity-ktx:1.9.3) with AarTransform
Transforming lifecycle-viewmodel-ktx-2.8.7.aar (androidx.lifecycle:lifecycle-viewmodel-ktx:2.8.7) with ExtractAarTransform
Transforming lifecycle-viewmodel-ktx-2.8.7.aar (androidx.lifecycle:lifecycle-viewmodel-ktx:2.8.7) with AarTransform
Transforming datastore-preferences-1.0.0.aar (androidx.datastore:datastore-preferences:1.0.0) with ExtractAarTransform
Transforming room-runtime-2.6.1.aar (androidx.room:room-runtime:2.6.1) with ExtractAarTransform
Transforming datastore-preferences-1.0.0.aar (androidx.datastore:datastore-preferences:1.0.0) with AarTransform
Transforming room-runtime-2.6.1.aar (androidx.room:room-runtime:2.6.1) with AarTransform
Transforming room-ktx-2.6.1.aar (androidx.room:room-ktx:2.6.1) with ExtractAarTransform
Transforming room-ktx-2.6.1.aar (androidx.room:room-ktx:2.6.1) with AarTransform
Transforming datastore-1.0.0.aar (androidx.datastore:datastore:1.0.0) with ExtractAarTransform
Transforming sqlite-framework-2.4.0.aar (androidx.sqlite:sqlite-framework:2.4.0) with ExtractAarTransform
Transforming datastore-1.0.0.aar (androidx.datastore:datastore:1.0.0) with AarTransform
Transforming sqlite-framework-2.4.0.aar (androidx.sqlite:sqlite-framework:2.4.0) with AarTransform
Transforming sqlite-2.4.0.aar (androidx.sqlite:sqlite:2.4.0) with ExtractAarTransform
Transforming sqlite-2.4.0.aar (androidx.sqlite:sqlite:2.4.0) with AarTransform
Transforming annotation-experimental-1.4.1.aar (androidx.annotation:annotation-experimental:1.4.1) with ExtractAarTransform
Transforming annotation-experimental-1.4.1.aar (androidx.annotation:annotation-experimental:1.4.1) with AarTransform
Transforming exifinterface-1.3.7.aar (androidx.exifinterface:exifinterface:1.3.7) with ExtractAarTransform
Transforming exifinterface-1.3.7.aar (androidx.exifinterface:exifinterface:1.3.7) with AarTransform
Transforming api-13.1.5.aar (dev.rikka.shizuku:api:13.1.5) with ExtractAarTransform
Transforming api-13.1.5.aar (dev.rikka.shizuku:api:13.1.5) with AarTransform
Transforming appiconloader-1.5.0.aar (me.zhanghai.android.appiconloader:appiconloader:1.5.0) with ExtractAarTransform
Transforming appiconloader-1.5.0.aar (me.zhanghai.android.appiconloader:appiconloader:1.5.0) with AarTransform
Transforming library-1.1.4.aar (me.zhanghai.android.libarchive:library:1.1.4) with ExtractAarTransform
Transforming library-1.1.4.aar (me.zhanghai.android.libarchive:library:1.1.4) with AarTransform
Transforming library-2.1.0.aar (me.zhanghai.android.libselinux:library:2.1.0) with ExtractAarTransform
Transforming library-2.1.0.aar (me.zhanghai.android.libselinux:library:2.1.0) with AarTransform
Transforming cursoradapter-1.0.0.aar (androidx.cursoradapter:cursoradapter:1.0.0) with ExtractAarTransform
Transforming cursoradapter-1.0.0.aar (androidx.cursoradapter:cursoradapter:1.0.0) with AarTransform
Transforming startup-runtime-1.1.1.aar (androidx.startup:startup-runtime:1.1.1) with ExtractAarTransform
Transforming startup-runtime-1.1.1.aar (androidx.startup:startup-runtime:1.1.1) with AarTransform
Transforming interpolator-1.0.0.aar (androidx.interpolator:interpolator:1.0.0) with ExtractAarTransform
Transforming interpolator-1.0.0.aar (androidx.interpolator:interpolator:1.0.0) with AarTransform
Transforming cardview-1.0.0.aar (androidx.cardview:cardview:1.0.0) with ExtractAarTransform
Transforming cardview-1.0.0.aar (androidx.cardview:cardview:1.0.0) with AarTransform
Transforming shared-13.1.5.aar (dev.rikka.shizuku:shared:13.1.5) with ExtractAarTransform
Transforming shared-13.1.5.aar (dev.rikka.shizuku:shared:13.1.5) with AarTransform
Transforming profileinstaller-1.3.1.aar (androidx.profileinstaller:profileinstaller:1.3.1) with ExtractAarTransform
Transforming core-runtime-2.2.0.aar (androidx.arch.core:core-runtime:2.2.0) with ExtractAarTransform
Transforming profileinstaller-1.3.1.aar (androidx.profileinstaller:profileinstaller:1.3.1) with AarTransform
Transforming core-runtime-2.2.0.aar (androidx.arch.core:core-runtime:2.2.0) with AarTransform
Transforming exoplayer-datasource-2.18.7.aar (com.google.android.exoplayer:exoplayer-datasource:2.18.7) with ExtractAarTransform
Transforming exoplayer-datasource-2.18.7.aar (com.google.android.exoplayer:exoplayer-datasource:2.18.7) with AarTransform
Transforming exoplayer-extractor-2.18.7.aar (com.google.android.exoplayer:exoplayer-extractor:2.18.7) with ExtractAarTransform
Transforming exoplayer-extractor-2.18.7.aar (com.google.android.exoplayer:exoplayer-extractor:2.18.7) with AarTransform
Transforming exoplayer-decoder-2.18.7.aar (com.google.android.exoplayer:exoplayer-decoder:2.18.7) with ExtractAarTransform
Transforming appiconloader-iconloaderlib-1.5.0.aar (me.zhanghai.android.appiconloader:appiconloader-iconloaderlib:1.5.0) with ExtractAarTransform
Transforming exoplayer-decoder-2.18.7.aar (com.google.android.exoplayer:exoplayer-decoder:2.18.7) with AarTransform
Transforming appiconloader-iconloaderlib-1.5.0.aar (me.zhanghai.android.appiconloader:appiconloader-iconloaderlib:1.5.0) with AarTransform
Transforming exoplayer-database-2.18.7.aar (com.google.android.exoplayer:exoplayer-database:2.18.7) with ExtractAarTransform
Transforming exoplayer-database-2.18.7.aar (com.google.android.exoplayer:exoplayer-database:2.18.7) with AarTransform
Transforming exoplayer-common-2.18.7.aar (com.google.android.exoplayer:exoplayer-common:2.18.7) with ExtractAarTransform
Transforming exoplayer-common-2.18.7.aar (com.google.android.exoplayer:exoplayer-common:2.18.7) with AarTransform
Transforming versionedparcelable-1.1.1.aar (androidx.versionedparcelable:versionedparcelable:1.1.1) with ExtractAarTransform
Transforming versionedparcelable-1.1.1.aar (androidx.versionedparcelable:versionedparcelable:1.1.1) with AarTransform
Transforming androidsvg-aar-1.4.aar (com.caverock:androidsvg-aar:1.4) with ExtractAarTransform
Transforming androidsvg-aar-1.4.aar (com.caverock:androidsvg-aar:1.4) with AarTransform
Transforming drawer-1.0.3.aar (com.drakeet.drawer:drawer:1.0.3) with ExtractAarTransform
Transforming tracing-1.2.0.aar (androidx.tracing:tracing:1.2.0) with ExtractAarTransform
Transforming drawer-1.0.3.aar (com.drakeet.drawer:drawer:1.0.3) with AarTransform
Transforming tracing-1.2.0.aar (androidx.tracing:tracing:1.2.0) with AarTransform
Transforming library-1.2.0.aar (me.zhanghai.android.retrofile:library:1.2.0) with ExtractAarTransform
Transforming library-1.2.0.aar (me.zhanghai.android.retrofile:library:1.2.0) with AarTransform
Transforming library-1.0.0.aar (me.zhanghai.android.systemuihelper:library:1.0.0) with ExtractAarTransform
Transforming library-1.0.0.aar (me.zhanghai.android.systemuihelper:library:1.0.0) with AarTransform
Transforming firebase-datatransport-19.0.0.aar (com.google.firebase:firebase-datatransport:19.0.0) with ExtractAarTransform
Transforming HoloColorPicker-1.5.aar (com.larswerkman:HoloColorPicker:1.5) with ExtractAarTransform
Transforming firebase-datatransport-19.0.0.aar (com.google.firebase:firebase-datatransport:19.0.0) with AarTransform
Transforming HoloColorPicker-1.5.aar (com.larswerkman:HoloColorPicker:1.5) with AarTransform
Transforming core-5.2.2.aar (com.github.topjohnwu.libsu:core:5.2.2) with ExtractAarTransform
Transforming core-5.2.2.aar (com.github.topjohnwu.libsu:core:5.2.2) with AarTransform
Transforming aidl-13.1.5.aar (dev.rikka.shizuku:aidl:13.1.5) with ExtractAarTransform
Transforming aidl-13.1.5.aar (dev.rikka.shizuku:aidl:13.1.5) with AarTransform
Transforming transport-backend-cct-3.3.0.aar (com.google.android.datatransport:transport-backend-cct:3.3.0) with ExtractAarTransform
Transforming transport-backend-cct-3.3.0.aar (com.google.android.datatransport:transport-backend-cct:3.3.0) with ExtractAarTransform
Transforming transport-backend-cct-3.3.0.aar (com.google.android.datatransport:transport-backend-cct:3.3.0) with AarTransform
Transforming transport-backend-cct-3.3.0.aar (com.google.android.datatransport:transport-backend-cct:3.3.0) with AarTransform
Transforming transport-api-3.2.0.aar (com.google.android.datatransport:transport-api:3.2.0) with ExtractAarTransform
Transforming transport-api-3.2.0.aar (com.google.android.datatransport:transport-api:3.2.0) with ExtractAarTransform
Transforming transport-api-3.2.0.aar (com.google.android.datatransport:transport-api:3.2.0) with ExtractAarTransform
Transforming transport-api-3.2.0.aar (com.google.android.datatransport:transport-api:3.2.0) with ExtractAarTransform
Transforming transport-api-3.2.0.aar (com.google.android.datatransport:transport-api:3.2.0) with AarTransform
Transforming transport-api-3.2.0.aar (com.google.android.datatransport:transport-api:3.2.0) with AarTransform
Transforming transport-runtime-3.3.0.aar (com.google.android.datatransport:transport-runtime:3.3.0) with ExtractAarTransform
Transforming transport-runtime-3.3.0.aar (com.google.android.datatransport:transport-runtime:3.3.0) with ExtractAarTransform
Transforming transport-runtime-3.3.0.aar (com.google.android.datatransport:transport-runtime:3.3.0) with AarTransform
Transforming transport-runtime-3.3.0.aar (com.google.android.datatransport:transport-runtime:3.3.0) with AarTransform
Transforming transport-api-3.2.0.aar (com.google.android.datatransport:transport-api:3.2.0) with ExtractAarTransform
Transforming transport-api-3.2.0.aar (com.google.android.datatransport:transport-api:3.2.0) with AarTransform
Transforming transport-api-3.2.0.aar (com.google.android.datatransport:transport-api:3.2.0) with AarTransform
Transforming transport-runtime-3.3.0.aar (com.google.android.datatransport:transport-runtime:3.3.0) with ExtractAarTransform
Transforming transport-api-3.2.0.aar (com.google.android.datatransport:transport-api:3.2.0) with AarTransform
Transforming transport-runtime-3.3.0.aar (com.google.android.datatransport:transport-runtime:3.3.0) with AarTransform
file or directory 'E:\For Safe Keeping\WEB REF\MaterialFiles\app\libs', not found
file or directory 'E:\For Safe Keeping\WEB REF\MaterialFiles\app\libs', not found
Caching disabled for task ':app:dataBindingMergeDependencyArtifactsDebug' because:
  Build cache is disabled
  Caching has been disabled for the task
Skipping task ':app:dataBindingMergeDependencyArtifactsDebug' as it is up-to-date.
Resolve mutations for :app:generateDebugResValues (Thread[Execution worker Thread 3,5,main]) started.
:app:generateDebugResValues (Thread[Execution worker Thread 11,5,main]) started.

> Task :app:generateDebugResValues UP-TO-DATE
Caching disabled for task ':app:generateDebugResValues' because:
  Build cache is disabled
Skipping task ':app:generateDebugResValues' as it is up-to-date.
Resolve mutations for :app:injectCrashlyticsMappingFileIdDebug (Thread[Execution worker Thread 11,5,main]) started.
:app:injectCrashlyticsMappingFileIdDebug (Thread[Execution worker Thread 11,5,main]) started.

> Task :app:injectCrashlyticsMappingFileIdDebug UP-TO-DATE
Caching disabled for task ':app:injectCrashlyticsMappingFileIdDebug' because:
  Build cache is disabled
  Caching has not been enabled for the task
Skipping task ':app:injectCrashlyticsMappingFileIdDebug' as it is up-to-date.
Resolve mutations for :app:processDebugGoogleServices (Thread[Execution worker Thread 11,5,main]) started.
:app:processDebugGoogleServices (Thread[Execution worker Thread 7,5,main]) started.

> Task :app:processDebugGoogleServices UP-TO-DATE
Caching disabled for task ':app:processDebugGoogleServices' because:
  Build cache is disabled
Skipping task ':app:processDebugGoogleServices' as it is up-to-date.
Resolve mutations for :app:extractDebugSupportedLocales (Thread[Execution worker Thread 7,5,main]) started.
:app:extractDebugSupportedLocales (Thread[Execution worker Thread 7,5,main]) started.

> Task :app:extractDebugSupportedLocales UP-TO-DATE
Caching disabled for task ':app:extractDebugSupportedLocales' because:
  Build cache is disabled
Skipping task ':app:extractDebugSupportedLocales' as it is up-to-date.
Resolve mutations for :app:generateDebugLocaleConfig (Thread[Execution worker Thread 7,5,main]) started.
:app:generateDebugLocaleConfig (Thread[Execution worker Thread 7,5,main]) started.

> Task :app:generateDebugLocaleConfig UP-TO-DATE
file or directory 'E:\For Safe Keeping\WEB REF\MaterialFiles\app\libs', not found
Caching disabled for task ':app:generateDebugLocaleConfig' because:
  Build cache is disabled
Skipping task ':app:generateDebugLocaleConfig' as it is up-to-date.
Resolve mutations for :app:generateDebugResources (Thread[Execution worker Thread 7,5,main]) started.
:app:generateDebugResources (Thread[Execution worker Thread 5,5,main]) started.

> Task :app:generateDebugResources UP-TO-DATE
Caching disabled for task ':app:generateDebugResources' because:
  Build cache is disabled
Skipping task ':app:generateDebugResources' as it is up-to-date.
Resolve mutations for :app:mergeDebugResources (Thread[Execution worker Thread 5,5,main]) started.
:app:mergeDebugResources (Thread[Execution worker Thread 5,5,main]) started.

> Task :app:mergeDebugResources UP-TO-DATE
file or directory 'E:\For Safe Keeping\WEB REF\MaterialFiles\app\libs', not found
Transforming viewbinding-8.5.0.aar (androidx.databinding:viewbinding:8.5.0) with ExtractAarTransform
Transforming viewbinding-8.5.0.aar (androidx.databinding:viewbinding:8.5.0) with AarTransform
Transforming PhotoView-2.3.0.aar (com.github.chrisbanes:PhotoView:2.3.0) with ExtractAarTransform
Transforming PhotoView-2.3.0.aar (com.github.chrisbanes:PhotoView:2.3.0) with AarTransform
Transforming service-5.2.2.aar (com.github.topjohnwu.libsu:service:5.2.2) with ExtractAarTransform
Transforming service-5.2.2.aar (com.github.topjohnwu.libsu:service:5.2.2) with AarTransform
Transforming preference-ktx-1.2.1.aar (androidx.preference:preference-ktx:1.2.1) with ExtractAarTransform
Transforming preference-ktx-1.2.1.aar (androidx.preference:preference-ktx:1.2.1) with AarTransform
Transforming speed-dial-3.3.0.aar (com.leinardi.android:speed-dial:3.3.0) with ExtractAarTransform
Transforming speed-dial-3.3.0.aar (com.leinardi.android:speed-dial:3.3.0) with AarTransform
Transforming material-1.12.0.aar (com.google.android.material:material:1.12.0) with ExtractAarTransform
Transforming material-1.12.0.aar (com.google.android.material:material:1.12.0) with AarTransform
Transforming subsampling-scale-image-view-androidx-3.10.0.aar (com.davemorrissey.labs:subsampling-scale-image-view-androidx:3.10.0) with ExtractAarTransform
Transforming subsampling-scale-image-view-androidx-3.10.0.aar (com.davemorrissey.labs:subsampling-scale-image-view-androidx:3.10.0) with AarTransform
Transforming licensesdialog-2.1.0.aar (de.psdev.licensesdialog:licensesdialog:2.1.0) with ExtractAarTransform
Transforming licensesdialog-2.1.0.aar (de.psdev.licensesdialog:licensesdialog:2.1.0) with AarTransform
Transforming library-1.3.0.aar (me.zhanghai.android.fastscroll:library:1.3.0) with ExtractAarTransform
Transforming library-1.3.0.aar (me.zhanghai.android.fastscroll:library:1.3.0) with AarTransform
Transforming library-1.0.2.aar (me.zhanghai.android.foregroundcompat:library:1.0.2) with ExtractAarTransform
Transforming library-1.0.2.aar (me.zhanghai.android.foregroundcompat:library:1.0.2) with AarTransform
Transforming coil-gif-2.7.0.aar (io.coil-kt:coil-gif:2.7.0) with ExtractAarTransform
Transforming coil-gif-2.7.0.aar (io.coil-kt:coil-gif:2.7.0) with AarTransform
Transforming coil-2.7.0.aar (io.coil-kt:coil:2.7.0) with ExtractAarTransform
Transforming coil-2.7.0.aar (io.coil-kt:coil:2.7.0) with AarTransform
Transforming coil-svg-2.7.0.aar (io.coil-kt:coil-svg:2.7.0) with ExtractAarTransform
Transforming coil-svg-2.7.0.aar (io.coil-kt:coil-svg:2.7.0) with AarTransform
Transforming coil-video-2.7.0.aar (io.coil-kt:coil-video:2.7.0) with ExtractAarTransform
Transforming coil-video-2.7.0.aar (io.coil-kt:coil-video:2.7.0) with AarTransform
Transforming coil-base-2.7.0.aar (io.coil-kt:coil-base:2.7.0) with ExtractAarTransform
Transforming coil-base-2.7.0.aar (io.coil-kt:coil-base:2.7.0) with AarTransform
Transforming appcompat-resources-1.7.0.aar (androidx.appcompat:appcompat-resources:1.7.0) with ExtractAarTransform
Transforming appcompat-resources-1.7.0.aar (androidx.appcompat:appcompat-resources:1.7.0) with AarTransform
Transforming preferencex-1.1.0.aar (com.takisoft.preferencex:preferencex:1.1.0) with ExtractAarTransform
Transforming preferencex-1.1.0.aar (com.takisoft.preferencex:preferencex:1.1.0) with AarTransform
Transforming simplemenu-preference-1.0.3.aar (dev.rikka.rikkax.preference:simplemenu-preference:1.0.3) with ExtractAarTransform
Transforming simplemenu-preference-1.0.3.aar (dev.rikka.rikkax.preference:simplemenu-preference:1.0.3) with AarTransform
Transforming preference-1.2.1.aar (androidx.preference:preference:1.2.1) with ExtractAarTransform
Transforming preference-1.2.1.aar (androidx.preference:preference:1.2.1) with AarTransform
Transforming constraintlayout-2.0.1.aar (androidx.constraintlayout:constraintlayout:2.0.1) with ExtractAarTransform
Transforming constraintlayout-2.0.1.aar (androidx.constraintlayout:constraintlayout:2.0.1) with AarTransform
Transforming appcompat-1.7.0.aar (androidx.appcompat:appcompat:1.7.0) with ExtractAarTransform
Transforming appcompat-1.7.0.aar (androidx.appcompat:appcompat:1.7.0) with AarTransform
Transforming appcompat-1.7.0.aar (androidx.appcompat:appcompat:1.7.0) with ExtractAarTransform
Transforming appcompat-1.7.0.aar (androidx.appcompat:appcompat:1.7.0) with AarTransform
Transforming advrecyclerview-1.0.0.aar (com.h6ah4i.android.widget.advrecyclerview:advrecyclerview:1.0.0) with ExtractAarTransform
Transforming advrecyclerview-1.0.0.aar (com.h6ah4i.android.widget.advrecyclerview:advrecyclerview:1.0.0) with AarTransform
Transforming exoplayer-2.18.7.aar (com.google.android.exoplayer:exoplayer:2.18.7) with ExtractAarTransform
Transforming exoplayer-2.18.7.aar (com.google.android.exoplayer:exoplayer:2.18.7) with AarTransform
Transforming exoplayer-ui-2.18.7.aar (com.google.android.exoplayer:exoplayer-ui:2.18.7) with ExtractAarTransform
Transforming exoplayer-ui-2.18.7.aar (com.google.android.exoplayer:exoplayer-ui:2.18.7) with AarTransform
Transforming recyclerview-1.3.2.aar (androidx.recyclerview:recyclerview:1.3.2) with ExtractAarTransform
Transforming recyclerview-1.3.2.aar (androidx.recyclerview:recyclerview:1.3.2) with AarTransform
Transforming viewpager2-1.1.0-beta02.aar (androidx.viewpager2:viewpager2:1.1.0-beta02) with ExtractAarTransform
Transforming viewpager2-1.1.0-beta02.aar (androidx.viewpager2:viewpager2:1.1.0-beta02) with AarTransform
Transforming firebase-crashlytics-ndk-19.2.1.aar (com.google.firebase:firebase-crashlytics-ndk:19.2.1) with ExtractAarTransform
Transforming firebase-crashlytics-ndk-19.2.1.aar (com.google.firebase:firebase-crashlytics-ndk:19.2.1) with AarTransform
Transforming firebase-crashlytics-19.2.1.aar (com.google.firebase:firebase-crashlytics:19.2.1) with ExtractAarTransform
Transforming firebase-crashlytics-19.2.1.aar (com.google.firebase:firebase-crashlytics:19.2.1) with AarTransform
Transforming firebase-analytics-22.1.2.aar (com.google.firebase:firebase-analytics:22.1.2) with ExtractAarTransform
Transforming firebase-analytics-22.1.2.aar (com.google.firebase:firebase-analytics:22.1.2) with AarTransform
Transforming play-services-measurement-api-22.1.2.aar (com.google.android.gms:play-services-measurement-api:22.1.2) with ExtractAarTransform
Transforming play-services-measurement-api-22.1.2.aar (com.google.android.gms:play-services-measurement-api:22.1.2) with AarTransform
Transforming firebase-sessions-2.0.6.aar (com.google.firebase:firebase-sessions:2.0.6) with ExtractAarTransform
Transforming firebase-sessions-2.0.6.aar (com.google.firebase:firebase-sessions:2.0.6) with AarTransform
Transforming firebase-installations-18.0.0.aar (com.google.firebase:firebase-installations:18.0.0) with ExtractAarTransform
Transforming firebase-installations-18.0.0.aar (com.google.firebase:firebase-installations:18.0.0) with AarTransform
Transforming firebase-common-ktx-21.0.0.aar (com.google.firebase:firebase-common-ktx:21.0.0) with ExtractAarTransform
Transforming firebase-common-ktx-21.0.0.aar (com.google.firebase:firebase-common-ktx:21.0.0) with AarTransform
Transforming firebase-common-21.0.0.aar (com.google.firebase:firebase-common:21.0.0) with ExtractAarTransform
Transforming firebase-common-21.0.0.aar (com.google.firebase:firebase-common:21.0.0) with AarTransform
Transforming play-services-measurement-22.1.2.aar (com.google.android.gms:play-services-measurement:22.1.2) with ExtractAarTransform
Transforming play-services-measurement-22.1.2.aar (com.google.android.gms:play-services-measurement:22.1.2) with AarTransform
Transforming play-services-measurement-sdk-22.1.2.aar (com.google.android.gms:play-services-measurement-sdk:22.1.2) with ExtractAarTransform
Transforming play-services-measurement-sdk-22.1.2.aar (com.google.android.gms:play-services-measurement-sdk:22.1.2) with AarTransform
Transforming firebase-measurement-connector-20.0.1.aar (com.google.firebase:firebase-measurement-connector:20.0.1) with ExtractAarTransform
Transforming firebase-measurement-connector-20.0.1.aar (com.google.firebase:firebase-measurement-connector:20.0.1) with AarTransform
Transforming play-services-measurement-impl-22.1.2.aar (com.google.android.gms:play-services-measurement-impl:22.1.2) with ExtractAarTransform
Transforming play-services-measurement-impl-22.1.2.aar (com.google.android.gms:play-services-measurement-impl:22.1.2) with AarTransform
Transforming play-services-ads-identifier-18.0.0.aar (com.google.android.gms:play-services-ads-identifier:18.0.0) with ExtractAarTransform
Transforming play-services-ads-identifier-18.0.0.aar (com.google.android.gms:play-services-ads-identifier:18.0.0) with AarTransform
Transforming play-services-measurement-sdk-api-22.1.2.aar (com.google.android.gms:play-services-measurement-sdk-api:22.1.2) with ExtractAarTransform
Transforming play-services-measurement-sdk-api-22.1.2.aar (com.google.android.gms:play-services-measurement-sdk-api:22.1.2) with AarTransform
Transforming play-services-measurement-base-22.1.2.aar (com.google.android.gms:play-services-measurement-base:22.1.2) with ExtractAarTransform
Transforming play-services-measurement-base-22.1.2.aar (com.google.android.gms:play-services-measurement-base:22.1.2) with AarTransform
Transforming play-services-stats-17.0.2.aar (com.google.android.gms:play-services-stats:17.0.2) with ExtractAarTransform
Transforming play-services-stats-17.0.2.aar (com.google.android.gms:play-services-stats:17.0.2) with AarTransform
Transforming firebase-installations-interop-17.2.0.aar (com.google.firebase:firebase-installations-interop:17.2.0) with ExtractAarTransform
Transforming firebase-installations-interop-17.2.0.aar (com.google.firebase:firebase-installations-interop:17.2.0) with AarTransform
Transforming emoji2-views-helper-1.3.0.aar (androidx.emoji2:emoji2-views-helper:1.3.0) with ExtractAarTransform
Transforming emoji2-views-helper-1.3.0.aar (androidx.emoji2:emoji2-views-helper:1.3.0) with AarTransform
Transforming emoji2-1.3.0.aar (androidx.emoji2:emoji2:1.3.0) with ExtractAarTransform
Transforming emoji2-1.3.0.aar (androidx.emoji2:emoji2:1.3.0) with AarTransform
Transforming activity-1.9.3.aar (androidx.activity:activity:1.9.3) with ExtractAarTransform
Transforming activity-1.9.3.aar (androidx.activity:activity:1.9.3) with AarTransform
Transforming customview-poolingcontainer-1.0.0.aar (androidx.customview:customview-poolingcontainer:1.0.0) with ExtractAarTransform
Transforming customview-poolingcontainer-1.0.0.aar (androidx.customview:customview-poolingcontainer:1.0.0) with AarTransform
Transforming ads-adservices-java-1.0.0-beta05.aar (androidx.privacysandbox.ads:ads-adservices-java:1.0.0-beta05) with ExtractAarTransform
Transforming ads-adservices-java-1.0.0-beta05.aar (androidx.privacysandbox.ads:ads-adservices-java:1.0.0-beta05) with AarTransform
Transforming ads-adservices-1.0.0-beta05.aar (androidx.privacysandbox.ads:ads-adservices:1.0.0-beta05) with ExtractAarTransform
Transforming ads-adservices-1.0.0-beta05.aar (androidx.privacysandbox.ads:ads-adservices:1.0.0-beta05) with AarTransform
Transforming ads-adservices-1.0.0-beta05.aar (androidx.privacysandbox.ads:ads-adservices:1.0.0-beta05) with ExtractAarTransform
Transforming ads-adservices-1.0.0-beta05.aar (androidx.privacysandbox.ads:ads-adservices:1.0.0-beta05) with AarTransform
Transforming core-ktx-1.15.0.aar (androidx.core:core-ktx:1.15.0) with ExtractAarTransform
Transforming core-ktx-1.15.0.aar (androidx.core:core-ktx:1.15.0) with AarTransform
Transforming drawerlayout-1.2.0.aar (androidx.drawerlayout:drawerlayout:1.2.0) with ExtractAarTransform
Transforming drawerlayout-1.2.0.aar (androidx.drawerlayout:drawerlayout:1.2.0) with AarTransform
Transforming swiperefreshlayout-1.1.0.aar (androidx.swiperefreshlayout:swiperefreshlayout:1.1.0) with ExtractAarTransform
Transforming swiperefreshlayout-1.1.0.aar (androidx.swiperefreshlayout:swiperefreshlayout:1.1.0) with AarTransform
Transforming materialshadowninepatch-1.0.0.aar (com.h6ah4i.android.materialshadowninepatch:materialshadowninepatch:1.0.0) with ExtractAarTransform
Transforming materialshadowninepatch-1.0.0.aar (com.h6ah4i.android.materialshadowninepatch:materialshadowninepatch:1.0.0) with AarTransform
Transforming insetter-ktx-0.3.1.aar (dev.chrisbanes:insetter-ktx:0.3.1) with ExtractAarTransform
Transforming insetter-ktx-0.3.1.aar (dev.chrisbanes:insetter-ktx:0.3.1) with AarTransform
Transforming exoplayer-dash-2.18.7.aar (com.google.android.exoplayer:exoplayer-dash:2.18.7) with ExtractAarTransform
Transforming exoplayer-dash-2.18.7.aar (com.google.android.exoplayer:exoplayer-dash:2.18.7) with AarTransform
Transforming exoplayer-hls-2.18.7.aar (com.google.android.exoplayer:exoplayer-hls:2.18.7) with ExtractAarTransform
Transforming exoplayer-hls-2.18.7.aar (com.google.android.exoplayer:exoplayer-hls:2.18.7) with AarTransform
Transforming exoplayer-rtsp-2.18.7.aar (com.google.android.exoplayer:exoplayer-rtsp:2.18.7) with ExtractAarTransform
Transforming exoplayer-rtsp-2.18.7.aar (com.google.android.exoplayer:exoplayer-rtsp:2.18.7) with AarTransform
Transforming exoplayer-smoothstreaming-2.18.7.aar (com.google.android.exoplayer:exoplayer-smoothstreaming:2.18.7) with ExtractAarTransform
Transforming exoplayer-smoothstreaming-2.18.7.aar (com.google.android.exoplayer:exoplayer-smoothstreaming:2.18.7) with AarTransform
Transforming exoplayer-core-2.18.7.aar (com.google.android.exoplayer:exoplayer-core:2.18.7) with ExtractAarTransform
Transforming exoplayer-core-2.18.7.aar (com.google.android.exoplayer:exoplayer-core:2.18.7) with AarTransform
Transforming coordinatorlayout-1.1.0.aar (androidx.coordinatorlayout:coordinatorlayout:1.1.0) with ExtractAarTransform
Transforming coordinatorlayout-1.1.0.aar (androidx.coordinatorlayout:coordinatorlayout:1.1.0) with AarTransform
Transforming viewpager-1.0.0.aar (androidx.viewpager:viewpager:1.0.0) with ExtractAarTransform
Transforming viewpager-1.0.0.aar (androidx.viewpager:viewpager:1.0.0) with AarTransform
Transforming slidingpanelayout-1.2.0.aar (androidx.slidingpanelayout:slidingpanelayout:1.2.0) with ExtractAarTransform
Transforming slidingpanelayout-1.2.0.aar (androidx.slidingpanelayout:slidingpanelayout:1.2.0) with AarTransform
Transforming customview-1.1.0.aar (androidx.customview:customview:1.1.0) with ExtractAarTransform
Transforming customview-1.1.0.aar (androidx.customview:customview:1.1.0) with AarTransform
Transforming customview-1.1.0.aar (androidx.customview:customview:1.1.0) with ExtractAarTransform
Transforming customview-1.1.0.aar (androidx.customview:customview:1.1.0) with AarTransform
Transforming transition-1.5.0.aar (androidx.transition:transition:1.5.0) with ExtractAarTransform
Transforming transition-1.5.0.aar (androidx.transition:transition:1.5.0) with AarTransform
Transforming dynamicanimation-1.0.0.aar (androidx.dynamicanimation:dynamicanimation:1.0.0) with ExtractAarTransform
Transforming dynamicanimation-1.0.0.aar (androidx.dynamicanimation:dynamicanimation:1.0.0) with AarTransform
Transforming vectordrawable-animated-1.1.0.aar (androidx.vectordrawable:vectordrawable-animated:1.1.0) with ExtractAarTransform
Transforming vectordrawable-animated-1.1.0.aar (androidx.vectordrawable:vectordrawable-animated:1.1.0) with AarTransform
Transforming vectordrawable-1.1.0.aar (androidx.vectordrawable:vectordrawable:1.1.0) with ExtractAarTransform
Transforming vectordrawable-1.1.0.aar (androidx.vectordrawable:vectordrawable:1.1.0) with AarTransform
Transforming vectordrawable-1.1.0.aar (androidx.vectordrawable:vectordrawable:1.1.0) with ExtractAarTransform
Transforming vectordrawable-1.1.0.aar (androidx.vectordrawable:vectordrawable:1.1.0) with AarTransform
Transforming insetter-0.3.1.aar (dev.chrisbanes:insetter:0.3.1) with ExtractAarTransform
Transforming insetter-0.3.1.aar (dev.chrisbanes:insetter:0.3.1) with AarTransform
Transforming media-1.6.0.aar (androidx.media:media:1.6.0) with ExtractAarTransform
Transforming media-1.6.0.aar (androidx.media:media:1.6.0) with AarTransform
Transforming legacy-support-core-utils-1.0.0.aar (androidx.legacy:legacy-support-core-utils:1.0.0) with ExtractAarTransform
Transforming legacy-support-core-utils-1.0.0.aar (androidx.legacy:legacy-support-core-utils:1.0.0) with AarTransform
Transforming loader-1.0.0.aar (androidx.loader:loader:1.0.0) with ExtractAarTransform
Transforming loader-1.0.0.aar (androidx.loader:loader:1.0.0) with AarTransform
Transforming loader-1.0.0.aar (androidx.loader:loader:1.0.0) with ExtractAarTransform
Transforming loader-1.0.0.aar (androidx.loader:loader:1.0.0) with AarTransform
Transforming window-1.0.0.aar (androidx.window:window:1.0.0) with ExtractAarTransform
Transforming window-1.0.0.aar (androidx.window:window:1.0.0) with AarTransform
Transforming play-services-base-18.5.0.aar (com.google.android.gms:play-services-base:18.5.0) with ExtractAarTransform
Transforming play-services-base-18.5.0.aar (com.google.android.gms:play-services-base:18.5.0) with AarTransform
Transforming core-1.15.0.aar (androidx.core:core:1.15.0) with ExtractAarTransform
Transforming core-1.15.0.aar (androidx.core:core:1.15.0) with AarTransform
Transforming core-1.15.0.aar (androidx.core:core:1.15.0) with ExtractAarTransform
Transforming core-1.15.0.aar (androidx.core:core:1.15.0) with AarTransform
Transforming savedstate-ktx-1.2.1.aar (androidx.savedstate:savedstate-ktx:1.2.1) with ExtractAarTransform
Transforming savedstate-ktx-1.2.1.aar (androidx.savedstate:savedstate-ktx:1.2.1) with AarTransform
Transforming savedstate-1.2.1.aar (androidx.savedstate:savedstate:1.2.1) with ExtractAarTransform
Transforming savedstate-1.2.1.aar (androidx.savedstate:savedstate:1.2.1) with AarTransform
Transforming lifecycle-viewmodel-2.8.7.aar (androidx.lifecycle:lifecycle-viewmodel:2.8.7) with ExtractAarTransform
Transforming lifecycle-viewmodel-2.8.7.aar (androidx.lifecycle:lifecycle-viewmodel:2.8.7) with AarTransform
Transforming lifecycle-viewmodel-release.aar (androidx.lifecycle:lifecycle-viewmodel-android:2.8.7) with ExtractAarTransform
Transforming lifecycle-viewmodel-release.aar (androidx.lifecycle:lifecycle-viewmodel-android:2.8.7) with AarTransform
Transforming lifecycle-runtime-release.aar (androidx.lifecycle:lifecycle-runtime-android:2.8.7) with ExtractAarTransform
Transforming lifecycle-runtime-release.aar (androidx.lifecycle:lifecycle-runtime-android:2.8.7) with AarTransform
Transforming lifecycle-livedata-core-2.8.7.aar (androidx.lifecycle:lifecycle-livedata-core:2.8.7) with ExtractAarTransform
Transforming lifecycle-livedata-core-2.8.7.aar (androidx.lifecycle:lifecycle-livedata-core:2.8.7) with AarTransform
Transforming lifecycle-viewmodel-savedstate-2.8.7.aar (androidx.lifecycle:lifecycle-viewmodel-savedstate:2.8.7) with ExtractAarTransform
Transforming lifecycle-viewmodel-savedstate-2.8.7.aar (androidx.lifecycle:lifecycle-viewmodel-savedstate:2.8.7) with AarTransform
Transforming lifecycle-runtime-ktx-release.aar (androidx.lifecycle:lifecycle-runtime-ktx-android:2.8.7) with ExtractAarTransform
Transforming lifecycle-runtime-ktx-release.aar (androidx.lifecycle:lifecycle-runtime-ktx-android:2.8.7) with AarTransform
Transforming lifecycle-livedata-2.8.7.aar (androidx.lifecycle:lifecycle-livedata:2.8.7) with ExtractAarTransform
Transforming lifecycle-livedata-2.8.7.aar (androidx.lifecycle:lifecycle-livedata:2.8.7) with AarTransform
Transforming lifecycle-livedata-2.8.7.aar (androidx.lifecycle:lifecycle-livedata:2.8.7) with ExtractAarTransform
Transforming lifecycle-livedata-2.8.7.aar (androidx.lifecycle:lifecycle-livedata:2.8.7) with AarTransform
Transforming lifecycle-livedata-core-ktx-2.8.7.aar (androidx.lifecycle:lifecycle-livedata-core-ktx:2.8.7) with ExtractAarTransform
Transforming lifecycle-livedata-core-ktx-2.8.7.aar (androidx.lifecycle:lifecycle-livedata-core-ktx:2.8.7) with AarTransform
Transforming lifecycle-process-2.8.7.aar (androidx.lifecycle:lifecycle-process:2.8.7) with ExtractAarTransform
Transforming lifecycle-process-2.8.7.aar (androidx.lifecycle:lifecycle-process:2.8.7) with AarTransform
Transforming lifecycle-livedata-ktx-2.8.7.aar (androidx.lifecycle:lifecycle-livedata-ktx:2.8.7) with ExtractAarTransform
Transforming lifecycle-livedata-ktx-2.8.7.aar (androidx.lifecycle:lifecycle-livedata-ktx:2.8.7) with AarTransform
Transforming datastore-preferences-1.0.0.aar (androidx.datastore:datastore-preferences:1.0.0) with ExtractAarTransform
Transforming datastore-preferences-1.0.0.aar (androidx.datastore:datastore-preferences:1.0.0) with AarTransform
Transforming datastore-1.0.0.aar (androidx.datastore:datastore:1.0.0) with ExtractAarTransform
Transforming datastore-1.0.0.aar (androidx.datastore:datastore:1.0.0) with AarTransform
Transforming play-services-tasks-18.2.0.aar (com.google.android.gms:play-services-tasks:18.2.0) with ExtractAarTransform
Transforming play-services-tasks-18.2.0.aar (com.google.android.gms:play-services-tasks:18.2.0) with AarTransform
Transforming play-services-tasks-18.2.0.aar (com.google.android.gms:play-services-tasks:18.2.0) with ExtractAarTransform
Transforming play-services-tasks-18.2.0.aar (com.google.android.gms:play-services-tasks:18.2.0) with AarTransform
Transforming play-services-basement-18.4.0.aar (com.google.android.gms:play-services-basement:18.4.0) with ExtractAarTransform
Transforming play-services-basement-18.4.0.aar (com.google.android.gms:play-services-basement:18.4.0) with AarTransform
Transforming fragment-1.8.5.aar (androidx.fragment:fragment:1.8.5) with ExtractAarTransform
Transforming fragment-1.8.5.aar (androidx.fragment:fragment:1.8.5) with AarTransform
Transforming fragment-1.8.5.aar (androidx.fragment:fragment:1.8.5) with ExtractAarTransform
Transforming fragment-1.8.5.aar (androidx.fragment:fragment:1.8.5) with AarTransform
Transforming fragment-ktx-1.8.5.aar (androidx.fragment:fragment-ktx:1.8.5) with ExtractAarTransform
Transforming fragment-ktx-1.8.5.aar (androidx.fragment:fragment-ktx:1.8.5) with AarTransform
Transforming activity-ktx-1.9.3.aar (androidx.activity:activity-ktx:1.9.3) with ExtractAarTransform
Transforming activity-ktx-1.9.3.aar (androidx.activity:activity-ktx:1.9.3) with AarTransform
Transforming lifecycle-viewmodel-ktx-2.8.7.aar (androidx.lifecycle:lifecycle-viewmodel-ktx:2.8.7) with ExtractAarTransform
Transforming lifecycle-viewmodel-ktx-2.8.7.aar (androidx.lifecycle:lifecycle-viewmodel-ktx:2.8.7) with AarTransform
Transforming room-runtime-2.6.1.aar (androidx.room:room-runtime:2.6.1) with ExtractAarTransform
Transforming room-runtime-2.6.1.aar (androidx.room:room-runtime:2.6.1) with AarTransform
Transforming room-ktx-2.6.1.aar (androidx.room:room-ktx:2.6.1) with ExtractAarTransform
Transforming room-ktx-2.6.1.aar (androidx.room:room-ktx:2.6.1) with AarTransform
Transforming sqlite-framework-2.4.0.aar (androidx.sqlite:sqlite-framework:2.4.0) with ExtractAarTransform
Transforming sqlite-framework-2.4.0.aar (androidx.sqlite:sqlite-framework:2.4.0) with AarTransform
Transforming sqlite-2.4.0.aar (androidx.sqlite:sqlite:2.4.0) with ExtractAarTransform
Transforming sqlite-2.4.0.aar (androidx.sqlite:sqlite:2.4.0) with AarTransform
Transforming annotation-experimental-1.4.1.aar (androidx.annotation:annotation-experimental:1.4.1) with ExtractAarTransform
Transforming annotation-experimental-1.4.1.aar (androidx.annotation:annotation-experimental:1.4.1) with AarTransform
Transforming exifinterface-1.3.7.aar (androidx.exifinterface:exifinterface:1.3.7) with ExtractAarTransform
Transforming exifinterface-1.3.7.aar (androidx.exifinterface:exifinterface:1.3.7) with AarTransform
Transforming api-13.1.5.aar (dev.rikka.shizuku:api:13.1.5) with ExtractAarTransform
Transforming api-13.1.5.aar (dev.rikka.shizuku:api:13.1.5) with AarTransform
Transforming appiconloader-1.5.0.aar (me.zhanghai.android.appiconloader:appiconloader:1.5.0) with ExtractAarTransform
Transforming appiconloader-1.5.0.aar (me.zhanghai.android.appiconloader:appiconloader:1.5.0) with AarTransform
Transforming library-1.1.4.aar (me.zhanghai.android.libarchive:library:1.1.4) with ExtractAarTransform
Transforming library-1.1.4.aar (me.zhanghai.android.libarchive:library:1.1.4) with AarTransform
Transforming library-2.1.0.aar (me.zhanghai.android.libselinux:library:2.1.0) with ExtractAarTransform
Transforming library-2.1.0.aar (me.zhanghai.android.libselinux:library:2.1.0) with AarTransform
Transforming cursoradapter-1.0.0.aar (androidx.cursoradapter:cursoradapter:1.0.0) with ExtractAarTransform
Transforming cursoradapter-1.0.0.aar (androidx.cursoradapter:cursoradapter:1.0.0) with AarTransform
Transforming profileinstaller-1.3.1.aar (androidx.profileinstaller:profileinstaller:1.3.1) with ExtractAarTransform
Transforming profileinstaller-1.3.1.aar (androidx.profileinstaller:profileinstaller:1.3.1) with AarTransform
Transforming startup-runtime-1.1.1.aar (androidx.startup:startup-runtime:1.1.1) with ExtractAarTransform
Transforming startup-runtime-1.1.1.aar (androidx.startup:startup-runtime:1.1.1) with AarTransform
Transforming interpolator-1.0.0.aar (androidx.interpolator:interpolator:1.0.0) with ExtractAarTransform
Transforming interpolator-1.0.0.aar (androidx.interpolator:interpolator:1.0.0) with AarTransform
Transforming interpolator-1.0.0.aar (androidx.interpolator:interpolator:1.0.0) with ExtractAarTransform
Transforming interpolator-1.0.0.aar (androidx.interpolator:interpolator:1.0.0) with AarTransform
Transforming cardview-1.0.0.aar (androidx.cardview:cardview:1.0.0) with ExtractAarTransform
Transforming cardview-1.0.0.aar (androidx.cardview:cardview:1.0.0) with AarTransform
Transforming shared-13.1.5.aar (dev.rikka.shizuku:shared:13.1.5) with ExtractAarTransform
Transforming shared-13.1.5.aar (dev.rikka.shizuku:shared:13.1.5) with AarTransform
Transforming appiconloader-iconloaderlib-1.5.0.aar (me.zhanghai.android.appiconloader:appiconloader-iconloaderlib:1.5.0) with ExtractAarTransform
Transforming appiconloader-iconloaderlib-1.5.0.aar (me.zhanghai.android.appiconloader:appiconloader-iconloaderlib:1.5.0) with AarTransform
Transforming core-runtime-2.2.0.aar (androidx.arch.core:core-runtime:2.2.0) with ExtractAarTransform
Transforming core-runtime-2.2.0.aar (androidx.arch.core:core-runtime:2.2.0) with AarTransform
Transforming exoplayer-datasource-2.18.7.aar (com.google.android.exoplayer:exoplayer-datasource:2.18.7) with ExtractAarTransform
Transforming exoplayer-datasource-2.18.7.aar (com.google.android.exoplayer:exoplayer-datasource:2.18.7) with AarTransform
Transforming exoplayer-extractor-2.18.7.aar (com.google.android.exoplayer:exoplayer-extractor:2.18.7) with ExtractAarTransform
Transforming exoplayer-extractor-2.18.7.aar (com.google.android.exoplayer:exoplayer-extractor:2.18.7) with AarTransform
Transforming exoplayer-decoder-2.18.7.aar (com.google.android.exoplayer:exoplayer-decoder:2.18.7) with ExtractAarTransform
Transforming exoplayer-decoder-2.18.7.aar (com.google.android.exoplayer:exoplayer-decoder:2.18.7) with AarTransform
Transforming exoplayer-database-2.18.7.aar (com.google.android.exoplayer:exoplayer-database:2.18.7) with ExtractAarTransform
Transforming exoplayer-database-2.18.7.aar (com.google.android.exoplayer:exoplayer-database:2.18.7) with AarTransform
Transforming exoplayer-common-2.18.7.aar (com.google.android.exoplayer:exoplayer-common:2.18.7) with ExtractAarTransform
Transforming exoplayer-common-2.18.7.aar (com.google.android.exoplayer:exoplayer-common:2.18.7) with AarTransform
Transforming firebase-components-18.0.0.aar (com.google.firebase:firebase-components:18.0.0) with ExtractAarTransform
Transforming firebase-components-18.0.0.aar (com.google.firebase:firebase-components:18.0.0) with AarTransform
Transforming tracing-1.2.0.aar (androidx.tracing:tracing:1.2.0) with ExtractAarTransform
Transforming tracing-1.2.0.aar (androidx.tracing:tracing:1.2.0) with AarTransform
Transforming versionedparcelable-1.1.1.aar (androidx.versionedparcelable:versionedparcelable:1.1.1) with ExtractAarTransform
Transforming versionedparcelable-1.1.1.aar (androidx.versionedparcelable:versionedparcelable:1.1.1) with AarTransform
Transforming firebase-config-interop-16.0.1.aar (com.google.firebase:firebase-config-interop:16.0.1) with ExtractAarTransform
Transforming firebase-config-interop-16.0.1.aar (com.google.firebase:firebase-config-interop:16.0.1) with AarTransform
Transforming firebase-datatransport-19.0.0.aar (com.google.firebase:firebase-datatransport:19.0.0) with ExtractAarTransform
Transforming firebase-datatransport-19.0.0.aar (com.google.firebase:firebase-datatransport:19.0.0) with AarTransform
Transforming transport-backend-cct-3.3.0.aar (com.google.android.datatransport:transport-backend-cct:3.3.0) with ExtractAarTransform
Transforming transport-backend-cct-3.3.0.aar (com.google.android.datatransport:transport-backend-cct:3.3.0) with AarTransform
Transforming firebase-encoders-json-18.0.1.aar (com.google.firebase:firebase-encoders-json:18.0.1) with ExtractAarTransform
Transforming firebase-encoders-json-18.0.1.aar (com.google.firebase:firebase-encoders-json:18.0.1) with AarTransform
Transforming transport-runtime-3.3.0.aar (com.google.android.datatransport:transport-runtime:3.3.0) with ExtractAarTransform
Transforming transport-runtime-3.3.0.aar (com.google.android.datatransport:transport-runtime:3.3.0) with AarTransform
Transforming transport-api-3.2.0.aar (com.google.android.datatransport:transport-api:3.2.0) with ExtractAarTransform
Transforming transport-api-3.2.0.aar (com.google.android.datatransport:transport-api:3.2.0) with AarTransform
Transforming documentfile-1.0.0.aar (androidx.documentfile:documentfile:1.0.0) with ExtractAarTransform
Transforming documentfile-1.0.0.aar (androidx.documentfile:documentfile:1.0.0) with AarTransform
Transforming localbroadcastmanager-1.0.0.aar (androidx.localbroadcastmanager:localbroadcastmanager:1.0.0) with ExtractAarTransform
Transforming localbroadcastmanager-1.0.0.aar (androidx.localbroadcastmanager:localbroadcastmanager:1.0.0) with AarTransform
Transforming print-1.0.0.aar (androidx.print:print:1.0.0) with ExtractAarTransform
Transforming print-1.0.0.aar (androidx.print:print:1.0.0) with AarTransform
Transforming androidsvg-aar-1.4.aar (com.caverock:androidsvg-aar:1.4) with ExtractAarTransform
Transforming androidsvg-aar-1.4.aar (com.caverock:androidsvg-aar:1.4) with AarTransform
Transforming drawer-1.0.3.aar (com.drakeet.drawer:drawer:1.0.3) with ExtractAarTransform
Transforming drawer-1.0.3.aar (com.drakeet.drawer:drawer:1.0.3) with AarTransform
Transforming library-1.2.0.aar (me.zhanghai.android.retrofile:library:1.2.0) with ExtractAarTransform
Transforming library-1.2.0.aar (me.zhanghai.android.retrofile:library:1.2.0) with AarTransform
Transforming library-1.0.0.aar (me.zhanghai.android.systemuihelper:library:1.0.0) with ExtractAarTransform
Transforming library-1.0.0.aar (me.zhanghai.android.systemuihelper:library:1.0.0) with AarTransform
Transforming HoloColorPicker-1.5.aar (com.larswerkman:HoloColorPicker:1.5) with ExtractAarTransform
Transforming HoloColorPicker-1.5.aar (com.larswerkman:HoloColorPicker:1.5) with AarTransform
Transforming core-5.2.2.aar (com.github.topjohnwu.libsu:core:5.2.2) with ExtractAarTransform
Transforming core-5.2.2.aar (com.github.topjohnwu.libsu:core:5.2.2) with AarTransform
Transforming aidl-13.1.5.aar (dev.rikka.shizuku:aidl:13.1.5) with ExtractAarTransform
Transforming aidl-13.1.5.aar (dev.rikka.shizuku:aidl:13.1.5) with AarTransform
Caching disabled for task ':app:mergeDebugResources' because:
  Build cache is disabled
Skipping task ':app:mergeDebugResources' as it is up-to-date.
Resolve mutations for :app:packageDebugResources (Thread[Execution worker Thread 5,5,main]) started.
:app:packageDebugResources (Thread[Execution worker Thread 5,5,main]) started.

> Task :app:packageDebugResources UP-TO-DATE
Caching disabled for task ':app:packageDebugResources' because:
  Build cache is disabled
Skipping task ':app:packageDebugResources' as it is up-to-date.
Resolve mutations for :app:parseDebugLocalResources (Thread[Execution worker Thread 5,5,main]) started.
:app:parseDebugLocalResources (Thread[Execution worker Thread 5,5,main]) started.

> Task :app:parseDebugLocalResources UP-TO-DATE
Transforming android.jar with PlatformAttrTransform
Transforming android.jar with PlatformAttrTransform
Caching disabled for task ':app:parseDebugLocalResources' because:
  Build cache is disabled
Skipping task ':app:parseDebugLocalResources' as it is up-to-date.
Resolve mutations for :app:dataBindingGenBaseClassesDebug (Thread[Execution worker Thread 5,5,main]) started.
:app:dataBindingGenBaseClassesDebug (Thread[Execution worker Thread 5,5,main]) started.

> Task :app:dataBindingGenBaseClassesDebug UP-TO-DATE
file or directory 'E:\For Safe Keeping\WEB REF\MaterialFiles\app\libs', not found
file or directory 'E:\For Safe Keeping\WEB REF\MaterialFiles\app\libs', not found
Transforming viewbinding-8.5.0.aar (androidx.databinding:viewbinding:8.5.0) with ExtractAarTransform
Transforming viewbinding-8.5.0.aar (androidx.databinding:viewbinding:8.5.0) with LibrarySymbolTableTransform
Transforming PhotoView-2.3.0.aar (com.github.chrisbanes:PhotoView:2.3.0) with ExtractAarTransform
Transforming PhotoView-2.3.0.aar (com.github.chrisbanes:PhotoView:2.3.0) with LibrarySymbolTableTransform
Transforming service-5.2.2.aar (com.github.topjohnwu.libsu:service:5.2.2) with ExtractAarTransform
Transforming service-5.2.2.aar (com.github.topjohnwu.libsu:service:5.2.2) with LibrarySymbolTableTransform
Transforming preference-ktx-1.2.1.aar (androidx.preference:preference-ktx:1.2.1) with ExtractAarTransform
Transforming preference-ktx-1.2.1.aar (androidx.preference:preference-ktx:1.2.1) with LibrarySymbolTableTransform
Transforming speed-dial-3.3.0.aar (com.leinardi.android:speed-dial:3.3.0) with ExtractAarTransform
Transforming speed-dial-3.3.0.aar (com.leinardi.android:speed-dial:3.3.0) with LibrarySymbolTableTransform
Transforming material-1.12.0.aar (com.google.android.material:material:1.12.0) with ExtractAarTransform
Transforming material-1.12.0.aar (com.google.android.material:material:1.12.0) with LibrarySymbolTableTransform
Transforming subsampling-scale-image-view-androidx-3.10.0.aar (com.davemorrissey.labs:subsampling-scale-image-view-androidx:3.10.0) with ExtractAarTransform
Transforming subsampling-scale-image-view-androidx-3.10.0.aar (com.davemorrissey.labs:subsampling-scale-image-view-androidx:3.10.0) with LibrarySymbolTableTransform
Transforming licensesdialog-2.1.0.aar (de.psdev.licensesdialog:licensesdialog:2.1.0) with ExtractAarTransform
Transforming licensesdialog-2.1.0.aar (de.psdev.licensesdialog:licensesdialog:2.1.0) with LibrarySymbolTableTransform
Transforming library-1.3.0.aar (me.zhanghai.android.fastscroll:library:1.3.0) with ExtractAarTransform
Transforming library-1.3.0.aar (me.zhanghai.android.fastscroll:library:1.3.0) with LibrarySymbolTableTransform
Transforming library-1.0.2.aar (me.zhanghai.android.foregroundcompat:library:1.0.2) with ExtractAarTransform
Transforming library-1.0.2.aar (me.zhanghai.android.foregroundcompat:library:1.0.2) with LibrarySymbolTableTransform
Transforming coil-gif-2.7.0.aar (io.coil-kt:coil-gif:2.7.0) with ExtractAarTransform
Transforming coil-gif-2.7.0.aar (io.coil-kt:coil-gif:2.7.0) with LibrarySymbolTableTransform
Transforming coil-2.7.0.aar (io.coil-kt:coil:2.7.0) with ExtractAarTransform
Transforming coil-2.7.0.aar (io.coil-kt:coil:2.7.0) with LibrarySymbolTableTransform
Transforming coil-svg-2.7.0.aar (io.coil-kt:coil-svg:2.7.0) with ExtractAarTransform
Transforming coil-svg-2.7.0.aar (io.coil-kt:coil-svg:2.7.0) with LibrarySymbolTableTransform
Transforming coil-video-2.7.0.aar (io.coil-kt:coil-video:2.7.0) with ExtractAarTransform
Transforming coil-video-2.7.0.aar (io.coil-kt:coil-video:2.7.0) with LibrarySymbolTableTransform
Transforming coil-base-2.7.0.aar (io.coil-kt:coil-base:2.7.0) with ExtractAarTransform
Transforming coil-base-2.7.0.aar (io.coil-kt:coil-base:2.7.0) with LibrarySymbolTableTransform
Transforming appcompat-resources-1.7.0.aar (androidx.appcompat:appcompat-resources:1.7.0) with ExtractAarTransform
Transforming appcompat-resources-1.7.0.aar (androidx.appcompat:appcompat-resources:1.7.0) with LibrarySymbolTableTransform
Transforming preferencex-1.1.0.aar (com.takisoft.preferencex:preferencex:1.1.0) with ExtractAarTransform
Transforming preferencex-1.1.0.aar (com.takisoft.preferencex:preferencex:1.1.0) with LibrarySymbolTableTransform
Transforming simplemenu-preference-1.0.3.aar (dev.rikka.rikkax.preference:simplemenu-preference:1.0.3) with ExtractAarTransform
Transforming simplemenu-preference-1.0.3.aar (dev.rikka.rikkax.preference:simplemenu-preference:1.0.3) with LibrarySymbolTableTransform
Transforming preference-1.2.1.aar (androidx.preference:preference:1.2.1) with ExtractAarTransform
Transforming preference-1.2.1.aar (androidx.preference:preference:1.2.1) with LibrarySymbolTableTransform
Transforming constraintlayout-2.0.1.aar (androidx.constraintlayout:constraintlayout:2.0.1) with ExtractAarTransform
Transforming constraintlayout-2.0.1.aar (androidx.constraintlayout:constraintlayout:2.0.1) with LibrarySymbolTableTransform
Transforming appcompat-1.7.0.aar (androidx.appcompat:appcompat:1.7.0) with ExtractAarTransform
Transforming appcompat-1.7.0.aar (androidx.appcompat:appcompat:1.7.0) with LibrarySymbolTableTransform
Transforming appcompat-1.7.0.aar (androidx.appcompat:appcompat:1.7.0) with ExtractAarTransform
Transforming appcompat-1.7.0.aar (androidx.appcompat:appcompat:1.7.0) with LibrarySymbolTableTransform
Transforming advrecyclerview-1.0.0.aar (com.h6ah4i.android.widget.advrecyclerview:advrecyclerview:1.0.0) with ExtractAarTransform
Transforming advrecyclerview-1.0.0.aar (com.h6ah4i.android.widget.advrecyclerview:advrecyclerview:1.0.0) with LibrarySymbolTableTransform
Transforming exoplayer-2.18.7.aar (com.google.android.exoplayer:exoplayer:2.18.7) with ExtractAarTransform
Transforming exoplayer-2.18.7.aar (com.google.android.exoplayer:exoplayer:2.18.7) with LibrarySymbolTableTransform
Transforming exoplayer-ui-2.18.7.aar (com.google.android.exoplayer:exoplayer-ui:2.18.7) with ExtractAarTransform
Transforming exoplayer-ui-2.18.7.aar (com.google.android.exoplayer:exoplayer-ui:2.18.7) with LibrarySymbolTableTransform
Transforming recyclerview-1.3.2.aar (androidx.recyclerview:recyclerview:1.3.2) with ExtractAarTransform
Transforming recyclerview-1.3.2.aar (androidx.recyclerview:recyclerview:1.3.2) with LibrarySymbolTableTransform
Transforming viewpager2-1.1.0-beta02.aar (androidx.viewpager2:viewpager2:1.1.0-beta02) with ExtractAarTransform
Transforming viewpager2-1.1.0-beta02.aar (androidx.viewpager2:viewpager2:1.1.0-beta02) with LibrarySymbolTableTransform
Transforming firebase-crashlytics-ndk-19.2.1.aar (com.google.firebase:firebase-crashlytics-ndk:19.2.1) with ExtractAarTransform
Transforming firebase-crashlytics-ndk-19.2.1.aar (com.google.firebase:firebase-crashlytics-ndk:19.2.1) with LibrarySymbolTableTransform
Transforming firebase-crashlytics-19.2.1.aar (com.google.firebase:firebase-crashlytics:19.2.1) with ExtractAarTransform
Transforming firebase-crashlytics-19.2.1.aar (com.google.firebase:firebase-crashlytics:19.2.1) with LibrarySymbolTableTransform
Transforming firebase-analytics-22.1.2.aar (com.google.firebase:firebase-analytics:22.1.2) with ExtractAarTransform
Transforming firebase-analytics-22.1.2.aar (com.google.firebase:firebase-analytics:22.1.2) with LibrarySymbolTableTransform
Transforming play-services-measurement-api-22.1.2.aar (com.google.android.gms:play-services-measurement-api:22.1.2) with ExtractAarTransform
Transforming play-services-measurement-api-22.1.2.aar (com.google.android.gms:play-services-measurement-api:22.1.2) with LibrarySymbolTableTransform
Transforming firebase-sessions-2.0.6.aar (com.google.firebase:firebase-sessions:2.0.6) with ExtractAarTransform
Transforming firebase-sessions-2.0.6.aar (com.google.firebase:firebase-sessions:2.0.6) with LibrarySymbolTableTransform
Transforming firebase-installations-18.0.0.aar (com.google.firebase:firebase-installations:18.0.0) with ExtractAarTransform
Transforming firebase-installations-18.0.0.aar (com.google.firebase:firebase-installations:18.0.0) with LibrarySymbolTableTransform
Transforming firebase-common-ktx-21.0.0.aar (com.google.firebase:firebase-common-ktx:21.0.0) with ExtractAarTransform
Transforming firebase-common-ktx-21.0.0.aar (com.google.firebase:firebase-common-ktx:21.0.0) with LibrarySymbolTableTransform
Transforming firebase-common-21.0.0.aar (com.google.firebase:firebase-common:21.0.0) with ExtractAarTransform
Transforming firebase-common-21.0.0.aar (com.google.firebase:firebase-common:21.0.0) with LibrarySymbolTableTransform
Transforming play-services-measurement-22.1.2.aar (com.google.android.gms:play-services-measurement:22.1.2) with ExtractAarTransform
Transforming play-services-measurement-22.1.2.aar (com.google.android.gms:play-services-measurement:22.1.2) with LibrarySymbolTableTransform
Transforming play-services-measurement-sdk-22.1.2.aar (com.google.android.gms:play-services-measurement-sdk:22.1.2) with ExtractAarTransform
Transforming play-services-measurement-sdk-22.1.2.aar (com.google.android.gms:play-services-measurement-sdk:22.1.2) with LibrarySymbolTableTransform
Transforming firebase-measurement-connector-20.0.1.aar (com.google.firebase:firebase-measurement-connector:20.0.1) with ExtractAarTransform
Transforming firebase-measurement-connector-20.0.1.aar (com.google.firebase:firebase-measurement-connector:20.0.1) with LibrarySymbolTableTransform
Transforming play-services-measurement-impl-22.1.2.aar (com.google.android.gms:play-services-measurement-impl:22.1.2) with ExtractAarTransform
Transforming play-services-measurement-impl-22.1.2.aar (com.google.android.gms:play-services-measurement-impl:22.1.2) with LibrarySymbolTableTransform
Transforming play-services-ads-identifier-18.0.0.aar (com.google.android.gms:play-services-ads-identifier:18.0.0) with ExtractAarTransform
Transforming play-services-ads-identifier-18.0.0.aar (com.google.android.gms:play-services-ads-identifier:18.0.0) with LibrarySymbolTableTransform
Transforming play-services-measurement-sdk-api-22.1.2.aar (com.google.android.gms:play-services-measurement-sdk-api:22.1.2) with ExtractAarTransform
Transforming play-services-measurement-sdk-api-22.1.2.aar (com.google.android.gms:play-services-measurement-sdk-api:22.1.2) with LibrarySymbolTableTransform
Transforming play-services-measurement-base-22.1.2.aar (com.google.android.gms:play-services-measurement-base:22.1.2) with ExtractAarTransform
Transforming play-services-measurement-base-22.1.2.aar (com.google.android.gms:play-services-measurement-base:22.1.2) with LibrarySymbolTableTransform
Transforming play-services-stats-17.0.2.aar (com.google.android.gms:play-services-stats:17.0.2) with ExtractAarTransform
Transforming play-services-stats-17.0.2.aar (com.google.android.gms:play-services-stats:17.0.2) with LibrarySymbolTableTransform
Transforming firebase-installations-interop-17.2.0.aar (com.google.firebase:firebase-installations-interop:17.2.0) with ExtractAarTransform
Transforming firebase-installations-interop-17.2.0.aar (com.google.firebase:firebase-installations-interop:17.2.0) with LibrarySymbolTableTransform
Transforming emoji2-views-helper-1.3.0.aar (androidx.emoji2:emoji2-views-helper:1.3.0) with ExtractAarTransform
Transforming emoji2-views-helper-1.3.0.aar (androidx.emoji2:emoji2-views-helper:1.3.0) with LibrarySymbolTableTransform
Transforming emoji2-1.3.0.aar (androidx.emoji2:emoji2:1.3.0) with ExtractAarTransform
Transforming emoji2-1.3.0.aar (androidx.emoji2:emoji2:1.3.0) with LibrarySymbolTableTransform
Transforming activity-1.9.3.aar (androidx.activity:activity:1.9.3) with ExtractAarTransform
Transforming activity-1.9.3.aar (androidx.activity:activity:1.9.3) with LibrarySymbolTableTransform
Transforming customview-poolingcontainer-1.0.0.aar (androidx.customview:customview-poolingcontainer:1.0.0) with ExtractAarTransform
Transforming customview-poolingcontainer-1.0.0.aar (androidx.customview:customview-poolingcontainer:1.0.0) with LibrarySymbolTableTransform
Transforming ads-adservices-java-1.0.0-beta05.aar (androidx.privacysandbox.ads:ads-adservices-java:1.0.0-beta05) with ExtractAarTransform
Transforming ads-adservices-java-1.0.0-beta05.aar (androidx.privacysandbox.ads:ads-adservices-java:1.0.0-beta05) with LibrarySymbolTableTransform
Transforming ads-adservices-1.0.0-beta05.aar (androidx.privacysandbox.ads:ads-adservices:1.0.0-beta05) with ExtractAarTransform
Transforming ads-adservices-1.0.0-beta05.aar (androidx.privacysandbox.ads:ads-adservices:1.0.0-beta05) with LibrarySymbolTableTransform
Transforming ads-adservices-1.0.0-beta05.aar (androidx.privacysandbox.ads:ads-adservices:1.0.0-beta05) with ExtractAarTransform
Transforming ads-adservices-1.0.0-beta05.aar (androidx.privacysandbox.ads:ads-adservices:1.0.0-beta05) with LibrarySymbolTableTransform
Transforming core-ktx-1.15.0.aar (androidx.core:core-ktx:1.15.0) with ExtractAarTransform
Transforming core-ktx-1.15.0.aar (androidx.core:core-ktx:1.15.0) with LibrarySymbolTableTransform
Transforming drawerlayout-1.2.0.aar (androidx.drawerlayout:drawerlayout:1.2.0) with ExtractAarTransform
Transforming drawerlayout-1.2.0.aar (androidx.drawerlayout:drawerlayout:1.2.0) with LibrarySymbolTableTransform
Transforming swiperefreshlayout-1.1.0.aar (androidx.swiperefreshlayout:swiperefreshlayout:1.1.0) with ExtractAarTransform
Transforming swiperefreshlayout-1.1.0.aar (androidx.swiperefreshlayout:swiperefreshlayout:1.1.0) with LibrarySymbolTableTransform
Transforming materialshadowninepatch-1.0.0.aar (com.h6ah4i.android.materialshadowninepatch:materialshadowninepatch:1.0.0) with ExtractAarTransform
Transforming materialshadowninepatch-1.0.0.aar (com.h6ah4i.android.materialshadowninepatch:materialshadowninepatch:1.0.0) with LibrarySymbolTableTransform
Transforming insetter-ktx-0.3.1.aar (dev.chrisbanes:insetter-ktx:0.3.1) with ExtractAarTransform
Transforming insetter-ktx-0.3.1.aar (dev.chrisbanes:insetter-ktx:0.3.1) with LibrarySymbolTableTransform
Transforming exoplayer-dash-2.18.7.aar (com.google.android.exoplayer:exoplayer-dash:2.18.7) with ExtractAarTransform
Transforming exoplayer-dash-2.18.7.aar (com.google.android.exoplayer:exoplayer-dash:2.18.7) with LibrarySymbolTableTransform
Transforming exoplayer-hls-2.18.7.aar (com.google.android.exoplayer:exoplayer-hls:2.18.7) with ExtractAarTransform
Transforming exoplayer-hls-2.18.7.aar (com.google.android.exoplayer:exoplayer-hls:2.18.7) with LibrarySymbolTableTransform
Transforming exoplayer-rtsp-2.18.7.aar (com.google.android.exoplayer:exoplayer-rtsp:2.18.7) with ExtractAarTransform
Transforming exoplayer-rtsp-2.18.7.aar (com.google.android.exoplayer:exoplayer-rtsp:2.18.7) with LibrarySymbolTableTransform
Transforming exoplayer-smoothstreaming-2.18.7.aar (com.google.android.exoplayer:exoplayer-smoothstreaming:2.18.7) with ExtractAarTransform
Transforming exoplayer-smoothstreaming-2.18.7.aar (com.google.android.exoplayer:exoplayer-smoothstreaming:2.18.7) with LibrarySymbolTableTransform
Transforming exoplayer-core-2.18.7.aar (com.google.android.exoplayer:exoplayer-core:2.18.7) with ExtractAarTransform
Transforming exoplayer-core-2.18.7.aar (com.google.android.exoplayer:exoplayer-core:2.18.7) with LibrarySymbolTableTransform
Transforming coordinatorlayout-1.1.0.aar (androidx.coordinatorlayout:coordinatorlayout:1.1.0) with ExtractAarTransform
Transforming coordinatorlayout-1.1.0.aar (androidx.coordinatorlayout:coordinatorlayout:1.1.0) with LibrarySymbolTableTransform
Transforming viewpager-1.0.0.aar (androidx.viewpager:viewpager:1.0.0) with ExtractAarTransform
Transforming viewpager-1.0.0.aar (androidx.viewpager:viewpager:1.0.0) with LibrarySymbolTableTransform
Transforming slidingpanelayout-1.2.0.aar (androidx.slidingpanelayout:slidingpanelayout:1.2.0) with ExtractAarTransform
Transforming slidingpanelayout-1.2.0.aar (androidx.slidingpanelayout:slidingpanelayout:1.2.0) with LibrarySymbolTableTransform
Transforming customview-1.1.0.aar (androidx.customview:customview:1.1.0) with ExtractAarTransform
Transforming customview-1.1.0.aar (androidx.customview:customview:1.1.0) with LibrarySymbolTableTransform
Transforming customview-1.1.0.aar (androidx.customview:customview:1.1.0) with ExtractAarTransform
Transforming customview-1.1.0.aar (androidx.customview:customview:1.1.0) with LibrarySymbolTableTransform
Transforming transition-1.5.0.aar (androidx.transition:transition:1.5.0) with ExtractAarTransform
Transforming transition-1.5.0.aar (androidx.transition:transition:1.5.0) with LibrarySymbolTableTransform
Transforming dynamicanimation-1.0.0.aar (androidx.dynamicanimation:dynamicanimation:1.0.0) with ExtractAarTransform
Transforming dynamicanimation-1.0.0.aar (androidx.dynamicanimation:dynamicanimation:1.0.0) with LibrarySymbolTableTransform
Transforming vectordrawable-animated-1.1.0.aar (androidx.vectordrawable:vectordrawable-animated:1.1.0) with ExtractAarTransform
Transforming vectordrawable-animated-1.1.0.aar (androidx.vectordrawable:vectordrawable-animated:1.1.0) with LibrarySymbolTableTransform
Transforming vectordrawable-1.1.0.aar (androidx.vectordrawable:vectordrawable:1.1.0) with ExtractAarTransform
Transforming vectordrawable-1.1.0.aar (androidx.vectordrawable:vectordrawable:1.1.0) with LibrarySymbolTableTransform
Transforming vectordrawable-1.1.0.aar (androidx.vectordrawable:vectordrawable:1.1.0) with ExtractAarTransform
Transforming vectordrawable-1.1.0.aar (androidx.vectordrawable:vectordrawable:1.1.0) with LibrarySymbolTableTransform
Transforming insetter-0.3.1.aar (dev.chrisbanes:insetter:0.3.1) with ExtractAarTransform
Transforming insetter-0.3.1.aar (dev.chrisbanes:insetter:0.3.1) with LibrarySymbolTableTransform
Transforming media-1.6.0.aar (androidx.media:media:1.6.0) with ExtractAarTransform
Transforming media-1.6.0.aar (androidx.media:media:1.6.0) with LibrarySymbolTableTransform
Transforming legacy-support-core-utils-1.0.0.aar (androidx.legacy:legacy-support-core-utils:1.0.0) with ExtractAarTransform
Transforming legacy-support-core-utils-1.0.0.aar (androidx.legacy:legacy-support-core-utils:1.0.0) with LibrarySymbolTableTransform
Transforming loader-1.0.0.aar (androidx.loader:loader:1.0.0) with ExtractAarTransform
Transforming loader-1.0.0.aar (androidx.loader:loader:1.0.0) with LibrarySymbolTableTransform
Transforming loader-1.0.0.aar (androidx.loader:loader:1.0.0) with ExtractAarTransform
Transforming loader-1.0.0.aar (androidx.loader:loader:1.0.0) with LibrarySymbolTableTransform
Transforming window-1.0.0.aar (androidx.window:window:1.0.0) with ExtractAarTransform
Transforming window-1.0.0.aar (androidx.window:window:1.0.0) with LibrarySymbolTableTransform
Transforming play-services-base-18.5.0.aar (com.google.android.gms:play-services-base:18.5.0) with ExtractAarTransform
Transforming play-services-base-18.5.0.aar (com.google.android.gms:play-services-base:18.5.0) with LibrarySymbolTableTransform
Transforming core-1.15.0.aar (androidx.core:core:1.15.0) with ExtractAarTransform
Transforming core-1.15.0.aar (androidx.core:core:1.15.0) with LibrarySymbolTableTransform
Transforming core-1.15.0.aar (androidx.core:core:1.15.0) with ExtractAarTransform
Transforming core-1.15.0.aar (androidx.core:core:1.15.0) with LibrarySymbolTableTransform
Transforming savedstate-ktx-1.2.1.aar (androidx.savedstate:savedstate-ktx:1.2.1) with ExtractAarTransform
Transforming savedstate-ktx-1.2.1.aar (androidx.savedstate:savedstate-ktx:1.2.1) with LibrarySymbolTableTransform
Transforming savedstate-1.2.1.aar (androidx.savedstate:savedstate:1.2.1) with ExtractAarTransform
Transforming savedstate-1.2.1.aar (androidx.savedstate:savedstate:1.2.1) with LibrarySymbolTableTransform
Transforming lifecycle-viewmodel-2.8.7.aar (androidx.lifecycle:lifecycle-viewmodel:2.8.7) with ExtractAarTransform
Transforming lifecycle-viewmodel-2.8.7.aar (androidx.lifecycle:lifecycle-viewmodel:2.8.7) with LibrarySymbolTableTransform
Transforming lifecycle-viewmodel-release.aar (androidx.lifecycle:lifecycle-viewmodel-android:2.8.7) with ExtractAarTransform
Transforming lifecycle-viewmodel-release.aar (androidx.lifecycle:lifecycle-viewmodel-android:2.8.7) with LibrarySymbolTableTransform
Transforming lifecycle-runtime-release.aar (androidx.lifecycle:lifecycle-runtime-android:2.8.7) with ExtractAarTransform
Transforming lifecycle-runtime-release.aar (androidx.lifecycle:lifecycle-runtime-android:2.8.7) with LibrarySymbolTableTransform
Transforming lifecycle-livedata-core-2.8.7.aar (androidx.lifecycle:lifecycle-livedata-core:2.8.7) with ExtractAarTransform
Transforming lifecycle-livedata-core-2.8.7.aar (androidx.lifecycle:lifecycle-livedata-core:2.8.7) with LibrarySymbolTableTransform
Transforming lifecycle-viewmodel-savedstate-2.8.7.aar (androidx.lifecycle:lifecycle-viewmodel-savedstate:2.8.7) with ExtractAarTransform
Transforming lifecycle-viewmodel-savedstate-2.8.7.aar (androidx.lifecycle:lifecycle-viewmodel-savedstate:2.8.7) with LibrarySymbolTableTransform
Transforming lifecycle-runtime-ktx-release.aar (androidx.lifecycle:lifecycle-runtime-ktx-android:2.8.7) with ExtractAarTransform
Transforming lifecycle-runtime-ktx-release.aar (androidx.lifecycle:lifecycle-runtime-ktx-android:2.8.7) with LibrarySymbolTableTransform
Transforming lifecycle-livedata-2.8.7.aar (androidx.lifecycle:lifecycle-livedata:2.8.7) with ExtractAarTransform
Transforming lifecycle-livedata-2.8.7.aar (androidx.lifecycle:lifecycle-livedata:2.8.7) with LibrarySymbolTableTransform
Transforming lifecycle-livedata-2.8.7.aar (androidx.lifecycle:lifecycle-livedata:2.8.7) with ExtractAarTransform
Transforming lifecycle-livedata-2.8.7.aar (androidx.lifecycle:lifecycle-livedata:2.8.7) with LibrarySymbolTableTransform
Transforming lifecycle-livedata-core-ktx-2.8.7.aar (androidx.lifecycle:lifecycle-livedata-core-ktx:2.8.7) with ExtractAarTransform
Transforming lifecycle-livedata-core-ktx-2.8.7.aar (androidx.lifecycle:lifecycle-livedata-core-ktx:2.8.7) with LibrarySymbolTableTransform
Transforming lifecycle-process-2.8.7.aar (androidx.lifecycle:lifecycle-process:2.8.7) with ExtractAarTransform
Transforming lifecycle-process-2.8.7.aar (androidx.lifecycle:lifecycle-process:2.8.7) with LibrarySymbolTableTransform
Transforming lifecycle-livedata-ktx-2.8.7.aar (androidx.lifecycle:lifecycle-livedata-ktx:2.8.7) with ExtractAarTransform
Transforming lifecycle-livedata-ktx-2.8.7.aar (androidx.lifecycle:lifecycle-livedata-ktx:2.8.7) with LibrarySymbolTableTransform
Transforming datastore-preferences-1.0.0.aar (androidx.datastore:datastore-preferences:1.0.0) with ExtractAarTransform
Transforming datastore-preferences-1.0.0.aar (androidx.datastore:datastore-preferences:1.0.0) with LibrarySymbolTableTransform
Transforming datastore-1.0.0.aar (androidx.datastore:datastore:1.0.0) with ExtractAarTransform
Transforming datastore-1.0.0.aar (androidx.datastore:datastore:1.0.0) with LibrarySymbolTableTransform
Transforming play-services-tasks-18.2.0.aar (com.google.android.gms:play-services-tasks:18.2.0) with ExtractAarTransform
Transforming play-services-tasks-18.2.0.aar (com.google.android.gms:play-services-tasks:18.2.0) with LibrarySymbolTableTransform
Transforming play-services-tasks-18.2.0.aar (com.google.android.gms:play-services-tasks:18.2.0) with ExtractAarTransform
Transforming play-services-tasks-18.2.0.aar (com.google.android.gms:play-services-tasks:18.2.0) with LibrarySymbolTableTransform
Transforming play-services-basement-18.4.0.aar (com.google.android.gms:play-services-basement:18.4.0) with ExtractAarTransform
Transforming play-services-basement-18.4.0.aar (com.google.android.gms:play-services-basement:18.4.0) with LibrarySymbolTableTransform
Transforming fragment-1.8.5.aar (androidx.fragment:fragment:1.8.5) with ExtractAarTransform
Transforming fragment-1.8.5.aar (androidx.fragment:fragment:1.8.5) with LibrarySymbolTableTransform
Transforming fragment-1.8.5.aar (androidx.fragment:fragment:1.8.5) with ExtractAarTransform
Transforming fragment-1.8.5.aar (androidx.fragment:fragment:1.8.5) with LibrarySymbolTableTransform
Transforming fragment-ktx-1.8.5.aar (androidx.fragment:fragment-ktx:1.8.5) with ExtractAarTransform
Transforming fragment-ktx-1.8.5.aar (androidx.fragment:fragment-ktx:1.8.5) with LibrarySymbolTableTransform
Transforming activity-ktx-1.9.3.aar (androidx.activity:activity-ktx:1.9.3) with ExtractAarTransform
Transforming activity-ktx-1.9.3.aar (androidx.activity:activity-ktx:1.9.3) with LibrarySymbolTableTransform
Transforming lifecycle-viewmodel-ktx-2.8.7.aar (androidx.lifecycle:lifecycle-viewmodel-ktx:2.8.7) with ExtractAarTransform
Transforming lifecycle-viewmodel-ktx-2.8.7.aar (androidx.lifecycle:lifecycle-viewmodel-ktx:2.8.7) with LibrarySymbolTableTransform
Transforming room-runtime-2.6.1.aar (androidx.room:room-runtime:2.6.1) with ExtractAarTransform
Transforming room-runtime-2.6.1.aar (androidx.room:room-runtime:2.6.1) with LibrarySymbolTableTransform
Transforming room-ktx-2.6.1.aar (androidx.room:room-ktx:2.6.1) with ExtractAarTransform
Transforming room-ktx-2.6.1.aar (androidx.room:room-ktx:2.6.1) with LibrarySymbolTableTransform
Transforming sqlite-framework-2.4.0.aar (androidx.sqlite:sqlite-framework:2.4.0) with ExtractAarTransform
Transforming sqlite-framework-2.4.0.aar (androidx.sqlite:sqlite-framework:2.4.0) with LibrarySymbolTableTransform
Transforming sqlite-2.4.0.aar (androidx.sqlite:sqlite:2.4.0) with ExtractAarTransform
Transforming sqlite-2.4.0.aar (androidx.sqlite:sqlite:2.4.0) with LibrarySymbolTableTransform
Transforming annotation-experimental-1.4.1.aar (androidx.annotation:annotation-experimental:1.4.1) with ExtractAarTransform
Transforming annotation-experimental-1.4.1.aar (androidx.annotation:annotation-experimental:1.4.1) with LibrarySymbolTableTransform
Transforming exifinterface-1.3.7.aar (androidx.exifinterface:exifinterface:1.3.7) with ExtractAarTransform
Transforming exifinterface-1.3.7.aar (androidx.exifinterface:exifinterface:1.3.7) with LibrarySymbolTableTransform
Transforming api-13.1.5.aar (dev.rikka.shizuku:api:13.1.5) with ExtractAarTransform
Transforming api-13.1.5.aar (dev.rikka.shizuku:api:13.1.5) with LibrarySymbolTableTransform
Transforming appiconloader-1.5.0.aar (me.zhanghai.android.appiconloader:appiconloader:1.5.0) with ExtractAarTransform
Transforming appiconloader-1.5.0.aar (me.zhanghai.android.appiconloader:appiconloader:1.5.0) with LibrarySymbolTableTransform
Transforming library-1.1.4.aar (me.zhanghai.android.libarchive:library:1.1.4) with ExtractAarTransform
Transforming library-1.1.4.aar (me.zhanghai.android.libarchive:library:1.1.4) with LibrarySymbolTableTransform
Transforming library-2.1.0.aar (me.zhanghai.android.libselinux:library:2.1.0) with ExtractAarTransform
Transforming library-2.1.0.aar (me.zhanghai.android.libselinux:library:2.1.0) with LibrarySymbolTableTransform
Transforming cursoradapter-1.0.0.aar (androidx.cursoradapter:cursoradapter:1.0.0) with ExtractAarTransform
Transforming cursoradapter-1.0.0.aar (androidx.cursoradapter:cursoradapter:1.0.0) with LibrarySymbolTableTransform
Transforming profileinstaller-1.3.1.aar (androidx.profileinstaller:profileinstaller:1.3.1) with ExtractAarTransform
Transforming profileinstaller-1.3.1.aar (androidx.profileinstaller:profileinstaller:1.3.1) with LibrarySymbolTableTransform
Transforming startup-runtime-1.1.1.aar (androidx.startup:startup-runtime:1.1.1) with ExtractAarTransform
Transforming startup-runtime-1.1.1.aar (androidx.startup:startup-runtime:1.1.1) with LibrarySymbolTableTransform
Transforming interpolator-1.0.0.aar (androidx.interpolator:interpolator:1.0.0) with ExtractAarTransform
Transforming interpolator-1.0.0.aar (androidx.interpolator:interpolator:1.0.0) with LibrarySymbolTableTransform
Transforming interpolator-1.0.0.aar (androidx.interpolator:interpolator:1.0.0) with ExtractAarTransform
Transforming interpolator-1.0.0.aar (androidx.interpolator:interpolator:1.0.0) with LibrarySymbolTableTransform
Transforming cardview-1.0.0.aar (androidx.cardview:cardview:1.0.0) with ExtractAarTransform
Transforming cardview-1.0.0.aar (androidx.cardview:cardview:1.0.0) with LibrarySymbolTableTransform
Transforming shared-13.1.5.aar (dev.rikka.shizuku:shared:13.1.5) with ExtractAarTransform
Transforming shared-13.1.5.aar (dev.rikka.shizuku:shared:13.1.5) with LibrarySymbolTableTransform
Transforming appiconloader-iconloaderlib-1.5.0.aar (me.zhanghai.android.appiconloader:appiconloader-iconloaderlib:1.5.0) with ExtractAarTransform
Transforming appiconloader-iconloaderlib-1.5.0.aar (me.zhanghai.android.appiconloader:appiconloader-iconloaderlib:1.5.0) with LibrarySymbolTableTransform
Transforming core-runtime-2.2.0.aar (androidx.arch.core:core-runtime:2.2.0) with ExtractAarTransform
Transforming core-runtime-2.2.0.aar (androidx.arch.core:core-runtime:2.2.0) with LibrarySymbolTableTransform
Transforming exoplayer-datasource-2.18.7.aar (com.google.android.exoplayer:exoplayer-datasource:2.18.7) with ExtractAarTransform
Transforming exoplayer-datasource-2.18.7.aar (com.google.android.exoplayer:exoplayer-datasource:2.18.7) with LibrarySymbolTableTransform
Transforming exoplayer-extractor-2.18.7.aar (com.google.android.exoplayer:exoplayer-extractor:2.18.7) with ExtractAarTransform
Transforming exoplayer-extractor-2.18.7.aar (com.google.android.exoplayer:exoplayer-extractor:2.18.7) with LibrarySymbolTableTransform
Transforming exoplayer-decoder-2.18.7.aar (com.google.android.exoplayer:exoplayer-decoder:2.18.7) with ExtractAarTransform
Transforming exoplayer-decoder-2.18.7.aar (com.google.android.exoplayer:exoplayer-decoder:2.18.7) with LibrarySymbolTableTransform
Transforming exoplayer-database-2.18.7.aar (com.google.android.exoplayer:exoplayer-database:2.18.7) with ExtractAarTransform
Transforming exoplayer-database-2.18.7.aar (com.google.android.exoplayer:exoplayer-database:2.18.7) with LibrarySymbolTableTransform
Transforming exoplayer-common-2.18.7.aar (com.google.android.exoplayer:exoplayer-common:2.18.7) with ExtractAarTransform
Transforming exoplayer-common-2.18.7.aar (com.google.android.exoplayer:exoplayer-common:2.18.7) with LibrarySymbolTableTransform
Transforming firebase-components-18.0.0.aar (com.google.firebase:firebase-components:18.0.0) with ExtractAarTransform
Transforming firebase-components-18.0.0.aar (com.google.firebase:firebase-components:18.0.0) with LibrarySymbolTableTransform
Transforming tracing-1.2.0.aar (androidx.tracing:tracing:1.2.0) with ExtractAarTransform
Transforming tracing-1.2.0.aar (androidx.tracing:tracing:1.2.0) with LibrarySymbolTableTransform
Transforming versionedparcelable-1.1.1.aar (androidx.versionedparcelable:versionedparcelable:1.1.1) with ExtractAarTransform
Transforming versionedparcelable-1.1.1.aar (androidx.versionedparcelable:versionedparcelable:1.1.1) with LibrarySymbolTableTransform
Transforming firebase-config-interop-16.0.1.aar (com.google.firebase:firebase-config-interop:16.0.1) with ExtractAarTransform
Transforming firebase-config-interop-16.0.1.aar (com.google.firebase:firebase-config-interop:16.0.1) with LibrarySymbolTableTransform
Transforming firebase-datatransport-19.0.0.aar (com.google.firebase:firebase-datatransport:19.0.0) with ExtractAarTransform
Transforming firebase-datatransport-19.0.0.aar (com.google.firebase:firebase-datatransport:19.0.0) with LibrarySymbolTableTransform
Transforming transport-backend-cct-3.3.0.aar (com.google.android.datatransport:transport-backend-cct:3.3.0) with ExtractAarTransform
Transforming transport-backend-cct-3.3.0.aar (com.google.android.datatransport:transport-backend-cct:3.3.0) with LibrarySymbolTableTransform
Transforming firebase-encoders-json-18.0.1.aar (com.google.firebase:firebase-encoders-json:18.0.1) with ExtractAarTransform
Transforming firebase-encoders-json-18.0.1.aar (com.google.firebase:firebase-encoders-json:18.0.1) with LibrarySymbolTableTransform
Transforming transport-runtime-3.3.0.aar (com.google.android.datatransport:transport-runtime:3.3.0) with ExtractAarTransform
Transforming transport-runtime-3.3.0.aar (com.google.android.datatransport:transport-runtime:3.3.0) with LibrarySymbolTableTransform
Transforming transport-api-3.2.0.aar (com.google.android.datatransport:transport-api:3.2.0) with ExtractAarTransform
Transforming transport-api-3.2.0.aar (com.google.android.datatransport:transport-api:3.2.0) with LibrarySymbolTableTransform
Transforming documentfile-1.0.0.aar (androidx.documentfile:documentfile:1.0.0) with ExtractAarTransform
Transforming documentfile-1.0.0.aar (androidx.documentfile:documentfile:1.0.0) with LibrarySymbolTableTransform
Transforming localbroadcastmanager-1.0.0.aar (androidx.localbroadcastmanager:localbroadcastmanager:1.0.0) with ExtractAarTransform
Transforming localbroadcastmanager-1.0.0.aar (androidx.localbroadcastmanager:localbroadcastmanager:1.0.0) with LibrarySymbolTableTransform
Transforming print-1.0.0.aar (androidx.print:print:1.0.0) with ExtractAarTransform
Transforming print-1.0.0.aar (androidx.print:print:1.0.0) with LibrarySymbolTableTransform
Transforming androidsvg-aar-1.4.aar (com.caverock:androidsvg-aar:1.4) with ExtractAarTransform
Transforming androidsvg-aar-1.4.aar (com.caverock:androidsvg-aar:1.4) with LibrarySymbolTableTransform
Transforming drawer-1.0.3.aar (com.drakeet.drawer:drawer:1.0.3) with ExtractAarTransform
Transforming drawer-1.0.3.aar (com.drakeet.drawer:drawer:1.0.3) with LibrarySymbolTableTransform
Transforming library-1.2.0.aar (me.zhanghai.android.retrofile:library:1.2.0) with ExtractAarTransform
Transforming library-1.2.0.aar (me.zhanghai.android.retrofile:library:1.2.0) with LibrarySymbolTableTransform
Transforming library-1.0.0.aar (me.zhanghai.android.systemuihelper:library:1.0.0) with ExtractAarTransform
Transforming library-1.0.0.aar (me.zhanghai.android.systemuihelper:library:1.0.0) with LibrarySymbolTableTransform
Transforming HoloColorPicker-1.5.aar (com.larswerkman:HoloColorPicker:1.5) with ExtractAarTransform
Transforming HoloColorPicker-1.5.aar (com.larswerkman:HoloColorPicker:1.5) with LibrarySymbolTableTransform
Transforming core-5.2.2.aar (com.github.topjohnwu.libsu:core:5.2.2) with ExtractAarTransform
Transforming core-5.2.2.aar (com.github.topjohnwu.libsu:core:5.2.2) with LibrarySymbolTableTransform
Transforming aidl-13.1.5.aar (dev.rikka.shizuku:aidl:13.1.5) with ExtractAarTransform
Transforming aidl-13.1.5.aar (dev.rikka.shizuku:aidl:13.1.5) with LibrarySymbolTableTransform
file or directory 'E:\For Safe Keeping\WEB REF\MaterialFiles\app\libs', not found
Transforming viewbinding-8.5.0.aar (androidx.databinding:viewbinding:8.5.0) with ExtractAarTransform
Transforming viewbinding-8.5.0.aar (androidx.databinding:viewbinding:8.5.0) with AarTransform
Transforming PhotoView-2.3.0.aar (com.github.chrisbanes:PhotoView:2.3.0) with ExtractAarTransform
Transforming PhotoView-2.3.0.aar (com.github.chrisbanes:PhotoView:2.3.0) with AarTransform
Transforming service-5.2.2.aar (com.github.topjohnwu.libsu:service:5.2.2) with ExtractAarTransform
Transforming service-5.2.2.aar (com.github.topjohnwu.libsu:service:5.2.2) with AarTransform
Transforming preference-ktx-1.2.1.aar (androidx.preference:preference-ktx:1.2.1) with ExtractAarTransform
Transforming preference-ktx-1.2.1.aar (androidx.preference:preference-ktx:1.2.1) with AarTransform
Transforming speed-dial-3.3.0.aar (com.leinardi.android:speed-dial:3.3.0) with ExtractAarTransform
Transforming speed-dial-3.3.0.aar (com.leinardi.android:speed-dial:3.3.0) with AarTransform
Transforming material-1.12.0.aar (com.google.android.material:material:1.12.0) with ExtractAarTransform
Transforming material-1.12.0.aar (com.google.android.material:material:1.12.0) with AarTransform
Transforming subsampling-scale-image-view-androidx-3.10.0.aar (com.davemorrissey.labs:subsampling-scale-image-view-androidx:3.10.0) with ExtractAarTransform
Transforming subsampling-scale-image-view-androidx-3.10.0.aar (com.davemorrissey.labs:subsampling-scale-image-view-androidx:3.10.0) with AarTransform
Transforming licensesdialog-2.1.0.aar (de.psdev.licensesdialog:licensesdialog:2.1.0) with ExtractAarTransform
Transforming licensesdialog-2.1.0.aar (de.psdev.licensesdialog:licensesdialog:2.1.0) with AarTransform
Transforming appcompat-resources-1.7.0.aar (androidx.appcompat:appcompat-resources:1.7.0) with ExtractAarTransform
Transforming appcompat-resources-1.7.0.aar (androidx.appcompat:appcompat-resources:1.7.0) with AarTransform
Transforming preferencex-1.1.0.aar (com.takisoft.preferencex:preferencex:1.1.0) with ExtractAarTransform
Transforming preferencex-1.1.0.aar (com.takisoft.preferencex:preferencex:1.1.0) with AarTransform
Transforming preference-1.2.1.aar (androidx.preference:preference:1.2.1) with ExtractAarTransform
Transforming preference-1.2.1.aar (androidx.preference:preference:1.2.1) with AarTransform
Transforming constraintlayout-2.0.1.aar (androidx.constraintlayout:constraintlayout:2.0.1) with ExtractAarTransform
Transforming constraintlayout-2.0.1.aar (androidx.constraintlayout:constraintlayout:2.0.1) with AarTransform
Transforming appcompat-1.7.0.aar (androidx.appcompat:appcompat:1.7.0) with ExtractAarTransform
Transforming appcompat-1.7.0.aar (androidx.appcompat:appcompat:1.7.0) with AarTransform
Transforming appcompat-1.7.0.aar (androidx.appcompat:appcompat:1.7.0) with ExtractAarTransform
Transforming appcompat-1.7.0.aar (androidx.appcompat:appcompat:1.7.0) with AarTransform
Transforming viewpager2-1.1.0-beta02.aar (androidx.viewpager2:viewpager2:1.1.0-beta02) with ExtractAarTransform
Transforming viewpager2-1.1.0-beta02.aar (androidx.viewpager2:viewpager2:1.1.0-beta02) with AarTransform
Transforming firebase-analytics-22.1.2.aar (com.google.firebase:firebase-analytics:22.1.2) with ExtractAarTransform
Transforming firebase-analytics-22.1.2.aar (com.google.firebase:firebase-analytics:22.1.2) with AarTransform
Transforming play-services-measurement-22.1.2.aar (com.google.android.gms:play-services-measurement:22.1.2) with ExtractAarTransform
Transforming play-services-measurement-22.1.2.aar (com.google.android.gms:play-services-measurement:22.1.2) with AarTransform
Transforming play-services-measurement-api-22.1.2.aar (com.google.android.gms:play-services-measurement-api:22.1.2) with ExtractAarTransform
Transforming play-services-measurement-api-22.1.2.aar (com.google.android.gms:play-services-measurement-api:22.1.2) with AarTransform
Transforming play-services-measurement-sdk-22.1.2.aar (com.google.android.gms:play-services-measurement-sdk:22.1.2) with ExtractAarTransform
Transforming play-services-measurement-sdk-22.1.2.aar (com.google.android.gms:play-services-measurement-sdk:22.1.2) with AarTransform
Transforming play-services-measurement-impl-22.1.2.aar (com.google.android.gms:play-services-measurement-impl:22.1.2) with ExtractAarTransform
Transforming play-services-measurement-impl-22.1.2.aar (com.google.android.gms:play-services-measurement-impl:22.1.2) with AarTransform
Transforming play-services-ads-identifier-18.0.0.aar (com.google.android.gms:play-services-ads-identifier:18.0.0) with ExtractAarTransform
Transforming play-services-ads-identifier-18.0.0.aar (com.google.android.gms:play-services-ads-identifier:18.0.0) with AarTransform
Transforming play-services-measurement-sdk-api-22.1.2.aar (com.google.android.gms:play-services-measurement-sdk-api:22.1.2) with ExtractAarTransform
Transforming play-services-measurement-sdk-api-22.1.2.aar (com.google.android.gms:play-services-measurement-sdk-api:22.1.2) with AarTransform
Transforming play-services-measurement-base-22.1.2.aar (com.google.android.gms:play-services-measurement-base:22.1.2) with ExtractAarTransform
Transforming play-services-measurement-base-22.1.2.aar (com.google.android.gms:play-services-measurement-base:22.1.2) with AarTransform
Transforming play-services-stats-17.0.2.aar (com.google.android.gms:play-services-stats:17.0.2) with ExtractAarTransform
Transforming play-services-stats-17.0.2.aar (com.google.android.gms:play-services-stats:17.0.2) with AarTransform
Transforming firebase-crashlytics-ndk-19.2.1.aar (com.google.firebase:firebase-crashlytics-ndk:19.2.1) with ExtractAarTransform
Transforming firebase-crashlytics-ndk-19.2.1.aar (com.google.firebase:firebase-crashlytics-ndk:19.2.1) with AarTransform
Transforming firebase-crashlytics-19.2.1.aar (com.google.firebase:firebase-crashlytics:19.2.1) with ExtractAarTransform
Transforming firebase-crashlytics-19.2.1.aar (com.google.firebase:firebase-crashlytics:19.2.1) with AarTransform
Transforming firebase-installations-18.0.0.aar (com.google.firebase:firebase-installations:18.0.0) with ExtractAarTransform
Transforming firebase-installations-18.0.0.aar (com.google.firebase:firebase-installations:18.0.0) with AarTransform
Transforming firebase-sessions-2.0.6.aar (com.google.firebase:firebase-sessions:2.0.6) with ExtractAarTransform
Transforming firebase-sessions-2.0.6.aar (com.google.firebase:firebase-sessions:2.0.6) with AarTransform
Transforming firebase-installations-interop-17.2.0.aar (com.google.firebase:firebase-installations-interop:17.2.0) with ExtractAarTransform
Transforming firebase-installations-interop-17.2.0.aar (com.google.firebase:firebase-installations-interop:17.2.0) with AarTransform
Transforming firebase-common-ktx-21.0.0.aar (com.google.firebase:firebase-common-ktx:21.0.0) with ExtractAarTransform
Transforming firebase-common-ktx-21.0.0.aar (com.google.firebase:firebase-common-ktx:21.0.0) with AarTransform
Transforming firebase-common-21.0.0.aar (com.google.firebase:firebase-common:21.0.0) with ExtractAarTransform
Transforming firebase-common-21.0.0.aar (com.google.firebase:firebase-common:21.0.0) with AarTransform
Transforming activity-1.9.3.aar (androidx.activity:activity:1.9.3) with ExtractAarTransform
Transforming activity-1.9.3.aar (androidx.activity:activity:1.9.3) with AarTransform
Transforming core-ktx-1.15.0.aar (androidx.core:core-ktx:1.15.0) with ExtractAarTransform
Transforming core-ktx-1.15.0.aar (androidx.core:core-ktx:1.15.0) with AarTransform
Transforming drawerlayout-1.2.0.aar (androidx.drawerlayout:drawerlayout:1.2.0) with ExtractAarTransform
Transforming drawerlayout-1.2.0.aar (androidx.drawerlayout:drawerlayout:1.2.0) with AarTransform
Transforming advrecyclerview-1.0.0.aar (com.h6ah4i.android.widget.advrecyclerview:advrecyclerview:1.0.0) with ExtractAarTransform
Transforming advrecyclerview-1.0.0.aar (com.h6ah4i.android.widget.advrecyclerview:advrecyclerview:1.0.0) with AarTransform
Transforming recyclerview-1.3.2.aar (androidx.recyclerview:recyclerview:1.3.2) with ExtractAarTransform
Transforming recyclerview-1.3.2.aar (androidx.recyclerview:recyclerview:1.3.2) with AarTransform
Transforming swiperefreshlayout-1.1.0.aar (androidx.swiperefreshlayout:swiperefreshlayout:1.1.0) with ExtractAarTransform
Transforming swiperefreshlayout-1.1.0.aar (androidx.swiperefreshlayout:swiperefreshlayout:1.1.0) with AarTransform
Transforming materialshadowninepatch-1.0.0.aar (com.h6ah4i.android.materialshadowninepatch:materialshadowninepatch:1.0.0) with ExtractAarTransform
Transforming materialshadowninepatch-1.0.0.aar (com.h6ah4i.android.materialshadowninepatch:materialshadowninepatch:1.0.0) with AarTransform
Transforming insetter-ktx-0.3.1.aar (dev.chrisbanes:insetter-ktx:0.3.1) with ExtractAarTransform
Transforming insetter-ktx-0.3.1.aar (dev.chrisbanes:insetter-ktx:0.3.1) with AarTransform
Transforming coordinatorlayout-1.1.0.aar (androidx.coordinatorlayout:coordinatorlayout:1.1.0) with ExtractAarTransform
Transforming coordinatorlayout-1.1.0.aar (androidx.coordinatorlayout:coordinatorlayout:1.1.0) with AarTransform
Transforming viewpager-1.0.0.aar (androidx.viewpager:viewpager:1.0.0) with ExtractAarTransform
Transforming viewpager-1.0.0.aar (androidx.viewpager:viewpager:1.0.0) with AarTransform
Transforming slidingpanelayout-1.2.0.aar (androidx.slidingpanelayout:slidingpanelayout:1.2.0) with ExtractAarTransform
Transforming slidingpanelayout-1.2.0.aar (androidx.slidingpanelayout:slidingpanelayout:1.2.0) with AarTransform
Transforming customview-1.1.0.aar (androidx.customview:customview:1.1.0) with ExtractAarTransform
Transforming customview-1.1.0.aar (androidx.customview:customview:1.1.0) with AarTransform
Transforming customview-1.1.0.aar (androidx.customview:customview:1.1.0) with ExtractAarTransform
Transforming customview-1.1.0.aar (androidx.customview:customview:1.1.0) with AarTransform
Transforming dynamicanimation-1.0.0.aar (androidx.dynamicanimation:dynamicanimation:1.0.0) with ExtractAarTransform
Transforming dynamicanimation-1.0.0.aar (androidx.dynamicanimation:dynamicanimation:1.0.0) with AarTransform
Transforming transition-1.5.0.aar (androidx.transition:transition:1.5.0) with ExtractAarTransform
Transforming transition-1.5.0.aar (androidx.transition:transition:1.5.0) with AarTransform
Transforming vectordrawable-animated-1.1.0.aar (androidx.vectordrawable:vectordrawable-animated:1.1.0) with ExtractAarTransform
Transforming vectordrawable-animated-1.1.0.aar (androidx.vectordrawable:vectordrawable-animated:1.1.0) with AarTransform
Transforming vectordrawable-1.1.0.aar (androidx.vectordrawable:vectordrawable:1.1.0) with ExtractAarTransform
Transforming vectordrawable-1.1.0.aar (androidx.vectordrawable:vectordrawable:1.1.0) with AarTransform
Transforming vectordrawable-1.1.0.aar (androidx.vectordrawable:vectordrawable:1.1.0) with ExtractAarTransform
Transforming vectordrawable-1.1.0.aar (androidx.vectordrawable:vectordrawable:1.1.0) with AarTransform
Transforming insetter-0.3.1.aar (dev.chrisbanes:insetter:0.3.1) with ExtractAarTransform
Transforming insetter-0.3.1.aar (dev.chrisbanes:insetter:0.3.1) with AarTransform
Transforming exoplayer-2.18.7.aar (com.google.android.exoplayer:exoplayer:2.18.7) with ExtractAarTransform
Transforming exoplayer-2.18.7.aar (com.google.android.exoplayer:exoplayer:2.18.7) with AarTransform
Transforming exoplayer-ui-2.18.7.aar (com.google.android.exoplayer:exoplayer-ui:2.18.7) with ExtractAarTransform
Transforming exoplayer-ui-2.18.7.aar (com.google.android.exoplayer:exoplayer-ui:2.18.7) with AarTransform
Transforming media-1.6.0.aar (androidx.media:media:1.6.0) with ExtractAarTransform
Transforming media-1.6.0.aar (androidx.media:media:1.6.0) with AarTransform
Transforming legacy-support-core-utils-1.0.0.aar (androidx.legacy:legacy-support-core-utils:1.0.0) with ExtractAarTransform
Transforming legacy-support-core-utils-1.0.0.aar (androidx.legacy:legacy-support-core-utils:1.0.0) with AarTransform
Transforming loader-1.0.0.aar (androidx.loader:loader:1.0.0) with ExtractAarTransform
Transforming loader-1.0.0.aar (androidx.loader:loader:1.0.0) with AarTransform
Transforming loader-1.0.0.aar (androidx.loader:loader:1.0.0) with ExtractAarTransform
Transforming loader-1.0.0.aar (androidx.loader:loader:1.0.0) with AarTransform
Transforming play-services-base-18.5.0.aar (com.google.android.gms:play-services-base:18.5.0) with ExtractAarTransform
Transforming play-services-base-18.5.0.aar (com.google.android.gms:play-services-base:18.5.0) with AarTransform
Transforming core-1.15.0.aar (androidx.core:core:1.15.0) with ExtractAarTransform
Transforming core-1.15.0.aar (androidx.core:core:1.15.0) with AarTransform
Transforming core-1.15.0.aar (androidx.core:core:1.15.0) with ExtractAarTransform
Transforming core-1.15.0.aar (androidx.core:core:1.15.0) with AarTransform
Transforming coil-2.7.0.aar (io.coil-kt:coil:2.7.0) with ExtractAarTransform
Transforming coil-2.7.0.aar (io.coil-kt:coil:2.7.0) with AarTransform
Transforming coil-gif-2.7.0.aar (io.coil-kt:coil-gif:2.7.0) with ExtractAarTransform
Transforming coil-gif-2.7.0.aar (io.coil-kt:coil-gif:2.7.0) with AarTransform
Transforming coil-svg-2.7.0.aar (io.coil-kt:coil-svg:2.7.0) with ExtractAarTransform
Transforming coil-svg-2.7.0.aar (io.coil-kt:coil-svg:2.7.0) with AarTransform
Transforming coil-video-2.7.0.aar (io.coil-kt:coil-video:2.7.0) with ExtractAarTransform
Transforming coil-video-2.7.0.aar (io.coil-kt:coil-video:2.7.0) with AarTransform
Transforming coil-base-2.7.0.aar (io.coil-kt:coil-base:2.7.0) with ExtractAarTransform
Transforming coil-base-2.7.0.aar (io.coil-kt:coil-base:2.7.0) with AarTransform
Transforming lifecycle-viewmodel-2.8.7.aar (androidx.lifecycle:lifecycle-viewmodel:2.8.7) with ExtractAarTransform
Transforming lifecycle-viewmodel-2.8.7.aar (androidx.lifecycle:lifecycle-viewmodel:2.8.7) with AarTransform
Transforming lifecycle-viewmodel-release.aar (androidx.lifecycle:lifecycle-viewmodel-android:2.8.7) with ExtractAarTransform
Transforming lifecycle-viewmodel-release.aar (androidx.lifecycle:lifecycle-viewmodel-android:2.8.7) with AarTransform
Transforming lifecycle-runtime-release.aar (androidx.lifecycle:lifecycle-runtime-android:2.8.7) with ExtractAarTransform
Transforming lifecycle-runtime-release.aar (androidx.lifecycle:lifecycle-runtime-android:2.8.7) with AarTransform
Transforming lifecycle-livedata-core-2.8.7.aar (androidx.lifecycle:lifecycle-livedata-core:2.8.7) with ExtractAarTransform
Transforming lifecycle-livedata-core-2.8.7.aar (androidx.lifecycle:lifecycle-livedata-core:2.8.7) with AarTransform
Transforming lifecycle-viewmodel-savedstate-2.8.7.aar (androidx.lifecycle:lifecycle-viewmodel-savedstate:2.8.7) with ExtractAarTransform
Transforming lifecycle-viewmodel-savedstate-2.8.7.aar (androidx.lifecycle:lifecycle-viewmodel-savedstate:2.8.7) with AarTransform
Transforming lifecycle-runtime-ktx-release.aar (androidx.lifecycle:lifecycle-runtime-ktx-android:2.8.7) with ExtractAarTransform
Transforming lifecycle-runtime-ktx-release.aar (androidx.lifecycle:lifecycle-runtime-ktx-android:2.8.7) with AarTransform
Transforming lifecycle-livedata-2.8.7.aar (androidx.lifecycle:lifecycle-livedata:2.8.7) with ExtractAarTransform
Transforming lifecycle-livedata-2.8.7.aar (androidx.lifecycle:lifecycle-livedata:2.8.7) with AarTransform
Transforming lifecycle-livedata-2.8.7.aar (androidx.lifecycle:lifecycle-livedata:2.8.7) with ExtractAarTransform
Transforming lifecycle-livedata-2.8.7.aar (androidx.lifecycle:lifecycle-livedata:2.8.7) with AarTransform
Transforming lifecycle-livedata-core-ktx-2.8.7.aar (androidx.lifecycle:lifecycle-livedata-core-ktx:2.8.7) with ExtractAarTransform
Transforming lifecycle-livedata-core-ktx-2.8.7.aar (androidx.lifecycle:lifecycle-livedata-core-ktx:2.8.7) with AarTransform
Transforming lifecycle-process-2.8.7.aar (androidx.lifecycle:lifecycle-process:2.8.7) with ExtractAarTransform
Transforming lifecycle-process-2.8.7.aar (androidx.lifecycle:lifecycle-process:2.8.7) with AarTransform
Transforming lifecycle-livedata-ktx-2.8.7.aar (androidx.lifecycle:lifecycle-livedata-ktx:2.8.7) with ExtractAarTransform
Transforming lifecycle-livedata-ktx-2.8.7.aar (androidx.lifecycle:lifecycle-livedata-ktx:2.8.7) with AarTransform
Transforming ads-adservices-java-1.0.0-beta05.aar (androidx.privacysandbox.ads:ads-adservices-java:1.0.0-beta05) with ExtractAarTransform
Transforming ads-adservices-java-1.0.0-beta05.aar (androidx.privacysandbox.ads:ads-adservices-java:1.0.0-beta05) with AarTransform
Transforming ads-adservices-1.0.0-beta05.aar (androidx.privacysandbox.ads:ads-adservices:1.0.0-beta05) with ExtractAarTransform
Transforming ads-adservices-1.0.0-beta05.aar (androidx.privacysandbox.ads:ads-adservices:1.0.0-beta05) with AarTransform
Transforming play-services-tasks-18.2.0.aar (com.google.android.gms:play-services-tasks:18.2.0) with ExtractAarTransform
Transforming play-services-tasks-18.2.0.aar (com.google.android.gms:play-services-tasks:18.2.0) with AarTransform
Transforming play-services-tasks-18.2.0.aar (com.google.android.gms:play-services-tasks:18.2.0) with ExtractAarTransform
Transforming play-services-tasks-18.2.0.aar (com.google.android.gms:play-services-tasks:18.2.0) with AarTransform
Transforming firebase-measurement-connector-20.0.1.aar (com.google.firebase:firebase-measurement-connector:20.0.1) with ExtractAarTransform
Transforming firebase-measurement-connector-20.0.1.aar (com.google.firebase:firebase-measurement-connector:20.0.1) with AarTransform
Transforming play-services-basement-18.4.0.aar (com.google.android.gms:play-services-basement:18.4.0) with ExtractAarTransform
Transforming play-services-basement-18.4.0.aar (com.google.android.gms:play-services-basement:18.4.0) with AarTransform
Transforming fragment-1.8.5.aar (androidx.fragment:fragment:1.8.5) with ExtractAarTransform
Transforming fragment-1.8.5.aar (androidx.fragment:fragment:1.8.5) with AarTransform
Transforming fragment-1.8.5.aar (androidx.fragment:fragment:1.8.5) with ExtractAarTransform
Transforming fragment-1.8.5.aar (androidx.fragment:fragment:1.8.5) with AarTransform
Transforming fragment-ktx-1.8.5.aar (androidx.fragment:fragment-ktx:1.8.5) with ExtractAarTransform
Transforming fragment-ktx-1.8.5.aar (androidx.fragment:fragment-ktx:1.8.5) with AarTransform
Transforming activity-ktx-1.9.3.aar (androidx.activity:activity-ktx:1.9.3) with ExtractAarTransform
Transforming activity-ktx-1.9.3.aar (androidx.activity:activity-ktx:1.9.3) with AarTransform
Transforming lifecycle-viewmodel-ktx-2.8.7.aar (androidx.lifecycle:lifecycle-viewmodel-ktx:2.8.7) with ExtractAarTransform
Transforming lifecycle-viewmodel-ktx-2.8.7.aar (androidx.lifecycle:lifecycle-viewmodel-ktx:2.8.7) with AarTransform
Transforming room-runtime-2.6.1.aar (androidx.room:room-runtime:2.6.1) with ExtractAarTransform
Transforming room-runtime-2.6.1.aar (androidx.room:room-runtime:2.6.1) with AarTransform
Transforming room-ktx-2.6.1.aar (androidx.room:room-ktx:2.6.1) with ExtractAarTransform
Transforming room-ktx-2.6.1.aar (androidx.room:room-ktx:2.6.1) with AarTransform
Transforming savedstate-1.2.1.aar (androidx.savedstate:savedstate:1.2.1) with ExtractAarTransform
Transforming savedstate-1.2.1.aar (androidx.savedstate:savedstate:1.2.1) with AarTransform
Transforming savedstate-ktx-1.2.1.aar (androidx.savedstate:savedstate-ktx:1.2.1) with ExtractAarTransform
Transforming savedstate-ktx-1.2.1.aar (androidx.savedstate:savedstate-ktx:1.2.1) with AarTransform
Transforming annotation-experimental-1.4.1.aar (androidx.annotation:annotation-experimental:1.4.1) with ExtractAarTransform
Transforming annotation-experimental-1.4.1.aar (androidx.annotation:annotation-experimental:1.4.1) with AarTransform
Transforming cursoradapter-1.0.0.aar (androidx.cursoradapter:cursoradapter:1.0.0) with ExtractAarTransform
Transforming cursoradapter-1.0.0.aar (androidx.cursoradapter:cursoradapter:1.0.0) with AarTransform
Transforming interpolator-1.0.0.aar (androidx.interpolator:interpolator:1.0.0) with ExtractAarTransform
Transforming interpolator-1.0.0.aar (androidx.interpolator:interpolator:1.0.0) with AarTransform
Transforming cardview-1.0.0.aar (androidx.cardview:cardview:1.0.0) with ExtractAarTransform
Transforming cardview-1.0.0.aar (androidx.cardview:cardview:1.0.0) with AarTransform
Transforming sqlite-framework-2.4.0.aar (androidx.sqlite:sqlite-framework:2.4.0) with ExtractAarTransform
Transforming sqlite-framework-2.4.0.aar (androidx.sqlite:sqlite-framework:2.4.0) with AarTransform
Transforming sqlite-2.4.0.aar (androidx.sqlite:sqlite:2.4.0) with ExtractAarTransform
Transforming sqlite-2.4.0.aar (androidx.sqlite:sqlite:2.4.0) with AarTransform
Transforming versionedparcelable-1.1.1.aar (androidx.versionedparcelable:versionedparcelable:1.1.1) with ExtractAarTransform
Transforming versionedparcelable-1.1.1.aar (androidx.versionedparcelable:versionedparcelable:1.1.1) with AarTransform
Transforming core-runtime-2.2.0.aar (androidx.arch.core:core-runtime:2.2.0) with ExtractAarTransform
Transforming core-runtime-2.2.0.aar (androidx.arch.core:core-runtime:2.2.0) with AarTransform
Transforming firebase-config-interop-16.0.1.aar (com.google.firebase:firebase-config-interop:16.0.1) with ExtractAarTransform
Transforming firebase-config-interop-16.0.1.aar (com.google.firebase:firebase-config-interop:16.0.1) with AarTransform
Transforming firebase-encoders-json-18.0.1.aar (com.google.firebase:firebase-encoders-json:18.0.1) with ExtractAarTransform
Transforming firebase-encoders-json-18.0.1.aar (com.google.firebase:firebase-encoders-json:18.0.1) with AarTransform
Transforming documentfile-1.0.0.aar (androidx.documentfile:documentfile:1.0.0) with ExtractAarTransform
Transforming documentfile-1.0.0.aar (androidx.documentfile:documentfile:1.0.0) with AarTransform
Transforming localbroadcastmanager-1.0.0.aar (androidx.localbroadcastmanager:localbroadcastmanager:1.0.0) with ExtractAarTransform
Transforming localbroadcastmanager-1.0.0.aar (androidx.localbroadcastmanager:localbroadcastmanager:1.0.0) with AarTransform
Transforming print-1.0.0.aar (androidx.print:print:1.0.0) with ExtractAarTransform
Transforming print-1.0.0.aar (androidx.print:print:1.0.0) with AarTransform
Transforming exifinterface-1.3.7.aar (androidx.exifinterface:exifinterface:1.3.7) with ExtractAarTransform
Transforming exifinterface-1.3.7.aar (androidx.exifinterface:exifinterface:1.3.7) with AarTransform
Transforming androidsvg-aar-1.4.aar (com.caverock:androidsvg-aar:1.4) with ExtractAarTransform
Transforming androidsvg-aar-1.4.aar (com.caverock:androidsvg-aar:1.4) with AarTransform
Transforming drawer-1.0.3.aar (com.drakeet.drawer:drawer:1.0.3) with ExtractAarTransform
Transforming drawer-1.0.3.aar (com.drakeet.drawer:drawer:1.0.3) with AarTransform
Transforming exoplayer-core-2.18.7.aar (com.google.android.exoplayer:exoplayer-core:2.18.7) with ExtractAarTransform
Transforming exoplayer-core-2.18.7.aar (com.google.android.exoplayer:exoplayer-core:2.18.7) with AarTransform
Transforming exoplayer-common-2.18.7.aar (com.google.android.exoplayer:exoplayer-common:2.18.7) with ExtractAarTransform
Transforming exoplayer-common-2.18.7.aar (com.google.android.exoplayer:exoplayer-common:2.18.7) with AarTransform
Transforming simplemenu-preference-1.0.3.aar (dev.rikka.rikkax.preference:simplemenu-preference:1.0.3) with ExtractAarTransform
Transforming simplemenu-preference-1.0.3.aar (dev.rikka.rikkax.preference:simplemenu-preference:1.0.3) with AarTransform
Transforming api-13.1.5.aar (dev.rikka.shizuku:api:13.1.5) with ExtractAarTransform
Transforming api-13.1.5.aar (dev.rikka.shizuku:api:13.1.5) with AarTransform
Transforming appiconloader-1.5.0.aar (me.zhanghai.android.appiconloader:appiconloader:1.5.0) with ExtractAarTransform
Transforming appiconloader-1.5.0.aar (me.zhanghai.android.appiconloader:appiconloader:1.5.0) with AarTransform
Transforming library-1.3.0.aar (me.zhanghai.android.fastscroll:library:1.3.0) with ExtractAarTransform
Transforming library-1.3.0.aar (me.zhanghai.android.fastscroll:library:1.3.0) with AarTransform
Transforming library-1.0.2.aar (me.zhanghai.android.foregroundcompat:library:1.0.2) with ExtractAarTransform
Transforming library-1.0.2.aar (me.zhanghai.android.foregroundcompat:library:1.0.2) with AarTransform
Transforming library-1.1.4.aar (me.zhanghai.android.libarchive:library:1.1.4) with ExtractAarTransform
Transforming library-1.1.4.aar (me.zhanghai.android.libarchive:library:1.1.4) with AarTransform
Transforming library-2.1.0.aar (me.zhanghai.android.libselinux:library:2.1.0) with ExtractAarTransform
Transforming library-2.1.0.aar (me.zhanghai.android.libselinux:library:2.1.0) with AarTransform
Transforming library-1.2.0.aar (me.zhanghai.android.retrofile:library:1.2.0) with ExtractAarTransform
Transforming library-1.2.0.aar (me.zhanghai.android.retrofile:library:1.2.0) with AarTransform
Transforming library-1.0.0.aar (me.zhanghai.android.systemuihelper:library:1.0.0) with ExtractAarTransform
Transforming library-1.0.0.aar (me.zhanghai.android.systemuihelper:library:1.0.0) with AarTransform
Transforming HoloColorPicker-1.5.aar (com.larswerkman:HoloColorPicker:1.5) with ExtractAarTransform
Transforming HoloColorPicker-1.5.aar (com.larswerkman:HoloColorPicker:1.5) with AarTransform
Transforming startup-runtime-1.1.1.aar (androidx.startup:startup-runtime:1.1.1) with ExtractAarTransform
Transforming startup-runtime-1.1.1.aar (androidx.startup:startup-runtime:1.1.1) with AarTransform
Transforming core-5.2.2.aar (com.github.topjohnwu.libsu:core:5.2.2) with ExtractAarTransform
Transforming core-5.2.2.aar (com.github.topjohnwu.libsu:core:5.2.2) with AarTransform
Transforming aidl-13.1.5.aar (dev.rikka.shizuku:aidl:13.1.5) with ExtractAarTransform
Transforming aidl-13.1.5.aar (dev.rikka.shizuku:aidl:13.1.5) with AarTransform
Transforming shared-13.1.5.aar (dev.rikka.shizuku:shared:13.1.5) with ExtractAarTransform
Transforming shared-13.1.5.aar (dev.rikka.shizuku:shared:13.1.5) with AarTransform
Transforming firebase-components-18.0.0.aar (com.google.firebase:firebase-components:18.0.0) with ExtractAarTransform
Transforming firebase-components-18.0.0.aar (com.google.firebase:firebase-components:18.0.0) with AarTransform
Transforming exoplayer-datasource-2.18.7.aar (com.google.android.exoplayer:exoplayer-datasource:2.18.7) with ExtractAarTransform
Transforming exoplayer-datasource-2.18.7.aar (com.google.android.exoplayer:exoplayer-datasource:2.18.7) with AarTransform
Transforming exoplayer-database-2.18.7.aar (com.google.android.exoplayer:exoplayer-database:2.18.7) with ExtractAarTransform
Transforming exoplayer-database-2.18.7.aar (com.google.android.exoplayer:exoplayer-database:2.18.7) with AarTransform
Transforming exoplayer-decoder-2.18.7.aar (com.google.android.exoplayer:exoplayer-decoder:2.18.7) with ExtractAarTransform
Transforming exoplayer-decoder-2.18.7.aar (com.google.android.exoplayer:exoplayer-decoder:2.18.7) with AarTransform
Transforming exoplayer-extractor-2.18.7.aar (com.google.android.exoplayer:exoplayer-extractor:2.18.7) with ExtractAarTransform
Transforming exoplayer-extractor-2.18.7.aar (com.google.android.exoplayer:exoplayer-extractor:2.18.7) with AarTransform
Transforming exoplayer-dash-2.18.7.aar (com.google.android.exoplayer:exoplayer-dash:2.18.7) with ExtractAarTransform
Transforming exoplayer-dash-2.18.7.aar (com.google.android.exoplayer:exoplayer-dash:2.18.7) with AarTransform
Transforming exoplayer-hls-2.18.7.aar (com.google.android.exoplayer:exoplayer-hls:2.18.7) with ExtractAarTransform
Transforming exoplayer-hls-2.18.7.aar (com.google.android.exoplayer:exoplayer-hls:2.18.7) with AarTransform
Transforming exoplayer-rtsp-2.18.7.aar (com.google.android.exoplayer:exoplayer-rtsp:2.18.7) with ExtractAarTransform
Transforming exoplayer-rtsp-2.18.7.aar (com.google.android.exoplayer:exoplayer-rtsp:2.18.7) with AarTransform
Transforming exoplayer-smoothstreaming-2.18.7.aar (com.google.android.exoplayer:exoplayer-smoothstreaming:2.18.7) with ExtractAarTransform
Transforming exoplayer-smoothstreaming-2.18.7.aar (com.google.android.exoplayer:exoplayer-smoothstreaming:2.18.7) with AarTransform
Caching disabled for task ':app:dataBindingGenBaseClassesDebug' because:
  Build cache is disabled
Skipping task ':app:dataBindingGenBaseClassesDebug' as it is up-to-date.
Resolve mutations for :app:generateDebugBuildConfig (Thread[Execution worker Thread 5,5,main]) started.
:app:generateDebugBuildConfig (Thread[Execution worker Thread 9,5,main]) started.

> Task :app:generateDebugBuildConfig UP-TO-DATE
Caching disabled for task ':app:generateDebugBuildConfig' because:
  Build cache is disabled
Skipping task ':app:generateDebugBuildConfig' as it is up-to-date.
Resolve mutations for :app:checkDebugAarMetadata (Thread[Execution worker Thread 9,5,main]) started.
:app:checkDebugAarMetadata (Thread[Execution worker Thread 3,5,main]) started.

> Task :app:checkDebugAarMetadata UP-TO-DATE
file or directory 'E:\For Safe Keeping\WEB REF\MaterialFiles\app\libs', not found
Transforming viewbinding-8.5.0.aar (androidx.databinding:viewbinding:8.5.0) with ExtractAarTransform
Transforming viewbinding-8.5.0.aar (androidx.databinding:viewbinding:8.5.0) with AarTransform
Transforming PhotoView-2.3.0.aar (com.github.chrisbanes:PhotoView:2.3.0) with ExtractAarTransform
Transforming PhotoView-2.3.0.aar (com.github.chrisbanes:PhotoView:2.3.0) with AarTransform
Transforming service-5.2.2.aar (com.github.topjohnwu.libsu:service:5.2.2) with ExtractAarTransform
Transforming service-5.2.2.aar (com.github.topjohnwu.libsu:service:5.2.2) with AarTransform
Transforming preference-ktx-1.2.1.aar (androidx.preference:preference-ktx:1.2.1) with ExtractAarTransform
Transforming preference-ktx-1.2.1.aar (androidx.preference:preference-ktx:1.2.1) with AarTransform
Transforming speed-dial-3.3.0.aar (com.leinardi.android:speed-dial:3.3.0) with ExtractAarTransform
Transforming speed-dial-3.3.0.aar (com.leinardi.android:speed-dial:3.3.0) with AarTransform
Transforming material-1.12.0.aar (com.google.android.material:material:1.12.0) with ExtractAarTransform
Transforming material-1.12.0.aar (com.google.android.material:material:1.12.0) with AarTransform
Transforming subsampling-scale-image-view-androidx-3.10.0.aar (com.davemorrissey.labs:subsampling-scale-image-view-androidx:3.10.0) with ExtractAarTransform
Transforming subsampling-scale-image-view-androidx-3.10.0.aar (com.davemorrissey.labs:subsampling-scale-image-view-androidx:3.10.0) with AarTransform
Transforming licensesdialog-2.1.0.aar (de.psdev.licensesdialog:licensesdialog:2.1.0) with ExtractAarTransform
Transforming licensesdialog-2.1.0.aar (de.psdev.licensesdialog:licensesdialog:2.1.0) with AarTransform
Transforming library-1.3.0.aar (me.zhanghai.android.fastscroll:library:1.3.0) with ExtractAarTransform
Transforming library-1.3.0.aar (me.zhanghai.android.fastscroll:library:1.3.0) with AarTransform
Transforming library-1.0.2.aar (me.zhanghai.android.foregroundcompat:library:1.0.2) with ExtractAarTransform
Transforming library-1.0.2.aar (me.zhanghai.android.foregroundcompat:library:1.0.2) with AarTransform
Transforming coil-gif-2.7.0.aar (io.coil-kt:coil-gif:2.7.0) with ExtractAarTransform
Transforming coil-gif-2.7.0.aar (io.coil-kt:coil-gif:2.7.0) with AarTransform
Transforming coil-2.7.0.aar (io.coil-kt:coil:2.7.0) with ExtractAarTransform
Transforming coil-2.7.0.aar (io.coil-kt:coil:2.7.0) with AarTransform
Transforming coil-svg-2.7.0.aar (io.coil-kt:coil-svg:2.7.0) with ExtractAarTransform
Transforming coil-svg-2.7.0.aar (io.coil-kt:coil-svg:2.7.0) with AarTransform
Transforming coil-video-2.7.0.aar (io.coil-kt:coil-video:2.7.0) with ExtractAarTransform
Transforming coil-video-2.7.0.aar (io.coil-kt:coil-video:2.7.0) with AarTransform
Transforming coil-base-2.7.0.aar (io.coil-kt:coil-base:2.7.0) with ExtractAarTransform
Transforming coil-base-2.7.0.aar (io.coil-kt:coil-base:2.7.0) with AarTransform
Transforming appcompat-resources-1.7.0.aar (androidx.appcompat:appcompat-resources:1.7.0) with ExtractAarTransform
Transforming appcompat-resources-1.7.0.aar (androidx.appcompat:appcompat-resources:1.7.0) with AarTransform
Transforming preferencex-1.1.0.aar (com.takisoft.preferencex:preferencex:1.1.0) with ExtractAarTransform
Transforming preferencex-1.1.0.aar (com.takisoft.preferencex:preferencex:1.1.0) with AarTransform
Transforming simplemenu-preference-1.0.3.aar (dev.rikka.rikkax.preference:simplemenu-preference:1.0.3) with ExtractAarTransform
Transforming simplemenu-preference-1.0.3.aar (dev.rikka.rikkax.preference:simplemenu-preference:1.0.3) with AarTransform
Transforming preference-1.2.1.aar (androidx.preference:preference:1.2.1) with ExtractAarTransform
Transforming preference-1.2.1.aar (androidx.preference:preference:1.2.1) with AarTransform
Transforming constraintlayout-2.0.1.aar (androidx.constraintlayout:constraintlayout:2.0.1) with ExtractAarTransform
Transforming constraintlayout-2.0.1.aar (androidx.constraintlayout:constraintlayout:2.0.1) with AarTransform
Transforming appcompat-1.7.0.aar (androidx.appcompat:appcompat:1.7.0) with ExtractAarTransform
Transforming appcompat-1.7.0.aar (androidx.appcompat:appcompat:1.7.0) with AarTransform
Transforming appcompat-1.7.0.aar (androidx.appcompat:appcompat:1.7.0) with ExtractAarTransform
Transforming appcompat-1.7.0.aar (androidx.appcompat:appcompat:1.7.0) with AarTransform
Transforming advrecyclerview-1.0.0.aar (com.h6ah4i.android.widget.advrecyclerview:advrecyclerview:1.0.0) with ExtractAarTransform
Transforming advrecyclerview-1.0.0.aar (com.h6ah4i.android.widget.advrecyclerview:advrecyclerview:1.0.0) with AarTransform
Transforming exoplayer-2.18.7.aar (com.google.android.exoplayer:exoplayer:2.18.7) with ExtractAarTransform
Transforming exoplayer-2.18.7.aar (com.google.android.exoplayer:exoplayer:2.18.7) with AarTransform
Transforming exoplayer-ui-2.18.7.aar (com.google.android.exoplayer:exoplayer-ui:2.18.7) with ExtractAarTransform
Transforming exoplayer-ui-2.18.7.aar (com.google.android.exoplayer:exoplayer-ui:2.18.7) with AarTransform
Transforming recyclerview-1.3.2.aar (androidx.recyclerview:recyclerview:1.3.2) with ExtractAarTransform
Transforming recyclerview-1.3.2.aar (androidx.recyclerview:recyclerview:1.3.2) with AarTransform
Transforming viewpager2-1.1.0-beta02.aar (androidx.viewpager2:viewpager2:1.1.0-beta02) with ExtractAarTransform
Transforming viewpager2-1.1.0-beta02.aar (androidx.viewpager2:viewpager2:1.1.0-beta02) with AarTransform
Transforming firebase-crashlytics-ndk-19.2.1.aar (com.google.firebase:firebase-crashlytics-ndk:19.2.1) with ExtractAarTransform
Transforming firebase-crashlytics-ndk-19.2.1.aar (com.google.firebase:firebase-crashlytics-ndk:19.2.1) with AarTransform
Transforming firebase-crashlytics-19.2.1.aar (com.google.firebase:firebase-crashlytics:19.2.1) with ExtractAarTransform
Transforming firebase-crashlytics-19.2.1.aar (com.google.firebase:firebase-crashlytics:19.2.1) with AarTransform
Transforming firebase-analytics-22.1.2.aar (com.google.firebase:firebase-analytics:22.1.2) with ExtractAarTransform
Transforming firebase-analytics-22.1.2.aar (com.google.firebase:firebase-analytics:22.1.2) with AarTransform
Transforming play-services-measurement-api-22.1.2.aar (com.google.android.gms:play-services-measurement-api:22.1.2) with ExtractAarTransform
Transforming play-services-measurement-api-22.1.2.aar (com.google.android.gms:play-services-measurement-api:22.1.2) with AarTransform
Transforming firebase-sessions-2.0.6.aar (com.google.firebase:firebase-sessions:2.0.6) with ExtractAarTransform
Transforming firebase-sessions-2.0.6.aar (com.google.firebase:firebase-sessions:2.0.6) with AarTransform
Transforming firebase-installations-18.0.0.aar (com.google.firebase:firebase-installations:18.0.0) with ExtractAarTransform
Transforming firebase-installations-18.0.0.aar (com.google.firebase:firebase-installations:18.0.0) with AarTransform
Transforming firebase-common-ktx-21.0.0.aar (com.google.firebase:firebase-common-ktx:21.0.0) with ExtractAarTransform
Transforming firebase-common-ktx-21.0.0.aar (com.google.firebase:firebase-common-ktx:21.0.0) with AarTransform
Transforming firebase-common-21.0.0.aar (com.google.firebase:firebase-common:21.0.0) with ExtractAarTransform
Transforming firebase-common-21.0.0.aar (com.google.firebase:firebase-common:21.0.0) with AarTransform
Transforming play-services-measurement-22.1.2.aar (com.google.android.gms:play-services-measurement:22.1.2) with ExtractAarTransform
Transforming play-services-measurement-22.1.2.aar (com.google.android.gms:play-services-measurement:22.1.2) with AarTransform
Transforming play-services-measurement-sdk-22.1.2.aar (com.google.android.gms:play-services-measurement-sdk:22.1.2) with ExtractAarTransform
Transforming play-services-measurement-sdk-22.1.2.aar (com.google.android.gms:play-services-measurement-sdk:22.1.2) with AarTransform
Transforming firebase-measurement-connector-20.0.1.aar (com.google.firebase:firebase-measurement-connector:20.0.1) with ExtractAarTransform
Transforming firebase-measurement-connector-20.0.1.aar (com.google.firebase:firebase-measurement-connector:20.0.1) with AarTransform
Transforming play-services-measurement-impl-22.1.2.aar (com.google.android.gms:play-services-measurement-impl:22.1.2) with ExtractAarTransform
Transforming play-services-measurement-impl-22.1.2.aar (com.google.android.gms:play-services-measurement-impl:22.1.2) with AarTransform
Transforming play-services-ads-identifier-18.0.0.aar (com.google.android.gms:play-services-ads-identifier:18.0.0) with ExtractAarTransform
Transforming play-services-ads-identifier-18.0.0.aar (com.google.android.gms:play-services-ads-identifier:18.0.0) with AarTransform
Transforming play-services-measurement-sdk-api-22.1.2.aar (com.google.android.gms:play-services-measurement-sdk-api:22.1.2) with ExtractAarTransform
Transforming play-services-measurement-sdk-api-22.1.2.aar (com.google.android.gms:play-services-measurement-sdk-api:22.1.2) with AarTransform
Transforming play-services-measurement-base-22.1.2.aar (com.google.android.gms:play-services-measurement-base:22.1.2) with ExtractAarTransform
Transforming play-services-measurement-base-22.1.2.aar (com.google.android.gms:play-services-measurement-base:22.1.2) with AarTransform
Transforming play-services-stats-17.0.2.aar (com.google.android.gms:play-services-stats:17.0.2) with ExtractAarTransform
Transforming play-services-stats-17.0.2.aar (com.google.android.gms:play-services-stats:17.0.2) with AarTransform
Transforming firebase-installations-interop-17.2.0.aar (com.google.firebase:firebase-installations-interop:17.2.0) with ExtractAarTransform
Transforming firebase-installations-interop-17.2.0.aar (com.google.firebase:firebase-installations-interop:17.2.0) with AarTransform
Transforming emoji2-views-helper-1.3.0.aar (androidx.emoji2:emoji2-views-helper:1.3.0) with ExtractAarTransform
Transforming emoji2-views-helper-1.3.0.aar (androidx.emoji2:emoji2-views-helper:1.3.0) with AarTransform
Transforming emoji2-1.3.0.aar (androidx.emoji2:emoji2:1.3.0) with ExtractAarTransform
Transforming emoji2-1.3.0.aar (androidx.emoji2:emoji2:1.3.0) with AarTransform
Transforming activity-1.9.3.aar (androidx.activity:activity:1.9.3) with ExtractAarTransform
Transforming activity-1.9.3.aar (androidx.activity:activity:1.9.3) with AarTransform
Transforming customview-poolingcontainer-1.0.0.aar (androidx.customview:customview-poolingcontainer:1.0.0) with ExtractAarTransform
Transforming customview-poolingcontainer-1.0.0.aar (androidx.customview:customview-poolingcontainer:1.0.0) with AarTransform
Transforming ads-adservices-java-1.0.0-beta05.aar (androidx.privacysandbox.ads:ads-adservices-java:1.0.0-beta05) with ExtractAarTransform
Transforming ads-adservices-java-1.0.0-beta05.aar (androidx.privacysandbox.ads:ads-adservices-java:1.0.0-beta05) with AarTransform
Transforming ads-adservices-1.0.0-beta05.aar (androidx.privacysandbox.ads:ads-adservices:1.0.0-beta05) with ExtractAarTransform
Transforming ads-adservices-1.0.0-beta05.aar (androidx.privacysandbox.ads:ads-adservices:1.0.0-beta05) with AarTransform
Transforming ads-adservices-1.0.0-beta05.aar (androidx.privacysandbox.ads:ads-adservices:1.0.0-beta05) with ExtractAarTransform
Transforming ads-adservices-1.0.0-beta05.aar (androidx.privacysandbox.ads:ads-adservices:1.0.0-beta05) with AarTransform
Transforming core-ktx-1.15.0.aar (androidx.core:core-ktx:1.15.0) with ExtractAarTransform
Transforming core-ktx-1.15.0.aar (androidx.core:core-ktx:1.15.0) with AarTransform
Transforming drawerlayout-1.2.0.aar (androidx.drawerlayout:drawerlayout:1.2.0) with ExtractAarTransform
Transforming drawerlayout-1.2.0.aar (androidx.drawerlayout:drawerlayout:1.2.0) with AarTransform
Transforming swiperefreshlayout-1.1.0.aar (androidx.swiperefreshlayout:swiperefreshlayout:1.1.0) with ExtractAarTransform
Transforming swiperefreshlayout-1.1.0.aar (androidx.swiperefreshlayout:swiperefreshlayout:1.1.0) with AarTransform
Transforming materialshadowninepatch-1.0.0.aar (com.h6ah4i.android.materialshadowninepatch:materialshadowninepatch:1.0.0) with ExtractAarTransform
Transforming materialshadowninepatch-1.0.0.aar (com.h6ah4i.android.materialshadowninepatch:materialshadowninepatch:1.0.0) with AarTransform
Transforming insetter-ktx-0.3.1.aar (dev.chrisbanes:insetter-ktx:0.3.1) with ExtractAarTransform
Transforming insetter-ktx-0.3.1.aar (dev.chrisbanes:insetter-ktx:0.3.1) with AarTransform
Transforming exoplayer-dash-2.18.7.aar (com.google.android.exoplayer:exoplayer-dash:2.18.7) with ExtractAarTransform
Transforming exoplayer-dash-2.18.7.aar (com.google.android.exoplayer:exoplayer-dash:2.18.7) with AarTransform
Transforming exoplayer-hls-2.18.7.aar (com.google.android.exoplayer:exoplayer-hls:2.18.7) with ExtractAarTransform
Transforming exoplayer-hls-2.18.7.aar (com.google.android.exoplayer:exoplayer-hls:2.18.7) with AarTransform
Transforming exoplayer-rtsp-2.18.7.aar (com.google.android.exoplayer:exoplayer-rtsp:2.18.7) with ExtractAarTransform
Transforming exoplayer-rtsp-2.18.7.aar (com.google.android.exoplayer:exoplayer-rtsp:2.18.7) with AarTransform
Transforming exoplayer-smoothstreaming-2.18.7.aar (com.google.android.exoplayer:exoplayer-smoothstreaming:2.18.7) with ExtractAarTransform
Transforming exoplayer-smoothstreaming-2.18.7.aar (com.google.android.exoplayer:exoplayer-smoothstreaming:2.18.7) with AarTransform
Transforming exoplayer-core-2.18.7.aar (com.google.android.exoplayer:exoplayer-core:2.18.7) with ExtractAarTransform
Transforming exoplayer-core-2.18.7.aar (com.google.android.exoplayer:exoplayer-core:2.18.7) with AarTransform
Transforming coordinatorlayout-1.1.0.aar (androidx.coordinatorlayout:coordinatorlayout:1.1.0) with ExtractAarTransform
Transforming coordinatorlayout-1.1.0.aar (androidx.coordinatorlayout:coordinatorlayout:1.1.0) with AarTransform
Transforming viewpager-1.0.0.aar (androidx.viewpager:viewpager:1.0.0) with ExtractAarTransform
Transforming viewpager-1.0.0.aar (androidx.viewpager:viewpager:1.0.0) with AarTransform
Transforming slidingpanelayout-1.2.0.aar (androidx.slidingpanelayout:slidingpanelayout:1.2.0) with ExtractAarTransform
Transforming slidingpanelayout-1.2.0.aar (androidx.slidingpanelayout:slidingpanelayout:1.2.0) with AarTransform
Transforming customview-1.1.0.aar (androidx.customview:customview:1.1.0) with ExtractAarTransform
Transforming customview-1.1.0.aar (androidx.customview:customview:1.1.0) with AarTransform
Transforming customview-1.1.0.aar (androidx.customview:customview:1.1.0) with ExtractAarTransform
Transforming customview-1.1.0.aar (androidx.customview:customview:1.1.0) with AarTransform
Transforming transition-1.5.0.aar (androidx.transition:transition:1.5.0) with ExtractAarTransform
Transforming transition-1.5.0.aar (androidx.transition:transition:1.5.0) with AarTransform
Transforming dynamicanimation-1.0.0.aar (androidx.dynamicanimation:dynamicanimation:1.0.0) with ExtractAarTransform
Transforming dynamicanimation-1.0.0.aar (androidx.dynamicanimation:dynamicanimation:1.0.0) with AarTransform
Transforming vectordrawable-animated-1.1.0.aar (androidx.vectordrawable:vectordrawable-animated:1.1.0) with ExtractAarTransform
Transforming vectordrawable-animated-1.1.0.aar (androidx.vectordrawable:vectordrawable-animated:1.1.0) with AarTransform
Transforming vectordrawable-1.1.0.aar (androidx.vectordrawable:vectordrawable:1.1.0) with ExtractAarTransform
Transforming vectordrawable-1.1.0.aar (androidx.vectordrawable:vectordrawable:1.1.0) with AarTransform
Transforming vectordrawable-1.1.0.aar (androidx.vectordrawable:vectordrawable:1.1.0) with ExtractAarTransform
Transforming vectordrawable-1.1.0.aar (androidx.vectordrawable:vectordrawable:1.1.0) with AarTransform
Transforming insetter-0.3.1.aar (dev.chrisbanes:insetter:0.3.1) with ExtractAarTransform
Transforming insetter-0.3.1.aar (dev.chrisbanes:insetter:0.3.1) with AarTransform
Transforming media-1.6.0.aar (androidx.media:media:1.6.0) with ExtractAarTransform
Transforming media-1.6.0.aar (androidx.media:media:1.6.0) with AarTransform
Transforming legacy-support-core-utils-1.0.0.aar (androidx.legacy:legacy-support-core-utils:1.0.0) with ExtractAarTransform
Transforming legacy-support-core-utils-1.0.0.aar (androidx.legacy:legacy-support-core-utils:1.0.0) with AarTransform
Transforming loader-1.0.0.aar (androidx.loader:loader:1.0.0) with ExtractAarTransform
Transforming loader-1.0.0.aar (androidx.loader:loader:1.0.0) with AarTransform
Transforming loader-1.0.0.aar (androidx.loader:loader:1.0.0) with ExtractAarTransform
Transforming loader-1.0.0.aar (androidx.loader:loader:1.0.0) with AarTransform
Transforming window-1.0.0.aar (androidx.window:window:1.0.0) with ExtractAarTransform
Transforming window-1.0.0.aar (androidx.window:window:1.0.0) with AarTransform
Transforming play-services-base-18.5.0.aar (com.google.android.gms:play-services-base:18.5.0) with ExtractAarTransform
Transforming play-services-base-18.5.0.aar (com.google.android.gms:play-services-base:18.5.0) with AarTransform
Transforming core-1.15.0.aar (androidx.core:core:1.15.0) with ExtractAarTransform
Transforming core-1.15.0.aar (androidx.core:core:1.15.0) with AarTransform
Transforming core-1.15.0.aar (androidx.core:core:1.15.0) with ExtractAarTransform
Transforming core-1.15.0.aar (androidx.core:core:1.15.0) with AarTransform
Transforming savedstate-ktx-1.2.1.aar (androidx.savedstate:savedstate-ktx:1.2.1) with ExtractAarTransform
Transforming savedstate-ktx-1.2.1.aar (androidx.savedstate:savedstate-ktx:1.2.1) with AarTransform
Transforming savedstate-1.2.1.aar (androidx.savedstate:savedstate:1.2.1) with ExtractAarTransform
Transforming savedstate-1.2.1.aar (androidx.savedstate:savedstate:1.2.1) with AarTransform
Transforming lifecycle-viewmodel-2.8.7.aar (androidx.lifecycle:lifecycle-viewmodel:2.8.7) with ExtractAarTransform
Transforming lifecycle-viewmodel-2.8.7.aar (androidx.lifecycle:lifecycle-viewmodel:2.8.7) with AarTransform
Transforming lifecycle-viewmodel-release.aar (androidx.lifecycle:lifecycle-viewmodel-android:2.8.7) with ExtractAarTransform
Transforming lifecycle-viewmodel-release.aar (androidx.lifecycle:lifecycle-viewmodel-android:2.8.7) with AarTransform
Transforming lifecycle-runtime-release.aar (androidx.lifecycle:lifecycle-runtime-android:2.8.7) with ExtractAarTransform
Transforming lifecycle-runtime-release.aar (androidx.lifecycle:lifecycle-runtime-android:2.8.7) with AarTransform
Transforming lifecycle-livedata-core-2.8.7.aar (androidx.lifecycle:lifecycle-livedata-core:2.8.7) with ExtractAarTransform
Transforming lifecycle-livedata-core-2.8.7.aar (androidx.lifecycle:lifecycle-livedata-core:2.8.7) with AarTransform
Transforming lifecycle-viewmodel-savedstate-2.8.7.aar (androidx.lifecycle:lifecycle-viewmodel-savedstate:2.8.7) with ExtractAarTransform
Transforming lifecycle-viewmodel-savedstate-2.8.7.aar (androidx.lifecycle:lifecycle-viewmodel-savedstate:2.8.7) with AarTransform
Transforming lifecycle-runtime-ktx-release.aar (androidx.lifecycle:lifecycle-runtime-ktx-android:2.8.7) with ExtractAarTransform
Transforming lifecycle-runtime-ktx-release.aar (androidx.lifecycle:lifecycle-runtime-ktx-android:2.8.7) with AarTransform
Transforming lifecycle-livedata-2.8.7.aar (androidx.lifecycle:lifecycle-livedata:2.8.7) with ExtractAarTransform
Transforming lifecycle-livedata-2.8.7.aar (androidx.lifecycle:lifecycle-livedata:2.8.7) with AarTransform
Transforming lifecycle-livedata-2.8.7.aar (androidx.lifecycle:lifecycle-livedata:2.8.7) with ExtractAarTransform
Transforming lifecycle-livedata-2.8.7.aar (androidx.lifecycle:lifecycle-livedata:2.8.7) with AarTransform
Transforming lifecycle-livedata-core-ktx-2.8.7.aar (androidx.lifecycle:lifecycle-livedata-core-ktx:2.8.7) with ExtractAarTransform
Transforming lifecycle-livedata-core-ktx-2.8.7.aar (androidx.lifecycle:lifecycle-livedata-core-ktx:2.8.7) with AarTransform
Transforming lifecycle-process-2.8.7.aar (androidx.lifecycle:lifecycle-process:2.8.7) with ExtractAarTransform
Transforming lifecycle-process-2.8.7.aar (androidx.lifecycle:lifecycle-process:2.8.7) with AarTransform
Transforming lifecycle-livedata-ktx-2.8.7.aar (androidx.lifecycle:lifecycle-livedata-ktx:2.8.7) with ExtractAarTransform
Transforming lifecycle-livedata-ktx-2.8.7.aar (androidx.lifecycle:lifecycle-livedata-ktx:2.8.7) with AarTransform
Transforming datastore-preferences-1.0.0.aar (androidx.datastore:datastore-preferences:1.0.0) with ExtractAarTransform
Transforming datastore-preferences-1.0.0.aar (androidx.datastore:datastore-preferences:1.0.0) with AarTransform
Transforming datastore-1.0.0.aar (androidx.datastore:datastore:1.0.0) with ExtractAarTransform
Transforming datastore-1.0.0.aar (androidx.datastore:datastore:1.0.0) with AarTransform
Transforming play-services-tasks-18.2.0.aar (com.google.android.gms:play-services-tasks:18.2.0) with ExtractAarTransform
Transforming play-services-tasks-18.2.0.aar (com.google.android.gms:play-services-tasks:18.2.0) with AarTransform
Transforming play-services-tasks-18.2.0.aar (com.google.android.gms:play-services-tasks:18.2.0) with ExtractAarTransform
Transforming play-services-tasks-18.2.0.aar (com.google.android.gms:play-services-tasks:18.2.0) with AarTransform
Transforming play-services-basement-18.4.0.aar (com.google.android.gms:play-services-basement:18.4.0) with ExtractAarTransform
Transforming play-services-basement-18.4.0.aar (com.google.android.gms:play-services-basement:18.4.0) with AarTransform
Transforming fragment-1.8.5.aar (androidx.fragment:fragment:1.8.5) with ExtractAarTransform
Transforming fragment-1.8.5.aar (androidx.fragment:fragment:1.8.5) with AarTransform
Transforming fragment-1.8.5.aar (androidx.fragment:fragment:1.8.5) with ExtractAarTransform
Transforming fragment-1.8.5.aar (androidx.fragment:fragment:1.8.5) with AarTransform
Transforming fragment-ktx-1.8.5.aar (androidx.fragment:fragment-ktx:1.8.5) with ExtractAarTransform
Transforming fragment-ktx-1.8.5.aar (androidx.fragment:fragment-ktx:1.8.5) with AarTransform
Transforming activity-ktx-1.9.3.aar (androidx.activity:activity-ktx:1.9.3) with ExtractAarTransform
Transforming activity-ktx-1.9.3.aar (androidx.activity:activity-ktx:1.9.3) with AarTransform
Transforming lifecycle-viewmodel-ktx-2.8.7.aar (androidx.lifecycle:lifecycle-viewmodel-ktx:2.8.7) with ExtractAarTransform
Transforming lifecycle-viewmodel-ktx-2.8.7.aar (androidx.lifecycle:lifecycle-viewmodel-ktx:2.8.7) with AarTransform
Transforming room-runtime-2.6.1.aar (androidx.room:room-runtime:2.6.1) with ExtractAarTransform
Transforming room-runtime-2.6.1.aar (androidx.room:room-runtime:2.6.1) with AarTransform
Transforming room-ktx-2.6.1.aar (androidx.room:room-ktx:2.6.1) with ExtractAarTransform
Transforming room-ktx-2.6.1.aar (androidx.room:room-ktx:2.6.1) with AarTransform
Transforming sqlite-framework-2.4.0.aar (androidx.sqlite:sqlite-framework:2.4.0) with ExtractAarTransform
Transforming sqlite-framework-2.4.0.aar (androidx.sqlite:sqlite-framework:2.4.0) with AarTransform
Transforming sqlite-2.4.0.aar (androidx.sqlite:sqlite:2.4.0) with ExtractAarTransform
Transforming sqlite-2.4.0.aar (androidx.sqlite:sqlite:2.4.0) with AarTransform
Transforming annotation-experimental-1.4.1.aar (androidx.annotation:annotation-experimental:1.4.1) with ExtractAarTransform
Transforming annotation-experimental-1.4.1.aar (androidx.annotation:annotation-experimental:1.4.1) with AarTransform
Transforming exifinterface-1.3.7.aar (androidx.exifinterface:exifinterface:1.3.7) with ExtractAarTransform
Transforming exifinterface-1.3.7.aar (androidx.exifinterface:exifinterface:1.3.7) with AarTransform
Transforming api-13.1.5.aar (dev.rikka.shizuku:api:13.1.5) with ExtractAarTransform
Transforming api-13.1.5.aar (dev.rikka.shizuku:api:13.1.5) with AarTransform
Transforming appiconloader-1.5.0.aar (me.zhanghai.android.appiconloader:appiconloader:1.5.0) with ExtractAarTransform
Transforming appiconloader-1.5.0.aar (me.zhanghai.android.appiconloader:appiconloader:1.5.0) with AarTransform
Transforming library-1.1.4.aar (me.zhanghai.android.libarchive:library:1.1.4) with ExtractAarTransform
Transforming library-1.1.4.aar (me.zhanghai.android.libarchive:library:1.1.4) with AarTransform
Transforming library-2.1.0.aar (me.zhanghai.android.libselinux:library:2.1.0) with ExtractAarTransform
Transforming library-2.1.0.aar (me.zhanghai.android.libselinux:library:2.1.0) with AarTransform
Transforming cursoradapter-1.0.0.aar (androidx.cursoradapter:cursoradapter:1.0.0) with ExtractAarTransform
Transforming cursoradapter-1.0.0.aar (androidx.cursoradapter:cursoradapter:1.0.0) with AarTransform
Transforming profileinstaller-1.3.1.aar (androidx.profileinstaller:profileinstaller:1.3.1) with ExtractAarTransform
Transforming profileinstaller-1.3.1.aar (androidx.profileinstaller:profileinstaller:1.3.1) with AarTransform
Transforming startup-runtime-1.1.1.aar (androidx.startup:startup-runtime:1.1.1) with ExtractAarTransform
Transforming startup-runtime-1.1.1.aar (androidx.startup:startup-runtime:1.1.1) with AarTransform
Transforming interpolator-1.0.0.aar (androidx.interpolator:interpolator:1.0.0) with ExtractAarTransform
Transforming interpolator-1.0.0.aar (androidx.interpolator:interpolator:1.0.0) with AarTransform
Transforming interpolator-1.0.0.aar (androidx.interpolator:interpolator:1.0.0) with ExtractAarTransform
Transforming interpolator-1.0.0.aar (androidx.interpolator:interpolator:1.0.0) with AarTransform
Transforming cardview-1.0.0.aar (androidx.cardview:cardview:1.0.0) with ExtractAarTransform
Transforming cardview-1.0.0.aar (androidx.cardview:cardview:1.0.0) with AarTransform
Transforming shared-13.1.5.aar (dev.rikka.shizuku:shared:13.1.5) with ExtractAarTransform
Transforming shared-13.1.5.aar (dev.rikka.shizuku:shared:13.1.5) with AarTransform
Transforming appiconloader-iconloaderlib-1.5.0.aar (me.zhanghai.android.appiconloader:appiconloader-iconloaderlib:1.5.0) with ExtractAarTransform
Transforming appiconloader-iconloaderlib-1.5.0.aar (me.zhanghai.android.appiconloader:appiconloader-iconloaderlib:1.5.0) with AarTransform
Transforming core-runtime-2.2.0.aar (androidx.arch.core:core-runtime:2.2.0) with ExtractAarTransform
Transforming core-runtime-2.2.0.aar (androidx.arch.core:core-runtime:2.2.0) with AarTransform
Transforming exoplayer-datasource-2.18.7.aar (com.google.android.exoplayer:exoplayer-datasource:2.18.7) with ExtractAarTransform
Transforming exoplayer-datasource-2.18.7.aar (com.google.android.exoplayer:exoplayer-datasource:2.18.7) with AarTransform
Transforming exoplayer-extractor-2.18.7.aar (com.google.android.exoplayer:exoplayer-extractor:2.18.7) with ExtractAarTransform
Transforming exoplayer-extractor-2.18.7.aar (com.google.android.exoplayer:exoplayer-extractor:2.18.7) with AarTransform
Transforming exoplayer-decoder-2.18.7.aar (com.google.android.exoplayer:exoplayer-decoder:2.18.7) with ExtractAarTransform
Transforming exoplayer-decoder-2.18.7.aar (com.google.android.exoplayer:exoplayer-decoder:2.18.7) with AarTransform
Transforming exoplayer-database-2.18.7.aar (com.google.android.exoplayer:exoplayer-database:2.18.7) with ExtractAarTransform
Transforming exoplayer-database-2.18.7.aar (com.google.android.exoplayer:exoplayer-database:2.18.7) with AarTransform
Transforming exoplayer-common-2.18.7.aar (com.google.android.exoplayer:exoplayer-common:2.18.7) with ExtractAarTransform
Transforming exoplayer-common-2.18.7.aar (com.google.android.exoplayer:exoplayer-common:2.18.7) with AarTransform
Transforming firebase-components-18.0.0.aar (com.google.firebase:firebase-components:18.0.0) with ExtractAarTransform
Transforming firebase-components-18.0.0.aar (com.google.firebase:firebase-components:18.0.0) with AarTransform
Transforming tracing-1.2.0.aar (androidx.tracing:tracing:1.2.0) with ExtractAarTransform
Transforming tracing-1.2.0.aar (androidx.tracing:tracing:1.2.0) with AarTransform
Transforming versionedparcelable-1.1.1.aar (androidx.versionedparcelable:versionedparcelable:1.1.1) with ExtractAarTransform
Transforming versionedparcelable-1.1.1.aar (androidx.versionedparcelable:versionedparcelable:1.1.1) with AarTransform
Transforming firebase-config-interop-16.0.1.aar (com.google.firebase:firebase-config-interop:16.0.1) with ExtractAarTransform
Transforming firebase-config-interop-16.0.1.aar (com.google.firebase:firebase-config-interop:16.0.1) with AarTransform
Transforming firebase-datatransport-19.0.0.aar (com.google.firebase:firebase-datatransport:19.0.0) with ExtractAarTransform
Transforming firebase-datatransport-19.0.0.aar (com.google.firebase:firebase-datatransport:19.0.0) with AarTransform
Transforming transport-backend-cct-3.3.0.aar (com.google.android.datatransport:transport-backend-cct:3.3.0) with ExtractAarTransform
Transforming transport-backend-cct-3.3.0.aar (com.google.android.datatransport:transport-backend-cct:3.3.0) with AarTransform
Transforming firebase-encoders-json-18.0.1.aar (com.google.firebase:firebase-encoders-json:18.0.1) with ExtractAarTransform
Transforming firebase-encoders-json-18.0.1.aar (com.google.firebase:firebase-encoders-json:18.0.1) with AarTransform
Transforming transport-runtime-3.3.0.aar (com.google.android.datatransport:transport-runtime:3.3.0) with ExtractAarTransform
Transforming transport-runtime-3.3.0.aar (com.google.android.datatransport:transport-runtime:3.3.0) with AarTransform
Transforming transport-api-3.2.0.aar (com.google.android.datatransport:transport-api:3.2.0) with ExtractAarTransform
Transforming transport-api-3.2.0.aar (com.google.android.datatransport:transport-api:3.2.0) with AarTransform
Transforming documentfile-1.0.0.aar (androidx.documentfile:documentfile:1.0.0) with ExtractAarTransform
Transforming documentfile-1.0.0.aar (androidx.documentfile:documentfile:1.0.0) with AarTransform
Transforming localbroadcastmanager-1.0.0.aar (androidx.localbroadcastmanager:localbroadcastmanager:1.0.0) with ExtractAarTransform
Transforming localbroadcastmanager-1.0.0.aar (androidx.localbroadcastmanager:localbroadcastmanager:1.0.0) with AarTransform
Transforming print-1.0.0.aar (androidx.print:print:1.0.0) with ExtractAarTransform
Transforming print-1.0.0.aar (androidx.print:print:1.0.0) with AarTransform
Transforming androidsvg-aar-1.4.aar (com.caverock:androidsvg-aar:1.4) with ExtractAarTransform
Transforming androidsvg-aar-1.4.aar (com.caverock:androidsvg-aar:1.4) with AarTransform
Transforming drawer-1.0.3.aar (com.drakeet.drawer:drawer:1.0.3) with ExtractAarTransform
Transforming drawer-1.0.3.aar (com.drakeet.drawer:drawer:1.0.3) with AarTransform
Transforming library-1.2.0.aar (me.zhanghai.android.retrofile:library:1.2.0) with ExtractAarTransform
Transforming library-1.2.0.aar (me.zhanghai.android.retrofile:library:1.2.0) with AarTransform
Transforming library-1.0.0.aar (me.zhanghai.android.systemuihelper:library:1.0.0) with ExtractAarTransform
Transforming library-1.0.0.aar (me.zhanghai.android.systemuihelper:library:1.0.0) with AarTransform
Transforming HoloColorPicker-1.5.aar (com.larswerkman:HoloColorPicker:1.5) with ExtractAarTransform
Transforming HoloColorPicker-1.5.aar (com.larswerkman:HoloColorPicker:1.5) with AarTransform
Transforming core-5.2.2.aar (com.github.topjohnwu.libsu:core:5.2.2) with ExtractAarTransform
Transforming core-5.2.2.aar (com.github.topjohnwu.libsu:core:5.2.2) with AarTransform
Transforming aidl-13.1.5.aar (dev.rikka.shizuku:aidl:13.1.5) with ExtractAarTransform
Transforming aidl-13.1.5.aar (dev.rikka.shizuku:aidl:13.1.5) with AarTransform
file or directory 'E:\For Safe Keeping\WEB REF\MaterialFiles\app\libs', not found
file or directory 'E:\For Safe Keeping\WEB REF\MaterialFiles\app\libs', not found
file or directory 'E:\For Safe Keeping\WEB REF\MaterialFiles\app\libs', not found
Caching disabled for task ':app:checkDebugAarMetadata' because:
  Build cache is disabled
  Caching has been disabled for the task
Skipping task ':app:checkDebugAarMetadata' as it is up-to-date.
Resolve mutations for :app:mapDebugSourceSetPaths (Thread[Execution worker Thread 3,5,main]) started.
:app:mapDebugSourceSetPaths (Thread[Execution worker,5,main]) started.

> Task :app:mapDebugSourceSetPaths UP-TO-DATE
file or directory 'E:\For Safe Keeping\WEB REF\MaterialFiles\app\libs', not found
Caching disabled for task ':app:mapDebugSourceSetPaths' because:
  Build cache is disabled
  Caching has been disabled for the task
Skipping task ':app:mapDebugSourceSetPaths' as it is up-to-date.
Resolve mutations for :app:createDebugCompatibleScreenManifests (Thread[Execution worker,5,main]) started.
:app:createDebugCompatibleScreenManifests (Thread[Execution worker,5,main]) started.

> Task :app:createDebugCompatibleScreenManifests UP-TO-DATE
Caching disabled for task ':app:createDebugCompatibleScreenManifests' because:
  Build cache is disabled
  Caching has been disabled for the task
Skipping task ':app:createDebugCompatibleScreenManifests' as it is up-to-date.
Resolve mutations for :app:extractDeepLinksDebug (Thread[Execution worker,5,main]) started.
:app:extractDeepLinksDebug (Thread[Execution worker Thread 6,5,main]) started.

> Task :app:extractDeepLinksDebug UP-TO-DATE
Caching disabled for task ':app:extractDeepLinksDebug' because:
  Build cache is disabled
Skipping task ':app:extractDeepLinksDebug' as it is up-to-date.
Resolve mutations for :app:processDebugMainManifest (Thread[Execution worker Thread 6,5,main]) started.
:app:processDebugMainManifest (Thread[Execution worker Thread 6,5,main]) started.

> Task :app:processDebugMainManifest UP-TO-DATE
file or directory 'E:\For Safe Keeping\WEB REF\MaterialFiles\app\libs', not found
Transforming viewbinding-8.5.0.aar (androidx.databinding:viewbinding:8.5.0) with ExtractAarTransform
Transforming viewbinding-8.5.0.aar (androidx.databinding:viewbinding:8.5.0) with AarTransform
Transforming PhotoView-2.3.0.aar (com.github.chrisbanes:PhotoView:2.3.0) with ExtractAarTransform
Transforming PhotoView-2.3.0.aar (com.github.chrisbanes:PhotoView:2.3.0) with AarTransform
Transforming service-5.2.2.aar (com.github.topjohnwu.libsu:service:5.2.2) with ExtractAarTransform
Transforming service-5.2.2.aar (com.github.topjohnwu.libsu:service:5.2.2) with AarTransform
Transforming preference-ktx-1.2.1.aar (androidx.preference:preference-ktx:1.2.1) with ExtractAarTransform
Transforming preference-ktx-1.2.1.aar (androidx.preference:preference-ktx:1.2.1) with AarTransform
Transforming speed-dial-3.3.0.aar (com.leinardi.android:speed-dial:3.3.0) with ExtractAarTransform
Transforming speed-dial-3.3.0.aar (com.leinardi.android:speed-dial:3.3.0) with AarTransform
Transforming material-1.12.0.aar (com.google.android.material:material:1.12.0) with ExtractAarTransform
Transforming material-1.12.0.aar (com.google.android.material:material:1.12.0) with AarTransform
Transforming subsampling-scale-image-view-androidx-3.10.0.aar (com.davemorrissey.labs:subsampling-scale-image-view-androidx:3.10.0) with ExtractAarTransform
Transforming subsampling-scale-image-view-androidx-3.10.0.aar (com.davemorrissey.labs:subsampling-scale-image-view-androidx:3.10.0) with AarTransform
Transforming licensesdialog-2.1.0.aar (de.psdev.licensesdialog:licensesdialog:2.1.0) with ExtractAarTransform
Transforming licensesdialog-2.1.0.aar (de.psdev.licensesdialog:licensesdialog:2.1.0) with AarTransform
Transforming library-1.3.0.aar (me.zhanghai.android.fastscroll:library:1.3.0) with ExtractAarTransform
Transforming library-1.3.0.aar (me.zhanghai.android.fastscroll:library:1.3.0) with AarTransform
Transforming library-1.0.2.aar (me.zhanghai.android.foregroundcompat:library:1.0.2) with ExtractAarTransform
Transforming library-1.0.2.aar (me.zhanghai.android.foregroundcompat:library:1.0.2) with AarTransform
Transforming coil-gif-2.7.0.aar (io.coil-kt:coil-gif:2.7.0) with ExtractAarTransform
Transforming coil-gif-2.7.0.aar (io.coil-kt:coil-gif:2.7.0) with AarTransform
Transforming coil-2.7.0.aar (io.coil-kt:coil:2.7.0) with ExtractAarTransform
Transforming coil-2.7.0.aar (io.coil-kt:coil:2.7.0) with AarTransform
Transforming coil-svg-2.7.0.aar (io.coil-kt:coil-svg:2.7.0) with ExtractAarTransform
Transforming coil-svg-2.7.0.aar (io.coil-kt:coil-svg:2.7.0) with AarTransform
Transforming coil-video-2.7.0.aar (io.coil-kt:coil-video:2.7.0) with ExtractAarTransform
Transforming coil-video-2.7.0.aar (io.coil-kt:coil-video:2.7.0) with AarTransform
Transforming coil-base-2.7.0.aar (io.coil-kt:coil-base:2.7.0) with ExtractAarTransform
Transforming coil-base-2.7.0.aar (io.coil-kt:coil-base:2.7.0) with AarTransform
Transforming appcompat-resources-1.7.0.aar (androidx.appcompat:appcompat-resources:1.7.0) with ExtractAarTransform
Transforming appcompat-resources-1.7.0.aar (androidx.appcompat:appcompat-resources:1.7.0) with AarTransform
Transforming preferencex-1.1.0.aar (com.takisoft.preferencex:preferencex:1.1.0) with ExtractAarTransform
Transforming preferencex-1.1.0.aar (com.takisoft.preferencex:preferencex:1.1.0) with AarTransform
Transforming simplemenu-preference-1.0.3.aar (dev.rikka.rikkax.preference:simplemenu-preference:1.0.3) with ExtractAarTransform
Transforming simplemenu-preference-1.0.3.aar (dev.rikka.rikkax.preference:simplemenu-preference:1.0.3) with AarTransform
Transforming preference-1.2.1.aar (androidx.preference:preference:1.2.1) with ExtractAarTransform
Transforming preference-1.2.1.aar (androidx.preference:preference:1.2.1) with AarTransform
Transforming constraintlayout-2.0.1.aar (androidx.constraintlayout:constraintlayout:2.0.1) with ExtractAarTransform
Transforming constraintlayout-2.0.1.aar (androidx.constraintlayout:constraintlayout:2.0.1) with AarTransform
Transforming appcompat-1.7.0.aar (androidx.appcompat:appcompat:1.7.0) with ExtractAarTransform
Transforming appcompat-1.7.0.aar (androidx.appcompat:appcompat:1.7.0) with AarTransform
Transforming appcompat-1.7.0.aar (androidx.appcompat:appcompat:1.7.0) with ExtractAarTransform
Transforming appcompat-1.7.0.aar (androidx.appcompat:appcompat:1.7.0) with AarTransform
Transforming advrecyclerview-1.0.0.aar (com.h6ah4i.android.widget.advrecyclerview:advrecyclerview:1.0.0) with ExtractAarTransform
Transforming advrecyclerview-1.0.0.aar (com.h6ah4i.android.widget.advrecyclerview:advrecyclerview:1.0.0) with AarTransform
Transforming exoplayer-2.18.7.aar (com.google.android.exoplayer:exoplayer:2.18.7) with ExtractAarTransform
Transforming exoplayer-2.18.7.aar (com.google.android.exoplayer:exoplayer:2.18.7) with AarTransform
Transforming exoplayer-ui-2.18.7.aar (com.google.android.exoplayer:exoplayer-ui:2.18.7) with ExtractAarTransform
Transforming exoplayer-ui-2.18.7.aar (com.google.android.exoplayer:exoplayer-ui:2.18.7) with AarTransform
Transforming recyclerview-1.3.2.aar (androidx.recyclerview:recyclerview:1.3.2) with ExtractAarTransform
Transforming recyclerview-1.3.2.aar (androidx.recyclerview:recyclerview:1.3.2) with AarTransform
Transforming viewpager2-1.1.0-beta02.aar (androidx.viewpager2:viewpager2:1.1.0-beta02) with ExtractAarTransform
Transforming viewpager2-1.1.0-beta02.aar (androidx.viewpager2:viewpager2:1.1.0-beta02) with AarTransform
Transforming firebase-crashlytics-ndk-19.2.1.aar (com.google.firebase:firebase-crashlytics-ndk:19.2.1) with ExtractAarTransform
Transforming firebase-crashlytics-ndk-19.2.1.aar (com.google.firebase:firebase-crashlytics-ndk:19.2.1) with AarTransform
Transforming firebase-crashlytics-19.2.1.aar (com.google.firebase:firebase-crashlytics:19.2.1) with ExtractAarTransform
Transforming firebase-crashlytics-19.2.1.aar (com.google.firebase:firebase-crashlytics:19.2.1) with AarTransform
Transforming firebase-analytics-22.1.2.aar (com.google.firebase:firebase-analytics:22.1.2) with ExtractAarTransform
Transforming firebase-analytics-22.1.2.aar (com.google.firebase:firebase-analytics:22.1.2) with AarTransform
Transforming play-services-measurement-api-22.1.2.aar (com.google.android.gms:play-services-measurement-api:22.1.2) with ExtractAarTransform
Transforming play-services-measurement-api-22.1.2.aar (com.google.android.gms:play-services-measurement-api:22.1.2) with AarTransform
Transforming firebase-sessions-2.0.6.aar (com.google.firebase:firebase-sessions:2.0.6) with ExtractAarTransform
Transforming firebase-sessions-2.0.6.aar (com.google.firebase:firebase-sessions:2.0.6) with AarTransform
Transforming firebase-installations-18.0.0.aar (com.google.firebase:firebase-installations:18.0.0) with ExtractAarTransform
Transforming firebase-installations-18.0.0.aar (com.google.firebase:firebase-installations:18.0.0) with AarTransform
Transforming firebase-common-ktx-21.0.0.aar (com.google.firebase:firebase-common-ktx:21.0.0) with ExtractAarTransform
Transforming firebase-common-ktx-21.0.0.aar (com.google.firebase:firebase-common-ktx:21.0.0) with AarTransform
Transforming firebase-common-21.0.0.aar (com.google.firebase:firebase-common:21.0.0) with ExtractAarTransform
Transforming firebase-common-21.0.0.aar (com.google.firebase:firebase-common:21.0.0) with AarTransform
Transforming play-services-measurement-22.1.2.aar (com.google.android.gms:play-services-measurement:22.1.2) with ExtractAarTransform
Transforming play-services-measurement-22.1.2.aar (com.google.android.gms:play-services-measurement:22.1.2) with AarTransform
Transforming play-services-measurement-sdk-22.1.2.aar (com.google.android.gms:play-services-measurement-sdk:22.1.2) with ExtractAarTransform
Transforming play-services-measurement-sdk-22.1.2.aar (com.google.android.gms:play-services-measurement-sdk:22.1.2) with AarTransform
Transforming firebase-measurement-connector-20.0.1.aar (com.google.firebase:firebase-measurement-connector:20.0.1) with ExtractAarTransform
Transforming firebase-measurement-connector-20.0.1.aar (com.google.firebase:firebase-measurement-connector:20.0.1) with AarTransform
Transforming play-services-measurement-impl-22.1.2.aar (com.google.android.gms:play-services-measurement-impl:22.1.2) with ExtractAarTransform
Transforming play-services-measurement-impl-22.1.2.aar (com.google.android.gms:play-services-measurement-impl:22.1.2) with AarTransform
Transforming play-services-ads-identifier-18.0.0.aar (com.google.android.gms:play-services-ads-identifier:18.0.0) with ExtractAarTransform
Transforming play-services-ads-identifier-18.0.0.aar (com.google.android.gms:play-services-ads-identifier:18.0.0) with AarTransform
Transforming play-services-measurement-sdk-api-22.1.2.aar (com.google.android.gms:play-services-measurement-sdk-api:22.1.2) with ExtractAarTransform
Transforming play-services-measurement-sdk-api-22.1.2.aar (com.google.android.gms:play-services-measurement-sdk-api:22.1.2) with AarTransform
Transforming play-services-measurement-base-22.1.2.aar (com.google.android.gms:play-services-measurement-base:22.1.2) with ExtractAarTransform
Transforming play-services-measurement-base-22.1.2.aar (com.google.android.gms:play-services-measurement-base:22.1.2) with AarTransform
Transforming play-services-stats-17.0.2.aar (com.google.android.gms:play-services-stats:17.0.2) with ExtractAarTransform
Transforming play-services-stats-17.0.2.aar (com.google.android.gms:play-services-stats:17.0.2) with AarTransform
Transforming firebase-installations-interop-17.2.0.aar (com.google.firebase:firebase-installations-interop:17.2.0) with ExtractAarTransform
Transforming firebase-installations-interop-17.2.0.aar (com.google.firebase:firebase-installations-interop:17.2.0) with AarTransform
Transforming emoji2-views-helper-1.3.0.aar (androidx.emoji2:emoji2-views-helper:1.3.0) with ExtractAarTransform
Transforming emoji2-views-helper-1.3.0.aar (androidx.emoji2:emoji2-views-helper:1.3.0) with AarTransform
Transforming emoji2-1.3.0.aar (androidx.emoji2:emoji2:1.3.0) with ExtractAarTransform
Transforming emoji2-1.3.0.aar (androidx.emoji2:emoji2:1.3.0) with AarTransform
Transforming activity-1.9.3.aar (androidx.activity:activity:1.9.3) with ExtractAarTransform
Transforming activity-1.9.3.aar (androidx.activity:activity:1.9.3) with AarTransform
Transforming customview-poolingcontainer-1.0.0.aar (androidx.customview:customview-poolingcontainer:1.0.0) with ExtractAarTransform
Transforming customview-poolingcontainer-1.0.0.aar (androidx.customview:customview-poolingcontainer:1.0.0) with AarTransform
Transforming ads-adservices-java-1.0.0-beta05.aar (androidx.privacysandbox.ads:ads-adservices-java:1.0.0-beta05) with ExtractAarTransform
Transforming ads-adservices-java-1.0.0-beta05.aar (androidx.privacysandbox.ads:ads-adservices-java:1.0.0-beta05) with AarTransform
Transforming ads-adservices-1.0.0-beta05.aar (androidx.privacysandbox.ads:ads-adservices:1.0.0-beta05) with ExtractAarTransform
Transforming ads-adservices-1.0.0-beta05.aar (androidx.privacysandbox.ads:ads-adservices:1.0.0-beta05) with AarTransform
Transforming ads-adservices-1.0.0-beta05.aar (androidx.privacysandbox.ads:ads-adservices:1.0.0-beta05) with ExtractAarTransform
Transforming ads-adservices-1.0.0-beta05.aar (androidx.privacysandbox.ads:ads-adservices:1.0.0-beta05) with AarTransform
Transforming core-ktx-1.15.0.aar (androidx.core:core-ktx:1.15.0) with ExtractAarTransform
Transforming core-ktx-1.15.0.aar (androidx.core:core-ktx:1.15.0) with AarTransform
Transforming drawerlayout-1.2.0.aar (androidx.drawerlayout:drawerlayout:1.2.0) with ExtractAarTransform
Transforming drawerlayout-1.2.0.aar (androidx.drawerlayout:drawerlayout:1.2.0) with AarTransform
Transforming swiperefreshlayout-1.1.0.aar (androidx.swiperefreshlayout:swiperefreshlayout:1.1.0) with ExtractAarTransform
Transforming swiperefreshlayout-1.1.0.aar (androidx.swiperefreshlayout:swiperefreshlayout:1.1.0) with AarTransform
Transforming materialshadowninepatch-1.0.0.aar (com.h6ah4i.android.materialshadowninepatch:materialshadowninepatch:1.0.0) with ExtractAarTransform
Transforming materialshadowninepatch-1.0.0.aar (com.h6ah4i.android.materialshadowninepatch:materialshadowninepatch:1.0.0) with AarTransform
Transforming insetter-ktx-0.3.1.aar (dev.chrisbanes:insetter-ktx:0.3.1) with ExtractAarTransform
Transforming insetter-ktx-0.3.1.aar (dev.chrisbanes:insetter-ktx:0.3.1) with AarTransform
Transforming exoplayer-dash-2.18.7.aar (com.google.android.exoplayer:exoplayer-dash:2.18.7) with ExtractAarTransform
Transforming exoplayer-dash-2.18.7.aar (com.google.android.exoplayer:exoplayer-dash:2.18.7) with AarTransform
Transforming exoplayer-hls-2.18.7.aar (com.google.android.exoplayer:exoplayer-hls:2.18.7) with ExtractAarTransform
Transforming exoplayer-hls-2.18.7.aar (com.google.android.exoplayer:exoplayer-hls:2.18.7) with AarTransform
Transforming exoplayer-rtsp-2.18.7.aar (com.google.android.exoplayer:exoplayer-rtsp:2.18.7) with ExtractAarTransform
Transforming exoplayer-rtsp-2.18.7.aar (com.google.android.exoplayer:exoplayer-rtsp:2.18.7) with AarTransform
Transforming exoplayer-smoothstreaming-2.18.7.aar (com.google.android.exoplayer:exoplayer-smoothstreaming:2.18.7) with ExtractAarTransform
Transforming exoplayer-smoothstreaming-2.18.7.aar (com.google.android.exoplayer:exoplayer-smoothstreaming:2.18.7) with AarTransform
Transforming exoplayer-core-2.18.7.aar (com.google.android.exoplayer:exoplayer-core:2.18.7) with ExtractAarTransform
Transforming exoplayer-core-2.18.7.aar (com.google.android.exoplayer:exoplayer-core:2.18.7) with AarTransform
Transforming coordinatorlayout-1.1.0.aar (androidx.coordinatorlayout:coordinatorlayout:1.1.0) with ExtractAarTransform
Transforming coordinatorlayout-1.1.0.aar (androidx.coordinatorlayout:coordinatorlayout:1.1.0) with AarTransform
Transforming viewpager-1.0.0.aar (androidx.viewpager:viewpager:1.0.0) with ExtractAarTransform
Transforming viewpager-1.0.0.aar (androidx.viewpager:viewpager:1.0.0) with AarTransform
Transforming slidingpanelayout-1.2.0.aar (androidx.slidingpanelayout:slidingpanelayout:1.2.0) with ExtractAarTransform
Transforming slidingpanelayout-1.2.0.aar (androidx.slidingpanelayout:slidingpanelayout:1.2.0) with AarTransform
Transforming customview-1.1.0.aar (androidx.customview:customview:1.1.0) with ExtractAarTransform
Transforming customview-1.1.0.aar (androidx.customview:customview:1.1.0) with AarTransform
Transforming customview-1.1.0.aar (androidx.customview:customview:1.1.0) with ExtractAarTransform
Transforming customview-1.1.0.aar (androidx.customview:customview:1.1.0) with AarTransform
Transforming transition-1.5.0.aar (androidx.transition:transition:1.5.0) with ExtractAarTransform
Transforming transition-1.5.0.aar (androidx.transition:transition:1.5.0) with AarTransform
Transforming dynamicanimation-1.0.0.aar (androidx.dynamicanimation:dynamicanimation:1.0.0) with ExtractAarTransform
Transforming dynamicanimation-1.0.0.aar (androidx.dynamicanimation:dynamicanimation:1.0.0) with AarTransform
Transforming vectordrawable-animated-1.1.0.aar (androidx.vectordrawable:vectordrawable-animated:1.1.0) with ExtractAarTransform
Transforming vectordrawable-animated-1.1.0.aar (androidx.vectordrawable:vectordrawable-animated:1.1.0) with AarTransform
Transforming vectordrawable-1.1.0.aar (androidx.vectordrawable:vectordrawable:1.1.0) with ExtractAarTransform
Transforming vectordrawable-1.1.0.aar (androidx.vectordrawable:vectordrawable:1.1.0) with AarTransform
Transforming vectordrawable-1.1.0.aar (androidx.vectordrawable:vectordrawable:1.1.0) with ExtractAarTransform
Transforming vectordrawable-1.1.0.aar (androidx.vectordrawable:vectordrawable:1.1.0) with AarTransform
Transforming insetter-0.3.1.aar (dev.chrisbanes:insetter:0.3.1) with ExtractAarTransform
Transforming insetter-0.3.1.aar (dev.chrisbanes:insetter:0.3.1) with AarTransform
Transforming media-1.6.0.aar (androidx.media:media:1.6.0) with ExtractAarTransform
Transforming media-1.6.0.aar (androidx.media:media:1.6.0) with AarTransform
Transforming legacy-support-core-utils-1.0.0.aar (androidx.legacy:legacy-support-core-utils:1.0.0) with ExtractAarTransform
Transforming legacy-support-core-utils-1.0.0.aar (androidx.legacy:legacy-support-core-utils:1.0.0) with AarTransform
Transforming loader-1.0.0.aar (androidx.loader:loader:1.0.0) with ExtractAarTransform
Transforming loader-1.0.0.aar (androidx.loader:loader:1.0.0) with AarTransform
Transforming loader-1.0.0.aar (androidx.loader:loader:1.0.0) with ExtractAarTransform
Transforming loader-1.0.0.aar (androidx.loader:loader:1.0.0) with AarTransform
Transforming window-1.0.0.aar (androidx.window:window:1.0.0) with ExtractAarTransform
Transforming window-1.0.0.aar (androidx.window:window:1.0.0) with AarTransform
Transforming play-services-base-18.5.0.aar (com.google.android.gms:play-services-base:18.5.0) with ExtractAarTransform
Transforming play-services-base-18.5.0.aar (com.google.android.gms:play-services-base:18.5.0) with AarTransform
Transforming core-1.15.0.aar (androidx.core:core:1.15.0) with ExtractAarTransform
Transforming core-1.15.0.aar (androidx.core:core:1.15.0) with AarTransform
Transforming core-1.15.0.aar (androidx.core:core:1.15.0) with ExtractAarTransform
Transforming core-1.15.0.aar (androidx.core:core:1.15.0) with AarTransform
Transforming savedstate-ktx-1.2.1.aar (androidx.savedstate:savedstate-ktx:1.2.1) with ExtractAarTransform
Transforming savedstate-ktx-1.2.1.aar (androidx.savedstate:savedstate-ktx:1.2.1) with AarTransform
Transforming savedstate-1.2.1.aar (androidx.savedstate:savedstate:1.2.1) with ExtractAarTransform
Transforming savedstate-1.2.1.aar (androidx.savedstate:savedstate:1.2.1) with AarTransform
Transforming lifecycle-viewmodel-2.8.7.aar (androidx.lifecycle:lifecycle-viewmodel:2.8.7) with ExtractAarTransform
Transforming lifecycle-viewmodel-2.8.7.aar (androidx.lifecycle:lifecycle-viewmodel:2.8.7) with AarTransform
Transforming lifecycle-viewmodel-release.aar (androidx.lifecycle:lifecycle-viewmodel-android:2.8.7) with ExtractAarTransform
Transforming lifecycle-viewmodel-release.aar (androidx.lifecycle:lifecycle-viewmodel-android:2.8.7) with AarTransform
Transforming lifecycle-runtime-release.aar (androidx.lifecycle:lifecycle-runtime-android:2.8.7) with ExtractAarTransform
Transforming lifecycle-runtime-release.aar (androidx.lifecycle:lifecycle-runtime-android:2.8.7) with AarTransform
Transforming lifecycle-livedata-core-2.8.7.aar (androidx.lifecycle:lifecycle-livedata-core:2.8.7) with ExtractAarTransform
Transforming lifecycle-livedata-core-2.8.7.aar (androidx.lifecycle:lifecycle-livedata-core:2.8.7) with AarTransform
Transforming lifecycle-viewmodel-savedstate-2.8.7.aar (androidx.lifecycle:lifecycle-viewmodel-savedstate:2.8.7) with ExtractAarTransform
Transforming lifecycle-viewmodel-savedstate-2.8.7.aar (androidx.lifecycle:lifecycle-viewmodel-savedstate:2.8.7) with AarTransform
Transforming lifecycle-runtime-ktx-release.aar (androidx.lifecycle:lifecycle-runtime-ktx-android:2.8.7) with ExtractAarTransform
Transforming lifecycle-runtime-ktx-release.aar (androidx.lifecycle:lifecycle-runtime-ktx-android:2.8.7) with AarTransform
Transforming lifecycle-livedata-2.8.7.aar (androidx.lifecycle:lifecycle-livedata:2.8.7) with ExtractAarTransform
Transforming lifecycle-livedata-2.8.7.aar (androidx.lifecycle:lifecycle-livedata:2.8.7) with AarTransform
Transforming lifecycle-livedata-2.8.7.aar (androidx.lifecycle:lifecycle-livedata:2.8.7) with ExtractAarTransform
Transforming lifecycle-livedata-2.8.7.aar (androidx.lifecycle:lifecycle-livedata:2.8.7) with AarTransform
Transforming lifecycle-livedata-core-ktx-2.8.7.aar (androidx.lifecycle:lifecycle-livedata-core-ktx:2.8.7) with ExtractAarTransform
Transforming lifecycle-livedata-core-ktx-2.8.7.aar (androidx.lifecycle:lifecycle-livedata-core-ktx:2.8.7) with AarTransform
Transforming lifecycle-process-2.8.7.aar (androidx.lifecycle:lifecycle-process:2.8.7) with ExtractAarTransform
Transforming lifecycle-process-2.8.7.aar (androidx.lifecycle:lifecycle-process:2.8.7) with AarTransform
Transforming lifecycle-livedata-ktx-2.8.7.aar (androidx.lifecycle:lifecycle-livedata-ktx:2.8.7) with ExtractAarTransform
Transforming lifecycle-livedata-ktx-2.8.7.aar (androidx.lifecycle:lifecycle-livedata-ktx:2.8.7) with AarTransform
Transforming datastore-preferences-1.0.0.aar (androidx.datastore:datastore-preferences:1.0.0) with ExtractAarTransform
Transforming datastore-preferences-1.0.0.aar (androidx.datastore:datastore-preferences:1.0.0) with AarTransform
Transforming datastore-1.0.0.aar (androidx.datastore:datastore:1.0.0) with ExtractAarTransform
Transforming datastore-1.0.0.aar (androidx.datastore:datastore:1.0.0) with AarTransform
Transforming play-services-tasks-18.2.0.aar (com.google.android.gms:play-services-tasks:18.2.0) with ExtractAarTransform
Transforming play-services-tasks-18.2.0.aar (com.google.android.gms:play-services-tasks:18.2.0) with AarTransform
Transforming play-services-tasks-18.2.0.aar (com.google.android.gms:play-services-tasks:18.2.0) with ExtractAarTransform
Transforming play-services-tasks-18.2.0.aar (com.google.android.gms:play-services-tasks:18.2.0) with AarTransform
Transforming play-services-basement-18.4.0.aar (com.google.android.gms:play-services-basement:18.4.0) with ExtractAarTransform
Transforming play-services-basement-18.4.0.aar (com.google.android.gms:play-services-basement:18.4.0) with AarTransform
Transforming fragment-1.8.5.aar (androidx.fragment:fragment:1.8.5) with ExtractAarTransform
Transforming fragment-1.8.5.aar (androidx.fragment:fragment:1.8.5) with AarTransform
Transforming fragment-1.8.5.aar (androidx.fragment:fragment:1.8.5) with ExtractAarTransform
Transforming fragment-1.8.5.aar (androidx.fragment:fragment:1.8.5) with AarTransform
Transforming fragment-ktx-1.8.5.aar (androidx.fragment:fragment-ktx:1.8.5) with ExtractAarTransform
Transforming fragment-ktx-1.8.5.aar (androidx.fragment:fragment-ktx:1.8.5) with AarTransform
Transforming activity-ktx-1.9.3.aar (androidx.activity:activity-ktx:1.9.3) with ExtractAarTransform
Transforming activity-ktx-1.9.3.aar (androidx.activity:activity-ktx:1.9.3) with AarTransform
Transforming lifecycle-viewmodel-ktx-2.8.7.aar (androidx.lifecycle:lifecycle-viewmodel-ktx:2.8.7) with ExtractAarTransform
Transforming lifecycle-viewmodel-ktx-2.8.7.aar (androidx.lifecycle:lifecycle-viewmodel-ktx:2.8.7) with AarTransform
Transforming room-runtime-2.6.1.aar (androidx.room:room-runtime:2.6.1) with ExtractAarTransform
Transforming room-runtime-2.6.1.aar (androidx.room:room-runtime:2.6.1) with AarTransform
Transforming room-ktx-2.6.1.aar (androidx.room:room-ktx:2.6.1) with ExtractAarTransform
Transforming room-ktx-2.6.1.aar (androidx.room:room-ktx:2.6.1) with AarTransform
Transforming sqlite-framework-2.4.0.aar (androidx.sqlite:sqlite-framework:2.4.0) with ExtractAarTransform
Transforming sqlite-framework-2.4.0.aar (androidx.sqlite:sqlite-framework:2.4.0) with AarTransform
Transforming sqlite-2.4.0.aar (androidx.sqlite:sqlite:2.4.0) with ExtractAarTransform
Transforming sqlite-2.4.0.aar (androidx.sqlite:sqlite:2.4.0) with AarTransform
Transforming annotation-experimental-1.4.1.aar (androidx.annotation:annotation-experimental:1.4.1) with ExtractAarTransform
Transforming annotation-experimental-1.4.1.aar (androidx.annotation:annotation-experimental:1.4.1) with AarTransform
Transforming exifinterface-1.3.7.aar (androidx.exifinterface:exifinterface:1.3.7) with ExtractAarTransform
Transforming exifinterface-1.3.7.aar (androidx.exifinterface:exifinterface:1.3.7) with AarTransform
Transforming api-13.1.5.aar (dev.rikka.shizuku:api:13.1.5) with ExtractAarTransform
Transforming api-13.1.5.aar (dev.rikka.shizuku:api:13.1.5) with AarTransform
Transforming appiconloader-1.5.0.aar (me.zhanghai.android.appiconloader:appiconloader:1.5.0) with ExtractAarTransform
Transforming appiconloader-1.5.0.aar (me.zhanghai.android.appiconloader:appiconloader:1.5.0) with AarTransform
Transforming library-1.1.4.aar (me.zhanghai.android.libarchive:library:1.1.4) with ExtractAarTransform
Transforming library-1.1.4.aar (me.zhanghai.android.libarchive:library:1.1.4) with AarTransform
Transforming library-2.1.0.aar (me.zhanghai.android.libselinux:library:2.1.0) with ExtractAarTransform
Transforming library-2.1.0.aar (me.zhanghai.android.libselinux:library:2.1.0) with AarTransform
Transforming cursoradapter-1.0.0.aar (androidx.cursoradapter:cursoradapter:1.0.0) with ExtractAarTransform
Transforming cursoradapter-1.0.0.aar (androidx.cursoradapter:cursoradapter:1.0.0) with AarTransform
Transforming profileinstaller-1.3.1.aar (androidx.profileinstaller:profileinstaller:1.3.1) with ExtractAarTransform
Transforming profileinstaller-1.3.1.aar (androidx.profileinstaller:profileinstaller:1.3.1) with AarTransform
Transforming startup-runtime-1.1.1.aar (androidx.startup:startup-runtime:1.1.1) with ExtractAarTransform
Transforming startup-runtime-1.1.1.aar (androidx.startup:startup-runtime:1.1.1) with AarTransform
Transforming interpolator-1.0.0.aar (androidx.interpolator:interpolator:1.0.0) with ExtractAarTransform
Transforming interpolator-1.0.0.aar (androidx.interpolator:interpolator:1.0.0) with AarTransform
Transforming interpolator-1.0.0.aar (androidx.interpolator:interpolator:1.0.0) with ExtractAarTransform
Transforming interpolator-1.0.0.aar (androidx.interpolator:interpolator:1.0.0) with AarTransform
Transforming cardview-1.0.0.aar (androidx.cardview:cardview:1.0.0) with ExtractAarTransform
Transforming cardview-1.0.0.aar (androidx.cardview:cardview:1.0.0) with AarTransform
Transforming shared-13.1.5.aar (dev.rikka.shizuku:shared:13.1.5) with ExtractAarTransform
Transforming shared-13.1.5.aar (dev.rikka.shizuku:shared:13.1.5) with AarTransform
Transforming appiconloader-iconloaderlib-1.5.0.aar (me.zhanghai.android.appiconloader:appiconloader-iconloaderlib:1.5.0) with ExtractAarTransform
Transforming appiconloader-iconloaderlib-1.5.0.aar (me.zhanghai.android.appiconloader:appiconloader-iconloaderlib:1.5.0) with AarTransform
Transforming core-runtime-2.2.0.aar (androidx.arch.core:core-runtime:2.2.0) with ExtractAarTransform
Transforming core-runtime-2.2.0.aar (androidx.arch.core:core-runtime:2.2.0) with AarTransform
Transforming exoplayer-datasource-2.18.7.aar (com.google.android.exoplayer:exoplayer-datasource:2.18.7) with ExtractAarTransform
Transforming exoplayer-datasource-2.18.7.aar (com.google.android.exoplayer:exoplayer-datasource:2.18.7) with AarTransform
Transforming exoplayer-extractor-2.18.7.aar (com.google.android.exoplayer:exoplayer-extractor:2.18.7) with ExtractAarTransform
Transforming exoplayer-extractor-2.18.7.aar (com.google.android.exoplayer:exoplayer-extractor:2.18.7) with AarTransform
Transforming exoplayer-decoder-2.18.7.aar (com.google.android.exoplayer:exoplayer-decoder:2.18.7) with ExtractAarTransform
Transforming exoplayer-decoder-2.18.7.aar (com.google.android.exoplayer:exoplayer-decoder:2.18.7) with AarTransform
Transforming exoplayer-database-2.18.7.aar (com.google.android.exoplayer:exoplayer-database:2.18.7) with ExtractAarTransform
Transforming exoplayer-database-2.18.7.aar (com.google.android.exoplayer:exoplayer-database:2.18.7) with AarTransform
Transforming exoplayer-common-2.18.7.aar (com.google.android.exoplayer:exoplayer-common:2.18.7) with ExtractAarTransform
Transforming exoplayer-common-2.18.7.aar (com.google.android.exoplayer:exoplayer-common:2.18.7) with AarTransform
Transforming firebase-components-18.0.0.aar (com.google.firebase:firebase-components:18.0.0) with ExtractAarTransform
Transforming firebase-components-18.0.0.aar (com.google.firebase:firebase-components:18.0.0) with AarTransform
Transforming tracing-1.2.0.aar (androidx.tracing:tracing:1.2.0) with ExtractAarTransform
Transforming tracing-1.2.0.aar (androidx.tracing:tracing:1.2.0) with AarTransform
Transforming versionedparcelable-1.1.1.aar (androidx.versionedparcelable:versionedparcelable:1.1.1) with ExtractAarTransform
Transforming versionedparcelable-1.1.1.aar (androidx.versionedparcelable:versionedparcelable:1.1.1) with AarTransform
Transforming firebase-config-interop-16.0.1.aar (com.google.firebase:firebase-config-interop:16.0.1) with ExtractAarTransform
Transforming firebase-config-interop-16.0.1.aar (com.google.firebase:firebase-config-interop:16.0.1) with AarTransform
Transforming firebase-datatransport-19.0.0.aar (com.google.firebase:firebase-datatransport:19.0.0) with ExtractAarTransform
Transforming firebase-datatransport-19.0.0.aar (com.google.firebase:firebase-datatransport:19.0.0) with AarTransform
Transforming transport-backend-cct-3.3.0.aar (com.google.android.datatransport:transport-backend-cct:3.3.0) with ExtractAarTransform
Transforming transport-backend-cct-3.3.0.aar (com.google.android.datatransport:transport-backend-cct:3.3.0) with AarTransform
Transforming firebase-encoders-json-18.0.1.aar (com.google.firebase:firebase-encoders-json:18.0.1) with ExtractAarTransform
Transforming firebase-encoders-json-18.0.1.aar (com.google.firebase:firebase-encoders-json:18.0.1) with AarTransform
Transforming transport-runtime-3.3.0.aar (com.google.android.datatransport:transport-runtime:3.3.0) with ExtractAarTransform
Transforming transport-runtime-3.3.0.aar (com.google.android.datatransport:transport-runtime:3.3.0) with AarTransform
Transforming transport-api-3.2.0.aar (com.google.android.datatransport:transport-api:3.2.0) with ExtractAarTransform
Transforming transport-api-3.2.0.aar (com.google.android.datatransport:transport-api:3.2.0) with AarTransform
Transforming documentfile-1.0.0.aar (androidx.documentfile:documentfile:1.0.0) with ExtractAarTransform
Transforming documentfile-1.0.0.aar (androidx.documentfile:documentfile:1.0.0) with AarTransform
Transforming localbroadcastmanager-1.0.0.aar (androidx.localbroadcastmanager:localbroadcastmanager:1.0.0) with ExtractAarTransform
Transforming localbroadcastmanager-1.0.0.aar (androidx.localbroadcastmanager:localbroadcastmanager:1.0.0) with AarTransform
Transforming print-1.0.0.aar (androidx.print:print:1.0.0) with ExtractAarTransform
Transforming print-1.0.0.aar (androidx.print:print:1.0.0) with AarTransform
Transforming androidsvg-aar-1.4.aar (com.caverock:androidsvg-aar:1.4) with ExtractAarTransform
Transforming androidsvg-aar-1.4.aar (com.caverock:androidsvg-aar:1.4) with AarTransform
Transforming drawer-1.0.3.aar (com.drakeet.drawer:drawer:1.0.3) with ExtractAarTransform
Transforming drawer-1.0.3.aar (com.drakeet.drawer:drawer:1.0.3) with AarTransform
Transforming library-1.2.0.aar (me.zhanghai.android.retrofile:library:1.2.0) with ExtractAarTransform
Transforming library-1.2.0.aar (me.zhanghai.android.retrofile:library:1.2.0) with AarTransform
Transforming library-1.0.0.aar (me.zhanghai.android.systemuihelper:library:1.0.0) with ExtractAarTransform
Transforming library-1.0.0.aar (me.zhanghai.android.systemuihelper:library:1.0.0) with AarTransform
Transforming HoloColorPicker-1.5.aar (com.larswerkman:HoloColorPicker:1.5) with ExtractAarTransform
Transforming HoloColorPicker-1.5.aar (com.larswerkman:HoloColorPicker:1.5) with AarTransform
Transforming core-5.2.2.aar (com.github.topjohnwu.libsu:core:5.2.2) with ExtractAarTransform
Transforming core-5.2.2.aar (com.github.topjohnwu.libsu:core:5.2.2) with AarTransform
Transforming aidl-13.1.5.aar (dev.rikka.shizuku:aidl:13.1.5) with ExtractAarTransform
Transforming aidl-13.1.5.aar (dev.rikka.shizuku:aidl:13.1.5) with AarTransform
file or directory 'E:\For Safe Keeping\WEB REF\MaterialFiles\app\libs', not found
Transforming viewbinding-8.5.0.aar (androidx.databinding:viewbinding:8.5.0) with ExtractAarTransform
Transforming viewbinding-8.5.0.aar (androidx.databinding:viewbinding:8.5.0) with AarTransform
Transforming PhotoView-2.3.0.aar (com.github.chrisbanes:PhotoView:2.3.0) with ExtractAarTransform
Transforming PhotoView-2.3.0.aar (com.github.chrisbanes:PhotoView:2.3.0) with AarTransform
Transforming service-5.2.2.aar (com.github.topjohnwu.libsu:service:5.2.2) with ExtractAarTransform
Transforming service-5.2.2.aar (com.github.topjohnwu.libsu:service:5.2.2) with AarTransform
Transforming preference-ktx-1.2.1.aar (androidx.preference:preference-ktx:1.2.1) with ExtractAarTransform
Transforming preference-ktx-1.2.1.aar (androidx.preference:preference-ktx:1.2.1) with AarTransform
Transforming speed-dial-3.3.0.aar (com.leinardi.android:speed-dial:3.3.0) with ExtractAarTransform
Transforming speed-dial-3.3.0.aar (com.leinardi.android:speed-dial:3.3.0) with AarTransform
Transforming material-1.12.0.aar (com.google.android.material:material:1.12.0) with ExtractAarTransform
Transforming material-1.12.0.aar (com.google.android.material:material:1.12.0) with AarTransform
Transforming subsampling-scale-image-view-androidx-3.10.0.aar (com.davemorrissey.labs:subsampling-scale-image-view-androidx:3.10.0) with ExtractAarTransform
Transforming subsampling-scale-image-view-androidx-3.10.0.aar (com.davemorrissey.labs:subsampling-scale-image-view-androidx:3.10.0) with AarTransform
Transforming licensesdialog-2.1.0.aar (de.psdev.licensesdialog:licensesdialog:2.1.0) with ExtractAarTransform
Transforming licensesdialog-2.1.0.aar (de.psdev.licensesdialog:licensesdialog:2.1.0) with AarTransform
Transforming library-1.3.0.aar (me.zhanghai.android.fastscroll:library:1.3.0) with ExtractAarTransform
Transforming library-1.3.0.aar (me.zhanghai.android.fastscroll:library:1.3.0) with AarTransform
Transforming library-1.0.2.aar (me.zhanghai.android.foregroundcompat:library:1.0.2) with ExtractAarTransform
Transforming library-1.0.2.aar (me.zhanghai.android.foregroundcompat:library:1.0.2) with AarTransform
Transforming coil-gif-2.7.0.aar (io.coil-kt:coil-gif:2.7.0) with ExtractAarTransform
Transforming coil-gif-2.7.0.aar (io.coil-kt:coil-gif:2.7.0) with AarTransform
Transforming coil-2.7.0.aar (io.coil-kt:coil:2.7.0) with ExtractAarTransform
Transforming coil-2.7.0.aar (io.coil-kt:coil:2.7.0) with AarTransform
Transforming coil-svg-2.7.0.aar (io.coil-kt:coil-svg:2.7.0) with ExtractAarTransform
Transforming coil-svg-2.7.0.aar (io.coil-kt:coil-svg:2.7.0) with AarTransform
Transforming coil-video-2.7.0.aar (io.coil-kt:coil-video:2.7.0) with ExtractAarTransform
Transforming coil-video-2.7.0.aar (io.coil-kt:coil-video:2.7.0) with AarTransform
Transforming coil-base-2.7.0.aar (io.coil-kt:coil-base:2.7.0) with ExtractAarTransform
Transforming coil-base-2.7.0.aar (io.coil-kt:coil-base:2.7.0) with AarTransform
Transforming appcompat-resources-1.7.0.aar (androidx.appcompat:appcompat-resources:1.7.0) with ExtractAarTransform
Transforming appcompat-resources-1.7.0.aar (androidx.appcompat:appcompat-resources:1.7.0) with AarTransform
Transforming preferencex-1.1.0.aar (com.takisoft.preferencex:preferencex:1.1.0) with ExtractAarTransform
Transforming preferencex-1.1.0.aar (com.takisoft.preferencex:preferencex:1.1.0) with AarTransform
Transforming simplemenu-preference-1.0.3.aar (dev.rikka.rikkax.preference:simplemenu-preference:1.0.3) with ExtractAarTransform
Transforming simplemenu-preference-1.0.3.aar (dev.rikka.rikkax.preference:simplemenu-preference:1.0.3) with AarTransform
Transforming preference-1.2.1.aar (androidx.preference:preference:1.2.1) with ExtractAarTransform
Transforming preference-1.2.1.aar (androidx.preference:preference:1.2.1) with AarTransform
Transforming constraintlayout-2.0.1.aar (androidx.constraintlayout:constraintlayout:2.0.1) with ExtractAarTransform
Transforming constraintlayout-2.0.1.aar (androidx.constraintlayout:constraintlayout:2.0.1) with AarTransform
Transforming appcompat-1.7.0.aar (androidx.appcompat:appcompat:1.7.0) with ExtractAarTransform
Transforming appcompat-1.7.0.aar (androidx.appcompat:appcompat:1.7.0) with AarTransform
Transforming appcompat-1.7.0.aar (androidx.appcompat:appcompat:1.7.0) with ExtractAarTransform
Transforming appcompat-1.7.0.aar (androidx.appcompat:appcompat:1.7.0) with AarTransform
Transforming advrecyclerview-1.0.0.aar (com.h6ah4i.android.widget.advrecyclerview:advrecyclerview:1.0.0) with ExtractAarTransform
Transforming advrecyclerview-1.0.0.aar (com.h6ah4i.android.widget.advrecyclerview:advrecyclerview:1.0.0) with AarTransform
Transforming exoplayer-2.18.7.aar (com.google.android.exoplayer:exoplayer:2.18.7) with ExtractAarTransform
Transforming exoplayer-2.18.7.aar (com.google.android.exoplayer:exoplayer:2.18.7) with AarTransform
Transforming exoplayer-ui-2.18.7.aar (com.google.android.exoplayer:exoplayer-ui:2.18.7) with ExtractAarTransform
Transforming exoplayer-ui-2.18.7.aar (com.google.android.exoplayer:exoplayer-ui:2.18.7) with AarTransform
Transforming recyclerview-1.3.2.aar (androidx.recyclerview:recyclerview:1.3.2) with ExtractAarTransform
Transforming recyclerview-1.3.2.aar (androidx.recyclerview:recyclerview:1.3.2) with AarTransform
Transforming viewpager2-1.1.0-beta02.aar (androidx.viewpager2:viewpager2:1.1.0-beta02) with ExtractAarTransform
Transforming viewpager2-1.1.0-beta02.aar (androidx.viewpager2:viewpager2:1.1.0-beta02) with AarTransform
Transforming firebase-crashlytics-ndk-19.2.1.aar (com.google.firebase:firebase-crashlytics-ndk:19.2.1) with ExtractAarTransform
Transforming firebase-crashlytics-ndk-19.2.1.aar (com.google.firebase:firebase-crashlytics-ndk:19.2.1) with AarTransform
Transforming firebase-crashlytics-19.2.1.aar (com.google.firebase:firebase-crashlytics:19.2.1) with ExtractAarTransform
Transforming firebase-crashlytics-19.2.1.aar (com.google.firebase:firebase-crashlytics:19.2.1) with AarTransform
Transforming firebase-analytics-22.1.2.aar (com.google.firebase:firebase-analytics:22.1.2) with ExtractAarTransform
Transforming firebase-analytics-22.1.2.aar (com.google.firebase:firebase-analytics:22.1.2) with AarTransform
Transforming play-services-measurement-api-22.1.2.aar (com.google.android.gms:play-services-measurement-api:22.1.2) with ExtractAarTransform
Transforming play-services-measurement-api-22.1.2.aar (com.google.android.gms:play-services-measurement-api:22.1.2) with AarTransform
Transforming firebase-sessions-2.0.6.aar (com.google.firebase:firebase-sessions:2.0.6) with ExtractAarTransform
Transforming firebase-sessions-2.0.6.aar (com.google.firebase:firebase-sessions:2.0.6) with AarTransform
Transforming firebase-installations-18.0.0.aar (com.google.firebase:firebase-installations:18.0.0) with ExtractAarTransform
Transforming firebase-installations-18.0.0.aar (com.google.firebase:firebase-installations:18.0.0) with AarTransform
Transforming firebase-common-ktx-21.0.0.aar (com.google.firebase:firebase-common-ktx:21.0.0) with ExtractAarTransform
Transforming firebase-common-ktx-21.0.0.aar (com.google.firebase:firebase-common-ktx:21.0.0) with AarTransform
Transforming firebase-common-21.0.0.aar (com.google.firebase:firebase-common:21.0.0) with ExtractAarTransform
Transforming firebase-common-21.0.0.aar (com.google.firebase:firebase-common:21.0.0) with AarTransform
Transforming play-services-measurement-22.1.2.aar (com.google.android.gms:play-services-measurement:22.1.2) with ExtractAarTransform
Transforming play-services-measurement-22.1.2.aar (com.google.android.gms:play-services-measurement:22.1.2) with AarTransform
Transforming play-services-measurement-sdk-22.1.2.aar (com.google.android.gms:play-services-measurement-sdk:22.1.2) with ExtractAarTransform
Transforming play-services-measurement-sdk-22.1.2.aar (com.google.android.gms:play-services-measurement-sdk:22.1.2) with AarTransform
Transforming firebase-measurement-connector-20.0.1.aar (com.google.firebase:firebase-measurement-connector:20.0.1) with ExtractAarTransform
Transforming firebase-measurement-connector-20.0.1.aar (com.google.firebase:firebase-measurement-connector:20.0.1) with AarTransform
Transforming play-services-measurement-impl-22.1.2.aar (com.google.android.gms:play-services-measurement-impl:22.1.2) with ExtractAarTransform
Transforming play-services-measurement-impl-22.1.2.aar (com.google.android.gms:play-services-measurement-impl:22.1.2) with AarTransform
Transforming play-services-ads-identifier-18.0.0.aar (com.google.android.gms:play-services-ads-identifier:18.0.0) with ExtractAarTransform
Transforming play-services-ads-identifier-18.0.0.aar (com.google.android.gms:play-services-ads-identifier:18.0.0) with AarTransform
Transforming play-services-measurement-sdk-api-22.1.2.aar (com.google.android.gms:play-services-measurement-sdk-api:22.1.2) with ExtractAarTransform
Transforming play-services-measurement-sdk-api-22.1.2.aar (com.google.android.gms:play-services-measurement-sdk-api:22.1.2) with AarTransform
Transforming play-services-measurement-base-22.1.2.aar (com.google.android.gms:play-services-measurement-base:22.1.2) with ExtractAarTransform
Transforming play-services-measurement-base-22.1.2.aar (com.google.android.gms:play-services-measurement-base:22.1.2) with AarTransform
Transforming play-services-stats-17.0.2.aar (com.google.android.gms:play-services-stats:17.0.2) with ExtractAarTransform
Transforming play-services-stats-17.0.2.aar (com.google.android.gms:play-services-stats:17.0.2) with AarTransform
Transforming firebase-installations-interop-17.2.0.aar (com.google.firebase:firebase-installations-interop:17.2.0) with ExtractAarTransform
Transforming firebase-installations-interop-17.2.0.aar (com.google.firebase:firebase-installations-interop:17.2.0) with AarTransform
Transforming emoji2-views-helper-1.3.0.aar (androidx.emoji2:emoji2-views-helper:1.3.0) with ExtractAarTransform
Transforming emoji2-views-helper-1.3.0.aar (androidx.emoji2:emoji2-views-helper:1.3.0) with AarTransform
Transforming emoji2-1.3.0.aar (androidx.emoji2:emoji2:1.3.0) with ExtractAarTransform
Transforming emoji2-1.3.0.aar (androidx.emoji2:emoji2:1.3.0) with AarTransform
Transforming activity-1.9.3.aar (androidx.activity:activity:1.9.3) with ExtractAarTransform
Transforming activity-1.9.3.aar (androidx.activity:activity:1.9.3) with AarTransform
Transforming customview-poolingcontainer-1.0.0.aar (androidx.customview:customview-poolingcontainer:1.0.0) with ExtractAarTransform
Transforming customview-poolingcontainer-1.0.0.aar (androidx.customview:customview-poolingcontainer:1.0.0) with AarTransform
Transforming ads-adservices-java-1.0.0-beta05.aar (androidx.privacysandbox.ads:ads-adservices-java:1.0.0-beta05) with ExtractAarTransform
Transforming ads-adservices-java-1.0.0-beta05.aar (androidx.privacysandbox.ads:ads-adservices-java:1.0.0-beta05) with AarTransform
Transforming ads-adservices-1.0.0-beta05.aar (androidx.privacysandbox.ads:ads-adservices:1.0.0-beta05) with ExtractAarTransform
Transforming ads-adservices-1.0.0-beta05.aar (androidx.privacysandbox.ads:ads-adservices:1.0.0-beta05) with AarTransform
Transforming ads-adservices-1.0.0-beta05.aar (androidx.privacysandbox.ads:ads-adservices:1.0.0-beta05) with ExtractAarTransform
Transforming ads-adservices-1.0.0-beta05.aar (androidx.privacysandbox.ads:ads-adservices:1.0.0-beta05) with AarTransform
Transforming core-ktx-1.15.0.aar (androidx.core:core-ktx:1.15.0) with ExtractAarTransform
Transforming core-ktx-1.15.0.aar (androidx.core:core-ktx:1.15.0) with AarTransform
Transforming drawerlayout-1.2.0.aar (androidx.drawerlayout:drawerlayout:1.2.0) with ExtractAarTransform
Transforming drawerlayout-1.2.0.aar (androidx.drawerlayout:drawerlayout:1.2.0) with AarTransform
Transforming swiperefreshlayout-1.1.0.aar (androidx.swiperefreshlayout:swiperefreshlayout:1.1.0) with ExtractAarTransform
Transforming swiperefreshlayout-1.1.0.aar (androidx.swiperefreshlayout:swiperefreshlayout:1.1.0) with AarTransform
Transforming materialshadowninepatch-1.0.0.aar (com.h6ah4i.android.materialshadowninepatch:materialshadowninepatch:1.0.0) with ExtractAarTransform
Transforming materialshadowninepatch-1.0.0.aar (com.h6ah4i.android.materialshadowninepatch:materialshadowninepatch:1.0.0) with AarTransform
Transforming insetter-ktx-0.3.1.aar (dev.chrisbanes:insetter-ktx:0.3.1) with ExtractAarTransform
Transforming insetter-ktx-0.3.1.aar (dev.chrisbanes:insetter-ktx:0.3.1) with AarTransform
Transforming exoplayer-dash-2.18.7.aar (com.google.android.exoplayer:exoplayer-dash:2.18.7) with ExtractAarTransform
Transforming exoplayer-dash-2.18.7.aar (com.google.android.exoplayer:exoplayer-dash:2.18.7) with AarTransform
Transforming exoplayer-hls-2.18.7.aar (com.google.android.exoplayer:exoplayer-hls:2.18.7) with ExtractAarTransform
Transforming exoplayer-hls-2.18.7.aar (com.google.android.exoplayer:exoplayer-hls:2.18.7) with AarTransform
Transforming exoplayer-rtsp-2.18.7.aar (com.google.android.exoplayer:exoplayer-rtsp:2.18.7) with ExtractAarTransform
Transforming exoplayer-rtsp-2.18.7.aar (com.google.android.exoplayer:exoplayer-rtsp:2.18.7) with AarTransform
Transforming exoplayer-smoothstreaming-2.18.7.aar (com.google.android.exoplayer:exoplayer-smoothstreaming:2.18.7) with ExtractAarTransform
Transforming exoplayer-smoothstreaming-2.18.7.aar (com.google.android.exoplayer:exoplayer-smoothstreaming:2.18.7) with AarTransform
Transforming exoplayer-core-2.18.7.aar (com.google.android.exoplayer:exoplayer-core:2.18.7) with ExtractAarTransform
Transforming exoplayer-core-2.18.7.aar (com.google.android.exoplayer:exoplayer-core:2.18.7) with AarTransform
Transforming coordinatorlayout-1.1.0.aar (androidx.coordinatorlayout:coordinatorlayout:1.1.0) with ExtractAarTransform
Transforming coordinatorlayout-1.1.0.aar (androidx.coordinatorlayout:coordinatorlayout:1.1.0) with AarTransform
Transforming viewpager-1.0.0.aar (androidx.viewpager:viewpager:1.0.0) with ExtractAarTransform
Transforming viewpager-1.0.0.aar (androidx.viewpager:viewpager:1.0.0) with AarTransform
Transforming slidingpanelayout-1.2.0.aar (androidx.slidingpanelayout:slidingpanelayout:1.2.0) with ExtractAarTransform
Transforming slidingpanelayout-1.2.0.aar (androidx.slidingpanelayout:slidingpanelayout:1.2.0) with AarTransform
Transforming customview-1.1.0.aar (androidx.customview:customview:1.1.0) with ExtractAarTransform
Transforming customview-1.1.0.aar (androidx.customview:customview:1.1.0) with AarTransform
Transforming customview-1.1.0.aar (androidx.customview:customview:1.1.0) with ExtractAarTransform
Transforming customview-1.1.0.aar (androidx.customview:customview:1.1.0) with AarTransform
Transforming transition-1.5.0.aar (androidx.transition:transition:1.5.0) with ExtractAarTransform
Transforming transition-1.5.0.aar (androidx.transition:transition:1.5.0) with AarTransform
Transforming dynamicanimation-1.0.0.aar (androidx.dynamicanimation:dynamicanimation:1.0.0) with ExtractAarTransform
Transforming dynamicanimation-1.0.0.aar (androidx.dynamicanimation:dynamicanimation:1.0.0) with AarTransform
Transforming vectordrawable-animated-1.1.0.aar (androidx.vectordrawable:vectordrawable-animated:1.1.0) with ExtractAarTransform
Transforming vectordrawable-animated-1.1.0.aar (androidx.vectordrawable:vectordrawable-animated:1.1.0) with AarTransform
Transforming vectordrawable-1.1.0.aar (androidx.vectordrawable:vectordrawable:1.1.0) with ExtractAarTransform
Transforming vectordrawable-1.1.0.aar (androidx.vectordrawable:vectordrawable:1.1.0) with AarTransform
Transforming vectordrawable-1.1.0.aar (androidx.vectordrawable:vectordrawable:1.1.0) with ExtractAarTransform
Transforming vectordrawable-1.1.0.aar (androidx.vectordrawable:vectordrawable:1.1.0) with AarTransform
Transforming insetter-0.3.1.aar (dev.chrisbanes:insetter:0.3.1) with ExtractAarTransform
Transforming insetter-0.3.1.aar (dev.chrisbanes:insetter:0.3.1) with AarTransform
Transforming media-1.6.0.aar (androidx.media:media:1.6.0) with ExtractAarTransform
Transforming media-1.6.0.aar (androidx.media:media:1.6.0) with AarTransform
Transforming legacy-support-core-utils-1.0.0.aar (androidx.legacy:legacy-support-core-utils:1.0.0) with ExtractAarTransform
Transforming legacy-support-core-utils-1.0.0.aar (androidx.legacy:legacy-support-core-utils:1.0.0) with AarTransform
Transforming loader-1.0.0.aar (androidx.loader:loader:1.0.0) with ExtractAarTransform
Transforming loader-1.0.0.aar (androidx.loader:loader:1.0.0) with AarTransform
Transforming loader-1.0.0.aar (androidx.loader:loader:1.0.0) with ExtractAarTransform
Transforming loader-1.0.0.aar (androidx.loader:loader:1.0.0) with AarTransform
Transforming window-1.0.0.aar (androidx.window:window:1.0.0) with ExtractAarTransform
Transforming window-1.0.0.aar (androidx.window:window:1.0.0) with AarTransform
Transforming play-services-base-18.5.0.aar (com.google.android.gms:play-services-base:18.5.0) with ExtractAarTransform
Transforming play-services-base-18.5.0.aar (com.google.android.gms:play-services-base:18.5.0) with AarTransform
Transforming core-1.15.0.aar (androidx.core:core:1.15.0) with ExtractAarTransform
Transforming core-1.15.0.aar (androidx.core:core:1.15.0) with AarTransform
Transforming core-1.15.0.aar (androidx.core:core:1.15.0) with ExtractAarTransform
Transforming core-1.15.0.aar (androidx.core:core:1.15.0) with AarTransform
Transforming savedstate-ktx-1.2.1.aar (androidx.savedstate:savedstate-ktx:1.2.1) with ExtractAarTransform
Transforming savedstate-ktx-1.2.1.aar (androidx.savedstate:savedstate-ktx:1.2.1) with AarTransform
Transforming savedstate-1.2.1.aar (androidx.savedstate:savedstate:1.2.1) with ExtractAarTransform
Transforming savedstate-1.2.1.aar (androidx.savedstate:savedstate:1.2.1) with AarTransform
Transforming lifecycle-viewmodel-2.8.7.aar (androidx.lifecycle:lifecycle-viewmodel:2.8.7) with ExtractAarTransform
Transforming lifecycle-viewmodel-2.8.7.aar (androidx.lifecycle:lifecycle-viewmodel:2.8.7) with AarTransform
Transforming lifecycle-viewmodel-release.aar (androidx.lifecycle:lifecycle-viewmodel-android:2.8.7) with ExtractAarTransform
Transforming lifecycle-viewmodel-release.aar (androidx.lifecycle:lifecycle-viewmodel-android:2.8.7) with AarTransform
Transforming lifecycle-runtime-release.aar (androidx.lifecycle:lifecycle-runtime-android:2.8.7) with ExtractAarTransform
Transforming lifecycle-runtime-release.aar (androidx.lifecycle:lifecycle-runtime-android:2.8.7) with AarTransform
Transforming lifecycle-livedata-core-2.8.7.aar (androidx.lifecycle:lifecycle-livedata-core:2.8.7) with ExtractAarTransform
Transforming lifecycle-livedata-core-2.8.7.aar (androidx.lifecycle:lifecycle-livedata-core:2.8.7) with AarTransform
Transforming lifecycle-viewmodel-savedstate-2.8.7.aar (androidx.lifecycle:lifecycle-viewmodel-savedstate:2.8.7) with ExtractAarTransform
Transforming lifecycle-viewmodel-savedstate-2.8.7.aar (androidx.lifecycle:lifecycle-viewmodel-savedstate:2.8.7) with AarTransform
Transforming lifecycle-runtime-ktx-release.aar (androidx.lifecycle:lifecycle-runtime-ktx-android:2.8.7) with ExtractAarTransform
Transforming lifecycle-runtime-ktx-release.aar (androidx.lifecycle:lifecycle-runtime-ktx-android:2.8.7) with AarTransform
Transforming lifecycle-livedata-2.8.7.aar (androidx.lifecycle:lifecycle-livedata:2.8.7) with ExtractAarTransform
Transforming lifecycle-livedata-2.8.7.aar (androidx.lifecycle:lifecycle-livedata:2.8.7) with AarTransform
Transforming lifecycle-livedata-2.8.7.aar (androidx.lifecycle:lifecycle-livedata:2.8.7) with ExtractAarTransform
Transforming lifecycle-livedata-2.8.7.aar (androidx.lifecycle:lifecycle-livedata:2.8.7) with AarTransform
Transforming lifecycle-livedata-core-ktx-2.8.7.aar (androidx.lifecycle:lifecycle-livedata-core-ktx:2.8.7) with ExtractAarTransform
Transforming lifecycle-livedata-core-ktx-2.8.7.aar (androidx.lifecycle:lifecycle-livedata-core-ktx:2.8.7) with AarTransform
Transforming lifecycle-process-2.8.7.aar (androidx.lifecycle:lifecycle-process:2.8.7) with ExtractAarTransform
Transforming lifecycle-process-2.8.7.aar (androidx.lifecycle:lifecycle-process:2.8.7) with AarTransform
Transforming lifecycle-livedata-ktx-2.8.7.aar (androidx.lifecycle:lifecycle-livedata-ktx:2.8.7) with ExtractAarTransform
Transforming lifecycle-livedata-ktx-2.8.7.aar (androidx.lifecycle:lifecycle-livedata-ktx:2.8.7) with AarTransform
Transforming datastore-preferences-1.0.0.aar (androidx.datastore:datastore-preferences:1.0.0) with ExtractAarTransform
Transforming datastore-preferences-1.0.0.aar (androidx.datastore:datastore-preferences:1.0.0) with AarTransform
Transforming datastore-1.0.0.aar (androidx.datastore:datastore:1.0.0) with ExtractAarTransform
Transforming datastore-1.0.0.aar (androidx.datastore:datastore:1.0.0) with AarTransform
Transforming play-services-tasks-18.2.0.aar (com.google.android.gms:play-services-tasks:18.2.0) with ExtractAarTransform
Transforming play-services-tasks-18.2.0.aar (com.google.android.gms:play-services-tasks:18.2.0) with AarTransform
Transforming play-services-tasks-18.2.0.aar (com.google.android.gms:play-services-tasks:18.2.0) with ExtractAarTransform
Transforming play-services-tasks-18.2.0.aar (com.google.android.gms:play-services-tasks:18.2.0) with AarTransform
Transforming play-services-basement-18.4.0.aar (com.google.android.gms:play-services-basement:18.4.0) with ExtractAarTransform
Transforming play-services-basement-18.4.0.aar (com.google.android.gms:play-services-basement:18.4.0) with AarTransform
Transforming fragment-1.8.5.aar (androidx.fragment:fragment:1.8.5) with ExtractAarTransform
Transforming fragment-1.8.5.aar (androidx.fragment:fragment:1.8.5) with AarTransform
Transforming fragment-1.8.5.aar (androidx.fragment:fragment:1.8.5) with ExtractAarTransform
Transforming fragment-1.8.5.aar (androidx.fragment:fragment:1.8.5) with AarTransform
Transforming fragment-ktx-1.8.5.aar (androidx.fragment:fragment-ktx:1.8.5) with ExtractAarTransform
Transforming fragment-ktx-1.8.5.aar (androidx.fragment:fragment-ktx:1.8.5) with AarTransform
Transforming activity-ktx-1.9.3.aar (androidx.activity:activity-ktx:1.9.3) with ExtractAarTransform
Transforming activity-ktx-1.9.3.aar (androidx.activity:activity-ktx:1.9.3) with AarTransform
Transforming lifecycle-viewmodel-ktx-2.8.7.aar (androidx.lifecycle:lifecycle-viewmodel-ktx:2.8.7) with ExtractAarTransform
Transforming lifecycle-viewmodel-ktx-2.8.7.aar (androidx.lifecycle:lifecycle-viewmodel-ktx:2.8.7) with AarTransform
Transforming room-runtime-2.6.1.aar (androidx.room:room-runtime:2.6.1) with ExtractAarTransform
Transforming room-runtime-2.6.1.aar (androidx.room:room-runtime:2.6.1) with AarTransform
Transforming room-ktx-2.6.1.aar (androidx.room:room-ktx:2.6.1) with ExtractAarTransform
Transforming room-ktx-2.6.1.aar (androidx.room:room-ktx:2.6.1) with AarTransform
Transforming sqlite-framework-2.4.0.aar (androidx.sqlite:sqlite-framework:2.4.0) with ExtractAarTransform
Transforming sqlite-framework-2.4.0.aar (androidx.sqlite:sqlite-framework:2.4.0) with AarTransform
Transforming sqlite-2.4.0.aar (androidx.sqlite:sqlite:2.4.0) with ExtractAarTransform
Transforming sqlite-2.4.0.aar (androidx.sqlite:sqlite:2.4.0) with AarTransform
Transforming annotation-experimental-1.4.1.aar (androidx.annotation:annotation-experimental:1.4.1) with ExtractAarTransform
Transforming annotation-experimental-1.4.1.aar (androidx.annotation:annotation-experimental:1.4.1) with AarTransform
Transforming exifinterface-1.3.7.aar (androidx.exifinterface:exifinterface:1.3.7) with ExtractAarTransform
Transforming exifinterface-1.3.7.aar (androidx.exifinterface:exifinterface:1.3.7) with AarTransform
Transforming api-13.1.5.aar (dev.rikka.shizuku:api:13.1.5) with ExtractAarTransform
Transforming api-13.1.5.aar (dev.rikka.shizuku:api:13.1.5) with AarTransform
Transforming appiconloader-1.5.0.aar (me.zhanghai.android.appiconloader:appiconloader:1.5.0) with ExtractAarTransform
Transforming appiconloader-1.5.0.aar (me.zhanghai.android.appiconloader:appiconloader:1.5.0) with AarTransform
Transforming library-1.1.4.aar (me.zhanghai.android.libarchive:library:1.1.4) with ExtractAarTransform
Transforming library-1.1.4.aar (me.zhanghai.android.libarchive:library:1.1.4) with AarTransform
Transforming library-2.1.0.aar (me.zhanghai.android.libselinux:library:2.1.0) with ExtractAarTransform
Transforming library-2.1.0.aar (me.zhanghai.android.libselinux:library:2.1.0) with AarTransform
Transforming cursoradapter-1.0.0.aar (androidx.cursoradapter:cursoradapter:1.0.0) with ExtractAarTransform
Transforming cursoradapter-1.0.0.aar (androidx.cursoradapter:cursoradapter:1.0.0) with AarTransform
Transforming profileinstaller-1.3.1.aar (androidx.profileinstaller:profileinstaller:1.3.1) with ExtractAarTransform
Transforming profileinstaller-1.3.1.aar (androidx.profileinstaller:profileinstaller:1.3.1) with AarTransform
Transforming startup-runtime-1.1.1.aar (androidx.startup:startup-runtime:1.1.1) with ExtractAarTransform
Transforming startup-runtime-1.1.1.aar (androidx.startup:startup-runtime:1.1.1) with AarTransform
Transforming interpolator-1.0.0.aar (androidx.interpolator:interpolator:1.0.0) with ExtractAarTransform
Transforming interpolator-1.0.0.aar (androidx.interpolator:interpolator:1.0.0) with AarTransform
Transforming interpolator-1.0.0.aar (androidx.interpolator:interpolator:1.0.0) with ExtractAarTransform
Transforming interpolator-1.0.0.aar (androidx.interpolator:interpolator:1.0.0) with AarTransform
Transforming cardview-1.0.0.aar (androidx.cardview:cardview:1.0.0) with ExtractAarTransform
Transforming cardview-1.0.0.aar (androidx.cardview:cardview:1.0.0) with AarTransform
Transforming shared-13.1.5.aar (dev.rikka.shizuku:shared:13.1.5) with ExtractAarTransform
Transforming shared-13.1.5.aar (dev.rikka.shizuku:shared:13.1.5) with AarTransform
Transforming appiconloader-iconloaderlib-1.5.0.aar (me.zhanghai.android.appiconloader:appiconloader-iconloaderlib:1.5.0) with ExtractAarTransform
Transforming appiconloader-iconloaderlib-1.5.0.aar (me.zhanghai.android.appiconloader:appiconloader-iconloaderlib:1.5.0) with AarTransform
Transforming core-runtime-2.2.0.aar (androidx.arch.core:core-runtime:2.2.0) with ExtractAarTransform
Transforming core-runtime-2.2.0.aar (androidx.arch.core:core-runtime:2.2.0) with AarTransform
Transforming exoplayer-datasource-2.18.7.aar (com.google.android.exoplayer:exoplayer-datasource:2.18.7) with ExtractAarTransform
Transforming exoplayer-datasource-2.18.7.aar (com.google.android.exoplayer:exoplayer-datasource:2.18.7) with AarTransform
Transforming exoplayer-extractor-2.18.7.aar (com.google.android.exoplayer:exoplayer-extractor:2.18.7) with ExtractAarTransform
Transforming exoplayer-extractor-2.18.7.aar (com.google.android.exoplayer:exoplayer-extractor:2.18.7) with AarTransform
Transforming exoplayer-decoder-2.18.7.aar (com.google.android.exoplayer:exoplayer-decoder:2.18.7) with ExtractAarTransform
Transforming exoplayer-decoder-2.18.7.aar (com.google.android.exoplayer:exoplayer-decoder:2.18.7) with AarTransform
Transforming exoplayer-database-2.18.7.aar (com.google.android.exoplayer:exoplayer-database:2.18.7) with ExtractAarTransform
Transforming exoplayer-database-2.18.7.aar (com.google.android.exoplayer:exoplayer-database:2.18.7) with AarTransform
Transforming exoplayer-common-2.18.7.aar (com.google.android.exoplayer:exoplayer-common:2.18.7) with ExtractAarTransform
Transforming exoplayer-common-2.18.7.aar (com.google.android.exoplayer:exoplayer-common:2.18.7) with AarTransform
Transforming firebase-components-18.0.0.aar (com.google.firebase:firebase-components:18.0.0) with ExtractAarTransform
Transforming firebase-components-18.0.0.aar (com.google.firebase:firebase-components:18.0.0) with AarTransform
Transforming tracing-1.2.0.aar (androidx.tracing:tracing:1.2.0) with ExtractAarTransform
Transforming tracing-1.2.0.aar (androidx.tracing:tracing:1.2.0) with AarTransform
Transforming versionedparcelable-1.1.1.aar (androidx.versionedparcelable:versionedparcelable:1.1.1) with ExtractAarTransform
Transforming versionedparcelable-1.1.1.aar (androidx.versionedparcelable:versionedparcelable:1.1.1) with AarTransform
Transforming firebase-config-interop-16.0.1.aar (com.google.firebase:firebase-config-interop:16.0.1) with ExtractAarTransform
Transforming firebase-config-interop-16.0.1.aar (com.google.firebase:firebase-config-interop:16.0.1) with AarTransform
Transforming firebase-datatransport-19.0.0.aar (com.google.firebase:firebase-datatransport:19.0.0) with ExtractAarTransform
Transforming firebase-datatransport-19.0.0.aar (com.google.firebase:firebase-datatransport:19.0.0) with AarTransform
Transforming transport-backend-cct-3.3.0.aar (com.google.android.datatransport:transport-backend-cct:3.3.0) with ExtractAarTransform
Transforming transport-backend-cct-3.3.0.aar (com.google.android.datatransport:transport-backend-cct:3.3.0) with AarTransform
Transforming firebase-encoders-json-18.0.1.aar (com.google.firebase:firebase-encoders-json:18.0.1) with ExtractAarTransform
Transforming firebase-encoders-json-18.0.1.aar (com.google.firebase:firebase-encoders-json:18.0.1) with AarTransform
Transforming transport-runtime-3.3.0.aar (com.google.android.datatransport:transport-runtime:3.3.0) with ExtractAarTransform
Transforming transport-runtime-3.3.0.aar (com.google.android.datatransport:transport-runtime:3.3.0) with AarTransform
Transforming transport-api-3.2.0.aar (com.google.android.datatransport:transport-api:3.2.0) with ExtractAarTransform
Transforming transport-api-3.2.0.aar (com.google.android.datatransport:transport-api:3.2.0) with AarTransform
Transforming documentfile-1.0.0.aar (androidx.documentfile:documentfile:1.0.0) with ExtractAarTransform
Transforming documentfile-1.0.0.aar (androidx.documentfile:documentfile:1.0.0) with AarTransform
Transforming localbroadcastmanager-1.0.0.aar (androidx.localbroadcastmanager:localbroadcastmanager:1.0.0) with ExtractAarTransform
Transforming localbroadcastmanager-1.0.0.aar (androidx.localbroadcastmanager:localbroadcastmanager:1.0.0) with AarTransform
Transforming print-1.0.0.aar (androidx.print:print:1.0.0) with ExtractAarTransform
Transforming print-1.0.0.aar (androidx.print:print:1.0.0) with AarTransform
Transforming androidsvg-aar-1.4.aar (com.caverock:androidsvg-aar:1.4) with ExtractAarTransform
Transforming androidsvg-aar-1.4.aar (com.caverock:androidsvg-aar:1.4) with AarTransform
Transforming drawer-1.0.3.aar (com.drakeet.drawer:drawer:1.0.3) with ExtractAarTransform
Transforming drawer-1.0.3.aar (com.drakeet.drawer:drawer:1.0.3) with AarTransform
Transforming library-1.2.0.aar (me.zhanghai.android.retrofile:library:1.2.0) with ExtractAarTransform
Transforming library-1.2.0.aar (me.zhanghai.android.retrofile:library:1.2.0) with AarTransform
Transforming library-1.0.0.aar (me.zhanghai.android.systemuihelper:library:1.0.0) with ExtractAarTransform
Transforming library-1.0.0.aar (me.zhanghai.android.systemuihelper:library:1.0.0) with AarTransform
Transforming HoloColorPicker-1.5.aar (com.larswerkman:HoloColorPicker:1.5) with ExtractAarTransform
Transforming HoloColorPicker-1.5.aar (com.larswerkman:HoloColorPicker:1.5) with AarTransform
Transforming core-5.2.2.aar (com.github.topjohnwu.libsu:core:5.2.2) with ExtractAarTransform
Transforming core-5.2.2.aar (com.github.topjohnwu.libsu:core:5.2.2) with AarTransform
Transforming aidl-13.1.5.aar (dev.rikka.shizuku:aidl:13.1.5) with ExtractAarTransform
Transforming aidl-13.1.5.aar (dev.rikka.shizuku:aidl:13.1.5) with AarTransform
file or directory 'E:\For Safe Keeping\WEB REF\MaterialFiles\app\libs', not found
file or directory 'E:\For Safe Keeping\WEB REF\MaterialFiles\app\libs', not found
Caching disabled for task ':app:processDebugMainManifest' because:
  Build cache is disabled
Skipping task ':app:processDebugMainManifest' as it is up-to-date.
Resolve mutations for :app:processDebugManifest (Thread[Execution worker Thread 6,5,main]) started.
:app:processDebugManifest (Thread[Execution worker Thread 6,5,main]) started.

> Task :app:processDebugManifest UP-TO-DATE
Caching disabled for task ':app:processDebugManifest' because:
  Build cache is disabled
Skipping task ':app:processDebugManifest' as it is up-to-date.
Resolve mutations for :app:processDebugManifestForPackage (Thread[Execution worker Thread 6,5,main]) started.
:app:processDebugManifestForPackage (Thread[Execution worker Thread 6,5,main]) started.

> Task :app:processDebugManifestForPackage UP-TO-DATE
Custom actions are attached to task ':app:processDebugManifestForPackage'.
Caching disabled for task ':app:processDebugManifestForPackage' because:
  Build cache is disabled
Skipping task ':app:processDebugManifestForPackage' as it is up-to-date.
Resolve mutations for :app:processDebugResources (Thread[Execution worker Thread 6,5,main]) started.
:app:processDebugResources (Thread[Execution worker Thread 6,5,main]) started.

> Task :app:processDebugResources UP-TO-DATE
file or directory 'E:\For Safe Keeping\WEB REF\MaterialFiles\app\libs', not found
Transforming aapt2-8.5.0-11315950-windows.jar (com.android.tools.build:aapt2:8.5.0-11315950) with Aapt2Extractor
Transforming viewbinding-8.5.0.aar (androidx.databinding:viewbinding:8.5.0) with ExtractAarTransform
Transforming viewbinding-8.5.0.aar (androidx.databinding:viewbinding:8.5.0) with AarResourcesCompilerTransform
Transforming PhotoView-2.3.0.aar (com.github.chrisbanes:PhotoView:2.3.0) with ExtractAarTransform
Transforming PhotoView-2.3.0.aar (com.github.chrisbanes:PhotoView:2.3.0) with AarResourcesCompilerTransform
Transforming service-5.2.2.aar (com.github.topjohnwu.libsu:service:5.2.2) with ExtractAarTransform
Transforming service-5.2.2.aar (com.github.topjohnwu.libsu:service:5.2.2) with AarResourcesCompilerTransform
Transforming preference-ktx-1.2.1.aar (androidx.preference:preference-ktx:1.2.1) with ExtractAarTransform
Transforming preference-ktx-1.2.1.aar (androidx.preference:preference-ktx:1.2.1) with AarResourcesCompilerTransform
Transforming speed-dial-3.3.0.aar (com.leinardi.android:speed-dial:3.3.0) with ExtractAarTransform
Transforming speed-dial-3.3.0.aar (com.leinardi.android:speed-dial:3.3.0) with AarResourcesCompilerTransform
Transforming material-1.12.0.aar (com.google.android.material:material:1.12.0) with ExtractAarTransform
Transforming material-1.12.0.aar (com.google.android.material:material:1.12.0) with AarResourcesCompilerTransform
Transforming subsampling-scale-image-view-androidx-3.10.0.aar (com.davemorrissey.labs:subsampling-scale-image-view-androidx:3.10.0) with ExtractAarTransform
Transforming subsampling-scale-image-view-androidx-3.10.0.aar (com.davemorrissey.labs:subsampling-scale-image-view-androidx:3.10.0) with AarResourcesCompilerTransform
Transforming licensesdialog-2.1.0.aar (de.psdev.licensesdialog:licensesdialog:2.1.0) with ExtractAarTransform
Transforming licensesdialog-2.1.0.aar (de.psdev.licensesdialog:licensesdialog:2.1.0) with AarResourcesCompilerTransform
Transforming library-1.3.0.aar (me.zhanghai.android.fastscroll:library:1.3.0) with ExtractAarTransform
Transforming library-1.3.0.aar (me.zhanghai.android.fastscroll:library:1.3.0) with AarResourcesCompilerTransform
Transforming library-1.0.2.aar (me.zhanghai.android.foregroundcompat:library:1.0.2) with ExtractAarTransform
Transforming library-1.0.2.aar (me.zhanghai.android.foregroundcompat:library:1.0.2) with AarResourcesCompilerTransform
Transforming coil-gif-2.7.0.aar (io.coil-kt:coil-gif:2.7.0) with ExtractAarTransform
Transforming coil-gif-2.7.0.aar (io.coil-kt:coil-gif:2.7.0) with AarResourcesCompilerTransform
Transforming coil-2.7.0.aar (io.coil-kt:coil:2.7.0) with ExtractAarTransform
Transforming coil-2.7.0.aar (io.coil-kt:coil:2.7.0) with AarResourcesCompilerTransform
Transforming coil-svg-2.7.0.aar (io.coil-kt:coil-svg:2.7.0) with ExtractAarTransform
Transforming coil-svg-2.7.0.aar (io.coil-kt:coil-svg:2.7.0) with AarResourcesCompilerTransform
Transforming coil-video-2.7.0.aar (io.coil-kt:coil-video:2.7.0) with ExtractAarTransform
Transforming coil-video-2.7.0.aar (io.coil-kt:coil-video:2.7.0) with AarResourcesCompilerTransform
Transforming coil-base-2.7.0.aar (io.coil-kt:coil-base:2.7.0) with ExtractAarTransform
Transforming coil-base-2.7.0.aar (io.coil-kt:coil-base:2.7.0) with AarResourcesCompilerTransform
Transforming appcompat-resources-1.7.0.aar (androidx.appcompat:appcompat-resources:1.7.0) with ExtractAarTransform
Transforming appcompat-resources-1.7.0.aar (androidx.appcompat:appcompat-resources:1.7.0) with AarResourcesCompilerTransform
Transforming preferencex-1.1.0.aar (com.takisoft.preferencex:preferencex:1.1.0) with ExtractAarTransform
Transforming preferencex-1.1.0.aar (com.takisoft.preferencex:preferencex:1.1.0) with AarResourcesCompilerTransform
Transforming simplemenu-preference-1.0.3.aar (dev.rikka.rikkax.preference:simplemenu-preference:1.0.3) with ExtractAarTransform
Transforming simplemenu-preference-1.0.3.aar (dev.rikka.rikkax.preference:simplemenu-preference:1.0.3) with AarResourcesCompilerTransform
Transforming preference-1.2.1.aar (androidx.preference:preference:1.2.1) with ExtractAarTransform
Transforming preference-1.2.1.aar (androidx.preference:preference:1.2.1) with AarResourcesCompilerTransform
Transforming constraintlayout-2.0.1.aar (androidx.constraintlayout:constraintlayout:2.0.1) with ExtractAarTransform
Transforming constraintlayout-2.0.1.aar (androidx.constraintlayout:constraintlayout:2.0.1) with AarResourcesCompilerTransform
Transforming appcompat-1.7.0.aar (androidx.appcompat:appcompat:1.7.0) with ExtractAarTransform
Transforming appcompat-1.7.0.aar (androidx.appcompat:appcompat:1.7.0) with AarResourcesCompilerTransform
Transforming appcompat-1.7.0.aar (androidx.appcompat:appcompat:1.7.0) with ExtractAarTransform
Transforming appcompat-1.7.0.aar (androidx.appcompat:appcompat:1.7.0) with AarResourcesCompilerTransform
Transforming advrecyclerview-1.0.0.aar (com.h6ah4i.android.widget.advrecyclerview:advrecyclerview:1.0.0) with ExtractAarTransform
Transforming advrecyclerview-1.0.0.aar (com.h6ah4i.android.widget.advrecyclerview:advrecyclerview:1.0.0) with AarResourcesCompilerTransform
Transforming exoplayer-2.18.7.aar (com.google.android.exoplayer:exoplayer:2.18.7) with ExtractAarTransform
Transforming exoplayer-2.18.7.aar (com.google.android.exoplayer:exoplayer:2.18.7) with AarResourcesCompilerTransform
Transforming exoplayer-ui-2.18.7.aar (com.google.android.exoplayer:exoplayer-ui:2.18.7) with ExtractAarTransform
Transforming exoplayer-ui-2.18.7.aar (com.google.android.exoplayer:exoplayer-ui:2.18.7) with AarResourcesCompilerTransform
Transforming recyclerview-1.3.2.aar (androidx.recyclerview:recyclerview:1.3.2) with ExtractAarTransform
Transforming recyclerview-1.3.2.aar (androidx.recyclerview:recyclerview:1.3.2) with AarResourcesCompilerTransform
Transforming viewpager2-1.1.0-beta02.aar (androidx.viewpager2:viewpager2:1.1.0-beta02) with ExtractAarTransform
Transforming viewpager2-1.1.0-beta02.aar (androidx.viewpager2:viewpager2:1.1.0-beta02) with AarResourcesCompilerTransform
Transforming firebase-crashlytics-ndk-19.2.1.aar (com.google.firebase:firebase-crashlytics-ndk:19.2.1) with ExtractAarTransform
Transforming firebase-crashlytics-ndk-19.2.1.aar (com.google.firebase:firebase-crashlytics-ndk:19.2.1) with AarResourcesCompilerTransform
Transforming firebase-crashlytics-19.2.1.aar (com.google.firebase:firebase-crashlytics:19.2.1) with ExtractAarTransform
Transforming firebase-crashlytics-19.2.1.aar (com.google.firebase:firebase-crashlytics:19.2.1) with AarResourcesCompilerTransform
Transforming firebase-analytics-22.1.2.aar (com.google.firebase:firebase-analytics:22.1.2) with ExtractAarTransform
Transforming firebase-analytics-22.1.2.aar (com.google.firebase:firebase-analytics:22.1.2) with AarResourcesCompilerTransform
Transforming play-services-measurement-api-22.1.2.aar (com.google.android.gms:play-services-measurement-api:22.1.2) with ExtractAarTransform
Transforming play-services-measurement-api-22.1.2.aar (com.google.android.gms:play-services-measurement-api:22.1.2) with AarResourcesCompilerTransform
Transforming firebase-sessions-2.0.6.aar (com.google.firebase:firebase-sessions:2.0.6) with ExtractAarTransform
Transforming firebase-sessions-2.0.6.aar (com.google.firebase:firebase-sessions:2.0.6) with AarResourcesCompilerTransform
Transforming firebase-installations-18.0.0.aar (com.google.firebase:firebase-installations:18.0.0) with ExtractAarTransform
Transforming firebase-installations-18.0.0.aar (com.google.firebase:firebase-installations:18.0.0) with AarResourcesCompilerTransform
Transforming firebase-common-ktx-21.0.0.aar (com.google.firebase:firebase-common-ktx:21.0.0) with ExtractAarTransform
Transforming firebase-common-ktx-21.0.0.aar (com.google.firebase:firebase-common-ktx:21.0.0) with AarResourcesCompilerTransform
Transforming firebase-common-21.0.0.aar (com.google.firebase:firebase-common:21.0.0) with ExtractAarTransform
Transforming firebase-common-21.0.0.aar (com.google.firebase:firebase-common:21.0.0) with AarResourcesCompilerTransform
Transforming play-services-measurement-22.1.2.aar (com.google.android.gms:play-services-measurement:22.1.2) with ExtractAarTransform
Transforming play-services-measurement-22.1.2.aar (com.google.android.gms:play-services-measurement:22.1.2) with AarResourcesCompilerTransform
Transforming play-services-measurement-sdk-22.1.2.aar (com.google.android.gms:play-services-measurement-sdk:22.1.2) with ExtractAarTransform
Transforming play-services-measurement-sdk-22.1.2.aar (com.google.android.gms:play-services-measurement-sdk:22.1.2) with AarResourcesCompilerTransform
Transforming firebase-measurement-connector-20.0.1.aar (com.google.firebase:firebase-measurement-connector:20.0.1) with ExtractAarTransform
Transforming firebase-measurement-connector-20.0.1.aar (com.google.firebase:firebase-measurement-connector:20.0.1) with AarResourcesCompilerTransform
Transforming play-services-measurement-impl-22.1.2.aar (com.google.android.gms:play-services-measurement-impl:22.1.2) with ExtractAarTransform
Transforming play-services-measurement-impl-22.1.2.aar (com.google.android.gms:play-services-measurement-impl:22.1.2) with AarResourcesCompilerTransform
Transforming play-services-ads-identifier-18.0.0.aar (com.google.android.gms:play-services-ads-identifier:18.0.0) with ExtractAarTransform
Transforming play-services-ads-identifier-18.0.0.aar (com.google.android.gms:play-services-ads-identifier:18.0.0) with AarResourcesCompilerTransform
Transforming play-services-measurement-sdk-api-22.1.2.aar (com.google.android.gms:play-services-measurement-sdk-api:22.1.2) with ExtractAarTransform
Transforming play-services-measurement-sdk-api-22.1.2.aar (com.google.android.gms:play-services-measurement-sdk-api:22.1.2) with AarResourcesCompilerTransform
Transforming play-services-measurement-base-22.1.2.aar (com.google.android.gms:play-services-measurement-base:22.1.2) with ExtractAarTransform
Transforming play-services-measurement-base-22.1.2.aar (com.google.android.gms:play-services-measurement-base:22.1.2) with AarResourcesCompilerTransform
Transforming play-services-stats-17.0.2.aar (com.google.android.gms:play-services-stats:17.0.2) with ExtractAarTransform
Transforming play-services-stats-17.0.2.aar (com.google.android.gms:play-services-stats:17.0.2) with AarResourcesCompilerTransform
Transforming firebase-installations-interop-17.2.0.aar (com.google.firebase:firebase-installations-interop:17.2.0) with ExtractAarTransform
Transforming firebase-installations-interop-17.2.0.aar (com.google.firebase:firebase-installations-interop:17.2.0) with AarResourcesCompilerTransform
Transforming emoji2-views-helper-1.3.0.aar (androidx.emoji2:emoji2-views-helper:1.3.0) with ExtractAarTransform
Transforming emoji2-views-helper-1.3.0.aar (androidx.emoji2:emoji2-views-helper:1.3.0) with AarResourcesCompilerTransform
Transforming emoji2-1.3.0.aar (androidx.emoji2:emoji2:1.3.0) with ExtractAarTransform
Transforming emoji2-1.3.0.aar (androidx.emoji2:emoji2:1.3.0) with AarResourcesCompilerTransform
Transforming activity-1.9.3.aar (androidx.activity:activity:1.9.3) with ExtractAarTransform
Transforming activity-1.9.3.aar (androidx.activity:activity:1.9.3) with AarResourcesCompilerTransform
Transforming customview-poolingcontainer-1.0.0.aar (androidx.customview:customview-poolingcontainer:1.0.0) with ExtractAarTransform
Transforming customview-poolingcontainer-1.0.0.aar (androidx.customview:customview-poolingcontainer:1.0.0) with AarResourcesCompilerTransform
Transforming ads-adservices-java-1.0.0-beta05.aar (androidx.privacysandbox.ads:ads-adservices-java:1.0.0-beta05) with ExtractAarTransform
Transforming ads-adservices-java-1.0.0-beta05.aar (androidx.privacysandbox.ads:ads-adservices-java:1.0.0-beta05) with AarResourcesCompilerTransform
Transforming ads-adservices-1.0.0-beta05.aar (androidx.privacysandbox.ads:ads-adservices:1.0.0-beta05) with ExtractAarTransform
Transforming ads-adservices-1.0.0-beta05.aar (androidx.privacysandbox.ads:ads-adservices:1.0.0-beta05) with AarResourcesCompilerTransform
Transforming ads-adservices-1.0.0-beta05.aar (androidx.privacysandbox.ads:ads-adservices:1.0.0-beta05) with ExtractAarTransform
Transforming ads-adservices-1.0.0-beta05.aar (androidx.privacysandbox.ads:ads-adservices:1.0.0-beta05) with AarResourcesCompilerTransform
Transforming core-ktx-1.15.0.aar (androidx.core:core-ktx:1.15.0) with ExtractAarTransform
Transforming core-ktx-1.15.0.aar (androidx.core:core-ktx:1.15.0) with AarResourcesCompilerTransform
Transforming drawerlayout-1.2.0.aar (androidx.drawerlayout:drawerlayout:1.2.0) with ExtractAarTransform
Transforming drawerlayout-1.2.0.aar (androidx.drawerlayout:drawerlayout:1.2.0) with AarResourcesCompilerTransform
Transforming swiperefreshlayout-1.1.0.aar (androidx.swiperefreshlayout:swiperefreshlayout:1.1.0) with ExtractAarTransform
Transforming swiperefreshlayout-1.1.0.aar (androidx.swiperefreshlayout:swiperefreshlayout:1.1.0) with AarResourcesCompilerTransform
Transforming materialshadowninepatch-1.0.0.aar (com.h6ah4i.android.materialshadowninepatch:materialshadowninepatch:1.0.0) with ExtractAarTransform
Transforming materialshadowninepatch-1.0.0.aar (com.h6ah4i.android.materialshadowninepatch:materialshadowninepatch:1.0.0) with AarResourcesCompilerTransform
Transforming insetter-ktx-0.3.1.aar (dev.chrisbanes:insetter-ktx:0.3.1) with ExtractAarTransform
Transforming insetter-ktx-0.3.1.aar (dev.chrisbanes:insetter-ktx:0.3.1) with AarResourcesCompilerTransform
Transforming exoplayer-dash-2.18.7.aar (com.google.android.exoplayer:exoplayer-dash:2.18.7) with ExtractAarTransform
Transforming exoplayer-dash-2.18.7.aar (com.google.android.exoplayer:exoplayer-dash:2.18.7) with AarResourcesCompilerTransform
Transforming exoplayer-hls-2.18.7.aar (com.google.android.exoplayer:exoplayer-hls:2.18.7) with ExtractAarTransform
Transforming exoplayer-hls-2.18.7.aar (com.google.android.exoplayer:exoplayer-hls:2.18.7) with AarResourcesCompilerTransform
Transforming exoplayer-rtsp-2.18.7.aar (com.google.android.exoplayer:exoplayer-rtsp:2.18.7) with ExtractAarTransform
Transforming exoplayer-rtsp-2.18.7.aar (com.google.android.exoplayer:exoplayer-rtsp:2.18.7) with AarResourcesCompilerTransform
Transforming exoplayer-smoothstreaming-2.18.7.aar (com.google.android.exoplayer:exoplayer-smoothstreaming:2.18.7) with ExtractAarTransform
Transforming exoplayer-smoothstreaming-2.18.7.aar (com.google.android.exoplayer:exoplayer-smoothstreaming:2.18.7) with AarResourcesCompilerTransform
Transforming exoplayer-core-2.18.7.aar (com.google.android.exoplayer:exoplayer-core:2.18.7) with ExtractAarTransform
Transforming exoplayer-core-2.18.7.aar (com.google.android.exoplayer:exoplayer-core:2.18.7) with AarResourcesCompilerTransform
Transforming coordinatorlayout-1.1.0.aar (androidx.coordinatorlayout:coordinatorlayout:1.1.0) with ExtractAarTransform
Transforming coordinatorlayout-1.1.0.aar (androidx.coordinatorlayout:coordinatorlayout:1.1.0) with AarResourcesCompilerTransform
Transforming viewpager-1.0.0.aar (androidx.viewpager:viewpager:1.0.0) with ExtractAarTransform
Transforming viewpager-1.0.0.aar (androidx.viewpager:viewpager:1.0.0) with AarResourcesCompilerTransform
Transforming slidingpanelayout-1.2.0.aar (androidx.slidingpanelayout:slidingpanelayout:1.2.0) with ExtractAarTransform
Transforming slidingpanelayout-1.2.0.aar (androidx.slidingpanelayout:slidingpanelayout:1.2.0) with AarResourcesCompilerTransform
Transforming customview-1.1.0.aar (androidx.customview:customview:1.1.0) with ExtractAarTransform
Transforming customview-1.1.0.aar (androidx.customview:customview:1.1.0) with AarResourcesCompilerTransform
Transforming customview-1.1.0.aar (androidx.customview:customview:1.1.0) with ExtractAarTransform
Transforming customview-1.1.0.aar (androidx.customview:customview:1.1.0) with AarResourcesCompilerTransform
Transforming transition-1.5.0.aar (androidx.transition:transition:1.5.0) with ExtractAarTransform
Transforming transition-1.5.0.aar (androidx.transition:transition:1.5.0) with AarResourcesCompilerTransform
Transforming dynamicanimation-1.0.0.aar (androidx.dynamicanimation:dynamicanimation:1.0.0) with ExtractAarTransform
Transforming dynamicanimation-1.0.0.aar (androidx.dynamicanimation:dynamicanimation:1.0.0) with AarResourcesCompilerTransform
Transforming vectordrawable-animated-1.1.0.aar (androidx.vectordrawable:vectordrawable-animated:1.1.0) with ExtractAarTransform
Transforming vectordrawable-animated-1.1.0.aar (androidx.vectordrawable:vectordrawable-animated:1.1.0) with AarResourcesCompilerTransform
Transforming vectordrawable-1.1.0.aar (androidx.vectordrawable:vectordrawable:1.1.0) with ExtractAarTransform
Transforming vectordrawable-1.1.0.aar (androidx.vectordrawable:vectordrawable:1.1.0) with AarResourcesCompilerTransform
Transforming vectordrawable-1.1.0.aar (androidx.vectordrawable:vectordrawable:1.1.0) with ExtractAarTransform
Transforming vectordrawable-1.1.0.aar (androidx.vectordrawable:vectordrawable:1.1.0) with AarResourcesCompilerTransform
Transforming insetter-0.3.1.aar (dev.chrisbanes:insetter:0.3.1) with ExtractAarTransform
Transforming insetter-0.3.1.aar (dev.chrisbanes:insetter:0.3.1) with AarResourcesCompilerTransform
Transforming media-1.6.0.aar (androidx.media:media:1.6.0) with ExtractAarTransform
Transforming media-1.6.0.aar (androidx.media:media:1.6.0) with AarResourcesCompilerTransform
Transforming legacy-support-core-utils-1.0.0.aar (androidx.legacy:legacy-support-core-utils:1.0.0) with ExtractAarTransform
Transforming legacy-support-core-utils-1.0.0.aar (androidx.legacy:legacy-support-core-utils:1.0.0) with AarResourcesCompilerTransform
Transforming loader-1.0.0.aar (androidx.loader:loader:1.0.0) with ExtractAarTransform
Transforming loader-1.0.0.aar (androidx.loader:loader:1.0.0) with AarResourcesCompilerTransform
Transforming loader-1.0.0.aar (androidx.loader:loader:1.0.0) with ExtractAarTransform
Transforming loader-1.0.0.aar (androidx.loader:loader:1.0.0) with AarResourcesCompilerTransform
Transforming window-1.0.0.aar (androidx.window:window:1.0.0) with ExtractAarTransform
Transforming window-1.0.0.aar (androidx.window:window:1.0.0) with AarResourcesCompilerTransform
Transforming play-services-base-18.5.0.aar (com.google.android.gms:play-services-base:18.5.0) with ExtractAarTransform
Transforming play-services-base-18.5.0.aar (com.google.android.gms:play-services-base:18.5.0) with AarResourcesCompilerTransform
Transforming core-1.15.0.aar (androidx.core:core:1.15.0) with ExtractAarTransform
Transforming core-1.15.0.aar (androidx.core:core:1.15.0) with AarResourcesCompilerTransform
Transforming core-1.15.0.aar (androidx.core:core:1.15.0) with ExtractAarTransform
Transforming core-1.15.0.aar (androidx.core:core:1.15.0) with AarResourcesCompilerTransform
Transforming savedstate-ktx-1.2.1.aar (androidx.savedstate:savedstate-ktx:1.2.1) with ExtractAarTransform
Transforming savedstate-ktx-1.2.1.aar (androidx.savedstate:savedstate-ktx:1.2.1) with AarResourcesCompilerTransform
Transforming savedstate-1.2.1.aar (androidx.savedstate:savedstate:1.2.1) with ExtractAarTransform
Transforming savedstate-1.2.1.aar (androidx.savedstate:savedstate:1.2.1) with AarResourcesCompilerTransform
Transforming lifecycle-viewmodel-2.8.7.aar (androidx.lifecycle:lifecycle-viewmodel:2.8.7) with ExtractAarTransform
Transforming lifecycle-viewmodel-2.8.7.aar (androidx.lifecycle:lifecycle-viewmodel:2.8.7) with AarResourcesCompilerTransform
Transforming lifecycle-viewmodel-release.aar (androidx.lifecycle:lifecycle-viewmodel-android:2.8.7) with ExtractAarTransform
Transforming lifecycle-viewmodel-release.aar (androidx.lifecycle:lifecycle-viewmodel-android:2.8.7) with AarResourcesCompilerTransform
Transforming lifecycle-runtime-release.aar (androidx.lifecycle:lifecycle-runtime-android:2.8.7) with ExtractAarTransform
Transforming lifecycle-runtime-release.aar (androidx.lifecycle:lifecycle-runtime-android:2.8.7) with AarResourcesCompilerTransform
Transforming lifecycle-livedata-core-2.8.7.aar (androidx.lifecycle:lifecycle-livedata-core:2.8.7) with ExtractAarTransform
Transforming lifecycle-livedata-core-2.8.7.aar (androidx.lifecycle:lifecycle-livedata-core:2.8.7) with AarResourcesCompilerTransform
Transforming lifecycle-viewmodel-savedstate-2.8.7.aar (androidx.lifecycle:lifecycle-viewmodel-savedstate:2.8.7) with ExtractAarTransform
Transforming lifecycle-viewmodel-savedstate-2.8.7.aar (androidx.lifecycle:lifecycle-viewmodel-savedstate:2.8.7) with AarResourcesCompilerTransform
Transforming lifecycle-runtime-ktx-release.aar (androidx.lifecycle:lifecycle-runtime-ktx-android:2.8.7) with ExtractAarTransform
Transforming lifecycle-runtime-ktx-release.aar (androidx.lifecycle:lifecycle-runtime-ktx-android:2.8.7) with AarResourcesCompilerTransform
Transforming lifecycle-livedata-2.8.7.aar (androidx.lifecycle:lifecycle-livedata:2.8.7) with ExtractAarTransform
Transforming lifecycle-livedata-2.8.7.aar (androidx.lifecycle:lifecycle-livedata:2.8.7) with AarResourcesCompilerTransform
Transforming lifecycle-livedata-2.8.7.aar (androidx.lifecycle:lifecycle-livedata:2.8.7) with ExtractAarTransform
Transforming lifecycle-livedata-2.8.7.aar (androidx.lifecycle:lifecycle-livedata:2.8.7) with AarResourcesCompilerTransform
Transforming lifecycle-livedata-core-ktx-2.8.7.aar (androidx.lifecycle:lifecycle-livedata-core-ktx:2.8.7) with ExtractAarTransform
Transforming lifecycle-livedata-core-ktx-2.8.7.aar (androidx.lifecycle:lifecycle-livedata-core-ktx:2.8.7) with AarResourcesCompilerTransform
Transforming lifecycle-process-2.8.7.aar (androidx.lifecycle:lifecycle-process:2.8.7) with ExtractAarTransform
Transforming lifecycle-process-2.8.7.aar (androidx.lifecycle:lifecycle-process:2.8.7) with AarResourcesCompilerTransform
Transforming lifecycle-livedata-ktx-2.8.7.aar (androidx.lifecycle:lifecycle-livedata-ktx:2.8.7) with ExtractAarTransform
Transforming lifecycle-livedata-ktx-2.8.7.aar (androidx.lifecycle:lifecycle-livedata-ktx:2.8.7) with AarResourcesCompilerTransform
Transforming datastore-preferences-1.0.0.aar (androidx.datastore:datastore-preferences:1.0.0) with ExtractAarTransform
Transforming datastore-preferences-1.0.0.aar (androidx.datastore:datastore-preferences:1.0.0) with AarResourcesCompilerTransform
Transforming datastore-1.0.0.aar (androidx.datastore:datastore:1.0.0) with ExtractAarTransform
Transforming datastore-1.0.0.aar (androidx.datastore:datastore:1.0.0) with AarResourcesCompilerTransform
Transforming play-services-tasks-18.2.0.aar (com.google.android.gms:play-services-tasks:18.2.0) with ExtractAarTransform
Transforming play-services-tasks-18.2.0.aar (com.google.android.gms:play-services-tasks:18.2.0) with AarResourcesCompilerTransform
Transforming play-services-tasks-18.2.0.aar (com.google.android.gms:play-services-tasks:18.2.0) with ExtractAarTransform
Transforming play-services-tasks-18.2.0.aar (com.google.android.gms:play-services-tasks:18.2.0) with AarResourcesCompilerTransform
Transforming play-services-basement-18.4.0.aar (com.google.android.gms:play-services-basement:18.4.0) with ExtractAarTransform
Transforming play-services-basement-18.4.0.aar (com.google.android.gms:play-services-basement:18.4.0) with AarResourcesCompilerTransform
Transforming fragment-1.8.5.aar (androidx.fragment:fragment:1.8.5) with ExtractAarTransform
Transforming fragment-1.8.5.aar (androidx.fragment:fragment:1.8.5) with AarResourcesCompilerTransform
Transforming fragment-1.8.5.aar (androidx.fragment:fragment:1.8.5) with ExtractAarTransform
Transforming fragment-1.8.5.aar (androidx.fragment:fragment:1.8.5) with AarResourcesCompilerTransform
Transforming fragment-ktx-1.8.5.aar (androidx.fragment:fragment-ktx:1.8.5) with ExtractAarTransform
Transforming fragment-ktx-1.8.5.aar (androidx.fragment:fragment-ktx:1.8.5) with AarResourcesCompilerTransform
Transforming activity-ktx-1.9.3.aar (androidx.activity:activity-ktx:1.9.3) with ExtractAarTransform
Transforming activity-ktx-1.9.3.aar (androidx.activity:activity-ktx:1.9.3) with AarResourcesCompilerTransform
Transforming lifecycle-viewmodel-ktx-2.8.7.aar (androidx.lifecycle:lifecycle-viewmodel-ktx:2.8.7) with ExtractAarTransform
Transforming lifecycle-viewmodel-ktx-2.8.7.aar (androidx.lifecycle:lifecycle-viewmodel-ktx:2.8.7) with AarResourcesCompilerTransform
Transforming room-runtime-2.6.1.aar (androidx.room:room-runtime:2.6.1) with ExtractAarTransform
Transforming room-runtime-2.6.1.aar (androidx.room:room-runtime:2.6.1) with AarResourcesCompilerTransform
Transforming room-ktx-2.6.1.aar (androidx.room:room-ktx:2.6.1) with ExtractAarTransform
Transforming room-ktx-2.6.1.aar (androidx.room:room-ktx:2.6.1) with AarResourcesCompilerTransform
Transforming sqlite-framework-2.4.0.aar (androidx.sqlite:sqlite-framework:2.4.0) with ExtractAarTransform
Transforming sqlite-framework-2.4.0.aar (androidx.sqlite:sqlite-framework:2.4.0) with AarResourcesCompilerTransform
Transforming sqlite-2.4.0.aar (androidx.sqlite:sqlite:2.4.0) with ExtractAarTransform
Transforming sqlite-2.4.0.aar (androidx.sqlite:sqlite:2.4.0) with AarResourcesCompilerTransform
Transforming annotation-experimental-1.4.1.aar (androidx.annotation:annotation-experimental:1.4.1) with ExtractAarTransform
Transforming annotation-experimental-1.4.1.aar (androidx.annotation:annotation-experimental:1.4.1) with AarResourcesCompilerTransform
Transforming exifinterface-1.3.7.aar (androidx.exifinterface:exifinterface:1.3.7) with ExtractAarTransform
Transforming exifinterface-1.3.7.aar (androidx.exifinterface:exifinterface:1.3.7) with AarResourcesCompilerTransform
Transforming api-13.1.5.aar (dev.rikka.shizuku:api:13.1.5) with ExtractAarTransform
Transforming api-13.1.5.aar (dev.rikka.shizuku:api:13.1.5) with AarResourcesCompilerTransform
Transforming appiconloader-1.5.0.aar (me.zhanghai.android.appiconloader:appiconloader:1.5.0) with ExtractAarTransform
Transforming appiconloader-1.5.0.aar (me.zhanghai.android.appiconloader:appiconloader:1.5.0) with AarResourcesCompilerTransform
Transforming library-1.1.4.aar (me.zhanghai.android.libarchive:library:1.1.4) with ExtractAarTransform
Transforming library-1.1.4.aar (me.zhanghai.android.libarchive:library:1.1.4) with AarResourcesCompilerTransform
Transforming library-2.1.0.aar (me.zhanghai.android.libselinux:library:2.1.0) with ExtractAarTransform
Transforming library-2.1.0.aar (me.zhanghai.android.libselinux:library:2.1.0) with AarResourcesCompilerTransform
Transforming cursoradapter-1.0.0.aar (androidx.cursoradapter:cursoradapter:1.0.0) with ExtractAarTransform
Transforming cursoradapter-1.0.0.aar (androidx.cursoradapter:cursoradapter:1.0.0) with AarResourcesCompilerTransform
Transforming profileinstaller-1.3.1.aar (androidx.profileinstaller:profileinstaller:1.3.1) with ExtractAarTransform
Transforming profileinstaller-1.3.1.aar (androidx.profileinstaller:profileinstaller:1.3.1) with AarResourcesCompilerTransform
Transforming startup-runtime-1.1.1.aar (androidx.startup:startup-runtime:1.1.1) with ExtractAarTransform
Transforming startup-runtime-1.1.1.aar (androidx.startup:startup-runtime:1.1.1) with AarResourcesCompilerTransform
Transforming interpolator-1.0.0.aar (androidx.interpolator:interpolator:1.0.0) with ExtractAarTransform
Transforming interpolator-1.0.0.aar (androidx.interpolator:interpolator:1.0.0) with AarResourcesCompilerTransform
Transforming interpolator-1.0.0.aar (androidx.interpolator:interpolator:1.0.0) with ExtractAarTransform
Transforming interpolator-1.0.0.aar (androidx.interpolator:interpolator:1.0.0) with AarResourcesCompilerTransform
Transforming cardview-1.0.0.aar (androidx.cardview:cardview:1.0.0) with ExtractAarTransform
Transforming cardview-1.0.0.aar (androidx.cardview:cardview:1.0.0) with AarResourcesCompilerTransform
Transforming shared-13.1.5.aar (dev.rikka.shizuku:shared:13.1.5) with ExtractAarTransform
Transforming shared-13.1.5.aar (dev.rikka.shizuku:shared:13.1.5) with AarResourcesCompilerTransform
Transforming appiconloader-iconloaderlib-1.5.0.aar (me.zhanghai.android.appiconloader:appiconloader-iconloaderlib:1.5.0) with ExtractAarTransform
Transforming appiconloader-iconloaderlib-1.5.0.aar (me.zhanghai.android.appiconloader:appiconloader-iconloaderlib:1.5.0) with AarResourcesCompilerTransform
Transforming core-runtime-2.2.0.aar (androidx.arch.core:core-runtime:2.2.0) with ExtractAarTransform
Transforming core-runtime-2.2.0.aar (androidx.arch.core:core-runtime:2.2.0) with AarResourcesCompilerTransform
Transforming exoplayer-datasource-2.18.7.aar (com.google.android.exoplayer:exoplayer-datasource:2.18.7) with ExtractAarTransform
Transforming exoplayer-datasource-2.18.7.aar (com.google.android.exoplayer:exoplayer-datasource:2.18.7) with AarResourcesCompilerTransform
Transforming exoplayer-extractor-2.18.7.aar (com.google.android.exoplayer:exoplayer-extractor:2.18.7) with ExtractAarTransform
Transforming exoplayer-extractor-2.18.7.aar (com.google.android.exoplayer:exoplayer-extractor:2.18.7) with AarResourcesCompilerTransform
Transforming exoplayer-decoder-2.18.7.aar (com.google.android.exoplayer:exoplayer-decoder:2.18.7) with ExtractAarTransform
Transforming exoplayer-decoder-2.18.7.aar (com.google.android.exoplayer:exoplayer-decoder:2.18.7) with AarResourcesCompilerTransform
Transforming exoplayer-database-2.18.7.aar (com.google.android.exoplayer:exoplayer-database:2.18.7) with ExtractAarTransform
Transforming exoplayer-database-2.18.7.aar (com.google.android.exoplayer:exoplayer-database:2.18.7) with AarResourcesCompilerTransform
Transforming exoplayer-common-2.18.7.aar (com.google.android.exoplayer:exoplayer-common:2.18.7) with ExtractAarTransform
Transforming exoplayer-common-2.18.7.aar (com.google.android.exoplayer:exoplayer-common:2.18.7) with AarResourcesCompilerTransform
Transforming firebase-components-18.0.0.aar (com.google.firebase:firebase-components:18.0.0) with ExtractAarTransform
Transforming firebase-components-18.0.0.aar (com.google.firebase:firebase-components:18.0.0) with AarResourcesCompilerTransform
Transforming tracing-1.2.0.aar (androidx.tracing:tracing:1.2.0) with ExtractAarTransform
Transforming tracing-1.2.0.aar (androidx.tracing:tracing:1.2.0) with AarResourcesCompilerTransform
Transforming versionedparcelable-1.1.1.aar (androidx.versionedparcelable:versionedparcelable:1.1.1) with ExtractAarTransform
Transforming versionedparcelable-1.1.1.aar (androidx.versionedparcelable:versionedparcelable:1.1.1) with AarResourcesCompilerTransform
Transforming firebase-config-interop-16.0.1.aar (com.google.firebase:firebase-config-interop:16.0.1) with ExtractAarTransform
Transforming firebase-config-interop-16.0.1.aar (com.google.firebase:firebase-config-interop:16.0.1) with AarResourcesCompilerTransform
Transforming firebase-datatransport-19.0.0.aar (com.google.firebase:firebase-datatransport:19.0.0) with ExtractAarTransform
Transforming firebase-datatransport-19.0.0.aar (com.google.firebase:firebase-datatransport:19.0.0) with AarResourcesCompilerTransform
Transforming transport-backend-cct-3.3.0.aar (com.google.android.datatransport:transport-backend-cct:3.3.0) with ExtractAarTransform
Transforming transport-backend-cct-3.3.0.aar (com.google.android.datatransport:transport-backend-cct:3.3.0) with AarResourcesCompilerTransform
Transforming firebase-encoders-json-18.0.1.aar (com.google.firebase:firebase-encoders-json:18.0.1) with ExtractAarTransform
Transforming firebase-encoders-json-18.0.1.aar (com.google.firebase:firebase-encoders-json:18.0.1) with AarResourcesCompilerTransform
Transforming transport-runtime-3.3.0.aar (com.google.android.datatransport:transport-runtime:3.3.0) with ExtractAarTransform
Transforming transport-runtime-3.3.0.aar (com.google.android.datatransport:transport-runtime:3.3.0) with AarResourcesCompilerTransform
Transforming transport-api-3.2.0.aar (com.google.android.datatransport:transport-api:3.2.0) with ExtractAarTransform
Transforming transport-api-3.2.0.aar (com.google.android.datatransport:transport-api:3.2.0) with AarResourcesCompilerTransform
Transforming documentfile-1.0.0.aar (androidx.documentfile:documentfile:1.0.0) with ExtractAarTransform
Transforming documentfile-1.0.0.aar (androidx.documentfile:documentfile:1.0.0) with AarResourcesCompilerTransform
Transforming localbroadcastmanager-1.0.0.aar (androidx.localbroadcastmanager:localbroadcastmanager:1.0.0) with ExtractAarTransform
Transforming localbroadcastmanager-1.0.0.aar (androidx.localbroadcastmanager:localbroadcastmanager:1.0.0) with AarResourcesCompilerTransform
Transforming print-1.0.0.aar (androidx.print:print:1.0.0) with ExtractAarTransform
Transforming print-1.0.0.aar (androidx.print:print:1.0.0) with AarResourcesCompilerTransform
Transforming androidsvg-aar-1.4.aar (com.caverock:androidsvg-aar:1.4) with ExtractAarTransform
Transforming androidsvg-aar-1.4.aar (com.caverock:androidsvg-aar:1.4) with AarResourcesCompilerTransform
Transforming drawer-1.0.3.aar (com.drakeet.drawer:drawer:1.0.3) with ExtractAarTransform
Transforming drawer-1.0.3.aar (com.drakeet.drawer:drawer:1.0.3) with AarResourcesCompilerTransform
Transforming library-1.2.0.aar (me.zhanghai.android.retrofile:library:1.2.0) with ExtractAarTransform
Transforming library-1.2.0.aar (me.zhanghai.android.retrofile:library:1.2.0) with AarResourcesCompilerTransform
Transforming library-1.0.0.aar (me.zhanghai.android.systemuihelper:library:1.0.0) with ExtractAarTransform
Transforming library-1.0.0.aar (me.zhanghai.android.systemuihelper:library:1.0.0) with AarResourcesCompilerTransform
Transforming HoloColorPicker-1.5.aar (com.larswerkman:HoloColorPicker:1.5) with ExtractAarTransform
Transforming HoloColorPicker-1.5.aar (com.larswerkman:HoloColorPicker:1.5) with AarResourcesCompilerTransform
Transforming core-5.2.2.aar (com.github.topjohnwu.libsu:core:5.2.2) with ExtractAarTransform
Transforming core-5.2.2.aar (com.github.topjohnwu.libsu:core:5.2.2) with AarResourcesCompilerTransform
Transforming aidl-13.1.5.aar (dev.rikka.shizuku:aidl:13.1.5) with ExtractAarTransform
Transforming aidl-13.1.5.aar (dev.rikka.shizuku:aidl:13.1.5) with AarResourcesCompilerTransform
file or directory 'E:\For Safe Keeping\WEB REF\MaterialFiles\app\libs', not found
file or directory 'E:\For Safe Keeping\WEB REF\MaterialFiles\app\libs', not found
Caching disabled for task ':app:processDebugResources' because:
  Build cache is disabled
Skipping task ':app:processDebugResources' as it is up-to-date.
Resolve mutations for :app:kspDebugKotlin (Thread[Execution worker Thread 6,5,main]) started.
:app:kspDebugKotlin (Thread[Execution worker Thread 6,5,main]) started.

> Task :app:kspDebugKotlin UP-TO-DATE
file or directory 'E:\For Safe Keeping\WEB REF\MaterialFiles\app\src\debug\kotlin', not found
file or directory 'E:\For Safe Keeping\WEB REF\MaterialFiles\app\src\debug\java', not found
file or directory 'E:\For Safe Keeping\WEB REF\MaterialFiles\app\src\main\kotlin', not found
file or directory 'E:\For Safe Keeping\WEB REF\MaterialFiles\app\src\debug\java', not found
file or directory 'E:\For Safe Keeping\WEB REF\MaterialFiles\app\libs', not found
Transforming viewbinding-8.5.0.aar (androidx.databinding:viewbinding:8.5.0) with AarToClassTransform
Transforming PhotoView-2.3.0.aar (com.github.chrisbanes:PhotoView:2.3.0) with AarToClassTransform
Transforming service-5.2.2.aar (com.github.topjohnwu.libsu:service:5.2.2) with AarToClassTransform
Transforming preference-ktx-1.2.1.aar (androidx.preference:preference-ktx:1.2.1) with AarToClassTransform
Transforming speed-dial-3.3.0.aar (com.leinardi.android:speed-dial:3.3.0) with AarToClassTransform
Transforming material-1.12.0.aar (com.google.android.material:material:1.12.0) with AarToClassTransform
Transforming subsampling-scale-image-view-androidx-3.10.0.aar (com.davemorrissey.labs:subsampling-scale-image-view-androidx:3.10.0) with AarToClassTransform
Transforming licensesdialog-2.1.0.aar (de.psdev.licensesdialog:licensesdialog:2.1.0) with AarToClassTransform
Transforming appcompat-resources-1.7.0.aar (androidx.appcompat:appcompat-resources:1.7.0) with AarToClassTransform
Transforming preferencex-1.1.0.aar (com.takisoft.preferencex:preferencex:1.1.0) with AarToClassTransform
Transforming preference-1.2.1.aar (androidx.preference:preference:1.2.1) with AarToClassTransform
Transforming constraintlayout-2.0.1.aar (androidx.constraintlayout:constraintlayout:2.0.1) with AarToClassTransform
Transforming appcompat-1.7.0.aar (androidx.appcompat:appcompat:1.7.0) with AarToClassTransform
Transforming appcompat-1.7.0.aar (androidx.appcompat:appcompat:1.7.0) with AarToClassTransform
Transforming viewpager2-1.1.0-beta02.aar (androidx.viewpager2:viewpager2:1.1.0-beta02) with AarToClassTransform
Transforming firebase-analytics-22.1.2.aar (com.google.firebase:firebase-analytics:22.1.2) with AarToClassTransform
Transforming kotlin-parcelize-runtime-1.9.24.jar (org.jetbrains.kotlin:kotlin-parcelize-runtime:1.9.24) with IdentityTransform
Transforming play-services-measurement-22.1.2.aar (com.google.android.gms:play-services-measurement:22.1.2) with AarToClassTransform
Transforming play-services-measurement-api-22.1.2.aar (com.google.android.gms:play-services-measurement-api:22.1.2) with AarToClassTransform
Transforming play-services-measurement-sdk-22.1.2.aar (com.google.android.gms:play-services-measurement-sdk:22.1.2) with AarToClassTransform
Transforming play-services-measurement-impl-22.1.2.aar (com.google.android.gms:play-services-measurement-impl:22.1.2) with AarToClassTransform
Transforming dav4jvm-c1bc143.jar (com.github.bitfireAT:dav4jvm:c1bc143) with IdentityTransform
Transforming play-services-ads-identifier-18.0.0.aar (com.google.android.gms:play-services-ads-identifier:18.0.0) with AarToClassTransform
Transforming play-services-measurement-sdk-api-22.1.2.aar (com.google.android.gms:play-services-measurement-sdk-api:22.1.2) with AarToClassTransform
Transforming play-services-measurement-base-22.1.2.aar (com.google.android.gms:play-services-measurement-base:22.1.2) with AarToClassTransform
Transforming play-services-stats-17.0.2.aar (com.google.android.gms:play-services-stats:17.0.2) with AarToClassTransform
Transforming firebase-crashlytics-ndk-19.2.1.aar (com.google.firebase:firebase-crashlytics-ndk:19.2.1) with AarToClassTransform
Transforming firebase-crashlytics-19.2.1.aar (com.google.firebase:firebase-crashlytics:19.2.1) with AarToClassTransform
Transforming firebase-installations-18.0.0.aar (com.google.firebase:firebase-installations:18.0.0) with AarToClassTransform
Transforming firebase-sessions-2.0.6.aar (com.google.firebase:firebase-sessions:2.0.6) with AarToClassTransform
Transforming firebase-installations-interop-17.2.0.aar (com.google.firebase:firebase-installations-interop:17.2.0) with AarToClassTransform
Transforming firebase-common-ktx-21.0.0.aar (com.google.firebase:firebase-common-ktx:21.0.0) with AarToClassTransform
Transforming firebase-common-21.0.0.aar (com.google.firebase:firebase-common:21.0.0) with AarToClassTransform
Transforming activity-1.9.3.aar (androidx.activity:activity:1.9.3) with AarToClassTransform
Transforming core-ktx-1.15.0.aar (androidx.core:core-ktx:1.15.0) with AarToClassTransform
Transforming drawerlayout-1.2.0.aar (androidx.drawerlayout:drawerlayout:1.2.0) with AarToClassTransform
Transforming advrecyclerview-1.0.0.aar (com.h6ah4i.android.widget.advrecyclerview:advrecyclerview:1.0.0) with AarToClassTransform
Transforming recyclerview-1.3.2.aar (androidx.recyclerview:recyclerview:1.3.2) with AarToClassTransform
Transforming swiperefreshlayout-1.1.0.aar (androidx.swiperefreshlayout:swiperefreshlayout:1.1.0) with AarToClassTransform
Transforming materialshadowninepatch-1.0.0.aar (com.h6ah4i.android.materialshadowninepatch:materialshadowninepatch:1.0.0) with AarToClassTransform
Transforming insetter-ktx-0.3.1.aar (dev.chrisbanes:insetter-ktx:0.3.1) with AarToClassTransform
Transforming coordinatorlayout-1.1.0.aar (androidx.coordinatorlayout:coordinatorlayout:1.1.0) with AarToClassTransform
Transforming viewpager-1.0.0.aar (androidx.viewpager:viewpager:1.0.0) with AarToClassTransform
Transforming slidingpanelayout-1.2.0.aar (androidx.slidingpanelayout:slidingpanelayout:1.2.0) with AarToClassTransform
Transforming customview-1.1.0.aar (androidx.customview:customview:1.1.0) with AarToClassTransform
Transforming customview-1.1.0.aar (androidx.customview:customview:1.1.0) with AarToClassTransform
Transforming dynamicanimation-1.0.0.aar (androidx.dynamicanimation:dynamicanimation:1.0.0) with AarToClassTransform
Transforming transition-1.5.0.aar (androidx.transition:transition:1.5.0) with AarToClassTransform
Transforming vectordrawable-animated-1.1.0.aar (androidx.vectordrawable:vectordrawable-animated:1.1.0) with AarToClassTransform
Transforming vectordrawable-1.1.0.aar (androidx.vectordrawable:vectordrawable:1.1.0) with AarToClassTransform
Transforming vectordrawable-1.1.0.aar (androidx.vectordrawable:vectordrawable:1.1.0) with AarToClassTransform
Transforming insetter-0.3.1.aar (dev.chrisbanes:insetter:0.3.1) with AarToClassTransform
Transforming exoplayer-2.18.7.aar (com.google.android.exoplayer:exoplayer:2.18.7) with AarToClassTransform
Transforming exoplayer-ui-2.18.7.aar (com.google.android.exoplayer:exoplayer-ui:2.18.7) with AarToClassTransform
Transforming media-1.6.0.aar (androidx.media:media:1.6.0) with AarToClassTransform
Transforming legacy-support-core-utils-1.0.0.aar (androidx.legacy:legacy-support-core-utils:1.0.0) with AarToClassTransform
Transforming loader-1.0.0.aar (androidx.loader:loader:1.0.0) with AarToClassTransform
Transforming loader-1.0.0.aar (androidx.loader:loader:1.0.0) with AarToClassTransform
Transforming play-services-base-18.5.0.aar (com.google.android.gms:play-services-base:18.5.0) with AarToClassTransform
Transforming core-1.15.0.aar (androidx.core:core:1.15.0) with AarToClassTransform
Transforming core-1.15.0.aar (androidx.core:core:1.15.0) with AarToClassTransform
Transforming coil-2.7.0.aar (io.coil-kt:coil:2.7.0) with AarToClassTransform
Transforming coil-gif-2.7.0.aar (io.coil-kt:coil-gif:2.7.0) with AarToClassTransform
Transforming coil-svg-2.7.0.aar (io.coil-kt:coil-svg:2.7.0) with AarToClassTransform
Transforming coil-video-2.7.0.aar (io.coil-kt:coil-video:2.7.0) with AarToClassTransform
Transforming coil-base-2.7.0.aar (io.coil-kt:coil-base:2.7.0) with AarToClassTransform
Transforming lifecycle-viewmodel-2.8.7.aar (androidx.lifecycle:lifecycle-viewmodel:2.8.7) with AarToClassTransform
Transforming lifecycle-viewmodel-release.aar (androidx.lifecycle:lifecycle-viewmodel-android:2.8.7) with AarToClassTransform
Transforming lifecycle-runtime-release.aar (androidx.lifecycle:lifecycle-runtime-android:2.8.7) with AarToClassTransform
Transforming lifecycle-livedata-core-2.8.7.aar (androidx.lifecycle:lifecycle-livedata-core:2.8.7) with AarToClassTransform
Transforming lifecycle-viewmodel-savedstate-2.8.7.aar (androidx.lifecycle:lifecycle-viewmodel-savedstate:2.8.7) with AarToClassTransform
Transforming lifecycle-runtime-ktx-release.aar (androidx.lifecycle:lifecycle-runtime-ktx-android:2.8.7) with AarToClassTransform
Transforming lifecycle-livedata-2.8.7.aar (androidx.lifecycle:lifecycle-livedata:2.8.7) with AarToClassTransform
Transforming lifecycle-livedata-2.8.7.aar (androidx.lifecycle:lifecycle-livedata:2.8.7) with AarToClassTransform
Transforming lifecycle-livedata-core-ktx-2.8.7.aar (androidx.lifecycle:lifecycle-livedata-core-ktx:2.8.7) with AarToClassTransform
Transforming lifecycle-process-2.8.7.aar (androidx.lifecycle:lifecycle-process:2.8.7) with AarToClassTransform
Transforming lifecycle-common-jvm-2.8.7.jar (androidx.lifecycle:lifecycle-common-jvm:2.8.7) with IdentityTransform
Transforming lifecycle-livedata-ktx-2.8.7.aar (androidx.lifecycle:lifecycle-livedata-ktx:2.8.7) with AarToClassTransform
Transforming ads-adservices-java-1.0.0-beta05.aar (androidx.privacysandbox.ads:ads-adservices-java:1.0.0-beta05) with AarToClassTransform
Transforming ads-adservices-1.0.0-beta05.aar (androidx.privacysandbox.ads:ads-adservices:1.0.0-beta05) with AarToClassTransform
Transforming lifecycle-common-java8-2.8.7.jar (androidx.lifecycle:lifecycle-common-java8:2.8.7) with IdentityTransform
Transforming play-services-tasks-18.2.0.aar (com.google.android.gms:play-services-tasks:18.2.0) with AarToClassTransform
Transforming play-services-tasks-18.2.0.aar (com.google.android.gms:play-services-tasks:18.2.0) with AarToClassTransform
Transforming firebase-measurement-connector-20.0.1.aar (com.google.firebase:firebase-measurement-connector:20.0.1) with AarToClassTransform
Transforming play-services-basement-18.4.0.aar (com.google.android.gms:play-services-basement:18.4.0) with AarToClassTransform
Transforming fragment-1.8.5.aar (androidx.fragment:fragment:1.8.5) with AarToClassTransform
Transforming fragment-1.8.5.aar (androidx.fragment:fragment:1.8.5) with AarToClassTransform
Transforming fragment-ktx-1.8.5.aar (androidx.fragment:fragment-ktx:1.8.5) with AarToClassTransform
Transforming activity-ktx-1.9.3.aar (androidx.activity:activity-ktx:1.9.3) with AarToClassTransform
Transforming lifecycle-viewmodel-ktx-2.8.7.aar (androidx.lifecycle:lifecycle-viewmodel-ktx:2.8.7) with AarToClassTransform
Transforming room-common-2.6.1.jar (androidx.room:room-common:2.6.1) with IdentityTransform
Transforming kotlinx-coroutines-core-jvm-1.9.0.jar (org.jetbrains.kotlinx:kotlinx-coroutines-core-jvm:1.9.0) with IdentityTransform
Transforming room-runtime-2.6.1.aar (androidx.room:room-runtime:2.6.1) with AarToClassTransform
Transforming room-ktx-2.6.1.aar (androidx.room:room-ktx:2.6.1) with AarToClassTransform
Transforming kotlinx-coroutines-play-services-1.9.0.jar (org.jetbrains.kotlinx:kotlinx-coroutines-play-services:1.9.0) with IdentityTransform
Transforming savedstate-1.2.1.aar (androidx.savedstate:savedstate:1.2.1) with AarToClassTransform
Transforming savedstate-ktx-1.2.1.aar (androidx.savedstate:savedstate-ktx:1.2.1) with AarToClassTransform
Transforming annotation-experimental-1.4.1.aar (androidx.annotation:annotation-experimental:1.4.1) with AarToClassTransform
Transforming cursoradapter-1.0.0.aar (androidx.cursoradapter:cursoradapter:1.0.0) with AarToClassTransform
Transforming interpolator-1.0.0.aar (androidx.interpolator:interpolator:1.0.0) with AarToClassTransform
Transforming cardview-1.0.0.aar (androidx.cardview:cardview:1.0.0) with AarToClassTransform
Transforming sqlite-framework-2.4.0.aar (androidx.sqlite:sqlite-framework:2.4.0) with AarToClassTransform
Transforming sqlite-2.4.0.aar (androidx.sqlite:sqlite:2.4.0) with AarToClassTransform
Transforming versionedparcelable-1.1.1.aar (androidx.versionedparcelable:versionedparcelable:1.1.1) with AarToClassTransform
Transforming core-runtime-2.2.0.aar (androidx.arch.core:core-runtime:2.2.0) with AarToClassTransform
Transforming firebase-config-interop-16.0.1.aar (com.google.firebase:firebase-config-interop:16.0.1) with AarToClassTransform
Transforming kotlinx-coroutines-android-1.9.0.jar (org.jetbrains.kotlinx:kotlinx-coroutines-android:1.9.0) with IdentityTransform
Transforming firebase-encoders-json-18.0.1.aar (com.google.firebase:firebase-encoders-json:18.0.1) with AarToClassTransform
Transforming documentfile-1.0.0.aar (androidx.documentfile:documentfile:1.0.0) with AarToClassTransform
Transforming localbroadcastmanager-1.0.0.aar (androidx.localbroadcastmanager:localbroadcastmanager:1.0.0) with AarToClassTransform
Transforming print-1.0.0.aar (androidx.print:print:1.0.0) with AarToClassTransform
Transforming exifinterface-1.3.7.aar (androidx.exifinterface:exifinterface:1.3.7) with AarToClassTransform
Transforming androidsvg-aar-1.4.aar (com.caverock:androidsvg-aar:1.4) with AarToClassTransform
Transforming drawer-1.0.3.aar (com.drakeet.drawer:drawer:1.0.3) with AarToClassTransform
Transforming exoplayer-core-2.18.7.aar (com.google.android.exoplayer:exoplayer-core:2.18.7) with AarToClassTransform
Transforming kotlin-android-extensions-runtime-1.9.24.jar (org.jetbrains.kotlin:kotlin-android-extensions-runtime:1.9.24) with IdentityTransform
Transforming exoplayer-common-2.18.7.aar (com.google.android.exoplayer:exoplayer-common:2.18.7) with AarToClassTransform
Transforming listenablefuture-9999.0-empty-to-avoid-conflict-with-guava.jar (com.google.guava:listenablefuture:9999.0-empty-to-avoid-conflict-with-guava) with IdentityTransform
Transforming simplemenu-preference-1.0.3.aar (dev.rikka.rikkax.preference:simplemenu-preference:1.0.3) with AarToClassTransform
Transforming api-13.1.5.aar (dev.rikka.shizuku:api:13.1.5) with AarToClassTransform
Transforming appiconloader-1.5.0.aar (me.zhanghai.android.appiconloader:appiconloader:1.5.0) with AarToClassTransform
Transforming library-1.3.0.aar (me.zhanghai.android.fastscroll:library:1.3.0) with AarToClassTransform
Transforming okio-jvm-3.9.0.jar (com.squareup.okio:okio-jvm:3.9.0) with IdentityTransform
Transforming library-1.0.2.aar (me.zhanghai.android.foregroundcompat:library:1.0.2) with AarToClassTransform
Transforming library-1.1.4.aar (me.zhanghai.android.libarchive:library:1.1.4) with AarToClassTransform
Transforming library-2.1.0.aar (me.zhanghai.android.libselinux:library:2.1.0) with AarToClassTransform
Transforming library-1.2.0.aar (me.zhanghai.android.retrofile:library:1.2.0) with AarToClassTransform
Transforming library-1.0.0.aar (me.zhanghai.android.systemuihelper:library:1.0.0) with AarToClassTransform
Transforming annotation-jvm-1.9.0.jar (androidx.annotation:annotation-jvm:1.9.0) with IdentityTransform
Transforming gson-2.10.1.jar (com.google.code.gson:gson:2.10.1) with IdentityTransform
Transforming HoloColorPicker-1.5.aar (com.larswerkman:HoloColorPicker:1.5) with AarToClassTransform
Transforming annotations-23.0.0.jar (org.jetbrains:annotations:23.0.0) with IdentityTransform
Transforming startup-runtime-1.1.1.aar (androidx.startup:startup-runtime:1.1.1) with AarToClassTransform
Transforming okhttp-4.12.0.jar (com.squareup.okhttp3:okhttp:4.12.0) with IdentityTransform
Transforming core-5.2.2.aar (com.github.topjohnwu.libsu:core:5.2.2) with AarToClassTransform
Transforming jsr305-3.0.2.jar (com.google.code.findbugs:jsr305:3.0.2) with IdentityTransform
Transforming aidl-13.1.5.aar (dev.rikka.shizuku:aidl:13.1.5) with AarToClassTransform
Transforming shared-13.1.5.aar (dev.rikka.shizuku:shared:13.1.5) with AarToClassTransform
Transforming firebase-components-18.0.0.aar (com.google.firebase:firebase-components:18.0.0) with AarToClassTransform
Transforming javax.inject-1.jar (javax.inject:javax.inject:1) with IdentityTransform
Transforming kotlin-stdlib-jdk7-1.9.24.jar (org.jetbrains.kotlin:kotlin-stdlib-jdk7:1.9.24) with IdentityTransform
Transforming exoplayer-datasource-2.18.7.aar (com.google.android.exoplayer:exoplayer-datasource:2.18.7) with AarToClassTransform
Transforming exoplayer-database-2.18.7.aar (com.google.android.exoplayer:exoplayer-database:2.18.7) with AarToClassTransform
Transforming exoplayer-decoder-2.18.7.aar (com.google.android.exoplayer:exoplayer-decoder:2.18.7) with AarToClassTransform
Transforming exoplayer-extractor-2.18.7.aar (com.google.android.exoplayer:exoplayer-extractor:2.18.7) with AarToClassTransform
Transforming exoplayer-dash-2.18.7.aar (com.google.android.exoplayer:exoplayer-dash:2.18.7) with AarToClassTransform
Transforming exoplayer-hls-2.18.7.aar (com.google.android.exoplayer:exoplayer-hls:2.18.7) with AarToClassTransform
Transforming exoplayer-rtsp-2.18.7.aar (com.google.android.exoplayer:exoplayer-rtsp:2.18.7) with AarToClassTransform
Transforming exoplayer-smoothstreaming-2.18.7.aar (com.google.android.exoplayer:exoplayer-smoothstreaming:2.18.7) with AarToClassTransform
Transforming kotlinx-serialization-core-jvm-1.6.3.jar (org.jetbrains.kotlinx:kotlinx-serialization-core-jvm:1.6.3) with IdentityTransform
Transforming kotlinx-serialization-json-jvm-1.6.3.jar (org.jetbrains.kotlinx:kotlinx-serialization-json-jvm:1.6.3) with IdentityTransform
Transforming kotlin-stdlib-2.0.0.jar (org.jetbrains.kotlin:kotlin-stdlib:2.0.0) with IdentityTransform
Transforming bcutil-jdk15to18-1.78.1.jar (org.bouncycastle:bcutil-jdk15to18:1.78.1) with IdentityTransform
Transforming collection-ktx-1.4.2.jar (androidx.collection:collection-ktx:1.4.2) with IdentityTransform
Transforming collection-jvm-1.4.2.jar (androidx.collection:collection-jvm:1.4.2) with IdentityTransform
Transforming bcprov-jdk15to18-1.78.1.jar (org.bouncycastle:bcprov-jdk15to18:1.78.1) with IdentityTransform
Transforming commons-net-3.11.1.jar (commons-net:commons-net:3.11.1) with IdentityTransform
Transforming jcifs-ng-2.1.10.jar (eu.agno3.jcifs:jcifs-ng:2.1.10) with IdentityTransform
Transforming firebase-encoders-17.0.0.jar (com.google.firebase:firebase-encoders:17.0.0) with IdentityTransform
Transforming core-common-2.2.0.jar (androidx.arch.core:core-common:2.2.0) with IdentityTransform
Transforming resourceinspection-annotation-1.0.1.jar (androidx.resourceinspection:resourceinspection-annotation:1.0.1) with IdentityTransform
Transforming ftpserver-core-1.2.0.jar (org.apache.ftpserver:ftpserver-core:1.2.0) with IdentityTransform
Transforming mina-core-2.1.3.jar (org.apache.mina:mina-core:2.1.3) with IdentityTransform
Transforming constraintlayout-solver-2.0.1.jar (androidx.constraintlayout:constraintlayout-solver:2.0.1) with IdentityTransform
Transforming slf4j-api-2.0.13.jar (org.slf4j:slf4j-api:2.0.13) with IdentityTransform
Transforming guava-33.3.1-android.jar (com.google.guava:guava:33.3.1-android) with IdentityTransform
Transforming error_prone_annotations-2.28.0.jar (com.google.errorprone:error_prone_annotations:2.28.0) with IdentityTransform
Transforming commons-io-2.7.jar (commons-io:commons-io:2.7) with IdentityTransform
Transforming bcpkix-jdk15to18-1.78.1.jar (org.bouncycastle:bcpkix-jdk15to18:1.78.1) with IdentityTransform
Transforming kotlin-stdlib-jdk8-1.9.24.jar (org.jetbrains.kotlin:kotlin-stdlib-jdk8:1.9.24) with IdentityTransform
Transforming smbj-0.11.5.jar (com.hierynomus:smbj:0.11.5) with IdentityTransform
Transforming failureaccess-1.0.2.jar (com.google.guava:failureaccess:1.0.2) with IdentityTransform
Transforming firebase-annotations-16.2.0.jar (com.google.firebase:firebase-annotations:16.2.0) with IdentityTransform
Transforming j2objc-annotations-3.0.0.jar (com.google.j2objc:j2objc-annotations:3.0.0) with IdentityTransform
Transforming ftplet-api-1.2.0.jar (org.apache.ftpserver:ftplet-api:1.2.0) with IdentityTransform
Transforming checker-qual-3.43.0.jar (org.checkerframework:checker-qual:3.43.0) with IdentityTransform
Transforming dcerpc-0.12.1.jar (com.rapid7.client:dcerpc:0.12.1) with IdentityTransform
Transforming slf4j-android-1.7.36.jar (org.slf4j:slf4j-android:1.7.36) with IdentityTransform
Transforming commons-lang3-3.4.jar (org.apache.commons:commons-lang3:3.4) with IdentityTransform
Transforming sshj-0.39.0.jar (com.hierynomus:sshj:0.39.0) with IdentityTransform
file or directory 'E:\For Safe Keeping\WEB REF\MaterialFiles\app\libs', not found
Transforming R.jar with ClasspathEntrySnapshotTransform
Transforming viewbinding-8.5.0-api.jar with ClasspathEntrySnapshotTransform
Transforming kotlin-parcelize-runtime-1.9.24.jar with ClasspathEntrySnapshotTransform
Transforming dav4jvm-c1bc143.jar with ClasspathEntrySnapshotTransform
Transforming PhotoView-2.3.0-api.jar with ClasspathEntrySnapshotTransform
Transforming service-5.2.2-api.jar with ClasspathEntrySnapshotTransform
Transforming preference-ktx-1.2.1-api.jar with ClasspathEntrySnapshotTransform
Transforming speed-dial-3.3.0-api.jar with ClasspathEntrySnapshotTransform
Transforming material-1.12.0-api.jar with ClasspathEntrySnapshotTransform
Transforming subsampling-scale-image-view-androidx-3.10.0-api.jar with ClasspathEntrySnapshotTransform
Transforming licensesdialog-2.1.0-api.jar with ClasspathEntrySnapshotTransform
Transforming appcompat-resources-1.7.0-api.jar with ClasspathEntrySnapshotTransform
Transforming preferencex-1.1.0-api.jar with ClasspathEntrySnapshotTransform
Transforming preference-1.2.1-api.jar with ClasspathEntrySnapshotTransform
Transforming constraintlayout-2.0.1-api.jar with ClasspathEntrySnapshotTransform
Transforming appcompat-1.7.0-api.jar with ClasspathEntrySnapshotTransform
Transforming viewpager2-1.1.0-beta02-api.jar with ClasspathEntrySnapshotTransform
Transforming firebase-analytics-22.1.2-api.jar with ClasspathEntrySnapshotTransform
Transforming play-services-measurement-22.1.2-api.jar with ClasspathEntrySnapshotTransform
Transforming play-services-measurement-api-22.1.2-api.jar with ClasspathEntrySnapshotTransform
Transforming play-services-measurement-sdk-22.1.2-api.jar with ClasspathEntrySnapshotTransform
Transforming play-services-measurement-impl-22.1.2-api.jar with ClasspathEntrySnapshotTransform
Transforming play-services-ads-identifier-18.0.0-api.jar with ClasspathEntrySnapshotTransform
Transforming play-services-measurement-sdk-api-22.1.2-api.jar with ClasspathEntrySnapshotTransform
Transforming play-services-measurement-base-22.1.2-api.jar with ClasspathEntrySnapshotTransform
Transforming play-services-stats-17.0.2-api.jar with ClasspathEntrySnapshotTransform
Transforming firebase-crashlytics-ndk-19.2.1-api.jar with ClasspathEntrySnapshotTransform
Transforming firebase-crashlytics-19.2.1-api.jar with ClasspathEntrySnapshotTransform
Transforming firebase-installations-18.0.0-api.jar with ClasspathEntrySnapshotTransform
Transforming firebase-sessions-2.0.6-api.jar with ClasspathEntrySnapshotTransform
Transforming firebase-installations-interop-17.2.0-api.jar with ClasspathEntrySnapshotTransform
Transforming firebase-common-ktx-21.0.0-api.jar with ClasspathEntrySnapshotTransform
Transforming firebase-common-21.0.0-api.jar with ClasspathEntrySnapshotTransform
Transforming activity-1.9.3-api.jar with ClasspathEntrySnapshotTransform
Transforming core-ktx-1.15.0-api.jar with ClasspathEntrySnapshotTransform
Transforming drawerlayout-1.2.0-api.jar with ClasspathEntrySnapshotTransform
Transforming advrecyclerview-1.0.0-api.jar with ClasspathEntrySnapshotTransform
Transforming recyclerview-1.3.2-api.jar with ClasspathEntrySnapshotTransform
Transforming swiperefreshlayout-1.1.0-api.jar with ClasspathEntrySnapshotTransform
Transforming materialshadowninepatch-1.0.0-api.jar with ClasspathEntrySnapshotTransform
Transforming insetter-ktx-0.3.1-api.jar with ClasspathEntrySnapshotTransform
Transforming coordinatorlayout-1.1.0-api.jar with ClasspathEntrySnapshotTransform
Transforming viewpager-1.0.0-api.jar with ClasspathEntrySnapshotTransform
Transforming slidingpanelayout-1.2.0-api.jar with ClasspathEntrySnapshotTransform
Transforming customview-1.1.0-api.jar with ClasspathEntrySnapshotTransform
Transforming dynamicanimation-1.0.0-api.jar with ClasspathEntrySnapshotTransform
Transforming transition-1.5.0-api.jar with ClasspathEntrySnapshotTransform
Transforming vectordrawable-animated-1.1.0-api.jar with ClasspathEntrySnapshotTransform
Transforming vectordrawable-1.1.0-api.jar with ClasspathEntrySnapshotTransform
Transforming insetter-0.3.1-api.jar with ClasspathEntrySnapshotTransform
Transforming exoplayer-2.18.7-api.jar with ClasspathEntrySnapshotTransform
Transforming exoplayer-ui-2.18.7-api.jar with ClasspathEntrySnapshotTransform
Transforming media-1.6.0-api.jar with ClasspathEntrySnapshotTransform
Transforming legacy-support-core-utils-1.0.0-api.jar with ClasspathEntrySnapshotTransform
Transforming loader-1.0.0-api.jar with ClasspathEntrySnapshotTransform
Transforming play-services-base-18.5.0-api.jar with ClasspathEntrySnapshotTransform
Transforming core-1.15.0-api.jar with ClasspathEntrySnapshotTransform
Transforming coil-2.7.0-api.jar with ClasspathEntrySnapshotTransform
Transforming coil-gif-2.7.0-api.jar with ClasspathEntrySnapshotTransform
Transforming coil-svg-2.7.0-api.jar with ClasspathEntrySnapshotTransform
Transforming coil-video-2.7.0-api.jar with ClasspathEntrySnapshotTransform
Transforming coil-base-2.7.0-api.jar with ClasspathEntrySnapshotTransform
Transforming lifecycle-viewmodel-2.8.7-api.jar with ClasspathEntrySnapshotTransform
Transforming lifecycle-viewmodel-release-api.jar with ClasspathEntrySnapshotTransform
Transforming lifecycle-runtime-release-api.jar with ClasspathEntrySnapshotTransform
Transforming lifecycle-common-jvm-2.8.7.jar with ClasspathEntrySnapshotTransform
Transforming lifecycle-livedata-core-2.8.7-api.jar with ClasspathEntrySnapshotTransform
Transforming lifecycle-viewmodel-savedstate-2.8.7-api.jar with ClasspathEntrySnapshotTransform
Transforming lifecycle-runtime-ktx-release-api.jar with ClasspathEntrySnapshotTransform
Transforming lifecycle-livedata-2.8.7-api.jar with ClasspathEntrySnapshotTransform
Transforming lifecycle-livedata-core-ktx-2.8.7-api.jar with ClasspathEntrySnapshotTransform
Transforming lifecycle-process-2.8.7-api.jar with ClasspathEntrySnapshotTransform
Transforming lifecycle-common-java8-2.8.7.jar with ClasspathEntrySnapshotTransform
Transforming lifecycle-livedata-ktx-2.8.7-api.jar with ClasspathEntrySnapshotTransform
Transforming ads-adservices-java-1.0.0-beta05-api.jar with ClasspathEntrySnapshotTransform
Transforming ads-adservices-1.0.0-beta05-api.jar with ClasspathEntrySnapshotTransform
Transforming kotlinx-coroutines-core-jvm-1.9.0.jar with ClasspathEntrySnapshotTransform
Transforming kotlinx-coroutines-play-services-1.9.0.jar with ClasspathEntrySnapshotTransform
Transforming play-services-tasks-18.2.0-api.jar with ClasspathEntrySnapshotTransform
Transforming firebase-measurement-connector-20.0.1-api.jar with ClasspathEntrySnapshotTransform
Transforming play-services-basement-18.4.0-api.jar with ClasspathEntrySnapshotTransform
Transforming fragment-1.8.5-api.jar with ClasspathEntrySnapshotTransform
Transforming fragment-ktx-1.8.5-api.jar with ClasspathEntrySnapshotTransform
Transforming activity-ktx-1.9.3-api.jar with ClasspathEntrySnapshotTransform
Transforming lifecycle-viewmodel-ktx-2.8.7-api.jar with ClasspathEntrySnapshotTransform
Transforming room-common-2.6.1.jar with ClasspathEntrySnapshotTransform
Transforming room-runtime-2.6.1-api.jar with ClasspathEntrySnapshotTransform
Transforming room-ktx-2.6.1-api.jar with ClasspathEntrySnapshotTransform
Transforming kotlinx-coroutines-android-1.9.0.jar with ClasspathEntrySnapshotTransform
Transforming kotlin-android-extensions-runtime-1.9.24.jar with ClasspathEntrySnapshotTransform
Transforming kotlin-stdlib-jdk7-1.9.24.jar with ClasspathEntrySnapshotTransform
Transforming kotlinx-serialization-core-jvm-1.6.3.jar with ClasspathEntrySnapshotTransform
Transforming kotlinx-serialization-json-jvm-1.6.3.jar with ClasspathEntrySnapshotTransform
Transforming savedstate-1.2.1-api.jar with ClasspathEntrySnapshotTransform
Transforming savedstate-ktx-1.2.1-api.jar with ClasspathEntrySnapshotTransform
Transforming annotation-experimental-1.4.1-api.jar with ClasspathEntrySnapshotTransform
Transforming cursoradapter-1.0.0-api.jar with ClasspathEntrySnapshotTransform
Transforming interpolator-1.0.0-api.jar with ClasspathEntrySnapshotTransform
Transforming cardview-1.0.0-api.jar with ClasspathEntrySnapshotTransform
Transforming sqlite-framework-2.4.0-api.jar with ClasspathEntrySnapshotTransform
Transforming sqlite-2.4.0-api.jar with ClasspathEntrySnapshotTransform
Transforming versionedparcelable-1.1.1-api.jar with ClasspathEntrySnapshotTransform
Transforming core-runtime-2.2.0-api.jar with ClasspathEntrySnapshotTransform
Transforming firebase-config-interop-16.0.1-api.jar with ClasspathEntrySnapshotTransform
Transforming firebase-encoders-json-18.0.1-api.jar with ClasspathEntrySnapshotTransform
Transforming firebase-encoders-17.0.0.jar with ClasspathEntrySnapshotTransform
Transforming collection-ktx-1.4.2.jar with ClasspathEntrySnapshotTransform
Transforming collection-jvm-1.4.2.jar with ClasspathEntrySnapshotTransform
Transforming core-common-2.2.0.jar with ClasspathEntrySnapshotTransform
Transforming documentfile-1.0.0-api.jar with ClasspathEntrySnapshotTransform
Transforming localbroadcastmanager-1.0.0-api.jar with ClasspathEntrySnapshotTransform
Transforming print-1.0.0-api.jar with ClasspathEntrySnapshotTransform
Transforming annotation-jvm-1.9.0.jar with ClasspathEntrySnapshotTransform
Transforming okhttp-4.12.0.jar with ClasspathEntrySnapshotTransform
Transforming okio-jvm-3.9.0.jar with ClasspathEntrySnapshotTransform
Transforming kotlin-stdlib-2.0.0.jar with ClasspathEntrySnapshotTransform
Transforming kotlin-stdlib-jdk8-1.9.24.jar with ClasspathEntrySnapshotTransform
Transforming exifinterface-1.3.7-api.jar with ClasspathEntrySnapshotTransform
Transforming androidsvg-aar-1.4-api.jar with ClasspathEntrySnapshotTransform
Transforming drawer-1.0.3-api.jar with ClasspathEntrySnapshotTransform
Transforming dcerpc-0.12.1.jar with ClasspathEntrySnapshotTransform
Transforming smbj-0.11.5.jar with ClasspathEntrySnapshotTransform
Transforming bcpkix-jdk15to18-1.78.1.jar with ClasspathEntrySnapshotTransform
Transforming bcutil-jdk15to18-1.78.1.jar with ClasspathEntrySnapshotTransform
Transforming bcprov-jdk15to18-1.78.1.jar with ClasspathEntrySnapshotTransform
Transforming sshj-0.39.0.jar with ClasspathEntrySnapshotTransform
Transforming exoplayer-core-2.18.7-api.jar with ClasspathEntrySnapshotTransform
Transforming exoplayer-common-2.18.7-api.jar with ClasspathEntrySnapshotTransform
Transforming guava-33.3.1-android.jar with ClasspathEntrySnapshotTransform
Transforming listenablefuture-9999.0-empty-to-avoid-conflict-with-guava.jar with ClasspathEntrySnapshotTransform
Transforming commons-net-3.11.1.jar with ClasspathEntrySnapshotTransform
Transforming simplemenu-preference-1.0.3-api.jar with ClasspathEntrySnapshotTransform
Transforming api-13.1.5-api.jar with ClasspathEntrySnapshotTransform
Transforming jcifs-ng-2.1.10.jar with ClasspathEntrySnapshotTransform
Transforming appiconloader-1.5.0-api.jar with ClasspathEntrySnapshotTransform
Transforming library-1.3.0-api.jar with ClasspathEntrySnapshotTransform
Transforming library-1.0.2-api.jar with ClasspathEntrySnapshotTransform
Transforming library-1.1.4-api.jar with ClasspathEntrySnapshotTransform
Transforming library-2.1.0-api.jar with ClasspathEntrySnapshotTransform
Transforming library-1.2.0-api.jar with ClasspathEntrySnapshotTransform
Transforming library-1.0.0-api.jar with ClasspathEntrySnapshotTransform
Transforming ftpserver-core-1.2.0.jar with ClasspathEntrySnapshotTransform
Transforming mina-core-2.1.3.jar with ClasspathEntrySnapshotTransform
Transforming slf4j-android-1.7.36.jar with ClasspathEntrySnapshotTransform
Transforming gson-2.10.1.jar with ClasspathEntrySnapshotTransform
Transforming HoloColorPicker-1.5-api.jar with ClasspathEntrySnapshotTransform
Transforming annotations-23.0.0.jar with ClasspathEntrySnapshotTransform
Transforming startup-runtime-1.1.1-api.jar with ClasspathEntrySnapshotTransform
Transforming resourceinspection-annotation-1.0.1.jar with ClasspathEntrySnapshotTransform
Transforming core-5.2.2-api.jar with ClasspathEntrySnapshotTransform
Transforming error_prone_annotations-2.28.0.jar with ClasspathEntrySnapshotTransform
Transforming constraintlayout-solver-2.0.1.jar with ClasspathEntrySnapshotTransform
Transforming slf4j-api-2.0.13.jar with ClasspathEntrySnapshotTransform
Transforming commons-io-2.7.jar with ClasspathEntrySnapshotTransform
Transforming commons-lang3-3.4.jar with ClasspathEntrySnapshotTransform
Transforming failureaccess-1.0.2.jar with ClasspathEntrySnapshotTransform
Transforming jsr305-3.0.2.jar with ClasspathEntrySnapshotTransform
Transforming checker-qual-3.43.0.jar with ClasspathEntrySnapshotTransform
Transforming j2objc-annotations-3.0.0.jar with ClasspathEntrySnapshotTransform
Transforming aidl-13.1.5-api.jar with ClasspathEntrySnapshotTransform
Transforming shared-13.1.5-api.jar with ClasspathEntrySnapshotTransform
Transforming ftplet-api-1.2.0.jar with ClasspathEntrySnapshotTransform
Transforming firebase-components-18.0.0-api.jar with ClasspathEntrySnapshotTransform
Transforming firebase-annotations-16.2.0.jar with ClasspathEntrySnapshotTransform
Transforming javax.inject-1.jar with ClasspathEntrySnapshotTransform
Transforming exoplayer-datasource-2.18.7-api.jar with ClasspathEntrySnapshotTransform
Transforming exoplayer-database-2.18.7-api.jar with ClasspathEntrySnapshotTransform
Transforming exoplayer-decoder-2.18.7-api.jar with ClasspathEntrySnapshotTransform
Transforming exoplayer-extractor-2.18.7-api.jar with ClasspathEntrySnapshotTransform
Transforming exoplayer-dash-2.18.7-api.jar with ClasspathEntrySnapshotTransform
Transforming exoplayer-hls-2.18.7-api.jar with ClasspathEntrySnapshotTransform
Transforming exoplayer-rtsp-2.18.7-api.jar with ClasspathEntrySnapshotTransform
Transforming exoplayer-smoothstreaming-2.18.7-api.jar with ClasspathEntrySnapshotTransform
Transforming android.jar with ClasspathEntrySnapshotTransform
Transforming core-lambda-stubs.jar with ClasspathEntrySnapshotTransform
Registered task dependencies: app:kotlinCompilerClasspath
Starting dependency analysis
file or directory 'E:\For Safe Keeping\WEB REF\MaterialFiles\app\src\debug\kotlin', not found
file or directory 'E:\For Safe Keeping\WEB REF\MaterialFiles\app\src\debug\java', not found
file or directory 'E:\For Safe Keeping\WEB REF\MaterialFiles\app\src\main\kotlin', not found
file or directory 'E:\For Safe Keeping\WEB REF\MaterialFiles\app\src\debug\java', not found
Caching disabled for task ':app:kspDebugKotlin' because:
  Build cache is disabled
Skipping task ':app:kspDebugKotlin' as it is up-to-date.
Resolve mutations for :app:compileDebugKotlin (Thread[Execution worker Thread 6,5,main]) started.
:app:compileDebugKotlin (Thread[Execution worker Thread 6,5,main]) started.
Resolve mutations for :app:javaPreCompileDebug (Thread[Execution worker Thread 3,5,main]) started.
:app:javaPreCompileDebug (Thread[Execution worker Thread 3,5,main]) started.

> Task :app:javaPreCompileDebug UP-TO-DATE
Registered task dependencies: app:_agp_internal_javaPreCompileDebug_kspClasspath
Starting dependency analysis
Caching disabled for task ':app:javaPreCompileDebug' because:
  Build cache is disabled
Skipping task ':app:javaPreCompileDebug' as it is up-to-date.
Resolve mutations for :app:mergeDebugShaders (Thread[Execution worker Thread 3,5,main]) started.
:app:mergeDebugShaders (Thread[Execution worker Thread 3,5,main]) started.

> Task :app:mergeDebugShaders UP-TO-DATE
Caching disabled for task ':app:mergeDebugShaders' because:
  Build cache is disabled
  Simple merging task
Skipping task ':app:mergeDebugShaders' as it is up-to-date.
Resolve mutations for :app:compileDebugShaders (Thread[Execution worker Thread 3,5,main]) started.
:app:compileDebugShaders (Thread[Execution worker Thread 3,5,main]) started.

> Task :app:compileDebugShaders NO-SOURCE
Skipping task ':app:compileDebugShaders' as it has no source files and no previous output files.
Resolve mutations for :app:generateDebugAssets (Thread[Execution worker Thread 3,5,main]) started.
:app:generateDebugAssets (Thread[Execution worker Thread 3,5,main]) started.

> Task :app:generateDebugAssets UP-TO-DATE
Skipping task ':app:generateDebugAssets' as it has no actions.
Resolve mutations for :app:mergeDebugAssets (Thread[Execution worker Thread 3,5,main]) started.
:app:mergeDebugAssets (Thread[Execution worker Thread 3,5,main]) started.

> Task :app:mergeDebugAssets UP-TO-DATE
file or directory 'E:\For Safe Keeping\WEB REF\MaterialFiles\app\libs', not found
Transforming viewbinding-8.5.0.aar (androidx.databinding:viewbinding:8.5.0) with ExtractAarTransform
Transforming viewbinding-8.5.0.aar (androidx.databinding:viewbinding:8.5.0) with AarTransform
Transforming PhotoView-2.3.0.aar (com.github.chrisbanes:PhotoView:2.3.0) with ExtractAarTransform
Transforming PhotoView-2.3.0.aar (com.github.chrisbanes:PhotoView:2.3.0) with AarTransform
Transforming service-5.2.2.aar (com.github.topjohnwu.libsu:service:5.2.2) with ExtractAarTransform
Transforming service-5.2.2.aar (com.github.topjohnwu.libsu:service:5.2.2) with AarTransform
Transforming preference-ktx-1.2.1.aar (androidx.preference:preference-ktx:1.2.1) with ExtractAarTransform
Transforming preference-ktx-1.2.1.aar (androidx.preference:preference-ktx:1.2.1) with AarTransform
Transforming speed-dial-3.3.0.aar (com.leinardi.android:speed-dial:3.3.0) with ExtractAarTransform
Transforming speed-dial-3.3.0.aar (com.leinardi.android:speed-dial:3.3.0) with AarTransform
Transforming material-1.12.0.aar (com.google.android.material:material:1.12.0) with ExtractAarTransform
Transforming material-1.12.0.aar (com.google.android.material:material:1.12.0) with AarTransform
Transforming subsampling-scale-image-view-androidx-3.10.0.aar (com.davemorrissey.labs:subsampling-scale-image-view-androidx:3.10.0) with ExtractAarTransform
Transforming subsampling-scale-image-view-androidx-3.10.0.aar (com.davemorrissey.labs:subsampling-scale-image-view-androidx:3.10.0) with AarTransform
Transforming licensesdialog-2.1.0.aar (de.psdev.licensesdialog:licensesdialog:2.1.0) with ExtractAarTransform
Transforming licensesdialog-2.1.0.aar (de.psdev.licensesdialog:licensesdialog:2.1.0) with AarTransform
Transforming library-1.3.0.aar (me.zhanghai.android.fastscroll:library:1.3.0) with ExtractAarTransform
Transforming library-1.3.0.aar (me.zhanghai.android.fastscroll:library:1.3.0) with AarTransform
Transforming library-1.0.2.aar (me.zhanghai.android.foregroundcompat:library:1.0.2) with ExtractAarTransform
Transforming library-1.0.2.aar (me.zhanghai.android.foregroundcompat:library:1.0.2) with AarTransform
Transforming coil-gif-2.7.0.aar (io.coil-kt:coil-gif:2.7.0) with ExtractAarTransform
Transforming coil-gif-2.7.0.aar (io.coil-kt:coil-gif:2.7.0) with AarTransform
Transforming coil-2.7.0.aar (io.coil-kt:coil:2.7.0) with ExtractAarTransform
Transforming coil-2.7.0.aar (io.coil-kt:coil:2.7.0) with AarTransform
Transforming coil-svg-2.7.0.aar (io.coil-kt:coil-svg:2.7.0) with ExtractAarTransform
Transforming coil-svg-2.7.0.aar (io.coil-kt:coil-svg:2.7.0) with AarTransform
Transforming coil-video-2.7.0.aar (io.coil-kt:coil-video:2.7.0) with ExtractAarTransform
Transforming coil-video-2.7.0.aar (io.coil-kt:coil-video:2.7.0) with AarTransform
Transforming coil-base-2.7.0.aar (io.coil-kt:coil-base:2.7.0) with ExtractAarTransform
Transforming coil-base-2.7.0.aar (io.coil-kt:coil-base:2.7.0) with AarTransform
Transforming appcompat-resources-1.7.0.aar (androidx.appcompat:appcompat-resources:1.7.0) with ExtractAarTransform
Transforming appcompat-resources-1.7.0.aar (androidx.appcompat:appcompat-resources:1.7.0) with AarTransform
Transforming preferencex-1.1.0.aar (com.takisoft.preferencex:preferencex:1.1.0) with ExtractAarTransform
Transforming preferencex-1.1.0.aar (com.takisoft.preferencex:preferencex:1.1.0) with AarTransform
Transforming simplemenu-preference-1.0.3.aar (dev.rikka.rikkax.preference:simplemenu-preference:1.0.3) with ExtractAarTransform
Transforming simplemenu-preference-1.0.3.aar (dev.rikka.rikkax.preference:simplemenu-preference:1.0.3) with AarTransform
Transforming preference-1.2.1.aar (androidx.preference:preference:1.2.1) with ExtractAarTransform
Transforming preference-1.2.1.aar (androidx.preference:preference:1.2.1) with AarTransform
Transforming constraintlayout-2.0.1.aar (androidx.constraintlayout:constraintlayout:2.0.1) with ExtractAarTransform
Transforming constraintlayout-2.0.1.aar (androidx.constraintlayout:constraintlayout:2.0.1) with AarTransform
Transforming appcompat-1.7.0.aar (androidx.appcompat:appcompat:1.7.0) with ExtractAarTransform
Transforming appcompat-1.7.0.aar (androidx.appcompat:appcompat:1.7.0) with AarTransform
Transforming appcompat-1.7.0.aar (androidx.appcompat:appcompat:1.7.0) with ExtractAarTransform
Transforming appcompat-1.7.0.aar (androidx.appcompat:appcompat:1.7.0) with AarTransform
Transforming advrecyclerview-1.0.0.aar (com.h6ah4i.android.widget.advrecyclerview:advrecyclerview:1.0.0) with ExtractAarTransform
Transforming advrecyclerview-1.0.0.aar (com.h6ah4i.android.widget.advrecyclerview:advrecyclerview:1.0.0) with AarTransform
Transforming exoplayer-2.18.7.aar (com.google.android.exoplayer:exoplayer:2.18.7) with ExtractAarTransform
Transforming exoplayer-2.18.7.aar (com.google.android.exoplayer:exoplayer:2.18.7) with AarTransform
Transforming exoplayer-ui-2.18.7.aar (com.google.android.exoplayer:exoplayer-ui:2.18.7) with ExtractAarTransform
Transforming exoplayer-ui-2.18.7.aar (com.google.android.exoplayer:exoplayer-ui:2.18.7) with AarTransform
Transforming recyclerview-1.3.2.aar (androidx.recyclerview:recyclerview:1.3.2) with ExtractAarTransform
Transforming recyclerview-1.3.2.aar (androidx.recyclerview:recyclerview:1.3.2) with AarTransform
Transforming viewpager2-1.1.0-beta02.aar (androidx.viewpager2:viewpager2:1.1.0-beta02) with ExtractAarTransform
Transforming viewpager2-1.1.0-beta02.aar (androidx.viewpager2:viewpager2:1.1.0-beta02) with AarTransform
Transforming firebase-crashlytics-ndk-19.2.1.aar (com.google.firebase:firebase-crashlytics-ndk:19.2.1) with ExtractAarTransform
Transforming firebase-crashlytics-ndk-19.2.1.aar (com.google.firebase:firebase-crashlytics-ndk:19.2.1) with AarTransform
Transforming firebase-crashlytics-19.2.1.aar (com.google.firebase:firebase-crashlytics:19.2.1) with ExtractAarTransform
Transforming firebase-crashlytics-19.2.1.aar (com.google.firebase:firebase-crashlytics:19.2.1) with AarTransform
Transforming firebase-analytics-22.1.2.aar (com.google.firebase:firebase-analytics:22.1.2) with ExtractAarTransform
Transforming firebase-analytics-22.1.2.aar (com.google.firebase:firebase-analytics:22.1.2) with AarTransform
Transforming play-services-measurement-api-22.1.2.aar (com.google.android.gms:play-services-measurement-api:22.1.2) with ExtractAarTransform
Transforming play-services-measurement-api-22.1.2.aar (com.google.android.gms:play-services-measurement-api:22.1.2) with AarTransform
Transforming firebase-sessions-2.0.6.aar (com.google.firebase:firebase-sessions:2.0.6) with ExtractAarTransform
Transforming firebase-sessions-2.0.6.aar (com.google.firebase:firebase-sessions:2.0.6) with AarTransform
Transforming firebase-installations-18.0.0.aar (com.google.firebase:firebase-installations:18.0.0) with ExtractAarTransform
Transforming firebase-installations-18.0.0.aar (com.google.firebase:firebase-installations:18.0.0) with AarTransform
Transforming firebase-common-ktx-21.0.0.aar (com.google.firebase:firebase-common-ktx:21.0.0) with ExtractAarTransform
Transforming firebase-common-ktx-21.0.0.aar (com.google.firebase:firebase-common-ktx:21.0.0) with AarTransform
Transforming firebase-common-21.0.0.aar (com.google.firebase:firebase-common:21.0.0) with ExtractAarTransform
Transforming firebase-common-21.0.0.aar (com.google.firebase:firebase-common:21.0.0) with AarTransform
Transforming play-services-measurement-22.1.2.aar (com.google.android.gms:play-services-measurement:22.1.2) with ExtractAarTransform
Transforming play-services-measurement-22.1.2.aar (com.google.android.gms:play-services-measurement:22.1.2) with AarTransform
Transforming play-services-measurement-sdk-22.1.2.aar (com.google.android.gms:play-services-measurement-sdk:22.1.2) with ExtractAarTransform
Transforming play-services-measurement-sdk-22.1.2.aar (com.google.android.gms:play-services-measurement-sdk:22.1.2) with AarTransform
Transforming firebase-measurement-connector-20.0.1.aar (com.google.firebase:firebase-measurement-connector:20.0.1) with ExtractAarTransform
Transforming firebase-measurement-connector-20.0.1.aar (com.google.firebase:firebase-measurement-connector:20.0.1) with AarTransform
Transforming play-services-measurement-impl-22.1.2.aar (com.google.android.gms:play-services-measurement-impl:22.1.2) with ExtractAarTransform
Transforming play-services-measurement-impl-22.1.2.aar (com.google.android.gms:play-services-measurement-impl:22.1.2) with AarTransform
Transforming play-services-ads-identifier-18.0.0.aar (com.google.android.gms:play-services-ads-identifier:18.0.0) with ExtractAarTransform
Transforming play-services-ads-identifier-18.0.0.aar (com.google.android.gms:play-services-ads-identifier:18.0.0) with AarTransform
Transforming play-services-measurement-sdk-api-22.1.2.aar (com.google.android.gms:play-services-measurement-sdk-api:22.1.2) with ExtractAarTransform
Transforming play-services-measurement-sdk-api-22.1.2.aar (com.google.android.gms:play-services-measurement-sdk-api:22.1.2) with AarTransform
Transforming play-services-measurement-base-22.1.2.aar (com.google.android.gms:play-services-measurement-base:22.1.2) with ExtractAarTransform
Transforming play-services-measurement-base-22.1.2.aar (com.google.android.gms:play-services-measurement-base:22.1.2) with AarTransform
Transforming play-services-stats-17.0.2.aar (com.google.android.gms:play-services-stats:17.0.2) with ExtractAarTransform
Transforming play-services-stats-17.0.2.aar (com.google.android.gms:play-services-stats:17.0.2) with AarTransform
Transforming firebase-installations-interop-17.2.0.aar (com.google.firebase:firebase-installations-interop:17.2.0) with ExtractAarTransform
Transforming firebase-installations-interop-17.2.0.aar (com.google.firebase:firebase-installations-interop:17.2.0) with AarTransform
Transforming emoji2-views-helper-1.3.0.aar (androidx.emoji2:emoji2-views-helper:1.3.0) with ExtractAarTransform
Transforming emoji2-views-helper-1.3.0.aar (androidx.emoji2:emoji2-views-helper:1.3.0) with AarTransform
Transforming emoji2-1.3.0.aar (androidx.emoji2:emoji2:1.3.0) with ExtractAarTransform
Transforming emoji2-1.3.0.aar (androidx.emoji2:emoji2:1.3.0) with AarTransform
Transforming activity-1.9.3.aar (androidx.activity:activity:1.9.3) with ExtractAarTransform
Transforming activity-1.9.3.aar (androidx.activity:activity:1.9.3) with AarTransform
Transforming customview-poolingcontainer-1.0.0.aar (androidx.customview:customview-poolingcontainer:1.0.0) with ExtractAarTransform
Transforming customview-poolingcontainer-1.0.0.aar (androidx.customview:customview-poolingcontainer:1.0.0) with AarTransform
Transforming ads-adservices-java-1.0.0-beta05.aar (androidx.privacysandbox.ads:ads-adservices-java:1.0.0-beta05) with ExtractAarTransform
Transforming ads-adservices-java-1.0.0-beta05.aar (androidx.privacysandbox.ads:ads-adservices-java:1.0.0-beta05) with AarTransform
Transforming ads-adservices-1.0.0-beta05.aar (androidx.privacysandbox.ads:ads-adservices:1.0.0-beta05) with ExtractAarTransform
Transforming ads-adservices-1.0.0-beta05.aar (androidx.privacysandbox.ads:ads-adservices:1.0.0-beta05) with AarTransform
Transforming ads-adservices-1.0.0-beta05.aar (androidx.privacysandbox.ads:ads-adservices:1.0.0-beta05) with ExtractAarTransform
Transforming ads-adservices-1.0.0-beta05.aar (androidx.privacysandbox.ads:ads-adservices:1.0.0-beta05) with AarTransform
Transforming core-ktx-1.15.0.aar (androidx.core:core-ktx:1.15.0) with ExtractAarTransform
Transforming core-ktx-1.15.0.aar (androidx.core:core-ktx:1.15.0) with AarTransform
Transforming drawerlayout-1.2.0.aar (androidx.drawerlayout:drawerlayout:1.2.0) with ExtractAarTransform
Transforming drawerlayout-1.2.0.aar (androidx.drawerlayout:drawerlayout:1.2.0) with AarTransform
Transforming swiperefreshlayout-1.1.0.aar (androidx.swiperefreshlayout:swiperefreshlayout:1.1.0) with ExtractAarTransform
Transforming swiperefreshlayout-1.1.0.aar (androidx.swiperefreshlayout:swiperefreshlayout:1.1.0) with AarTransform
Transforming materialshadowninepatch-1.0.0.aar (com.h6ah4i.android.materialshadowninepatch:materialshadowninepatch:1.0.0) with ExtractAarTransform
Transforming materialshadowninepatch-1.0.0.aar (com.h6ah4i.android.materialshadowninepatch:materialshadowninepatch:1.0.0) with AarTransform
Transforming insetter-ktx-0.3.1.aar (dev.chrisbanes:insetter-ktx:0.3.1) with ExtractAarTransform
Transforming insetter-ktx-0.3.1.aar (dev.chrisbanes:insetter-ktx:0.3.1) with AarTransform
Transforming exoplayer-dash-2.18.7.aar (com.google.android.exoplayer:exoplayer-dash:2.18.7) with ExtractAarTransform
Transforming exoplayer-dash-2.18.7.aar (com.google.android.exoplayer:exoplayer-dash:2.18.7) with AarTransform
Transforming exoplayer-hls-2.18.7.aar (com.google.android.exoplayer:exoplayer-hls:2.18.7) with ExtractAarTransform
Transforming exoplayer-hls-2.18.7.aar (com.google.android.exoplayer:exoplayer-hls:2.18.7) with AarTransform
Transforming exoplayer-rtsp-2.18.7.aar (com.google.android.exoplayer:exoplayer-rtsp:2.18.7) with ExtractAarTransform
Transforming exoplayer-rtsp-2.18.7.aar (com.google.android.exoplayer:exoplayer-rtsp:2.18.7) with AarTransform
Transforming exoplayer-smoothstreaming-2.18.7.aar (com.google.android.exoplayer:exoplayer-smoothstreaming:2.18.7) with ExtractAarTransform
Transforming exoplayer-smoothstreaming-2.18.7.aar (com.google.android.exoplayer:exoplayer-smoothstreaming:2.18.7) with AarTransform
Transforming exoplayer-core-2.18.7.aar (com.google.android.exoplayer:exoplayer-core:2.18.7) with ExtractAarTransform
Transforming exoplayer-core-2.18.7.aar (com.google.android.exoplayer:exoplayer-core:2.18.7) with AarTransform
Transforming coordinatorlayout-1.1.0.aar (androidx.coordinatorlayout:coordinatorlayout:1.1.0) with ExtractAarTransform
Transforming coordinatorlayout-1.1.0.aar (androidx.coordinatorlayout:coordinatorlayout:1.1.0) with AarTransform
Transforming viewpager-1.0.0.aar (androidx.viewpager:viewpager:1.0.0) with ExtractAarTransform
Transforming viewpager-1.0.0.aar (androidx.viewpager:viewpager:1.0.0) with AarTransform
Transforming slidingpanelayout-1.2.0.aar (androidx.slidingpanelayout:slidingpanelayout:1.2.0) with ExtractAarTransform
Transforming slidingpanelayout-1.2.0.aar (androidx.slidingpanelayout:slidingpanelayout:1.2.0) with AarTransform
Transforming customview-1.1.0.aar (androidx.customview:customview:1.1.0) with ExtractAarTransform
Transforming customview-1.1.0.aar (androidx.customview:customview:1.1.0) with AarTransform
Transforming customview-1.1.0.aar (androidx.customview:customview:1.1.0) with ExtractAarTransform
Transforming customview-1.1.0.aar (androidx.customview:customview:1.1.0) with AarTransform
Transforming transition-1.5.0.aar (androidx.transition:transition:1.5.0) with ExtractAarTransform
Transforming transition-1.5.0.aar (androidx.transition:transition:1.5.0) with AarTransform
Transforming dynamicanimation-1.0.0.aar (androidx.dynamicanimation:dynamicanimation:1.0.0) with ExtractAarTransform
Transforming dynamicanimation-1.0.0.aar (androidx.dynamicanimation:dynamicanimation:1.0.0) with AarTransform
Transforming vectordrawable-animated-1.1.0.aar (androidx.vectordrawable:vectordrawable-animated:1.1.0) with ExtractAarTransform
Transforming vectordrawable-animated-1.1.0.aar (androidx.vectordrawable:vectordrawable-animated:1.1.0) with AarTransform
Transforming vectordrawable-1.1.0.aar (androidx.vectordrawable:vectordrawable:1.1.0) with ExtractAarTransform
Transforming vectordrawable-1.1.0.aar (androidx.vectordrawable:vectordrawable:1.1.0) with AarTransform
Transforming vectordrawable-1.1.0.aar (androidx.vectordrawable:vectordrawable:1.1.0) with ExtractAarTransform
Transforming vectordrawable-1.1.0.aar (androidx.vectordrawable:vectordrawable:1.1.0) with AarTransform
Transforming insetter-0.3.1.aar (dev.chrisbanes:insetter:0.3.1) with ExtractAarTransform
Transforming insetter-0.3.1.aar (dev.chrisbanes:insetter:0.3.1) with AarTransform
Transforming media-1.6.0.aar (androidx.media:media:1.6.0) with ExtractAarTransform
Transforming media-1.6.0.aar (androidx.media:media:1.6.0) with AarTransform
Transforming legacy-support-core-utils-1.0.0.aar (androidx.legacy:legacy-support-core-utils:1.0.0) with ExtractAarTransform
Transforming legacy-support-core-utils-1.0.0.aar (androidx.legacy:legacy-support-core-utils:1.0.0) with AarTransform
Transforming loader-1.0.0.aar (androidx.loader:loader:1.0.0) with ExtractAarTransform
Transforming loader-1.0.0.aar (androidx.loader:loader:1.0.0) with AarTransform
Transforming loader-1.0.0.aar (androidx.loader:loader:1.0.0) with ExtractAarTransform
Transforming loader-1.0.0.aar (androidx.loader:loader:1.0.0) with AarTransform
Transforming window-1.0.0.aar (androidx.window:window:1.0.0) with ExtractAarTransform
Transforming window-1.0.0.aar (androidx.window:window:1.0.0) with AarTransform
Transforming play-services-base-18.5.0.aar (com.google.android.gms:play-services-base:18.5.0) with ExtractAarTransform
Transforming play-services-base-18.5.0.aar (com.google.android.gms:play-services-base:18.5.0) with AarTransform
Transforming core-1.15.0.aar (androidx.core:core:1.15.0) with ExtractAarTransform
Transforming core-1.15.0.aar (androidx.core:core:1.15.0) with AarTransform
Transforming core-1.15.0.aar (androidx.core:core:1.15.0) with ExtractAarTransform
Transforming core-1.15.0.aar (androidx.core:core:1.15.0) with AarTransform
Transforming savedstate-ktx-1.2.1.aar (androidx.savedstate:savedstate-ktx:1.2.1) with ExtractAarTransform
Transforming savedstate-ktx-1.2.1.aar (androidx.savedstate:savedstate-ktx:1.2.1) with AarTransform
Transforming savedstate-1.2.1.aar (androidx.savedstate:savedstate:1.2.1) with ExtractAarTransform
Transforming savedstate-1.2.1.aar (androidx.savedstate:savedstate:1.2.1) with AarTransform
Transforming lifecycle-viewmodel-2.8.7.aar (androidx.lifecycle:lifecycle-viewmodel:2.8.7) with ExtractAarTransform
Transforming lifecycle-viewmodel-2.8.7.aar (androidx.lifecycle:lifecycle-viewmodel:2.8.7) with AarTransform
Transforming lifecycle-viewmodel-release.aar (androidx.lifecycle:lifecycle-viewmodel-android:2.8.7) with ExtractAarTransform
Transforming lifecycle-viewmodel-release.aar (androidx.lifecycle:lifecycle-viewmodel-android:2.8.7) with AarTransform
Transforming lifecycle-runtime-release.aar (androidx.lifecycle:lifecycle-runtime-android:2.8.7) with ExtractAarTransform
Transforming lifecycle-runtime-release.aar (androidx.lifecycle:lifecycle-runtime-android:2.8.7) with AarTransform
Transforming lifecycle-livedata-core-2.8.7.aar (androidx.lifecycle:lifecycle-livedata-core:2.8.7) with ExtractAarTransform
Transforming lifecycle-livedata-core-2.8.7.aar (androidx.lifecycle:lifecycle-livedata-core:2.8.7) with AarTransform
Transforming lifecycle-viewmodel-savedstate-2.8.7.aar (androidx.lifecycle:lifecycle-viewmodel-savedstate:2.8.7) with ExtractAarTransform
Transforming lifecycle-viewmodel-savedstate-2.8.7.aar (androidx.lifecycle:lifecycle-viewmodel-savedstate:2.8.7) with AarTransform
Transforming lifecycle-runtime-ktx-release.aar (androidx.lifecycle:lifecycle-runtime-ktx-android:2.8.7) with ExtractAarTransform
Transforming lifecycle-runtime-ktx-release.aar (androidx.lifecycle:lifecycle-runtime-ktx-android:2.8.7) with AarTransform
Transforming lifecycle-livedata-2.8.7.aar (androidx.lifecycle:lifecycle-livedata:2.8.7) with ExtractAarTransform
Transforming lifecycle-livedata-2.8.7.aar (androidx.lifecycle:lifecycle-livedata:2.8.7) with AarTransform
Transforming lifecycle-livedata-2.8.7.aar (androidx.lifecycle:lifecycle-livedata:2.8.7) with ExtractAarTransform
Transforming lifecycle-livedata-2.8.7.aar (androidx.lifecycle:lifecycle-livedata:2.8.7) with AarTransform
Transforming lifecycle-livedata-core-ktx-2.8.7.aar (androidx.lifecycle:lifecycle-livedata-core-ktx:2.8.7) with ExtractAarTransform
Transforming lifecycle-livedata-core-ktx-2.8.7.aar (androidx.lifecycle:lifecycle-livedata-core-ktx:2.8.7) with AarTransform
Transforming lifecycle-process-2.8.7.aar (androidx.lifecycle:lifecycle-process:2.8.7) with ExtractAarTransform
Transforming lifecycle-process-2.8.7.aar (androidx.lifecycle:lifecycle-process:2.8.7) with AarTransform
Transforming lifecycle-livedata-ktx-2.8.7.aar (androidx.lifecycle:lifecycle-livedata-ktx:2.8.7) with ExtractAarTransform
Transforming lifecycle-livedata-ktx-2.8.7.aar (androidx.lifecycle:lifecycle-livedata-ktx:2.8.7) with AarTransform
Transforming datastore-preferences-1.0.0.aar (androidx.datastore:datastore-preferences:1.0.0) with ExtractAarTransform
Transforming datastore-preferences-1.0.0.aar (androidx.datastore:datastore-preferences:1.0.0) with AarTransform
Transforming datastore-1.0.0.aar (androidx.datastore:datastore:1.0.0) with ExtractAarTransform
Transforming datastore-1.0.0.aar (androidx.datastore:datastore:1.0.0) with AarTransform
Transforming play-services-tasks-18.2.0.aar (com.google.android.gms:play-services-tasks:18.2.0) with ExtractAarTransform
Transforming play-services-tasks-18.2.0.aar (com.google.android.gms:play-services-tasks:18.2.0) with AarTransform
Transforming play-services-tasks-18.2.0.aar (com.google.android.gms:play-services-tasks:18.2.0) with ExtractAarTransform
Transforming play-services-tasks-18.2.0.aar (com.google.android.gms:play-services-tasks:18.2.0) with AarTransform
Transforming play-services-basement-18.4.0.aar (com.google.android.gms:play-services-basement:18.4.0) with ExtractAarTransform
Transforming play-services-basement-18.4.0.aar (com.google.android.gms:play-services-basement:18.4.0) with AarTransform
Transforming fragment-1.8.5.aar (androidx.fragment:fragment:1.8.5) with ExtractAarTransform
Transforming fragment-1.8.5.aar (androidx.fragment:fragment:1.8.5) with AarTransform
Transforming fragment-1.8.5.aar (androidx.fragment:fragment:1.8.5) with ExtractAarTransform
Transforming fragment-1.8.5.aar (androidx.fragment:fragment:1.8.5) with AarTransform
Transforming fragment-ktx-1.8.5.aar (androidx.fragment:fragment-ktx:1.8.5) with ExtractAarTransform
Transforming fragment-ktx-1.8.5.aar (androidx.fragment:fragment-ktx:1.8.5) with AarTransform
Transforming activity-ktx-1.9.3.aar (androidx.activity:activity-ktx:1.9.3) with ExtractAarTransform
Transforming activity-ktx-1.9.3.aar (androidx.activity:activity-ktx:1.9.3) with AarTransform
Transforming lifecycle-viewmodel-ktx-2.8.7.aar (androidx.lifecycle:lifecycle-viewmodel-ktx:2.8.7) with ExtractAarTransform
Transforming lifecycle-viewmodel-ktx-2.8.7.aar (androidx.lifecycle:lifecycle-viewmodel-ktx:2.8.7) with AarTransform
Transforming room-runtime-2.6.1.aar (androidx.room:room-runtime:2.6.1) with ExtractAarTransform
Transforming room-runtime-2.6.1.aar (androidx.room:room-runtime:2.6.1) with AarTransform
Transforming room-ktx-2.6.1.aar (androidx.room:room-ktx:2.6.1) with ExtractAarTransform
Transforming room-ktx-2.6.1.aar (androidx.room:room-ktx:2.6.1) with AarTransform
Transforming sqlite-framework-2.4.0.aar (androidx.sqlite:sqlite-framework:2.4.0) with ExtractAarTransform
Transforming sqlite-framework-2.4.0.aar (androidx.sqlite:sqlite-framework:2.4.0) with AarTransform
Transforming sqlite-2.4.0.aar (androidx.sqlite:sqlite:2.4.0) with ExtractAarTransform
Transforming sqlite-2.4.0.aar (androidx.sqlite:sqlite:2.4.0) with AarTransform
Transforming annotation-experimental-1.4.1.aar (androidx.annotation:annotation-experimental:1.4.1) with ExtractAarTransform
Transforming annotation-experimental-1.4.1.aar (androidx.annotation:annotation-experimental:1.4.1) with AarTransform
Transforming exifinterface-1.3.7.aar (androidx.exifinterface:exifinterface:1.3.7) with ExtractAarTransform
Transforming exifinterface-1.3.7.aar (androidx.exifinterface:exifinterface:1.3.7) with AarTransform
Transforming api-13.1.5.aar (dev.rikka.shizuku:api:13.1.5) with ExtractAarTransform
Transforming api-13.1.5.aar (dev.rikka.shizuku:api:13.1.5) with AarTransform
Transforming appiconloader-1.5.0.aar (me.zhanghai.android.appiconloader:appiconloader:1.5.0) with ExtractAarTransform
Transforming appiconloader-1.5.0.aar (me.zhanghai.android.appiconloader:appiconloader:1.5.0) with AarTransform
Transforming library-1.1.4.aar (me.zhanghai.android.libarchive:library:1.1.4) with ExtractAarTransform
Transforming library-1.1.4.aar (me.zhanghai.android.libarchive:library:1.1.4) with AarTransform
Transforming library-2.1.0.aar (me.zhanghai.android.libselinux:library:2.1.0) with ExtractAarTransform
Transforming library-2.1.0.aar (me.zhanghai.android.libselinux:library:2.1.0) with AarTransform
Transforming cursoradapter-1.0.0.aar (androidx.cursoradapter:cursoradapter:1.0.0) with ExtractAarTransform
Transforming cursoradapter-1.0.0.aar (androidx.cursoradapter:cursoradapter:1.0.0) with AarTransform
Transforming profileinstaller-1.3.1.aar (androidx.profileinstaller:profileinstaller:1.3.1) with ExtractAarTransform
Transforming profileinstaller-1.3.1.aar (androidx.profileinstaller:profileinstaller:1.3.1) with AarTransform
Transforming startup-runtime-1.1.1.aar (androidx.startup:startup-runtime:1.1.1) with ExtractAarTransform
Transforming startup-runtime-1.1.1.aar (androidx.startup:startup-runtime:1.1.1) with AarTransform
Transforming interpolator-1.0.0.aar (androidx.interpolator:interpolator:1.0.0) with ExtractAarTransform
Transforming interpolator-1.0.0.aar (androidx.interpolator:interpolator:1.0.0) with AarTransform
Transforming interpolator-1.0.0.aar (androidx.interpolator:interpolator:1.0.0) with ExtractAarTransform
Transforming interpolator-1.0.0.aar (androidx.interpolator:interpolator:1.0.0) with AarTransform
Transforming cardview-1.0.0.aar (androidx.cardview:cardview:1.0.0) with ExtractAarTransform
Transforming cardview-1.0.0.aar (androidx.cardview:cardview:1.0.0) with AarTransform
Transforming shared-13.1.5.aar (dev.rikka.shizuku:shared:13.1.5) with ExtractAarTransform
Transforming shared-13.1.5.aar (dev.rikka.shizuku:shared:13.1.5) with AarTransform
Transforming appiconloader-iconloaderlib-1.5.0.aar (me.zhanghai.android.appiconloader:appiconloader-iconloaderlib:1.5.0) with ExtractAarTransform
Transforming appiconloader-iconloaderlib-1.5.0.aar (me.zhanghai.android.appiconloader:appiconloader-iconloaderlib:1.5.0) with AarTransform
Transforming core-runtime-2.2.0.aar (androidx.arch.core:core-runtime:2.2.0) with ExtractAarTransform
Transforming core-runtime-2.2.0.aar (androidx.arch.core:core-runtime:2.2.0) with AarTransform
Transforming exoplayer-datasource-2.18.7.aar (com.google.android.exoplayer:exoplayer-datasource:2.18.7) with ExtractAarTransform
Transforming exoplayer-datasource-2.18.7.aar (com.google.android.exoplayer:exoplayer-datasource:2.18.7) with AarTransform
Transforming exoplayer-extractor-2.18.7.aar (com.google.android.exoplayer:exoplayer-extractor:2.18.7) with ExtractAarTransform
Transforming exoplayer-extractor-2.18.7.aar (com.google.android.exoplayer:exoplayer-extractor:2.18.7) with AarTransform
Transforming exoplayer-decoder-2.18.7.aar (com.google.android.exoplayer:exoplayer-decoder:2.18.7) with ExtractAarTransform
Transforming exoplayer-decoder-2.18.7.aar (com.google.android.exoplayer:exoplayer-decoder:2.18.7) with AarTransform
Transforming exoplayer-database-2.18.7.aar (com.google.android.exoplayer:exoplayer-database:2.18.7) with ExtractAarTransform
Transforming exoplayer-database-2.18.7.aar (com.google.android.exoplayer:exoplayer-database:2.18.7) with AarTransform
Transforming exoplayer-common-2.18.7.aar (com.google.android.exoplayer:exoplayer-common:2.18.7) with ExtractAarTransform
Transforming exoplayer-common-2.18.7.aar (com.google.android.exoplayer:exoplayer-common:2.18.7) with AarTransform
Transforming firebase-components-18.0.0.aar (com.google.firebase:firebase-components:18.0.0) with ExtractAarTransform
Transforming firebase-components-18.0.0.aar (com.google.firebase:firebase-components:18.0.0) with AarTransform
Transforming tracing-1.2.0.aar (androidx.tracing:tracing:1.2.0) with ExtractAarTransform
Transforming tracing-1.2.0.aar (androidx.tracing:tracing:1.2.0) with AarTransform
Transforming versionedparcelable-1.1.1.aar (androidx.versionedparcelable:versionedparcelable:1.1.1) with ExtractAarTransform
Transforming versionedparcelable-1.1.1.aar (androidx.versionedparcelable:versionedparcelable:1.1.1) with AarTransform
Transforming firebase-config-interop-16.0.1.aar (com.google.firebase:firebase-config-interop:16.0.1) with ExtractAarTransform
Transforming firebase-config-interop-16.0.1.aar (com.google.firebase:firebase-config-interop:16.0.1) with AarTransform
Transforming firebase-datatransport-19.0.0.aar (com.google.firebase:firebase-datatransport:19.0.0) with ExtractAarTransform
Transforming firebase-datatransport-19.0.0.aar (com.google.firebase:firebase-datatransport:19.0.0) with AarTransform
Transforming transport-backend-cct-3.3.0.aar (com.google.android.datatransport:transport-backend-cct:3.3.0) with ExtractAarTransform
Transforming transport-backend-cct-3.3.0.aar (com.google.android.datatransport:transport-backend-cct:3.3.0) with AarTransform
Transforming firebase-encoders-json-18.0.1.aar (com.google.firebase:firebase-encoders-json:18.0.1) with ExtractAarTransform
Transforming firebase-encoders-json-18.0.1.aar (com.google.firebase:firebase-encoders-json:18.0.1) with AarTransform
Transforming transport-runtime-3.3.0.aar (com.google.android.datatransport:transport-runtime:3.3.0) with ExtractAarTransform
Transforming transport-runtime-3.3.0.aar (com.google.android.datatransport:transport-runtime:3.3.0) with AarTransform
Transforming transport-api-3.2.0.aar (com.google.android.datatransport:transport-api:3.2.0) with ExtractAarTransform
Transforming transport-api-3.2.0.aar (com.google.android.datatransport:transport-api:3.2.0) with AarTransform
Transforming documentfile-1.0.0.aar (androidx.documentfile:documentfile:1.0.0) with ExtractAarTransform
Transforming documentfile-1.0.0.aar (androidx.documentfile:documentfile:1.0.0) with AarTransform
Transforming localbroadcastmanager-1.0.0.aar (androidx.localbroadcastmanager:localbroadcastmanager:1.0.0) with ExtractAarTransform
Transforming localbroadcastmanager-1.0.0.aar (androidx.localbroadcastmanager:localbroadcastmanager:1.0.0) with AarTransform
Transforming print-1.0.0.aar (androidx.print:print:1.0.0) with ExtractAarTransform
Transforming print-1.0.0.aar (androidx.print:print:1.0.0) with AarTransform
Transforming androidsvg-aar-1.4.aar (com.caverock:androidsvg-aar:1.4) with ExtractAarTransform
Transforming androidsvg-aar-1.4.aar (com.caverock:androidsvg-aar:1.4) with AarTransform
Transforming drawer-1.0.3.aar (com.drakeet.drawer:drawer:1.0.3) with ExtractAarTransform
Transforming drawer-1.0.3.aar (com.drakeet.drawer:drawer:1.0.3) with AarTransform
Transforming library-1.2.0.aar (me.zhanghai.android.retrofile:library:1.2.0) with ExtractAarTransform
Transforming library-1.2.0.aar (me.zhanghai.android.retrofile:library:1.2.0) with AarTransform
Transforming library-1.0.0.aar (me.zhanghai.android.systemuihelper:library:1.0.0) with ExtractAarTransform
Transforming library-1.0.0.aar (me.zhanghai.android.systemuihelper:library:1.0.0) with AarTransform
Transforming HoloColorPicker-1.5.aar (com.larswerkman:HoloColorPicker:1.5) with ExtractAarTransform
Transforming HoloColorPicker-1.5.aar (com.larswerkman:HoloColorPicker:1.5) with AarTransform
Transforming core-5.2.2.aar (com.github.topjohnwu.libsu:core:5.2.2) with ExtractAarTransform
Transforming core-5.2.2.aar (com.github.topjohnwu.libsu:core:5.2.2) with AarTransform
Transforming aidl-13.1.5.aar (dev.rikka.shizuku:aidl:13.1.5) with ExtractAarTransform
Transforming aidl-13.1.5.aar (dev.rikka.shizuku:aidl:13.1.5) with AarTransform
Caching disabled for task ':app:mergeDebugAssets' because:
  Build cache is disabled
  Simple merging task
Skipping task ':app:mergeDebugAssets' as it is up-to-date.
Resolve mutations for :app:compressDebugAssets (Thread[Execution worker Thread 3,5,main]) started.
:app:compressDebugAssets (Thread[Execution worker Thread 3,5,main]) started.

> Task :app:compressDebugAssets UP-TO-DATE
Caching disabled for task ':app:compressDebugAssets' because:
  Build cache is disabled
Skipping task ':app:compressDebugAssets' as it is up-to-date.
Resolve mutations for :app:l8DexDesugarLibDebug (Thread[Execution worker Thread 3,5,main]) started.
:app:l8DexDesugarLibDebug (Thread[Execution worker Thread 4,5,main]) started.

> Task :app:l8DexDesugarLibDebug UP-TO-DATE
Transforming desugar_jdk_libs-2.1.2.jar (com.android.tools:desugar_jdk_libs:2.1.2) with DesugarLibConfigExtractor
Transforming desugar_jdk_libs_configuration-2.1.2.jar (com.android.tools:desugar_jdk_libs_configuration:2.1.2) with DesugarLibConfigExtractor
Caching disabled for task ':app:l8DexDesugarLibDebug' because:
  Build cache is disabled
Skipping task ':app:l8DexDesugarLibDebug' as it is up-to-date.
Resolve mutations for :app:checkDebugDuplicateClasses (Thread[Execution worker Thread 4,5,main]) started.
:app:checkDebugDuplicateClasses (Thread[Execution worker Thread 4,5,main]) started.

> Task :app:checkDebugDuplicateClasses UP-TO-DATE
file or directory 'E:\For Safe Keeping\WEB REF\MaterialFiles\app\libs', not found
Transforming viewbinding-8.5.0.aar (androidx.databinding:viewbinding:8.5.0) with AarToClassTransform
Transforming viewbinding-8.5.0.aar (androidx.databinding:viewbinding:8.5.0) with EnumerateClassesTransform
Transforming kotlin-parcelize-runtime-1.9.24.jar (org.jetbrains.kotlin:kotlin-parcelize-runtime:1.9.24) with IdentityTransform
Transforming kotlin-parcelize-runtime-1.9.24.jar (org.jetbrains.kotlin:kotlin-parcelize-runtime:1.9.24) with EnumerateClassesTransform
Transforming dav4jvm-c1bc143.jar (com.github.bitfireAT:dav4jvm:c1bc143) with IdentityTransform
Transforming dav4jvm-c1bc143.jar (com.github.bitfireAT:dav4jvm:c1bc143) with EnumerateClassesTransform
Transforming PhotoView-2.3.0.aar (com.github.chrisbanes:PhotoView:2.3.0) with AarToClassTransform
Transforming PhotoView-2.3.0.aar (com.github.chrisbanes:PhotoView:2.3.0) with EnumerateClassesTransform
Transforming service-5.2.2.aar (com.github.topjohnwu.libsu:service:5.2.2) with AarToClassTransform
Transforming service-5.2.2.aar (com.github.topjohnwu.libsu:service:5.2.2) with EnumerateClassesTransform
Transforming preference-ktx-1.2.1.aar (androidx.preference:preference-ktx:1.2.1) with AarToClassTransform
Transforming preference-ktx-1.2.1.aar (androidx.preference:preference-ktx:1.2.1) with EnumerateClassesTransform
Transforming speed-dial-3.3.0.aar (com.leinardi.android:speed-dial:3.3.0) with AarToClassTransform
Transforming speed-dial-3.3.0.aar (com.leinardi.android:speed-dial:3.3.0) with EnumerateClassesTransform
Transforming material-1.12.0.aar (com.google.android.material:material:1.12.0) with AarToClassTransform
Transforming material-1.12.0.aar (com.google.android.material:material:1.12.0) with EnumerateClassesTransform
Transforming subsampling-scale-image-view-androidx-3.10.0.aar (com.davemorrissey.labs:subsampling-scale-image-view-androidx:3.10.0) with AarToClassTransform
Transforming subsampling-scale-image-view-androidx-3.10.0.aar (com.davemorrissey.labs:subsampling-scale-image-view-androidx:3.10.0) with EnumerateClassesTransform
Transforming licensesdialog-2.1.0.aar (de.psdev.licensesdialog:licensesdialog:2.1.0) with AarToClassTransform
Transforming licensesdialog-2.1.0.aar (de.psdev.licensesdialog:licensesdialog:2.1.0) with EnumerateClassesTransform
Transforming library-1.3.0.aar (me.zhanghai.android.fastscroll:library:1.3.0) with AarToClassTransform
Transforming library-1.3.0.aar (me.zhanghai.android.fastscroll:library:1.3.0) with EnumerateClassesTransform
Transforming library-1.0.2.aar (me.zhanghai.android.foregroundcompat:library:1.0.2) with AarToClassTransform
Transforming library-1.0.2.aar (me.zhanghai.android.foregroundcompat:library:1.0.2) with EnumerateClassesTransform
Transforming coil-gif-2.7.0.aar (io.coil-kt:coil-gif:2.7.0) with AarToClassTransform
Transforming coil-gif-2.7.0.aar (io.coil-kt:coil-gif:2.7.0) with EnumerateClassesTransform
Transforming coil-2.7.0.aar (io.coil-kt:coil:2.7.0) with AarToClassTransform
Transforming coil-2.7.0.aar (io.coil-kt:coil:2.7.0) with EnumerateClassesTransform
Transforming coil-svg-2.7.0.aar (io.coil-kt:coil-svg:2.7.0) with AarToClassTransform
Transforming coil-svg-2.7.0.aar (io.coil-kt:coil-svg:2.7.0) with EnumerateClassesTransform
Transforming coil-video-2.7.0.aar (io.coil-kt:coil-video:2.7.0) with AarToClassTransform
Transforming coil-video-2.7.0.aar (io.coil-kt:coil-video:2.7.0) with EnumerateClassesTransform
Transforming coil-base-2.7.0.aar (io.coil-kt:coil-base:2.7.0) with AarToClassTransform
Transforming coil-base-2.7.0.aar (io.coil-kt:coil-base:2.7.0) with EnumerateClassesTransform
Transforming appcompat-resources-1.7.0.aar (androidx.appcompat:appcompat-resources:1.7.0) with AarToClassTransform
Transforming appcompat-resources-1.7.0.aar (androidx.appcompat:appcompat-resources:1.7.0) with EnumerateClassesTransform
Transforming preferencex-1.1.0.aar (com.takisoft.preferencex:preferencex:1.1.0) with AarToClassTransform
Transforming preferencex-1.1.0.aar (com.takisoft.preferencex:preferencex:1.1.0) with EnumerateClassesTransform
Transforming simplemenu-preference-1.0.3.aar (dev.rikka.rikkax.preference:simplemenu-preference:1.0.3) with AarToClassTransform
Transforming simplemenu-preference-1.0.3.aar (dev.rikka.rikkax.preference:simplemenu-preference:1.0.3) with EnumerateClassesTransform
Transforming preference-1.2.1.aar (androidx.preference:preference:1.2.1) with AarToClassTransform
Transforming preference-1.2.1.aar (androidx.preference:preference:1.2.1) with EnumerateClassesTransform
Transforming constraintlayout-2.0.1.aar (androidx.constraintlayout:constraintlayout:2.0.1) with AarToClassTransform
Transforming constraintlayout-2.0.1.aar (androidx.constraintlayout:constraintlayout:2.0.1) with EnumerateClassesTransform
Transforming appcompat-1.7.0.aar (androidx.appcompat:appcompat:1.7.0) with AarToClassTransform
Transforming appcompat-1.7.0.aar (androidx.appcompat:appcompat:1.7.0) with EnumerateClassesTransform
Transforming appcompat-1.7.0.aar (androidx.appcompat:appcompat:1.7.0) with AarToClassTransform
Transforming appcompat-1.7.0.aar (androidx.appcompat:appcompat:1.7.0) with EnumerateClassesTransform
Transforming advrecyclerview-1.0.0.aar (com.h6ah4i.android.widget.advrecyclerview:advrecyclerview:1.0.0) with AarToClassTransform
Transforming advrecyclerview-1.0.0.aar (com.h6ah4i.android.widget.advrecyclerview:advrecyclerview:1.0.0) with EnumerateClassesTransform
Transforming exoplayer-2.18.7.aar (com.google.android.exoplayer:exoplayer:2.18.7) with AarToClassTransform
Transforming exoplayer-2.18.7.aar (com.google.android.exoplayer:exoplayer:2.18.7) with EnumerateClassesTransform
Transforming exoplayer-ui-2.18.7.aar (com.google.android.exoplayer:exoplayer-ui:2.18.7) with AarToClassTransform
Transforming exoplayer-ui-2.18.7.aar (com.google.android.exoplayer:exoplayer-ui:2.18.7) with EnumerateClassesTransform
Transforming recyclerview-1.3.2.aar (androidx.recyclerview:recyclerview:1.3.2) with AarToClassTransform
Transforming recyclerview-1.3.2.aar (androidx.recyclerview:recyclerview:1.3.2) with EnumerateClassesTransform
Transforming viewpager2-1.1.0-beta02.aar (androidx.viewpager2:viewpager2:1.1.0-beta02) with AarToClassTransform
Transforming viewpager2-1.1.0-beta02.aar (androidx.viewpager2:viewpager2:1.1.0-beta02) with EnumerateClassesTransform
Transforming firebase-crashlytics-ndk-19.2.1.aar (com.google.firebase:firebase-crashlytics-ndk:19.2.1) with AarToClassTransform
Transforming firebase-crashlytics-ndk-19.2.1.aar (com.google.firebase:firebase-crashlytics-ndk:19.2.1) with EnumerateClassesTransform
Transforming firebase-crashlytics-19.2.1.aar (com.google.firebase:firebase-crashlytics:19.2.1) with AarToClassTransform
Transforming firebase-crashlytics-19.2.1.aar (com.google.firebase:firebase-crashlytics:19.2.1) with EnumerateClassesTransform
Transforming firebase-analytics-22.1.2.aar (com.google.firebase:firebase-analytics:22.1.2) with AarToClassTransform
Transforming firebase-analytics-22.1.2.aar (com.google.firebase:firebase-analytics:22.1.2) with EnumerateClassesTransform
Transforming play-services-measurement-api-22.1.2.aar (com.google.android.gms:play-services-measurement-api:22.1.2) with AarToClassTransform
Transforming play-services-measurement-api-22.1.2.aar (com.google.android.gms:play-services-measurement-api:22.1.2) with EnumerateClassesTransform
Transforming firebase-sessions-2.0.6.aar (com.google.firebase:firebase-sessions:2.0.6) with AarToClassTransform
Transforming firebase-sessions-2.0.6.aar (com.google.firebase:firebase-sessions:2.0.6) with EnumerateClassesTransform
Transforming firebase-installations-18.0.0.aar (com.google.firebase:firebase-installations:18.0.0) with AarToClassTransform
Transforming firebase-installations-18.0.0.aar (com.google.firebase:firebase-installations:18.0.0) with EnumerateClassesTransform
Transforming firebase-common-ktx-21.0.0.aar (com.google.firebase:firebase-common-ktx:21.0.0) with AarToClassTransform
Transforming firebase-common-ktx-21.0.0.aar (com.google.firebase:firebase-common-ktx:21.0.0) with EnumerateClassesTransform
Transforming firebase-common-21.0.0.aar (com.google.firebase:firebase-common:21.0.0) with AarToClassTransform
Transforming firebase-common-21.0.0.aar (com.google.firebase:firebase-common:21.0.0) with EnumerateClassesTransform
Transforming play-services-measurement-22.1.2.aar (com.google.android.gms:play-services-measurement:22.1.2) with AarToClassTransform
Transforming play-services-measurement-22.1.2.aar (com.google.android.gms:play-services-measurement:22.1.2) with EnumerateClassesTransform
Transforming play-services-measurement-sdk-22.1.2.aar (com.google.android.gms:play-services-measurement-sdk:22.1.2) with AarToClassTransform
Transforming play-services-measurement-sdk-22.1.2.aar (com.google.android.gms:play-services-measurement-sdk:22.1.2) with EnumerateClassesTransform
Transforming firebase-measurement-connector-20.0.1.aar (com.google.firebase:firebase-measurement-connector:20.0.1) with AarToClassTransform
Transforming firebase-measurement-connector-20.0.1.aar (com.google.firebase:firebase-measurement-connector:20.0.1) with EnumerateClassesTransform
Transforming play-services-measurement-impl-22.1.2.aar (com.google.android.gms:play-services-measurement-impl:22.1.2) with AarToClassTransform
Transforming play-services-measurement-impl-22.1.2.aar (com.google.android.gms:play-services-measurement-impl:22.1.2) with EnumerateClassesTransform
Transforming play-services-ads-identifier-18.0.0.aar (com.google.android.gms:play-services-ads-identifier:18.0.0) with AarToClassTransform
Transforming play-services-ads-identifier-18.0.0.aar (com.google.android.gms:play-services-ads-identifier:18.0.0) with EnumerateClassesTransform
Transforming play-services-measurement-sdk-api-22.1.2.aar (com.google.android.gms:play-services-measurement-sdk-api:22.1.2) with AarToClassTransform
Transforming play-services-measurement-sdk-api-22.1.2.aar (com.google.android.gms:play-services-measurement-sdk-api:22.1.2) with EnumerateClassesTransform
Transforming play-services-measurement-base-22.1.2.aar (com.google.android.gms:play-services-measurement-base:22.1.2) with AarToClassTransform
Transforming play-services-measurement-base-22.1.2.aar (com.google.android.gms:play-services-measurement-base:22.1.2) with EnumerateClassesTransform
Transforming play-services-stats-17.0.2.aar (com.google.android.gms:play-services-stats:17.0.2) with AarToClassTransform
Transforming play-services-stats-17.0.2.aar (com.google.android.gms:play-services-stats:17.0.2) with EnumerateClassesTransform
Transforming firebase-installations-interop-17.2.0.aar (com.google.firebase:firebase-installations-interop:17.2.0) with AarToClassTransform
Transforming firebase-installations-interop-17.2.0.aar (com.google.firebase:firebase-installations-interop:17.2.0) with EnumerateClassesTransform
Transforming emoji2-views-helper-1.3.0.aar (androidx.emoji2:emoji2-views-helper:1.3.0) with AarToClassTransform
Transforming emoji2-views-helper-1.3.0.aar (androidx.emoji2:emoji2-views-helper:1.3.0) with EnumerateClassesTransform
Transforming emoji2-1.3.0.aar (androidx.emoji2:emoji2:1.3.0) with AarToClassTransform
Transforming emoji2-1.3.0.aar (androidx.emoji2:emoji2:1.3.0) with EnumerateClassesTransform
Transforming activity-1.9.3.aar (androidx.activity:activity:1.9.3) with AarToClassTransform
Transforming activity-1.9.3.aar (androidx.activity:activity:1.9.3) with EnumerateClassesTransform
Transforming customview-poolingcontainer-1.0.0.aar (androidx.customview:customview-poolingcontainer:1.0.0) with AarToClassTransform
Transforming customview-poolingcontainer-1.0.0.aar (androidx.customview:customview-poolingcontainer:1.0.0) with EnumerateClassesTransform
Transforming ads-adservices-java-1.0.0-beta05.aar (androidx.privacysandbox.ads:ads-adservices-java:1.0.0-beta05) with AarToClassTransform
Transforming ads-adservices-java-1.0.0-beta05.aar (androidx.privacysandbox.ads:ads-adservices-java:1.0.0-beta05) with EnumerateClassesTransform
Transforming ads-adservices-1.0.0-beta05.aar (androidx.privacysandbox.ads:ads-adservices:1.0.0-beta05) with AarToClassTransform
Transforming ads-adservices-1.0.0-beta05.aar (androidx.privacysandbox.ads:ads-adservices:1.0.0-beta05) with EnumerateClassesTransform
Transforming ads-adservices-1.0.0-beta05.aar (androidx.privacysandbox.ads:ads-adservices:1.0.0-beta05) with AarToClassTransform
Transforming ads-adservices-1.0.0-beta05.aar (androidx.privacysandbox.ads:ads-adservices:1.0.0-beta05) with EnumerateClassesTransform
Transforming core-ktx-1.15.0.aar (androidx.core:core-ktx:1.15.0) with AarToClassTransform
Transforming core-ktx-1.15.0.aar (androidx.core:core-ktx:1.15.0) with EnumerateClassesTransform
Transforming drawerlayout-1.2.0.aar (androidx.drawerlayout:drawerlayout:1.2.0) with AarToClassTransform
Transforming drawerlayout-1.2.0.aar (androidx.drawerlayout:drawerlayout:1.2.0) with EnumerateClassesTransform
Transforming swiperefreshlayout-1.1.0.aar (androidx.swiperefreshlayout:swiperefreshlayout:1.1.0) with AarToClassTransform
Transforming swiperefreshlayout-1.1.0.aar (androidx.swiperefreshlayout:swiperefreshlayout:1.1.0) with EnumerateClassesTransform
Transforming materialshadowninepatch-1.0.0.aar (com.h6ah4i.android.materialshadowninepatch:materialshadowninepatch:1.0.0) with AarToClassTransform
Transforming materialshadowninepatch-1.0.0.aar (com.h6ah4i.android.materialshadowninepatch:materialshadowninepatch:1.0.0) with EnumerateClassesTransform
Transforming insetter-ktx-0.3.1.aar (dev.chrisbanes:insetter-ktx:0.3.1) with AarToClassTransform
Transforming insetter-ktx-0.3.1.aar (dev.chrisbanes:insetter-ktx:0.3.1) with EnumerateClassesTransform
Transforming exoplayer-dash-2.18.7.aar (com.google.android.exoplayer:exoplayer-dash:2.18.7) with AarToClassTransform
Transforming exoplayer-dash-2.18.7.aar (com.google.android.exoplayer:exoplayer-dash:2.18.7) with EnumerateClassesTransform
Transforming exoplayer-hls-2.18.7.aar (com.google.android.exoplayer:exoplayer-hls:2.18.7) with AarToClassTransform
Transforming exoplayer-hls-2.18.7.aar (com.google.android.exoplayer:exoplayer-hls:2.18.7) with EnumerateClassesTransform
Transforming exoplayer-rtsp-2.18.7.aar (com.google.android.exoplayer:exoplayer-rtsp:2.18.7) with AarToClassTransform
Transforming exoplayer-rtsp-2.18.7.aar (com.google.android.exoplayer:exoplayer-rtsp:2.18.7) with EnumerateClassesTransform
Transforming exoplayer-smoothstreaming-2.18.7.aar (com.google.android.exoplayer:exoplayer-smoothstreaming:2.18.7) with AarToClassTransform
Transforming exoplayer-smoothstreaming-2.18.7.aar (com.google.android.exoplayer:exoplayer-smoothstreaming:2.18.7) with EnumerateClassesTransform
Transforming exoplayer-core-2.18.7.aar (com.google.android.exoplayer:exoplayer-core:2.18.7) with AarToClassTransform
Transforming exoplayer-core-2.18.7.aar (com.google.android.exoplayer:exoplayer-core:2.18.7) with EnumerateClassesTransform
Transforming coordinatorlayout-1.1.0.aar (androidx.coordinatorlayout:coordinatorlayout:1.1.0) with AarToClassTransform
Transforming coordinatorlayout-1.1.0.aar (androidx.coordinatorlayout:coordinatorlayout:1.1.0) with EnumerateClassesTransform
Transforming viewpager-1.0.0.aar (androidx.viewpager:viewpager:1.0.0) with AarToClassTransform
Transforming viewpager-1.0.0.aar (androidx.viewpager:viewpager:1.0.0) with EnumerateClassesTransform
Transforming slidingpanelayout-1.2.0.aar (androidx.slidingpanelayout:slidingpanelayout:1.2.0) with AarToClassTransform
Transforming slidingpanelayout-1.2.0.aar (androidx.slidingpanelayout:slidingpanelayout:1.2.0) with EnumerateClassesTransform
Transforming customview-1.1.0.aar (androidx.customview:customview:1.1.0) with AarToClassTransform
Transforming customview-1.1.0.aar (androidx.customview:customview:1.1.0) with EnumerateClassesTransform
Transforming customview-1.1.0.aar (androidx.customview:customview:1.1.0) with AarToClassTransform
Transforming customview-1.1.0.aar (androidx.customview:customview:1.1.0) with EnumerateClassesTransform
Transforming transition-1.5.0.aar (androidx.transition:transition:1.5.0) with AarToClassTransform
Transforming transition-1.5.0.aar (androidx.transition:transition:1.5.0) with EnumerateClassesTransform
Transforming dynamicanimation-1.0.0.aar (androidx.dynamicanimation:dynamicanimation:1.0.0) with AarToClassTransform
Transforming dynamicanimation-1.0.0.aar (androidx.dynamicanimation:dynamicanimation:1.0.0) with EnumerateClassesTransform
Transforming vectordrawable-animated-1.1.0.aar (androidx.vectordrawable:vectordrawable-animated:1.1.0) with AarToClassTransform
Transforming vectordrawable-animated-1.1.0.aar (androidx.vectordrawable:vectordrawable-animated:1.1.0) with EnumerateClassesTransform
Transforming vectordrawable-1.1.0.aar (androidx.vectordrawable:vectordrawable:1.1.0) with AarToClassTransform
Transforming vectordrawable-1.1.0.aar (androidx.vectordrawable:vectordrawable:1.1.0) with EnumerateClassesTransform
Transforming vectordrawable-1.1.0.aar (androidx.vectordrawable:vectordrawable:1.1.0) with AarToClassTransform
Transforming vectordrawable-1.1.0.aar (androidx.vectordrawable:vectordrawable:1.1.0) with EnumerateClassesTransform
Transforming insetter-0.3.1.aar (dev.chrisbanes:insetter:0.3.1) with AarToClassTransform
Transforming insetter-0.3.1.aar (dev.chrisbanes:insetter:0.3.1) with EnumerateClassesTransform
Transforming media-1.6.0.aar (androidx.media:media:1.6.0) with AarToClassTransform
Transforming media-1.6.0.aar (androidx.media:media:1.6.0) with EnumerateClassesTransform
Transforming legacy-support-core-utils-1.0.0.aar (androidx.legacy:legacy-support-core-utils:1.0.0) with AarToClassTransform
Transforming legacy-support-core-utils-1.0.0.aar (androidx.legacy:legacy-support-core-utils:1.0.0) with EnumerateClassesTransform
Transforming loader-1.0.0.aar (androidx.loader:loader:1.0.0) with AarToClassTransform
Transforming loader-1.0.0.aar (androidx.loader:loader:1.0.0) with EnumerateClassesTransform
Transforming loader-1.0.0.aar (androidx.loader:loader:1.0.0) with AarToClassTransform
Transforming loader-1.0.0.aar (androidx.loader:loader:1.0.0) with EnumerateClassesTransform
Transforming window-1.0.0.aar (androidx.window:window:1.0.0) with AarToClassTransform
Transforming window-1.0.0.aar (androidx.window:window:1.0.0) with EnumerateClassesTransform
Transforming play-services-base-18.5.0.aar (com.google.android.gms:play-services-base:18.5.0) with AarToClassTransform
Transforming play-services-base-18.5.0.aar (com.google.android.gms:play-services-base:18.5.0) with EnumerateClassesTransform
Transforming core-1.15.0.aar (androidx.core:core:1.15.0) with AarToClassTransform
Transforming core-1.15.0.aar (androidx.core:core:1.15.0) with EnumerateClassesTransform
Transforming core-1.15.0.aar (androidx.core:core:1.15.0) with AarToClassTransform
Transforming core-1.15.0.aar (androidx.core:core:1.15.0) with EnumerateClassesTransform
Transforming savedstate-ktx-1.2.1.aar (androidx.savedstate:savedstate-ktx:1.2.1) with AarToClassTransform
Transforming savedstate-ktx-1.2.1.aar (androidx.savedstate:savedstate-ktx:1.2.1) with EnumerateClassesTransform
Transforming savedstate-1.2.1.aar (androidx.savedstate:savedstate:1.2.1) with AarToClassTransform
Transforming savedstate-1.2.1.aar (androidx.savedstate:savedstate:1.2.1) with EnumerateClassesTransform
Transforming lifecycle-common-jvm-2.8.7.jar (androidx.lifecycle:lifecycle-common-jvm:2.8.7) with IdentityTransform
Transforming lifecycle-common-jvm-2.8.7.jar (androidx.lifecycle:lifecycle-common-jvm:2.8.7) with EnumerateClassesTransform
Transforming lifecycle-viewmodel-2.8.7.aar (androidx.lifecycle:lifecycle-viewmodel:2.8.7) with AarToClassTransform
Transforming lifecycle-viewmodel-2.8.7.aar (androidx.lifecycle:lifecycle-viewmodel:2.8.7) with EnumerateClassesTransform
Transforming lifecycle-viewmodel-release.aar (androidx.lifecycle:lifecycle-viewmodel-android:2.8.7) with AarToClassTransform
Transforming lifecycle-viewmodel-release.aar (androidx.lifecycle:lifecycle-viewmodel-android:2.8.7) with EnumerateClassesTransform
Transforming lifecycle-runtime-release.aar (androidx.lifecycle:lifecycle-runtime-android:2.8.7) with AarToClassTransform
Transforming lifecycle-runtime-release.aar (androidx.lifecycle:lifecycle-runtime-android:2.8.7) with EnumerateClassesTransform
Transforming lifecycle-livedata-core-2.8.7.aar (androidx.lifecycle:lifecycle-livedata-core:2.8.7) with AarToClassTransform
Transforming lifecycle-livedata-core-2.8.7.aar (androidx.lifecycle:lifecycle-livedata-core:2.8.7) with EnumerateClassesTransform
Transforming lifecycle-viewmodel-savedstate-2.8.7.aar (androidx.lifecycle:lifecycle-viewmodel-savedstate:2.8.7) with AarToClassTransform
Transforming lifecycle-viewmodel-savedstate-2.8.7.aar (androidx.lifecycle:lifecycle-viewmodel-savedstate:2.8.7) with EnumerateClassesTransform
Transforming lifecycle-runtime-ktx-release.aar (androidx.lifecycle:lifecycle-runtime-ktx-android:2.8.7) with AarToClassTransform
Transforming lifecycle-runtime-ktx-release.aar (androidx.lifecycle:lifecycle-runtime-ktx-android:2.8.7) with EnumerateClassesTransform
Transforming lifecycle-livedata-2.8.7.aar (androidx.lifecycle:lifecycle-livedata:2.8.7) with AarToClassTransform
Transforming lifecycle-livedata-2.8.7.aar (androidx.lifecycle:lifecycle-livedata:2.8.7) with EnumerateClassesTransform
Transforming lifecycle-livedata-2.8.7.aar (androidx.lifecycle:lifecycle-livedata:2.8.7) with AarToClassTransform
Transforming lifecycle-livedata-2.8.7.aar (androidx.lifecycle:lifecycle-livedata:2.8.7) with EnumerateClassesTransform
Transforming lifecycle-livedata-core-ktx-2.8.7.aar (androidx.lifecycle:lifecycle-livedata-core-ktx:2.8.7) with AarToClassTransform
Transforming lifecycle-livedata-core-ktx-2.8.7.aar (androidx.lifecycle:lifecycle-livedata-core-ktx:2.8.7) with EnumerateClassesTransform
Transforming lifecycle-process-2.8.7.aar (androidx.lifecycle:lifecycle-process:2.8.7) with AarToClassTransform
Transforming lifecycle-process-2.8.7.aar (androidx.lifecycle:lifecycle-process:2.8.7) with EnumerateClassesTransform
Transforming lifecycle-common-java8-2.8.7.jar (androidx.lifecycle:lifecycle-common-java8:2.8.7) with IdentityTransform
Transforming lifecycle-common-java8-2.8.7.jar (androidx.lifecycle:lifecycle-common-java8:2.8.7) with EnumerateClassesTransform
Transforming lifecycle-livedata-ktx-2.8.7.aar (androidx.lifecycle:lifecycle-livedata-ktx:2.8.7) with AarToClassTransform
Transforming lifecycle-livedata-ktx-2.8.7.aar (androidx.lifecycle:lifecycle-livedata-ktx:2.8.7) with EnumerateClassesTransform
Transforming datastore-preferences-1.0.0.aar (androidx.datastore:datastore-preferences:1.0.0) with AarToClassTransform
Transforming datastore-preferences-1.0.0.aar (androidx.datastore:datastore-preferences:1.0.0) with EnumerateClassesTransform
Transforming datastore-1.0.0.aar (androidx.datastore:datastore:1.0.0) with AarToClassTransform
Transforming datastore-1.0.0.aar (androidx.datastore:datastore:1.0.0) with EnumerateClassesTransform
Transforming kotlinx-coroutines-core-jvm-1.9.0.jar (org.jetbrains.kotlinx:kotlinx-coroutines-core-jvm:1.9.0) with IdentityTransform
Transforming kotlinx-coroutines-core-jvm-1.9.0.jar (org.jetbrains.kotlinx:kotlinx-coroutines-core-jvm:1.9.0) with EnumerateClassesTransform
Transforming kotlinx-coroutines-play-services-1.9.0.jar (org.jetbrains.kotlinx:kotlinx-coroutines-play-services:1.9.0) with IdentityTransform
Transforming kotlinx-coroutines-play-services-1.9.0.jar (org.jetbrains.kotlinx:kotlinx-coroutines-play-services:1.9.0) with EnumerateClassesTransform
Transforming play-services-tasks-18.2.0.aar (com.google.android.gms:play-services-tasks:18.2.0) with AarToClassTransform
Transforming play-services-tasks-18.2.0.aar (com.google.android.gms:play-services-tasks:18.2.0) with EnumerateClassesTransform
Transforming play-services-tasks-18.2.0.aar (com.google.android.gms:play-services-tasks:18.2.0) with AarToClassTransform
Transforming play-services-tasks-18.2.0.aar (com.google.android.gms:play-services-tasks:18.2.0) with EnumerateClassesTransform
Transforming play-services-basement-18.4.0.aar (com.google.android.gms:play-services-basement:18.4.0) with AarToClassTransform
Transforming play-services-basement-18.4.0.aar (com.google.android.gms:play-services-basement:18.4.0) with EnumerateClassesTransform
Transforming fragment-1.8.5.aar (androidx.fragment:fragment:1.8.5) with AarToClassTransform
Transforming fragment-1.8.5.aar (androidx.fragment:fragment:1.8.5) with EnumerateClassesTransform
Transforming fragment-1.8.5.aar (androidx.fragment:fragment:1.8.5) with AarToClassTransform
Transforming fragment-1.8.5.aar (androidx.fragment:fragment:1.8.5) with EnumerateClassesTransform
Transforming datastore-preferences-core-1.0.0.jar (androidx.datastore:datastore-preferences-core:1.0.0) with IdentityTransform
Transforming fragment-ktx-1.8.5.aar (androidx.fragment:fragment-ktx:1.8.5) with AarToClassTransform
Transforming datastore-preferences-core-1.0.0.jar (androidx.datastore:datastore-preferences-core:1.0.0) with EnumerateClassesTransform
Transforming fragment-ktx-1.8.5.aar (androidx.fragment:fragment-ktx:1.8.5) with EnumerateClassesTransform
Transforming activity-ktx-1.9.3.aar (androidx.activity:activity-ktx:1.9.3) with AarToClassTransform
Transforming activity-ktx-1.9.3.aar (androidx.activity:activity-ktx:1.9.3) with EnumerateClassesTransform
Transforming lifecycle-viewmodel-ktx-2.8.7.aar (androidx.lifecycle:lifecycle-viewmodel-ktx:2.8.7) with AarToClassTransform
Transforming lifecycle-viewmodel-ktx-2.8.7.aar (androidx.lifecycle:lifecycle-viewmodel-ktx:2.8.7) with EnumerateClassesTransform
Transforming room-common-2.6.1.jar (androidx.room:room-common:2.6.1) with IdentityTransform
Transforming room-common-2.6.1.jar (androidx.room:room-common:2.6.1) with EnumerateClassesTransform
Transforming room-runtime-2.6.1.aar (androidx.room:room-runtime:2.6.1) with AarToClassTransform
Transforming room-runtime-2.6.1.aar (androidx.room:room-runtime:2.6.1) with EnumerateClassesTransform
Transforming datastore-core-1.0.0.jar (androidx.datastore:datastore-core:1.0.0) with IdentityTransform
Transforming room-ktx-2.6.1.aar (androidx.room:room-ktx:2.6.1) with AarToClassTransform
Transforming room-ktx-2.6.1.aar (androidx.room:room-ktx:2.6.1) with EnumerateClassesTransform
Transforming kotlinx-coroutines-android-1.9.0.jar (org.jetbrains.kotlinx:kotlinx-coroutines-android:1.9.0) with IdentityTransform
Transforming datastore-core-1.0.0.jar (androidx.datastore:datastore-core:1.0.0) with EnumerateClassesTransform
Transforming kotlinx-coroutines-android-1.9.0.jar (org.jetbrains.kotlinx:kotlinx-coroutines-android:1.9.0) with EnumerateClassesTransform
Transforming kotlin-android-extensions-runtime-1.9.24.jar (org.jetbrains.kotlin:kotlin-android-extensions-runtime:1.9.24) with IdentityTransform
Transforming kotlin-android-extensions-runtime-1.9.24.jar (org.jetbrains.kotlin:kotlin-android-extensions-runtime:1.9.24) with EnumerateClassesTransform
Transforming kotlin-stdlib-jdk7-1.9.24.jar (org.jetbrains.kotlin:kotlin-stdlib-jdk7:1.9.24) with IdentityTransform
Transforming kotlin-stdlib-jdk7-1.9.24.jar (org.jetbrains.kotlin:kotlin-stdlib-jdk7:1.9.24) with EnumerateClassesTransform
Transforming kotlinx-serialization-core-jvm-1.6.3.jar (org.jetbrains.kotlinx:kotlinx-serialization-core-jvm:1.6.3) with IdentityTransform
Transforming kotlinx-serialization-core-jvm-1.6.3.jar (org.jetbrains.kotlinx:kotlinx-serialization-core-jvm:1.6.3) with EnumerateClassesTransform
Transforming kotlinx-serialization-json-jvm-1.6.3.jar (org.jetbrains.kotlinx:kotlinx-serialization-json-jvm:1.6.3) with IdentityTransform
Transforming kotlinx-serialization-json-jvm-1.6.3.jar (org.jetbrains.kotlinx:kotlinx-serialization-json-jvm:1.6.3) with EnumerateClassesTransform
Transforming sqlite-framework-2.4.0.aar (androidx.sqlite:sqlite-framework:2.4.0) with AarToClassTransform
Transforming sqlite-framework-2.4.0.aar (androidx.sqlite:sqlite-framework:2.4.0) with EnumerateClassesTransform
Transforming sqlite-2.4.0.aar (androidx.sqlite:sqlite:2.4.0) with AarToClassTransform
Transforming sqlite-2.4.0.aar (androidx.sqlite:sqlite:2.4.0) with EnumerateClassesTransform
Transforming annotation-experimental-1.4.1.aar (androidx.annotation:annotation-experimental:1.4.1) with AarToClassTransform
Transforming annotation-experimental-1.4.1.aar (androidx.annotation:annotation-experimental:1.4.1) with EnumerateClassesTransform
Transforming exifinterface-1.3.7.aar (androidx.exifinterface:exifinterface:1.3.7) with AarToClassTransform
Transforming exifinterface-1.3.7.aar (androidx.exifinterface:exifinterface:1.3.7) with EnumerateClassesTransform
Transforming api-13.1.5.aar (dev.rikka.shizuku:api:13.1.5) with AarToClassTransform
Transforming api-13.1.5.aar (dev.rikka.shizuku:api:13.1.5) with EnumerateClassesTransform
Transforming appiconloader-1.5.0.aar (me.zhanghai.android.appiconloader:appiconloader:1.5.0) with AarToClassTransform
Transforming appiconloader-1.5.0.aar (me.zhanghai.android.appiconloader:appiconloader:1.5.0) with EnumerateClassesTransform
Transforming library-1.1.4.aar (me.zhanghai.android.libarchive:library:1.1.4) with AarToClassTransform
Transforming library-1.1.4.aar (me.zhanghai.android.libarchive:library:1.1.4) with EnumerateClassesTransform
Transforming library-2.1.0.aar (me.zhanghai.android.libselinux:library:2.1.0) with AarToClassTransform
Transforming library-2.1.0.aar (me.zhanghai.android.libselinux:library:2.1.0) with EnumerateClassesTransform
Transforming cursoradapter-1.0.0.aar (androidx.cursoradapter:cursoradapter:1.0.0) with AarToClassTransform
Transforming cursoradapter-1.0.0.aar (androidx.cursoradapter:cursoradapter:1.0.0) with EnumerateClassesTransform
Transforming profileinstaller-1.3.1.aar (androidx.profileinstaller:profileinstaller:1.3.1) with AarToClassTransform
Transforming profileinstaller-1.3.1.aar (androidx.profileinstaller:profileinstaller:1.3.1) with EnumerateClassesTransform
Transforming resourceinspection-annotation-1.0.1.jar (androidx.resourceinspection:resourceinspection-annotation:1.0.1) with IdentityTransform
Transforming resourceinspection-annotation-1.0.1.jar (androidx.resourceinspection:resourceinspection-annotation:1.0.1) with EnumerateClassesTransform
Transforming startup-runtime-1.1.1.aar (androidx.startup:startup-runtime:1.1.1) with AarToClassTransform
Transforming startup-runtime-1.1.1.aar (androidx.startup:startup-runtime:1.1.1) with EnumerateClassesTransform
Transforming interpolator-1.0.0.aar (androidx.interpolator:interpolator:1.0.0) with AarToClassTransform
Transforming interpolator-1.0.0.aar (androidx.interpolator:interpolator:1.0.0) with EnumerateClassesTransform
Transforming interpolator-1.0.0.aar (androidx.interpolator:interpolator:1.0.0) with AarToClassTransform
Transforming interpolator-1.0.0.aar (androidx.interpolator:interpolator:1.0.0) with EnumerateClassesTransform
Transforming cardview-1.0.0.aar (androidx.cardview:cardview:1.0.0) with AarToClassTransform
Transforming cardview-1.0.0.aar (androidx.cardview:cardview:1.0.0) with EnumerateClassesTransform
Transforming shared-13.1.5.aar (dev.rikka.shizuku:shared:13.1.5) with AarToClassTransform
Transforming shared-13.1.5.aar (dev.rikka.shizuku:shared:13.1.5) with EnumerateClassesTransform
Transforming appiconloader-iconloaderlib-1.5.0.aar (me.zhanghai.android.appiconloader:appiconloader-iconloaderlib:1.5.0) with AarToClassTransform
Transforming appiconloader-iconloaderlib-1.5.0.aar (me.zhanghai.android.appiconloader:appiconloader-iconloaderlib:1.5.0) with EnumerateClassesTransform
Transforming core-runtime-2.2.0.aar (androidx.arch.core:core-runtime:2.2.0) with AarToClassTransform
Transforming core-runtime-2.2.0.aar (androidx.arch.core:core-runtime:2.2.0) with EnumerateClassesTransform
Transforming exoplayer-datasource-2.18.7.aar (com.google.android.exoplayer:exoplayer-datasource:2.18.7) with AarToClassTransform
Transforming exoplayer-datasource-2.18.7.aar (com.google.android.exoplayer:exoplayer-datasource:2.18.7) with EnumerateClassesTransform
Transforming exoplayer-extractor-2.18.7.aar (com.google.android.exoplayer:exoplayer-extractor:2.18.7) with AarToClassTransform
Transforming exoplayer-extractor-2.18.7.aar (com.google.android.exoplayer:exoplayer-extractor:2.18.7) with EnumerateClassesTransform
Transforming exoplayer-decoder-2.18.7.aar (com.google.android.exoplayer:exoplayer-decoder:2.18.7) with AarToClassTransform
Transforming exoplayer-decoder-2.18.7.aar (com.google.android.exoplayer:exoplayer-decoder:2.18.7) with EnumerateClassesTransform
Transforming exoplayer-database-2.18.7.aar (com.google.android.exoplayer:exoplayer-database:2.18.7) with AarToClassTransform
Transforming exoplayer-database-2.18.7.aar (com.google.android.exoplayer:exoplayer-database:2.18.7) with EnumerateClassesTransform
Transforming exoplayer-common-2.18.7.aar (com.google.android.exoplayer:exoplayer-common:2.18.7) with AarToClassTransform
Transforming exoplayer-common-2.18.7.aar (com.google.android.exoplayer:exoplayer-common:2.18.7) with EnumerateClassesTransform
Transforming firebase-components-18.0.0.aar (com.google.firebase:firebase-components:18.0.0) with AarToClassTransform
Transforming firebase-components-18.0.0.aar (com.google.firebase:firebase-components:18.0.0) with EnumerateClassesTransform
Transforming tracing-1.2.0.aar (androidx.tracing:tracing:1.2.0) with AarToClassTransform
Transforming tracing-1.2.0.aar (androidx.tracing:tracing:1.2.0) with EnumerateClassesTransform
Transforming versionedparcelable-1.1.1.aar (androidx.versionedparcelable:versionedparcelable:1.1.1) with AarToClassTransform
Transforming versionedparcelable-1.1.1.aar (androidx.versionedparcelable:versionedparcelable:1.1.1) with EnumerateClassesTransform
Transforming core-common-2.2.0.jar (androidx.arch.core:core-common:2.2.0) with IdentityTransform
Transforming core-common-2.2.0.jar (androidx.arch.core:core-common:2.2.0) with EnumerateClassesTransform
Transforming firebase-config-interop-16.0.1.aar (com.google.firebase:firebase-config-interop:16.0.1) with AarToClassTransform
Transforming firebase-config-interop-16.0.1.aar (com.google.firebase:firebase-config-interop:16.0.1) with EnumerateClassesTransform
Transforming firebase-datatransport-19.0.0.aar (com.google.firebase:firebase-datatransport:19.0.0) with AarToClassTransform
Transforming firebase-datatransport-19.0.0.aar (com.google.firebase:firebase-datatransport:19.0.0) with EnumerateClassesTransform
Transforming transport-backend-cct-3.3.0.aar (com.google.android.datatransport:transport-backend-cct:3.3.0) with AarToClassTransform
Transforming transport-backend-cct-3.3.0.aar (com.google.android.datatransport:transport-backend-cct:3.3.0) with EnumerateClassesTransform
Transforming firebase-encoders-json-18.0.1.aar (com.google.firebase:firebase-encoders-json:18.0.1) with AarToClassTransform
Transforming firebase-encoders-json-18.0.1.aar (com.google.firebase:firebase-encoders-json:18.0.1) with EnumerateClassesTransform
Transforming transport-runtime-3.3.0.aar (com.google.android.datatransport:transport-runtime:3.3.0) with AarToClassTransform
Transforming transport-runtime-3.3.0.aar (com.google.android.datatransport:transport-runtime:3.3.0) with EnumerateClassesTransform
Transforming transport-api-3.2.0.aar (com.google.android.datatransport:transport-api:3.2.0) with AarToClassTransform
Transforming transport-api-3.2.0.aar (com.google.android.datatransport:transport-api:3.2.0) with EnumerateClassesTransform
Transforming concurrent-futures-1.1.0.jar (androidx.concurrent:concurrent-futures:1.1.0) with IdentityTransform
Transforming concurrent-futures-1.1.0.jar (androidx.concurrent:concurrent-futures:1.1.0) with EnumerateClassesTransform
Transforming firebase-encoders-17.0.0.jar (com.google.firebase:firebase-encoders:17.0.0) with IdentityTransform
Transforming firebase-encoders-17.0.0.jar (com.google.firebase:firebase-encoders:17.0.0) with EnumerateClassesTransform
Transforming collection-ktx-1.4.2.jar (androidx.collection:collection-ktx:1.4.2) with IdentityTransform
Transforming collection-ktx-1.4.2.jar (androidx.collection:collection-ktx:1.4.2) with EnumerateClassesTransform
Transforming collection-jvm-1.4.2.jar (androidx.collection:collection-jvm:1.4.2) with IdentityTransform
Transforming collection-jvm-1.4.2.jar (androidx.collection:collection-jvm:1.4.2) with EnumerateClassesTransform
Transforming documentfile-1.0.0.aar (androidx.documentfile:documentfile:1.0.0) with AarToClassTransform
Transforming documentfile-1.0.0.aar (androidx.documentfile:documentfile:1.0.0) with EnumerateClassesTransform
Transforming localbroadcastmanager-1.0.0.aar (androidx.localbroadcastmanager:localbroadcastmanager:1.0.0) with AarToClassTransform
Transforming localbroadcastmanager-1.0.0.aar (androidx.localbroadcastmanager:localbroadcastmanager:1.0.0) with EnumerateClassesTransform
Transforming print-1.0.0.aar (androidx.print:print:1.0.0) with AarToClassTransform
Transforming print-1.0.0.aar (androidx.print:print:1.0.0) with EnumerateClassesTransform
Transforming annotation-jvm-1.9.0.jar (androidx.annotation:annotation-jvm:1.9.0) with IdentityTransform
Transforming firebase-encoders-proto-16.0.0.jar (com.google.firebase:firebase-encoders-proto:16.0.0) with IdentityTransform
Transforming annotation-jvm-1.9.0.jar (androidx.annotation:annotation-jvm:1.9.0) with EnumerateClassesTransform
Transforming firebase-encoders-proto-16.0.0.jar (com.google.firebase:firebase-encoders-proto:16.0.0) with EnumerateClassesTransform
Transforming okhttp-4.12.0.jar (com.squareup.okhttp3:okhttp:4.12.0) with IdentityTransform
Transforming okhttp-4.12.0.jar (com.squareup.okhttp3:okhttp:4.12.0) with EnumerateClassesTransform
Transforming okio-jvm-3.9.0.jar (com.squareup.okio:okio-jvm:3.9.0) with IdentityTransform
Transforming okio-jvm-3.9.0.jar (com.squareup.okio:okio-jvm:3.9.0) with EnumerateClassesTransform
Transforming kotlin-stdlib-2.0.0.jar (org.jetbrains.kotlin:kotlin-stdlib:2.0.0) with IdentityTransform
Transforming kotlin-stdlib-2.0.0.jar (org.jetbrains.kotlin:kotlin-stdlib:2.0.0) with EnumerateClassesTransform
Transforming kotlin-stdlib-jdk8-1.9.24.jar (org.jetbrains.kotlin:kotlin-stdlib-jdk8:1.9.24) with IdentityTransform
Transforming kotlin-stdlib-jdk8-1.9.24.jar (org.jetbrains.kotlin:kotlin-stdlib-jdk8:1.9.24) with EnumerateClassesTransform
Transforming androidsvg-aar-1.4.aar (com.caverock:androidsvg-aar:1.4) with AarToClassTransform
Transforming androidsvg-aar-1.4.aar (com.caverock:androidsvg-aar:1.4) with EnumerateClassesTransform
Transforming drawer-1.0.3.aar (com.drakeet.drawer:drawer:1.0.3) with AarToClassTransform
Transforming drawer-1.0.3.aar (com.drakeet.drawer:drawer:1.0.3) with EnumerateClassesTransform
Transforming dcerpc-0.12.1.jar (com.rapid7.client:dcerpc:0.12.1) with IdentityTransform
Transforming dcerpc-0.12.1.jar (com.rapid7.client:dcerpc:0.12.1) with EnumerateClassesTransform
Transforming smbj-0.11.5.jar (com.hierynomus:smbj:0.11.5) with IdentityTransform
Transforming smbj-0.11.5.jar (com.hierynomus:smbj:0.11.5) with EnumerateClassesTransform
Transforming bcpkix-jdk15to18-1.78.1.jar (org.bouncycastle:bcpkix-jdk15to18:1.78.1) with IdentityTransform
Transforming bcpkix-jdk15to18-1.78.1.jar (org.bouncycastle:bcpkix-jdk15to18:1.78.1) with EnumerateClassesTransform
Transforming bcutil-jdk15to18-1.78.1.jar (org.bouncycastle:bcutil-jdk15to18:1.78.1) with IdentityTransform
Transforming bcutil-jdk15to18-1.78.1.jar (org.bouncycastle:bcutil-jdk15to18:1.78.1) with EnumerateClassesTransform
Transforming bcprov-jdk15to18-1.78.1.jar (org.bouncycastle:bcprov-jdk15to18:1.78.1) with IdentityTransform
Transforming bcprov-jdk15to18-1.78.1.jar (org.bouncycastle:bcprov-jdk15to18:1.78.1) with EnumerateClassesTransform
Transforming sshj-0.39.0.jar (com.hierynomus:sshj:0.39.0) with IdentityTransform
Transforming sshj-0.39.0.jar (com.hierynomus:sshj:0.39.0) with EnumerateClassesTransform
Transforming guava-33.3.1-android.jar (com.google.guava:guava:33.3.1-android) with IdentityTransform
Transforming guava-33.3.1-android.jar (com.google.guava:guava:33.3.1-android) with EnumerateClassesTransform
Transforming listenablefuture-9999.0-empty-to-avoid-conflict-with-guava.jar (com.google.guava:listenablefuture:9999.0-empty-to-avoid-conflict-with-guava) with IdentityTransform
Transforming listenablefuture-9999.0-empty-to-avoid-conflict-with-guava.jar (com.google.guava:listenablefuture:9999.0-empty-to-avoid-conflict-with-guava) with EnumerateClassesTransform
Transforming commons-net-3.11.1.jar (commons-net:commons-net:3.11.1) with IdentityTransform
Transforming commons-net-3.11.1.jar (commons-net:commons-net:3.11.1) with EnumerateClassesTransform
Transforming jcifs-ng-2.1.10.jar (eu.agno3.jcifs:jcifs-ng:2.1.10) with IdentityTransform
Transforming jcifs-ng-2.1.10.jar (eu.agno3.jcifs:jcifs-ng:2.1.10) with EnumerateClassesTransform
Transforming library-1.2.0.aar (me.zhanghai.android.retrofile:library:1.2.0) with AarToClassTransform
Transforming library-1.2.0.aar (me.zhanghai.android.retrofile:library:1.2.0) with EnumerateClassesTransform
Transforming library-1.0.0.aar (me.zhanghai.android.systemuihelper:library:1.0.0) with AarToClassTransform
Transforming library-1.0.0.aar (me.zhanghai.android.systemuihelper:library:1.0.0) with EnumerateClassesTransform
Transforming ftpserver-core-1.2.0.jar (org.apache.ftpserver:ftpserver-core:1.2.0) with IdentityTransform
Transforming ftpserver-core-1.2.0.jar (org.apache.ftpserver:ftpserver-core:1.2.0) with EnumerateClassesTransform
Transforming mina-core-2.1.3.jar (org.apache.mina:mina-core:2.1.3) with IdentityTransform
Transforming mina-core-2.1.3.jar (org.apache.mina:mina-core:2.1.3) with EnumerateClassesTransform
Transforming slf4j-android-1.7.36.jar (org.slf4j:slf4j-android:1.7.36) with IdentityTransform
Transforming slf4j-android-1.7.36.jar (org.slf4j:slf4j-android:1.7.36) with EnumerateClassesTransform
Transforming gson-2.10.1.jar (com.google.code.gson:gson:2.10.1) with IdentityTransform
Transforming gson-2.10.1.jar (com.google.code.gson:gson:2.10.1) with EnumerateClassesTransform
Transforming HoloColorPicker-1.5.aar (com.larswerkman:HoloColorPicker:1.5) with AarToClassTransform
Transforming HoloColorPicker-1.5.aar (com.larswerkman:HoloColorPicker:1.5) with EnumerateClassesTransform
Transforming core-5.2.2.aar (com.github.topjohnwu.libsu:core:5.2.2) with AarToClassTransform
Transforming core-5.2.2.aar (com.github.topjohnwu.libsu:core:5.2.2) with EnumerateClassesTransform
Transforming error_prone_annotations-2.28.0.jar (com.google.errorprone:error_prone_annotations:2.28.0) with IdentityTransform
Transforming error_prone_annotations-2.28.0.jar (com.google.errorprone:error_prone_annotations:2.28.0) with EnumerateClassesTransform
Transforming slf4j-api-2.0.13.jar (org.slf4j:slf4j-api:2.0.13) with IdentityTransform
Transforming slf4j-api-2.0.13.jar (org.slf4j:slf4j-api:2.0.13) with EnumerateClassesTransform
Transforming commons-io-2.7.jar (commons-io:commons-io:2.7) with IdentityTransform
Transforming commons-io-2.7.jar (commons-io:commons-io:2.7) with EnumerateClassesTransform
Transforming commons-lang3-3.4.jar (org.apache.commons:commons-lang3:3.4) with IdentityTransform
Transforming asn-one-0.6.0.jar (com.hierynomus:asn-one:0.6.0) with IdentityTransform
Transforming asn-one-0.6.0.jar (com.hierynomus:asn-one:0.6.0) with EnumerateClassesTransform
Transforming commons-lang3-3.4.jar (org.apache.commons:commons-lang3:3.4) with EnumerateClassesTransform
Transforming failureaccess-1.0.2.jar (com.google.guava:failureaccess:1.0.2) with IdentityTransform
Transforming failureaccess-1.0.2.jar (com.google.guava:failureaccess:1.0.2) with EnumerateClassesTransform
Transforming jsr305-3.0.2.jar (com.google.code.findbugs:jsr305:3.0.2) with IdentityTransform
Transforming jsr305-3.0.2.jar (com.google.code.findbugs:jsr305:3.0.2) with EnumerateClassesTransform
Transforming checker-qual-3.43.0.jar (org.checkerframework:checker-qual:3.43.0) with IdentityTransform
Transforming checker-qual-3.43.0.jar (org.checkerframework:checker-qual:3.43.0) with EnumerateClassesTransform
Transforming j2objc-annotations-3.0.0.jar (com.google.j2objc:j2objc-annotations:3.0.0) with IdentityTransform
Transforming mbassador-1.3.0.jar (net.engio:mbassador:1.3.0) with IdentityTransform
Transforming j2objc-annotations-3.0.0.jar (com.google.j2objc:j2objc-annotations:3.0.0) with EnumerateClassesTransform
Transforming mbassador-1.3.0.jar (net.engio:mbassador:1.3.0) with EnumerateClassesTransform
Transforming aidl-13.1.5.aar (dev.rikka.shizuku:aidl:13.1.5) with AarToClassTransform
Transforming aidl-13.1.5.aar (dev.rikka.shizuku:aidl:13.1.5) with EnumerateClassesTransform
Transforming ftplet-api-1.2.0.jar (org.apache.ftpserver:ftplet-api:1.2.0) with IdentityTransform
Transforming ftplet-api-1.2.0.jar (org.apache.ftpserver:ftplet-api:1.2.0) with EnumerateClassesTransform
Transforming annotations-23.0.0.jar (org.jetbrains:annotations:23.0.0) with IdentityTransform
Transforming annotations-23.0.0.jar (org.jetbrains:annotations:23.0.0) with EnumerateClassesTransform
Transforming constraintlayout-solver-2.0.1.jar (androidx.constraintlayout:constraintlayout-solver:2.0.1) with IdentityTransform
Transforming constraintlayout-solver-2.0.1.jar (androidx.constraintlayout:constraintlayout-solver:2.0.1) with EnumerateClassesTransform
Transforming firebase-annotations-16.2.0.jar (com.google.firebase:firebase-annotations:16.2.0) with IdentityTransform
Transforming eddsa-0.3.0.jar (net.i2p.crypto:eddsa:0.3.0) with IdentityTransform
Transforming eddsa-0.3.0.jar (net.i2p.crypto:eddsa:0.3.0) with EnumerateClassesTransform
Transforming firebase-annotations-16.2.0.jar (com.google.firebase:firebase-annotations:16.2.0) with EnumerateClassesTransform
Transforming javax.inject-1.jar (javax.inject:javax.inject:1) with IdentityTransform
Transforming javax.inject-1.jar (javax.inject:javax.inject:1) with EnumerateClassesTransform
file or directory 'E:\For Safe Keeping\WEB REF\MaterialFiles\app\libs', not found
Caching disabled for task ':app:checkDebugDuplicateClasses' because:
  Build cache is disabled
  Caching has been disabled for the task
Skipping task ':app:checkDebugDuplicateClasses' as it is up-to-date.
Resolve mutations for :app:desugarDebugFileDependencies (Thread[Execution worker Thread 4,5,main]) started.
:app:desugarDebugFileDependencies (Thread[Execution worker Thread 4,5,main]) started.

> Task :app:desugarDebugFileDependencies UP-TO-DATE
file or directory 'E:\For Safe Keeping\WEB REF\MaterialFiles\app\libs', not found
file or directory 'E:\For Safe Keeping\WEB REF\MaterialFiles\app\libs', not found
Transforming viewbinding-8.5.0.aar (androidx.databinding:viewbinding:8.5.0) with ExtractAarTransform
Transforming viewbinding-8.5.0.aar (androidx.databinding:viewbinding:8.5.0) with AarTransform
Transforming PhotoView-2.3.0.aar (com.github.chrisbanes:PhotoView:2.3.0) with ExtractAarTransform
Transforming PhotoView-2.3.0.aar (com.github.chrisbanes:PhotoView:2.3.0) with AarTransform
Transforming service-5.2.2.aar (com.github.topjohnwu.libsu:service:5.2.2) with ExtractAarTransform
Transforming service-5.2.2.aar (com.github.topjohnwu.libsu:service:5.2.2) with AarTransform
Transforming preference-ktx-1.2.1.aar (androidx.preference:preference-ktx:1.2.1) with ExtractAarTransform
Transforming preference-ktx-1.2.1.aar (androidx.preference:preference-ktx:1.2.1) with AarTransform
Transforming speed-dial-3.3.0.aar (com.leinardi.android:speed-dial:3.3.0) with ExtractAarTransform
Transforming speed-dial-3.3.0.aar (com.leinardi.android:speed-dial:3.3.0) with AarTransform
Transforming material-1.12.0.aar (com.google.android.material:material:1.12.0) with ExtractAarTransform
Transforming material-1.12.0.aar (com.google.android.material:material:1.12.0) with AarTransform
Transforming subsampling-scale-image-view-androidx-3.10.0.aar (com.davemorrissey.labs:subsampling-scale-image-view-androidx:3.10.0) with ExtractAarTransform
Transforming subsampling-scale-image-view-androidx-3.10.0.aar (com.davemorrissey.labs:subsampling-scale-image-view-androidx:3.10.0) with AarTransform
Transforming licensesdialog-2.1.0.aar (de.psdev.licensesdialog:licensesdialog:2.1.0) with ExtractAarTransform
Transforming licensesdialog-2.1.0.aar (de.psdev.licensesdialog:licensesdialog:2.1.0) with AarTransform
Transforming library-1.3.0.aar (me.zhanghai.android.fastscroll:library:1.3.0) with ExtractAarTransform
Transforming library-1.3.0.aar (me.zhanghai.android.fastscroll:library:1.3.0) with AarTransform
Transforming library-1.0.2.aar (me.zhanghai.android.foregroundcompat:library:1.0.2) with ExtractAarTransform
Transforming library-1.0.2.aar (me.zhanghai.android.foregroundcompat:library:1.0.2) with AarTransform
Transforming coil-gif-2.7.0.aar (io.coil-kt:coil-gif:2.7.0) with ExtractAarTransform
Transforming coil-gif-2.7.0.aar (io.coil-kt:coil-gif:2.7.0) with AarTransform
Transforming coil-2.7.0.aar (io.coil-kt:coil:2.7.0) with ExtractAarTransform
Transforming coil-2.7.0.aar (io.coil-kt:coil:2.7.0) with AarTransform
Transforming coil-svg-2.7.0.aar (io.coil-kt:coil-svg:2.7.0) with ExtractAarTransform
Transforming coil-svg-2.7.0.aar (io.coil-kt:coil-svg:2.7.0) with AarTransform
Transforming coil-video-2.7.0.aar (io.coil-kt:coil-video:2.7.0) with ExtractAarTransform
Transforming coil-video-2.7.0.aar (io.coil-kt:coil-video:2.7.0) with AarTransform
Transforming coil-base-2.7.0.aar (io.coil-kt:coil-base:2.7.0) with ExtractAarTransform
Transforming coil-base-2.7.0.aar (io.coil-kt:coil-base:2.7.0) with AarTransform
Transforming appcompat-resources-1.7.0.aar (androidx.appcompat:appcompat-resources:1.7.0) with ExtractAarTransform
Transforming appcompat-resources-1.7.0.aar (androidx.appcompat:appcompat-resources:1.7.0) with AarTransform
Transforming preferencex-1.1.0.aar (com.takisoft.preferencex:preferencex:1.1.0) with ExtractAarTransform
Transforming preferencex-1.1.0.aar (com.takisoft.preferencex:preferencex:1.1.0) with AarTransform
Transforming simplemenu-preference-1.0.3.aar (dev.rikka.rikkax.preference:simplemenu-preference:1.0.3) with ExtractAarTransform
Transforming simplemenu-preference-1.0.3.aar (dev.rikka.rikkax.preference:simplemenu-preference:1.0.3) with AarTransform
Transforming preference-1.2.1.aar (androidx.preference:preference:1.2.1) with ExtractAarTransform
Transforming preference-1.2.1.aar (androidx.preference:preference:1.2.1) with AarTransform
Transforming constraintlayout-2.0.1.aar (androidx.constraintlayout:constraintlayout:2.0.1) with ExtractAarTransform
Transforming constraintlayout-2.0.1.aar (androidx.constraintlayout:constraintlayout:2.0.1) with AarTransform
Transforming appcompat-1.7.0.aar (androidx.appcompat:appcompat:1.7.0) with ExtractAarTransform
Transforming appcompat-1.7.0.aar (androidx.appcompat:appcompat:1.7.0) with AarTransform
Transforming appcompat-1.7.0.aar (androidx.appcompat:appcompat:1.7.0) with ExtractAarTransform
Transforming appcompat-1.7.0.aar (androidx.appcompat:appcompat:1.7.0) with AarTransform
Transforming advrecyclerview-1.0.0.aar (com.h6ah4i.android.widget.advrecyclerview:advrecyclerview:1.0.0) with ExtractAarTransform
Transforming advrecyclerview-1.0.0.aar (com.h6ah4i.android.widget.advrecyclerview:advrecyclerview:1.0.0) with AarTransform
Transforming exoplayer-2.18.7.aar (com.google.android.exoplayer:exoplayer:2.18.7) with ExtractAarTransform
Transforming exoplayer-2.18.7.aar (com.google.android.exoplayer:exoplayer:2.18.7) with AarTransform
Transforming exoplayer-ui-2.18.7.aar (com.google.android.exoplayer:exoplayer-ui:2.18.7) with ExtractAarTransform
Transforming exoplayer-ui-2.18.7.aar (com.google.android.exoplayer:exoplayer-ui:2.18.7) with AarTransform
Transforming recyclerview-1.3.2.aar (androidx.recyclerview:recyclerview:1.3.2) with ExtractAarTransform
Transforming recyclerview-1.3.2.aar (androidx.recyclerview:recyclerview:1.3.2) with AarTransform
Transforming viewpager2-1.1.0-beta02.aar (androidx.viewpager2:viewpager2:1.1.0-beta02) with ExtractAarTransform
Transforming viewpager2-1.1.0-beta02.aar (androidx.viewpager2:viewpager2:1.1.0-beta02) with AarTransform
Transforming firebase-crashlytics-ndk-19.2.1.aar (com.google.firebase:firebase-crashlytics-ndk:19.2.1) with ExtractAarTransform
Transforming firebase-crashlytics-ndk-19.2.1.aar (com.google.firebase:firebase-crashlytics-ndk:19.2.1) with AarTransform
Transforming firebase-crashlytics-19.2.1.aar (com.google.firebase:firebase-crashlytics:19.2.1) with ExtractAarTransform
Transforming firebase-crashlytics-19.2.1.aar (com.google.firebase:firebase-crashlytics:19.2.1) with AarTransform
Transforming firebase-analytics-22.1.2.aar (com.google.firebase:firebase-analytics:22.1.2) with ExtractAarTransform
Transforming firebase-analytics-22.1.2.aar (com.google.firebase:firebase-analytics:22.1.2) with AarTransform
Transforming play-services-measurement-api-22.1.2.aar (com.google.android.gms:play-services-measurement-api:22.1.2) with ExtractAarTransform
Transforming play-services-measurement-api-22.1.2.aar (com.google.android.gms:play-services-measurement-api:22.1.2) with AarTransform
Transforming firebase-sessions-2.0.6.aar (com.google.firebase:firebase-sessions:2.0.6) with ExtractAarTransform
Transforming firebase-sessions-2.0.6.aar (com.google.firebase:firebase-sessions:2.0.6) with AarTransform
Transforming firebase-installations-18.0.0.aar (com.google.firebase:firebase-installations:18.0.0) with ExtractAarTransform
Transforming firebase-installations-18.0.0.aar (com.google.firebase:firebase-installations:18.0.0) with AarTransform
Transforming firebase-common-ktx-21.0.0.aar (com.google.firebase:firebase-common-ktx:21.0.0) with ExtractAarTransform
Transforming firebase-common-ktx-21.0.0.aar (com.google.firebase:firebase-common-ktx:21.0.0) with AarTransform
Transforming firebase-common-21.0.0.aar (com.google.firebase:firebase-common:21.0.0) with ExtractAarTransform
Transforming firebase-common-21.0.0.aar (com.google.firebase:firebase-common:21.0.0) with AarTransform
Transforming play-services-measurement-22.1.2.aar (com.google.android.gms:play-services-measurement:22.1.2) with ExtractAarTransform
Transforming play-services-measurement-22.1.2.aar (com.google.android.gms:play-services-measurement:22.1.2) with AarTransform
Transforming play-services-measurement-sdk-22.1.2.aar (com.google.android.gms:play-services-measurement-sdk:22.1.2) with ExtractAarTransform
Transforming play-services-measurement-sdk-22.1.2.aar (com.google.android.gms:play-services-measurement-sdk:22.1.2) with AarTransform
Transforming firebase-measurement-connector-20.0.1.aar (com.google.firebase:firebase-measurement-connector:20.0.1) with ExtractAarTransform
Transforming firebase-measurement-connector-20.0.1.aar (com.google.firebase:firebase-measurement-connector:20.0.1) with AarTransform
Transforming play-services-measurement-impl-22.1.2.aar (com.google.android.gms:play-services-measurement-impl:22.1.2) with ExtractAarTransform
Transforming play-services-measurement-impl-22.1.2.aar (com.google.android.gms:play-services-measurement-impl:22.1.2) with AarTransform
Transforming play-services-ads-identifier-18.0.0.aar (com.google.android.gms:play-services-ads-identifier:18.0.0) with ExtractAarTransform
Transforming play-services-ads-identifier-18.0.0.aar (com.google.android.gms:play-services-ads-identifier:18.0.0) with AarTransform
Transforming play-services-measurement-sdk-api-22.1.2.aar (com.google.android.gms:play-services-measurement-sdk-api:22.1.2) with ExtractAarTransform
Transforming play-services-measurement-sdk-api-22.1.2.aar (com.google.android.gms:play-services-measurement-sdk-api:22.1.2) with AarTransform
Transforming play-services-measurement-base-22.1.2.aar (com.google.android.gms:play-services-measurement-base:22.1.2) with ExtractAarTransform
Transforming play-services-measurement-base-22.1.2.aar (com.google.android.gms:play-services-measurement-base:22.1.2) with AarTransform
Transforming play-services-stats-17.0.2.aar (com.google.android.gms:play-services-stats:17.0.2) with ExtractAarTransform
Transforming play-services-stats-17.0.2.aar (com.google.android.gms:play-services-stats:17.0.2) with AarTransform
Transforming firebase-installations-interop-17.2.0.aar (com.google.firebase:firebase-installations-interop:17.2.0) with ExtractAarTransform
Transforming firebase-installations-interop-17.2.0.aar (com.google.firebase:firebase-installations-interop:17.2.0) with AarTransform
Transforming emoji2-views-helper-1.3.0.aar (androidx.emoji2:emoji2-views-helper:1.3.0) with ExtractAarTransform
Transforming emoji2-views-helper-1.3.0.aar (androidx.emoji2:emoji2-views-helper:1.3.0) with AarTransform
Transforming emoji2-1.3.0.aar (androidx.emoji2:emoji2:1.3.0) with ExtractAarTransform
Transforming emoji2-1.3.0.aar (androidx.emoji2:emoji2:1.3.0) with AarTransform
Transforming activity-1.9.3.aar (androidx.activity:activity:1.9.3) with ExtractAarTransform
Transforming activity-1.9.3.aar (androidx.activity:activity:1.9.3) with AarTransform
Transforming customview-poolingcontainer-1.0.0.aar (androidx.customview:customview-poolingcontainer:1.0.0) with ExtractAarTransform
Transforming customview-poolingcontainer-1.0.0.aar (androidx.customview:customview-poolingcontainer:1.0.0) with AarTransform
Transforming ads-adservices-java-1.0.0-beta05.aar (androidx.privacysandbox.ads:ads-adservices-java:1.0.0-beta05) with ExtractAarTransform
Transforming ads-adservices-java-1.0.0-beta05.aar (androidx.privacysandbox.ads:ads-adservices-java:1.0.0-beta05) with AarTransform
Transforming ads-adservices-1.0.0-beta05.aar (androidx.privacysandbox.ads:ads-adservices:1.0.0-beta05) with ExtractAarTransform
Transforming ads-adservices-1.0.0-beta05.aar (androidx.privacysandbox.ads:ads-adservices:1.0.0-beta05) with AarTransform
Transforming ads-adservices-1.0.0-beta05.aar (androidx.privacysandbox.ads:ads-adservices:1.0.0-beta05) with ExtractAarTransform
Transforming ads-adservices-1.0.0-beta05.aar (androidx.privacysandbox.ads:ads-adservices:1.0.0-beta05) with AarTransform
Transforming core-ktx-1.15.0.aar (androidx.core:core-ktx:1.15.0) with ExtractAarTransform
Transforming core-ktx-1.15.0.aar (androidx.core:core-ktx:1.15.0) with AarTransform
Transforming drawerlayout-1.2.0.aar (androidx.drawerlayout:drawerlayout:1.2.0) with ExtractAarTransform
Transforming drawerlayout-1.2.0.aar (androidx.drawerlayout:drawerlayout:1.2.0) with AarTransform
Transforming swiperefreshlayout-1.1.0.aar (androidx.swiperefreshlayout:swiperefreshlayout:1.1.0) with ExtractAarTransform
Transforming swiperefreshlayout-1.1.0.aar (androidx.swiperefreshlayout:swiperefreshlayout:1.1.0) with AarTransform
Transforming materialshadowninepatch-1.0.0.aar (com.h6ah4i.android.materialshadowninepatch:materialshadowninepatch:1.0.0) with ExtractAarTransform
Transforming materialshadowninepatch-1.0.0.aar (com.h6ah4i.android.materialshadowninepatch:materialshadowninepatch:1.0.0) with AarTransform
Transforming insetter-ktx-0.3.1.aar (dev.chrisbanes:insetter-ktx:0.3.1) with ExtractAarTransform
Transforming insetter-ktx-0.3.1.aar (dev.chrisbanes:insetter-ktx:0.3.1) with AarTransform
Transforming exoplayer-dash-2.18.7.aar (com.google.android.exoplayer:exoplayer-dash:2.18.7) with ExtractAarTransform
Transforming exoplayer-dash-2.18.7.aar (com.google.android.exoplayer:exoplayer-dash:2.18.7) with AarTransform
Transforming exoplayer-hls-2.18.7.aar (com.google.android.exoplayer:exoplayer-hls:2.18.7) with ExtractAarTransform
Transforming exoplayer-hls-2.18.7.aar (com.google.android.exoplayer:exoplayer-hls:2.18.7) with AarTransform
Transforming exoplayer-rtsp-2.18.7.aar (com.google.android.exoplayer:exoplayer-rtsp:2.18.7) with ExtractAarTransform
Transforming exoplayer-rtsp-2.18.7.aar (com.google.android.exoplayer:exoplayer-rtsp:2.18.7) with AarTransform
Transforming exoplayer-smoothstreaming-2.18.7.aar (com.google.android.exoplayer:exoplayer-smoothstreaming:2.18.7) with ExtractAarTransform
Transforming exoplayer-smoothstreaming-2.18.7.aar (com.google.android.exoplayer:exoplayer-smoothstreaming:2.18.7) with AarTransform
Transforming exoplayer-core-2.18.7.aar (com.google.android.exoplayer:exoplayer-core:2.18.7) with ExtractAarTransform
Transforming exoplayer-core-2.18.7.aar (com.google.android.exoplayer:exoplayer-core:2.18.7) with AarTransform
Transforming coordinatorlayout-1.1.0.aar (androidx.coordinatorlayout:coordinatorlayout:1.1.0) with ExtractAarTransform
Transforming coordinatorlayout-1.1.0.aar (androidx.coordinatorlayout:coordinatorlayout:1.1.0) with AarTransform
Transforming viewpager-1.0.0.aar (androidx.viewpager:viewpager:1.0.0) with ExtractAarTransform
Transforming viewpager-1.0.0.aar (androidx.viewpager:viewpager:1.0.0) with AarTransform
Transforming slidingpanelayout-1.2.0.aar (androidx.slidingpanelayout:slidingpanelayout:1.2.0) with ExtractAarTransform
Transforming slidingpanelayout-1.2.0.aar (androidx.slidingpanelayout:slidingpanelayout:1.2.0) with AarTransform
Transforming customview-1.1.0.aar (androidx.customview:customview:1.1.0) with ExtractAarTransform
Transforming customview-1.1.0.aar (androidx.customview:customview:1.1.0) with AarTransform
Transforming customview-1.1.0.aar (androidx.customview:customview:1.1.0) with ExtractAarTransform
Transforming customview-1.1.0.aar (androidx.customview:customview:1.1.0) with AarTransform
Transforming transition-1.5.0.aar (androidx.transition:transition:1.5.0) with ExtractAarTransform
Transforming transition-1.5.0.aar (androidx.transition:transition:1.5.0) with AarTransform
Transforming dynamicanimation-1.0.0.aar (androidx.dynamicanimation:dynamicanimation:1.0.0) with ExtractAarTransform
Transforming dynamicanimation-1.0.0.aar (androidx.dynamicanimation:dynamicanimation:1.0.0) with AarTransform
Transforming vectordrawable-animated-1.1.0.aar (androidx.vectordrawable:vectordrawable-animated:1.1.0) with ExtractAarTransform
Transforming vectordrawable-animated-1.1.0.aar (androidx.vectordrawable:vectordrawable-animated:1.1.0) with AarTransform
Transforming vectordrawable-1.1.0.aar (androidx.vectordrawable:vectordrawable:1.1.0) with ExtractAarTransform
Transforming vectordrawable-1.1.0.aar (androidx.vectordrawable:vectordrawable:1.1.0) with AarTransform
Transforming vectordrawable-1.1.0.aar (androidx.vectordrawable:vectordrawable:1.1.0) with ExtractAarTransform
Transforming vectordrawable-1.1.0.aar (androidx.vectordrawable:vectordrawable:1.1.0) with AarTransform
Transforming insetter-0.3.1.aar (dev.chrisbanes:insetter:0.3.1) with ExtractAarTransform
Transforming insetter-0.3.1.aar (dev.chrisbanes:insetter:0.3.1) with AarTransform
Transforming media-1.6.0.aar (androidx.media:media:1.6.0) with ExtractAarTransform
Transforming media-1.6.0.aar (androidx.media:media:1.6.0) with AarTransform
Transforming legacy-support-core-utils-1.0.0.aar (androidx.legacy:legacy-support-core-utils:1.0.0) with ExtractAarTransform
Transforming legacy-support-core-utils-1.0.0.aar (androidx.legacy:legacy-support-core-utils:1.0.0) with AarTransform
Transforming loader-1.0.0.aar (androidx.loader:loader:1.0.0) with ExtractAarTransform
Transforming loader-1.0.0.aar (androidx.loader:loader:1.0.0) with AarTransform
Transforming loader-1.0.0.aar (androidx.loader:loader:1.0.0) with ExtractAarTransform
Transforming loader-1.0.0.aar (androidx.loader:loader:1.0.0) with AarTransform
Transforming window-1.0.0.aar (androidx.window:window:1.0.0) with ExtractAarTransform
Transforming window-1.0.0.aar (androidx.window:window:1.0.0) with AarTransform
Transforming play-services-base-18.5.0.aar (com.google.android.gms:play-services-base:18.5.0) with ExtractAarTransform
Transforming play-services-base-18.5.0.aar (com.google.android.gms:play-services-base:18.5.0) with AarTransform
Transforming core-1.15.0.aar (androidx.core:core:1.15.0) with ExtractAarTransform
Transforming core-1.15.0.aar (androidx.core:core:1.15.0) with AarTransform
Transforming core-1.15.0.aar (androidx.core:core:1.15.0) with ExtractAarTransform
Transforming core-1.15.0.aar (androidx.core:core:1.15.0) with AarTransform
Transforming savedstate-ktx-1.2.1.aar (androidx.savedstate:savedstate-ktx:1.2.1) with ExtractAarTransform
Transforming savedstate-ktx-1.2.1.aar (androidx.savedstate:savedstate-ktx:1.2.1) with AarTransform
Transforming savedstate-1.2.1.aar (androidx.savedstate:savedstate:1.2.1) with ExtractAarTransform
Transforming savedstate-1.2.1.aar (androidx.savedstate:savedstate:1.2.1) with AarTransform
Transforming lifecycle-viewmodel-2.8.7.aar (androidx.lifecycle:lifecycle-viewmodel:2.8.7) with ExtractAarTransform
Transforming lifecycle-viewmodel-2.8.7.aar (androidx.lifecycle:lifecycle-viewmodel:2.8.7) with AarTransform
Transforming lifecycle-viewmodel-release.aar (androidx.lifecycle:lifecycle-viewmodel-android:2.8.7) with ExtractAarTransform
Transforming lifecycle-viewmodel-release.aar (androidx.lifecycle:lifecycle-viewmodel-android:2.8.7) with AarTransform
Transforming lifecycle-runtime-release.aar (androidx.lifecycle:lifecycle-runtime-android:2.8.7) with ExtractAarTransform
Transforming lifecycle-runtime-release.aar (androidx.lifecycle:lifecycle-runtime-android:2.8.7) with AarTransform
Transforming lifecycle-livedata-core-2.8.7.aar (androidx.lifecycle:lifecycle-livedata-core:2.8.7) with ExtractAarTransform
Transforming lifecycle-livedata-core-2.8.7.aar (androidx.lifecycle:lifecycle-livedata-core:2.8.7) with AarTransform
Transforming lifecycle-viewmodel-savedstate-2.8.7.aar (androidx.lifecycle:lifecycle-viewmodel-savedstate:2.8.7) with ExtractAarTransform
Transforming lifecycle-viewmodel-savedstate-2.8.7.aar (androidx.lifecycle:lifecycle-viewmodel-savedstate:2.8.7) with AarTransform
Transforming lifecycle-runtime-ktx-release.aar (androidx.lifecycle:lifecycle-runtime-ktx-android:2.8.7) with ExtractAarTransform
Transforming lifecycle-runtime-ktx-release.aar (androidx.lifecycle:lifecycle-runtime-ktx-android:2.8.7) with AarTransform
Transforming lifecycle-livedata-2.8.7.aar (androidx.lifecycle:lifecycle-livedata:2.8.7) with ExtractAarTransform
Transforming lifecycle-livedata-2.8.7.aar (androidx.lifecycle:lifecycle-livedata:2.8.7) with AarTransform
Transforming lifecycle-livedata-2.8.7.aar (androidx.lifecycle:lifecycle-livedata:2.8.7) with ExtractAarTransform
Transforming lifecycle-livedata-2.8.7.aar (androidx.lifecycle:lifecycle-livedata:2.8.7) with AarTransform
Transforming lifecycle-livedata-core-ktx-2.8.7.aar (androidx.lifecycle:lifecycle-livedata-core-ktx:2.8.7) with ExtractAarTransform
Transforming lifecycle-livedata-core-ktx-2.8.7.aar (androidx.lifecycle:lifecycle-livedata-core-ktx:2.8.7) with AarTransform
Transforming lifecycle-process-2.8.7.aar (androidx.lifecycle:lifecycle-process:2.8.7) with ExtractAarTransform
Transforming lifecycle-process-2.8.7.aar (androidx.lifecycle:lifecycle-process:2.8.7) with AarTransform
Transforming lifecycle-livedata-ktx-2.8.7.aar (androidx.lifecycle:lifecycle-livedata-ktx:2.8.7) with ExtractAarTransform
Transforming lifecycle-livedata-ktx-2.8.7.aar (androidx.lifecycle:lifecycle-livedata-ktx:2.8.7) with AarTransform
Transforming datastore-preferences-1.0.0.aar (androidx.datastore:datastore-preferences:1.0.0) with ExtractAarTransform
Transforming datastore-preferences-1.0.0.aar (androidx.datastore:datastore-preferences:1.0.0) with AarTransform
Transforming datastore-1.0.0.aar (androidx.datastore:datastore:1.0.0) with ExtractAarTransform
Transforming datastore-1.0.0.aar (androidx.datastore:datastore:1.0.0) with AarTransform
Transforming play-services-tasks-18.2.0.aar (com.google.android.gms:play-services-tasks:18.2.0) with ExtractAarTransform
Transforming play-services-tasks-18.2.0.aar (com.google.android.gms:play-services-tasks:18.2.0) with AarTransform
Transforming play-services-tasks-18.2.0.aar (com.google.android.gms:play-services-tasks:18.2.0) with ExtractAarTransform
Transforming play-services-tasks-18.2.0.aar (com.google.android.gms:play-services-tasks:18.2.0) with AarTransform
Transforming play-services-basement-18.4.0.aar (com.google.android.gms:play-services-basement:18.4.0) with ExtractAarTransform
Transforming play-services-basement-18.4.0.aar (com.google.android.gms:play-services-basement:18.4.0) with AarTransform
Transforming fragment-1.8.5.aar (androidx.fragment:fragment:1.8.5) with ExtractAarTransform
Transforming fragment-1.8.5.aar (androidx.fragment:fragment:1.8.5) with AarTransform
Transforming fragment-1.8.5.aar (androidx.fragment:fragment:1.8.5) with ExtractAarTransform
Transforming fragment-1.8.5.aar (androidx.fragment:fragment:1.8.5) with AarTransform
Transforming fragment-ktx-1.8.5.aar (androidx.fragment:fragment-ktx:1.8.5) with ExtractAarTransform
Transforming fragment-ktx-1.8.5.aar (androidx.fragment:fragment-ktx:1.8.5) with AarTransform
Transforming activity-ktx-1.9.3.aar (androidx.activity:activity-ktx:1.9.3) with ExtractAarTransform
Transforming activity-ktx-1.9.3.aar (androidx.activity:activity-ktx:1.9.3) with AarTransform
Transforming lifecycle-viewmodel-ktx-2.8.7.aar (androidx.lifecycle:lifecycle-viewmodel-ktx:2.8.7) with ExtractAarTransform
Transforming lifecycle-viewmodel-ktx-2.8.7.aar (androidx.lifecycle:lifecycle-viewmodel-ktx:2.8.7) with AarTransform
Transforming room-runtime-2.6.1.aar (androidx.room:room-runtime:2.6.1) with ExtractAarTransform
Transforming room-runtime-2.6.1.aar (androidx.room:room-runtime:2.6.1) with AarTransform
Transforming room-ktx-2.6.1.aar (androidx.room:room-ktx:2.6.1) with ExtractAarTransform
Transforming room-ktx-2.6.1.aar (androidx.room:room-ktx:2.6.1) with AarTransform
Transforming sqlite-framework-2.4.0.aar (androidx.sqlite:sqlite-framework:2.4.0) with ExtractAarTransform
Transforming sqlite-framework-2.4.0.aar (androidx.sqlite:sqlite-framework:2.4.0) with AarTransform
Transforming sqlite-2.4.0.aar (androidx.sqlite:sqlite:2.4.0) with ExtractAarTransform
Transforming sqlite-2.4.0.aar (androidx.sqlite:sqlite:2.4.0) with AarTransform
Transforming annotation-experimental-1.4.1.aar (androidx.annotation:annotation-experimental:1.4.1) with ExtractAarTransform
Transforming annotation-experimental-1.4.1.aar (androidx.annotation:annotation-experimental:1.4.1) with AarTransform
Transforming exifinterface-1.3.7.aar (androidx.exifinterface:exifinterface:1.3.7) with ExtractAarTransform
Transforming exifinterface-1.3.7.aar (androidx.exifinterface:exifinterface:1.3.7) with AarTransform
Transforming api-13.1.5.aar (dev.rikka.shizuku:api:13.1.5) with ExtractAarTransform
Transforming api-13.1.5.aar (dev.rikka.shizuku:api:13.1.5) with AarTransform
Transforming appiconloader-1.5.0.aar (me.zhanghai.android.appiconloader:appiconloader:1.5.0) with ExtractAarTransform
Transforming appiconloader-1.5.0.aar (me.zhanghai.android.appiconloader:appiconloader:1.5.0) with AarTransform
Transforming library-1.1.4.aar (me.zhanghai.android.libarchive:library:1.1.4) with ExtractAarTransform
Transforming library-1.1.4.aar (me.zhanghai.android.libarchive:library:1.1.4) with AarTransform
Transforming library-2.1.0.aar (me.zhanghai.android.libselinux:library:2.1.0) with ExtractAarTransform
Transforming library-2.1.0.aar (me.zhanghai.android.libselinux:library:2.1.0) with AarTransform
Transforming cursoradapter-1.0.0.aar (androidx.cursoradapter:cursoradapter:1.0.0) with ExtractAarTransform
Transforming cursoradapter-1.0.0.aar (androidx.cursoradapter:cursoradapter:1.0.0) with AarTransform
Transforming profileinstaller-1.3.1.aar (androidx.profileinstaller:profileinstaller:1.3.1) with ExtractAarTransform
Transforming profileinstaller-1.3.1.aar (androidx.profileinstaller:profileinstaller:1.3.1) with AarTransform
Transforming startup-runtime-1.1.1.aar (androidx.startup:startup-runtime:1.1.1) with ExtractAarTransform
Transforming startup-runtime-1.1.1.aar (androidx.startup:startup-runtime:1.1.1) with AarTransform
Transforming interpolator-1.0.0.aar (androidx.interpolator:interpolator:1.0.0) with ExtractAarTransform
Transforming interpolator-1.0.0.aar (androidx.interpolator:interpolator:1.0.0) with AarTransform
Transforming interpolator-1.0.0.aar (androidx.interpolator:interpolator:1.0.0) with ExtractAarTransform
Transforming interpolator-1.0.0.aar (androidx.interpolator:interpolator:1.0.0) with AarTransform
Transforming cardview-1.0.0.aar (androidx.cardview:cardview:1.0.0) with ExtractAarTransform
Transforming cardview-1.0.0.aar (androidx.cardview:cardview:1.0.0) with AarTransform
Transforming shared-13.1.5.aar (dev.rikka.shizuku:shared:13.1.5) with ExtractAarTransform
Transforming shared-13.1.5.aar (dev.rikka.shizuku:shared:13.1.5) with AarTransform
Transforming appiconloader-iconloaderlib-1.5.0.aar (me.zhanghai.android.appiconloader:appiconloader-iconloaderlib:1.5.0) with ExtractAarTransform
Transforming appiconloader-iconloaderlib-1.5.0.aar (me.zhanghai.android.appiconloader:appiconloader-iconloaderlib:1.5.0) with AarTransform
Transforming core-runtime-2.2.0.aar (androidx.arch.core:core-runtime:2.2.0) with ExtractAarTransform
Transforming core-runtime-2.2.0.aar (androidx.arch.core:core-runtime:2.2.0) with AarTransform
Transforming exoplayer-datasource-2.18.7.aar (com.google.android.exoplayer:exoplayer-datasource:2.18.7) with ExtractAarTransform
Transforming exoplayer-datasource-2.18.7.aar (com.google.android.exoplayer:exoplayer-datasource:2.18.7) with AarTransform
Transforming exoplayer-extractor-2.18.7.aar (com.google.android.exoplayer:exoplayer-extractor:2.18.7) with ExtractAarTransform
Transforming exoplayer-extractor-2.18.7.aar (com.google.android.exoplayer:exoplayer-extractor:2.18.7) with AarTransform
Transforming exoplayer-decoder-2.18.7.aar (com.google.android.exoplayer:exoplayer-decoder:2.18.7) with ExtractAarTransform
Transforming exoplayer-decoder-2.18.7.aar (com.google.android.exoplayer:exoplayer-decoder:2.18.7) with AarTransform
Transforming exoplayer-database-2.18.7.aar (com.google.android.exoplayer:exoplayer-database:2.18.7) with ExtractAarTransform
Transforming exoplayer-database-2.18.7.aar (com.google.android.exoplayer:exoplayer-database:2.18.7) with AarTransform
Transforming exoplayer-common-2.18.7.aar (com.google.android.exoplayer:exoplayer-common:2.18.7) with ExtractAarTransform
Transforming exoplayer-common-2.18.7.aar (com.google.android.exoplayer:exoplayer-common:2.18.7) with AarTransform
Transforming firebase-components-18.0.0.aar (com.google.firebase:firebase-components:18.0.0) with ExtractAarTransform
Transforming firebase-components-18.0.0.aar (com.google.firebase:firebase-components:18.0.0) with AarTransform
Transforming tracing-1.2.0.aar (androidx.tracing:tracing:1.2.0) with ExtractAarTransform
Transforming tracing-1.2.0.aar (androidx.tracing:tracing:1.2.0) with AarTransform
Transforming versionedparcelable-1.1.1.aar (androidx.versionedparcelable:versionedparcelable:1.1.1) with ExtractAarTransform
Transforming versionedparcelable-1.1.1.aar (androidx.versionedparcelable:versionedparcelable:1.1.1) with AarTransform
Transforming firebase-config-interop-16.0.1.aar (com.google.firebase:firebase-config-interop:16.0.1) with ExtractAarTransform
Transforming firebase-config-interop-16.0.1.aar (com.google.firebase:firebase-config-interop:16.0.1) with AarTransform
Transforming firebase-datatransport-19.0.0.aar (com.google.firebase:firebase-datatransport:19.0.0) with ExtractAarTransform
Transforming firebase-datatransport-19.0.0.aar (com.google.firebase:firebase-datatransport:19.0.0) with AarTransform
Transforming transport-backend-cct-3.3.0.aar (com.google.android.datatransport:transport-backend-cct:3.3.0) with ExtractAarTransform
Transforming transport-backend-cct-3.3.0.aar (com.google.android.datatransport:transport-backend-cct:3.3.0) with AarTransform
Transforming firebase-encoders-json-18.0.1.aar (com.google.firebase:firebase-encoders-json:18.0.1) with ExtractAarTransform
Transforming firebase-encoders-json-18.0.1.aar (com.google.firebase:firebase-encoders-json:18.0.1) with AarTransform
Transforming transport-runtime-3.3.0.aar (com.google.android.datatransport:transport-runtime:3.3.0) with ExtractAarTransform
Transforming transport-runtime-3.3.0.aar (com.google.android.datatransport:transport-runtime:3.3.0) with AarTransform
Transforming transport-api-3.2.0.aar (com.google.android.datatransport:transport-api:3.2.0) with ExtractAarTransform
Transforming transport-api-3.2.0.aar (com.google.android.datatransport:transport-api:3.2.0) with AarTransform
Transforming documentfile-1.0.0.aar (androidx.documentfile:documentfile:1.0.0) with ExtractAarTransform
Transforming documentfile-1.0.0.aar (androidx.documentfile:documentfile:1.0.0) with AarTransform
Transforming localbroadcastmanager-1.0.0.aar (androidx.localbroadcastmanager:localbroadcastmanager:1.0.0) with ExtractAarTransform
Transforming localbroadcastmanager-1.0.0.aar (androidx.localbroadcastmanager:localbroadcastmanager:1.0.0) with AarTransform
Transforming print-1.0.0.aar (androidx.print:print:1.0.0) with ExtractAarTransform
Transforming print-1.0.0.aar (androidx.print:print:1.0.0) with AarTransform
Transforming androidsvg-aar-1.4.aar (com.caverock:androidsvg-aar:1.4) with ExtractAarTransform
Transforming androidsvg-aar-1.4.aar (com.caverock:androidsvg-aar:1.4) with AarTransform
Transforming drawer-1.0.3.aar (com.drakeet.drawer:drawer:1.0.3) with ExtractAarTransform
Transforming drawer-1.0.3.aar (com.drakeet.drawer:drawer:1.0.3) with AarTransform
Transforming library-1.2.0.aar (me.zhanghai.android.retrofile:library:1.2.0) with ExtractAarTransform
Transforming library-1.2.0.aar (me.zhanghai.android.retrofile:library:1.2.0) with AarTransform
Transforming library-1.0.0.aar (me.zhanghai.android.systemuihelper:library:1.0.0) with ExtractAarTransform
Transforming library-1.0.0.aar (me.zhanghai.android.systemuihelper:library:1.0.0) with AarTransform
Transforming HoloColorPicker-1.5.aar (com.larswerkman:HoloColorPicker:1.5) with ExtractAarTransform
Transforming HoloColorPicker-1.5.aar (com.larswerkman:HoloColorPicker:1.5) with AarTransform
Transforming core-5.2.2.aar (com.github.topjohnwu.libsu:core:5.2.2) with ExtractAarTransform
Transforming core-5.2.2.aar (com.github.topjohnwu.libsu:core:5.2.2) with AarTransform
Transforming aidl-13.1.5.aar (dev.rikka.shizuku:aidl:13.1.5) with ExtractAarTransform
Transforming aidl-13.1.5.aar (dev.rikka.shizuku:aidl:13.1.5) with AarTransform
Caching disabled for task ':app:desugarDebugFileDependencies' because:
  Build cache is disabled
Skipping task ':app:desugarDebugFileDependencies' as it is up-to-date.
Resolve mutations for :app:mergeDebugStartupProfile (Thread[Execution worker Thread 4,5,main]) started.
:app:mergeDebugStartupProfile (Thread[Execution worker Thread 4,5,main]) started.

> Task :app:mergeDebugStartupProfile UP-TO-DATE
Caching disabled for task ':app:mergeDebugStartupProfile' because:
  Build cache is disabled
  Simple merging task
Skipping task ':app:mergeDebugStartupProfile' as it is up-to-date.
Resolve mutations for :app:mergeExtDexDebug (Thread[Execution worker Thread 4,5,main]) started.
:app:mergeExtDexDebug (Thread[Execution worker Thread 4,5,main]) started.

> Task :app:mergeExtDexDebug UP-TO-DATE
file or directory 'E:\For Safe Keeping\WEB REF\MaterialFiles\app\libs', not found
file or directory 'E:\For Safe Keeping\WEB REF\MaterialFiles\app\libs', not found
Transforming annotation-jvm-1.9.0.jar (androidx.annotation:annotation-jvm:1.9.0) with IdentityTransform
Transforming kotlin-stdlib-2.0.0.jar (org.jetbrains.kotlin:kotlin-stdlib:2.0.0) with IdentityTransform
Transforming annotations-23.0.0.jar (org.jetbrains:annotations:23.0.0) with IdentityTransform
Transforming viewbinding-8.5.0.aar (androidx.databinding:viewbinding:8.5.0) with AarToClassTransform
Transforming viewbinding-8.5.0.aar (androidx.databinding:viewbinding:8.5.0) with DexingWithClasspathTransform
file or directory 'E:\For Safe Keeping\WEB REF\MaterialFiles\app\libs', not found
file or directory 'E:\For Safe Keeping\WEB REF\MaterialFiles\app\libs', not found
Transforming kotlin-android-extensions-runtime-1.9.24.jar (org.jetbrains.kotlin:kotlin-android-extensions-runtime:1.9.24) with IdentityTransform
Transforming kotlin-parcelize-runtime-1.9.24.jar (org.jetbrains.kotlin:kotlin-parcelize-runtime:1.9.24) with IdentityTransform
Transforming kotlin-parcelize-runtime-1.9.24.jar (org.jetbrains.kotlin:kotlin-parcelize-runtime:1.9.24) with DexingWithClasspathTransform
file or directory 'E:\For Safe Keeping\WEB REF\MaterialFiles\app\libs', not found
file or directory 'E:\For Safe Keeping\WEB REF\MaterialFiles\app\libs', not found
Transforming kotlin-stdlib-jdk7-1.9.24.jar (org.jetbrains.kotlin:kotlin-stdlib-jdk7:1.9.24) with IdentityTransform
Transforming okhttp-4.12.0.jar (com.squareup.okhttp3:okhttp:4.12.0) with IdentityTransform
Transforming okio-jvm-3.9.0.jar (com.squareup.okio:okio-jvm:3.9.0) with IdentityTransform
Transforming kotlin-stdlib-jdk8-1.9.24.jar (org.jetbrains.kotlin:kotlin-stdlib-jdk8:1.9.24) with IdentityTransform
Transforming dav4jvm-c1bc143.jar (com.github.bitfireAT:dav4jvm:c1bc143) with IdentityTransform
Transforming dav4jvm-c1bc143.jar (com.github.bitfireAT:dav4jvm:c1bc143) with DexingWithClasspathTransform
file or directory 'E:\For Safe Keeping\WEB REF\MaterialFiles\app\libs', not found
file or directory 'E:\For Safe Keeping\WEB REF\MaterialFiles\app\libs', not found
Transforming appcompat-resources-1.7.0.aar (androidx.appcompat:appcompat-resources:1.7.0) with AarToClassTransform
Transforming appcompat-1.7.0.aar (androidx.appcompat:appcompat:1.7.0) with AarToClassTransform
Transforming appcompat-1.7.0.aar (androidx.appcompat:appcompat:1.7.0) with AarToClassTransform
Transforming emoji2-views-helper-1.3.0.aar (androidx.emoji2:emoji2-views-helper:1.3.0) with AarToClassTransform
Transforming emoji2-1.3.0.aar (androidx.emoji2:emoji2:1.3.0) with AarToClassTransform
Transforming activity-1.9.3.aar (androidx.activity:activity:1.9.3) with AarToClassTransform
Transforming core-ktx-1.15.0.aar (androidx.core:core-ktx:1.15.0) with AarToClassTransform
Transforming drawerlayout-1.2.0.aar (androidx.drawerlayout:drawerlayout:1.2.0) with AarToClassTransform
Transforming viewpager-1.0.0.aar (androidx.viewpager:viewpager:1.0.0) with AarToClassTransform
Transforming customview-1.1.0.aar (androidx.customview:customview:1.1.0) with AarToClassTransform
Transforming customview-1.1.0.aar (androidx.customview:customview:1.1.0) with AarToClassTransform
Transforming vectordrawable-animated-1.1.0.aar (androidx.vectordrawable:vectordrawable-animated:1.1.0) with AarToClassTransform
Transforming vectordrawable-1.1.0.aar (androidx.vectordrawable:vectordrawable:1.1.0) with AarToClassTransform
Transforming vectordrawable-1.1.0.aar (androidx.vectordrawable:vectordrawable:1.1.0) with AarToClassTransform
Transforming loader-1.0.0.aar (androidx.loader:loader:1.0.0) with AarToClassTransform
Transforming loader-1.0.0.aar (androidx.loader:loader:1.0.0) with AarToClassTransform
Transforming core-1.15.0.aar (androidx.core:core:1.15.0) with AarToClassTransform
Transforming core-1.15.0.aar (androidx.core:core:1.15.0) with AarToClassTransform
Transforming savedstate-1.2.1.aar (androidx.savedstate:savedstate:1.2.1) with AarToClassTransform
Transforming lifecycle-common-jvm-2.8.7.jar (androidx.lifecycle:lifecycle-common-jvm:2.8.7) with IdentityTransform
Transforming lifecycle-viewmodel-2.8.7.aar (androidx.lifecycle:lifecycle-viewmodel:2.8.7) with AarToClassTransform
Transforming lifecycle-viewmodel-release.aar (androidx.lifecycle:lifecycle-viewmodel-android:2.8.7) with AarToClassTransform
Transforming lifecycle-runtime-release.aar (androidx.lifecycle:lifecycle-runtime-android:2.8.7) with AarToClassTransform
Transforming lifecycle-livedata-core-2.8.7.aar (androidx.lifecycle:lifecycle-livedata-core:2.8.7) with AarToClassTransform
Transforming lifecycle-viewmodel-savedstate-2.8.7.aar (androidx.lifecycle:lifecycle-viewmodel-savedstate:2.8.7) with AarToClassTransform
Transforming lifecycle-livedata-2.8.7.aar (androidx.lifecycle:lifecycle-livedata:2.8.7) with AarToClassTransform
Transforming lifecycle-livedata-2.8.7.aar (androidx.lifecycle:lifecycle-livedata:2.8.7) with AarToClassTransform
Transforming lifecycle-livedata-core-ktx-2.8.7.aar (androidx.lifecycle:lifecycle-livedata-core-ktx:2.8.7) with AarToClassTransform
Transforming lifecycle-process-2.8.7.aar (androidx.lifecycle:lifecycle-process:2.8.7) with AarToClassTransform
Transforming kotlinx-coroutines-core-jvm-1.9.0.jar (org.jetbrains.kotlinx:kotlinx-coroutines-core-jvm:1.9.0) with IdentityTransform
Transforming fragment-1.8.5.aar (androidx.fragment:fragment:1.8.5) with AarToClassTransform
Transforming fragment-1.8.5.aar (androidx.fragment:fragment:1.8.5) with AarToClassTransform
Transforming kotlinx-coroutines-android-1.9.0.jar (org.jetbrains.kotlinx:kotlinx-coroutines-android:1.9.0) with IdentityTransform
Transforming annotation-experimental-1.4.1.aar (androidx.annotation:annotation-experimental:1.4.1) with AarToClassTransform
Transforming cursoradapter-1.0.0.aar (androidx.cursoradapter:cursoradapter:1.0.0) with AarToClassTransform
Transforming profileinstaller-1.3.1.aar (androidx.profileinstaller:profileinstaller:1.3.1) with AarToClassTransform
Transforming resourceinspection-annotation-1.0.1.jar (androidx.resourceinspection:resourceinspection-annotation:1.0.1) with IdentityTransform
Transforming startup-runtime-1.1.1.aar (androidx.startup:startup-runtime:1.1.1) with AarToClassTransform
Transforming interpolator-1.0.0.aar (androidx.interpolator:interpolator:1.0.0) with AarToClassTransform
Transforming interpolator-1.0.0.aar (androidx.interpolator:interpolator:1.0.0) with AarToClassTransform
Transforming core-runtime-2.2.0.aar (androidx.arch.core:core-runtime:2.2.0) with AarToClassTransform
Transforming concurrent-futures-1.1.0.jar (androidx.concurrent:concurrent-futures:1.1.0) with IdentityTransform
Transforming tracing-1.2.0.aar (androidx.tracing:tracing:1.2.0) with AarToClassTransform
Transforming versionedparcelable-1.1.1.aar (androidx.versionedparcelable:versionedparcelable:1.1.1) with AarToClassTransform
Transforming core-common-2.2.0.jar (androidx.arch.core:core-common:2.2.0) with IdentityTransform
Transforming collection-jvm-1.4.2.jar (androidx.collection:collection-jvm:1.4.2) with IdentityTransform
Transforming listenablefuture-9999.0-empty-to-avoid-conflict-with-guava.jar (com.google.guava:listenablefuture:9999.0-empty-to-avoid-conflict-with-guava) with IdentityTransform
Transforming PhotoView-2.3.0.aar (com.github.chrisbanes:PhotoView:2.3.0) with AarToClassTransform
Transforming PhotoView-2.3.0.aar (com.github.chrisbanes:PhotoView:2.3.0) with DexingWithClasspathTransform
file or directory 'E:\For Safe Keeping\WEB REF\MaterialFiles\app\libs', not found
file or directory 'E:\For Safe Keeping\WEB REF\MaterialFiles\app\libs', not found
Transforming core-5.2.2.aar (com.github.topjohnwu.libsu:core:5.2.2) with AarToClassTransform
Transforming service-5.2.2.aar (com.github.topjohnwu.libsu:service:5.2.2) with AarToClassTransform
Transforming service-5.2.2.aar (com.github.topjohnwu.libsu:service:5.2.2) with DexingWithClasspathTransform
file or directory 'E:\For Safe Keeping\WEB REF\MaterialFiles\app\libs', not found
file or directory 'E:\For Safe Keeping\WEB REF\MaterialFiles\app\libs', not found
Transforming preference-1.2.1.aar (androidx.preference:preference:1.2.1) with AarToClassTransform
Transforming recyclerview-1.3.2.aar (androidx.recyclerview:recyclerview:1.3.2) with AarToClassTransform
Transforming customview-poolingcontainer-1.0.0.aar (androidx.customview:customview-poolingcontainer:1.0.0) with AarToClassTransform
Transforming slidingpanelayout-1.2.0.aar (androidx.slidingpanelayout:slidingpanelayout:1.2.0) with AarToClassTransform
Transforming transition-1.5.0.aar (androidx.transition:transition:1.5.0) with AarToClassTransform
Transforming dynamicanimation-1.0.0.aar (androidx.dynamicanimation:dynamicanimation:1.0.0) with AarToClassTransform
Transforming legacy-support-core-utils-1.0.0.aar (androidx.legacy:legacy-support-core-utils:1.0.0) with AarToClassTransform
Transforming window-1.0.0.aar (androidx.window:window:1.0.0) with AarToClassTransform
Transforming savedstate-ktx-1.2.1.aar (androidx.savedstate:savedstate-ktx:1.2.1) with AarToClassTransform
Transforming lifecycle-runtime-ktx-release.aar (androidx.lifecycle:lifecycle-runtime-ktx-android:2.8.7) with AarToClassTransform
Transforming fragment-ktx-1.8.5.aar (androidx.fragment:fragment-ktx:1.8.5) with AarToClassTransform
Transforming activity-ktx-1.9.3.aar (androidx.activity:activity-ktx:1.9.3) with AarToClassTransform
Transforming lifecycle-viewmodel-ktx-2.8.7.aar (androidx.lifecycle:lifecycle-viewmodel-ktx:2.8.7) with AarToClassTransform
Transforming collection-ktx-1.4.2.jar (androidx.collection:collection-ktx:1.4.2) with IdentityTransform
Transforming documentfile-1.0.0.aar (androidx.documentfile:documentfile:1.0.0) with AarToClassTransform
Transforming localbroadcastmanager-1.0.0.aar (androidx.localbroadcastmanager:localbroadcastmanager:1.0.0) with AarToClassTransform
Transforming print-1.0.0.aar (androidx.print:print:1.0.0) with AarToClassTransform
Transforming preference-ktx-1.2.1.aar (androidx.preference:preference-ktx:1.2.1) with AarToClassTransform
Transforming preference-ktx-1.2.1.aar (androidx.preference:preference-ktx:1.2.1) with DexingWithClasspathTransform
file or directory 'E:\For Safe Keeping\WEB REF\MaterialFiles\app\libs', not found
file or directory 'E:\For Safe Keeping\WEB REF\MaterialFiles\app\libs', not found
Transforming material-1.12.0.aar (com.google.android.material:material:1.12.0) with AarToClassTransform
Transforming constraintlayout-2.0.1.aar (androidx.constraintlayout:constraintlayout:2.0.1) with AarToClassTransform
Transforming viewpager2-1.1.0-beta02.aar (androidx.viewpager2:viewpager2:1.1.0-beta02) with AarToClassTransform
Transforming coordinatorlayout-1.1.0.aar (androidx.coordinatorlayout:coordinatorlayout:1.1.0) with AarToClassTransform
Transforming cardview-1.0.0.aar (androidx.cardview:cardview:1.0.0) with AarToClassTransform
Transforming error_prone_annotations-2.28.0.jar (com.google.errorprone:error_prone_annotations:2.28.0) with IdentityTransform
Transforming constraintlayout-solver-2.0.1.jar (androidx.constraintlayout:constraintlayout-solver:2.0.1) with IdentityTransform
Transforming speed-dial-3.3.0.aar (com.leinardi.android:speed-dial:3.3.0) with AarToClassTransform
Transforming speed-dial-3.3.0.aar (com.leinardi.android:speed-dial:3.3.0) with DexingWithClasspathTransform
file or directory 'E:\For Safe Keeping\WEB REF\MaterialFiles\app\libs', not found
file or directory 'E:\For Safe Keeping\WEB REF\MaterialFiles\app\libs', not found
Transforming material-1.12.0.aar (com.google.android.material:material:1.12.0) with AarToClassTransform
Transforming material-1.12.0.aar (com.google.android.material:material:1.12.0) with DexingWithClasspathTransform
file or directory 'E:\For Safe Keeping\WEB REF\MaterialFiles\app\libs', not found
file or directory 'E:\For Safe Keeping\WEB REF\MaterialFiles\app\libs', not found
Transforming exifinterface-1.3.7.aar (androidx.exifinterface:exifinterface:1.3.7) with AarToClassTransform
Transforming subsampling-scale-image-view-androidx-3.10.0.aar (com.davemorrissey.labs:subsampling-scale-image-view-androidx:3.10.0) with AarToClassTransform
Transforming subsampling-scale-image-view-androidx-3.10.0.aar (com.davemorrissey.labs:subsampling-scale-image-view-androidx:3.10.0) with DexingWithClasspathTransform
file or directory 'E:\For Safe Keeping\WEB REF\MaterialFiles\app\libs', not found
file or directory 'E:\For Safe Keeping\WEB REF\MaterialFiles\app\libs', not found
Transforming licensesdialog-2.1.0.aar (de.psdev.licensesdialog:licensesdialog:2.1.0) with AarToClassTransform
Transforming licensesdialog-2.1.0.aar (de.psdev.licensesdialog:licensesdialog:2.1.0) with DexingWithClasspathTransform
file or directory 'E:\For Safe Keeping\WEB REF\MaterialFiles\app\libs', not found
file or directory 'E:\For Safe Keeping\WEB REF\MaterialFiles\app\libs', not found
Transforming library-1.3.0.aar (me.zhanghai.android.fastscroll:library:1.3.0) with AarToClassTransform
Transforming library-1.3.0.aar (me.zhanghai.android.fastscroll:library:1.3.0) with DexingWithClasspathTransform
file or directory 'E:\For Safe Keeping\WEB REF\MaterialFiles\app\libs', not found
file or directory 'E:\For Safe Keeping\WEB REF\MaterialFiles\app\libs', not found
Transforming library-1.0.2.aar (me.zhanghai.android.foregroundcompat:library:1.0.2) with AarToClassTransform
Transforming library-1.0.2.aar (me.zhanghai.android.foregroundcompat:library:1.0.2) with DexingWithClasspathTransform
file or directory 'E:\For Safe Keeping\WEB REF\MaterialFiles\app\libs', not found
file or directory 'E:\For Safe Keeping\WEB REF\MaterialFiles\app\libs', not found
Transforming coil-base-2.7.0.aar (io.coil-kt:coil-base:2.7.0) with AarToClassTransform
Transforming coil-gif-2.7.0.aar (io.coil-kt:coil-gif:2.7.0) with AarToClassTransform
Transforming coil-gif-2.7.0.aar (io.coil-kt:coil-gif:2.7.0) with DexingWithClasspathTransform
file or directory 'E:\For Safe Keeping\WEB REF\MaterialFiles\app\libs', not found
file or directory 'E:\For Safe Keeping\WEB REF\MaterialFiles\app\libs', not found
Transforming coil-2.7.0.aar (io.coil-kt:coil:2.7.0) with AarToClassTransform
Transforming coil-2.7.0.aar (io.coil-kt:coil:2.7.0) with DexingWithClasspathTransform
file or directory 'E:\For Safe Keeping\WEB REF\MaterialFiles\app\libs', not found
file or directory 'E:\For Safe Keeping\WEB REF\MaterialFiles\app\libs', not found
Transforming androidsvg-aar-1.4.aar (com.caverock:androidsvg-aar:1.4) with AarToClassTransform
Transforming coil-svg-2.7.0.aar (io.coil-kt:coil-svg:2.7.0) with AarToClassTransform
Transforming coil-svg-2.7.0.aar (io.coil-kt:coil-svg:2.7.0) with DexingWithClasspathTransform
file or directory 'E:\For Safe Keeping\WEB REF\MaterialFiles\app\libs', not found
file or directory 'E:\For Safe Keeping\WEB REF\MaterialFiles\app\libs', not found
Transforming coil-video-2.7.0.aar (io.coil-kt:coil-video:2.7.0) with AarToClassTransform
Transforming coil-video-2.7.0.aar (io.coil-kt:coil-video:2.7.0) with DexingWithClasspathTransform
file or directory 'E:\For Safe Keeping\WEB REF\MaterialFiles\app\libs', not found
file or directory 'E:\For Safe Keeping\WEB REF\MaterialFiles\app\libs', not found
Transforming coil-base-2.7.0.aar (io.coil-kt:coil-base:2.7.0) with AarToClassTransform
Transforming coil-base-2.7.0.aar (io.coil-kt:coil-base:2.7.0) with DexingWithClasspathTransform
file or directory 'E:\For Safe Keeping\WEB REF\MaterialFiles\app\libs', not found
file or directory 'E:\For Safe Keeping\WEB REF\MaterialFiles\app\libs', not found
Transforming appcompat-resources-1.7.0.aar (androidx.appcompat:appcompat-resources:1.7.0) with AarToClassTransform
Transforming appcompat-resources-1.7.0.aar (androidx.appcompat:appcompat-resources:1.7.0) with DexingWithClasspathTransform
file or directory 'E:\For Safe Keeping\WEB REF\MaterialFiles\app\libs', not found
file or directory 'E:\For Safe Keeping\WEB REF\MaterialFiles\app\libs', not found
Transforming preferencex-1.1.0.aar (com.takisoft.preferencex:preferencex:1.1.0) with AarToClassTransform
Transforming preferencex-1.1.0.aar (com.takisoft.preferencex:preferencex:1.1.0) with DexingWithClasspathTransform
file or directory 'E:\For Safe Keeping\WEB REF\MaterialFiles\app\libs', not found
file or directory 'E:\For Safe Keeping\WEB REF\MaterialFiles\app\libs', not found
Transforming simplemenu-preference-1.0.3.aar (dev.rikka.rikkax.preference:simplemenu-preference:1.0.3) with AarToClassTransform
Transforming simplemenu-preference-1.0.3.aar (dev.rikka.rikkax.preference:simplemenu-preference:1.0.3) with DexingWithClasspathTransform
file or directory 'E:\For Safe Keeping\WEB REF\MaterialFiles\app\libs', not found
file or directory 'E:\For Safe Keeping\WEB REF\MaterialFiles\app\libs', not found
Transforming preference-1.2.1.aar (androidx.preference:preference:1.2.1) with AarToClassTransform
Transforming preference-1.2.1.aar (androidx.preference:preference:1.2.1) with DexingWithClasspathTransform
file or directory 'E:\For Safe Keeping\WEB REF\MaterialFiles\app\libs', not found
file or directory 'E:\For Safe Keeping\WEB REF\MaterialFiles\app\libs', not found
Transforming constraintlayout-2.0.1.aar (androidx.constraintlayout:constraintlayout:2.0.1) with AarToClassTransform
Transforming constraintlayout-2.0.1.aar (androidx.constraintlayout:constraintlayout:2.0.1) with DexingWithClasspathTransform
file or directory 'E:\For Safe Keeping\WEB REF\MaterialFiles\app\libs', not found
file or directory 'E:\For Safe Keeping\WEB REF\MaterialFiles\app\libs', not found
Transforming appcompat-1.7.0.aar (androidx.appcompat:appcompat:1.7.0) with AarToClassTransform
Transforming appcompat-1.7.0.aar (androidx.appcompat:appcompat:1.7.0) with DexingWithClasspathTransform
file or directory 'E:\For Safe Keeping\WEB REF\MaterialFiles\app\libs', not found
file or directory 'E:\For Safe Keeping\WEB REF\MaterialFiles\app\libs', not found
Transforming appcompat-1.7.0.aar (androidx.appcompat:appcompat:1.7.0) with AarToClassTransform
Transforming appcompat-1.7.0.aar (androidx.appcompat:appcompat:1.7.0) with DexingWithClasspathTransform
file or directory 'E:\For Safe Keeping\WEB REF\MaterialFiles\app\libs', not found
file or directory 'E:\For Safe Keeping\WEB REF\MaterialFiles\app\libs', not found
Transforming advrecyclerview-1.0.0.aar (com.h6ah4i.android.widget.advrecyclerview:advrecyclerview:1.0.0) with AarToClassTransform
Transforming advrecyclerview-1.0.0.aar (com.h6ah4i.android.widget.advrecyclerview:advrecyclerview:1.0.0) with DexingWithClasspathTransform
file or directory 'E:\For Safe Keeping\WEB REF\MaterialFiles\app\libs', not found
file or directory 'E:\For Safe Keeping\WEB REF\MaterialFiles\app\libs', not found
Transforming exoplayer-ui-2.18.7.aar (com.google.android.exoplayer:exoplayer-ui:2.18.7) with AarToClassTransform
Transforming exoplayer-dash-2.18.7.aar (com.google.android.exoplayer:exoplayer-dash:2.18.7) with AarToClassTransform
Transforming exoplayer-hls-2.18.7.aar (com.google.android.exoplayer:exoplayer-hls:2.18.7) with AarToClassTransform
Transforming exoplayer-rtsp-2.18.7.aar (com.google.android.exoplayer:exoplayer-rtsp:2.18.7) with AarToClassTransform
Transforming exoplayer-smoothstreaming-2.18.7.aar (com.google.android.exoplayer:exoplayer-smoothstreaming:2.18.7) with AarToClassTransform
Transforming exoplayer-core-2.18.7.aar (com.google.android.exoplayer:exoplayer-core:2.18.7) with AarToClassTransform
Transforming media-1.6.0.aar (androidx.media:media:1.6.0) with AarToClassTransform
Transforming exoplayer-datasource-2.18.7.aar (com.google.android.exoplayer:exoplayer-datasource:2.18.7) with AarToClassTransform
Transforming exoplayer-extractor-2.18.7.aar (com.google.android.exoplayer:exoplayer-extractor:2.18.7) with AarToClassTransform
Transforming exoplayer-decoder-2.18.7.aar (com.google.android.exoplayer:exoplayer-decoder:2.18.7) with AarToClassTransform
Transforming exoplayer-database-2.18.7.aar (com.google.android.exoplayer:exoplayer-database:2.18.7) with AarToClassTransform
Transforming exoplayer-common-2.18.7.aar (com.google.android.exoplayer:exoplayer-common:2.18.7) with AarToClassTransform
Transforming guava-33.3.1-android.jar (com.google.guava:guava:33.3.1-android) with IdentityTransform
Transforming failureaccess-1.0.2.jar (com.google.guava:failureaccess:1.0.2) with IdentityTransform
Transforming jsr305-3.0.2.jar (com.google.code.findbugs:jsr305:3.0.2) with IdentityTransform
Transforming checker-qual-3.43.0.jar (org.checkerframework:checker-qual:3.43.0) with IdentityTransform
Transforming j2objc-annotations-3.0.0.jar (com.google.j2objc:j2objc-annotations:3.0.0) with IdentityTransform
Transforming exoplayer-2.18.7.aar (com.google.android.exoplayer:exoplayer:2.18.7) with AarToClassTransform
Transforming exoplayer-2.18.7.aar (com.google.android.exoplayer:exoplayer:2.18.7) with DexingWithClasspathTransform
file or directory 'E:\For Safe Keeping\WEB REF\MaterialFiles\app\libs', not found
file or directory 'E:\For Safe Keeping\WEB REF\MaterialFiles\app\libs', not found
Transforming exoplayer-ui-2.18.7.aar (com.google.android.exoplayer:exoplayer-ui:2.18.7) with AarToClassTransform
Transforming exoplayer-ui-2.18.7.aar (com.google.android.exoplayer:exoplayer-ui:2.18.7) with DexingWithClasspathTransform
file or directory 'E:\For Safe Keeping\WEB REF\MaterialFiles\app\libs', not found
file or directory 'E:\For Safe Keeping\WEB REF\MaterialFiles\app\libs', not found
Transforming recyclerview-1.3.2.aar (androidx.recyclerview:recyclerview:1.3.2) with AarToClassTransform
Transforming recyclerview-1.3.2.aar (androidx.recyclerview:recyclerview:1.3.2) with DexingWithClasspathTransform
file or directory 'E:\For Safe Keeping\WEB REF\MaterialFiles\app\libs', not found
file or directory 'E:\For Safe Keeping\WEB REF\MaterialFiles\app\libs', not found
Transforming viewpager2-1.1.0-beta02.aar (androidx.viewpager2:viewpager2:1.1.0-beta02) with AarToClassTransform
Transforming viewpager2-1.1.0-beta02.aar (androidx.viewpager2:viewpager2:1.1.0-beta02) with DexingWithClasspathTransform
file or directory 'E:\For Safe Keeping\WEB REF\MaterialFiles\app\libs', not found
file or directory 'E:\For Safe Keeping\WEB REF\MaterialFiles\app\libs', not found
Transforming firebase-crashlytics-19.2.1.aar (com.google.firebase:firebase-crashlytics:19.2.1) with AarToClassTransform
Transforming firebase-sessions-2.0.6.aar (com.google.firebase:firebase-sessions:2.0.6) with AarToClassTransform
Transforming firebase-installations-18.0.0.aar (com.google.firebase:firebase-installations:18.0.0) with AarToClassTransform
Transforming firebase-common-ktx-21.0.0.aar (com.google.firebase:firebase-common-ktx:21.0.0) with AarToClassTransform
Transforming firebase-common-21.0.0.aar (com.google.firebase:firebase-common:21.0.0) with AarToClassTransform
Transforming firebase-measurement-connector-20.0.1.aar (com.google.firebase:firebase-measurement-connector:20.0.1) with AarToClassTransform
Transforming firebase-installations-interop-17.2.0.aar (com.google.firebase:firebase-installations-interop:17.2.0) with AarToClassTransform
Transforming datastore-preferences-1.0.0.aar (androidx.datastore:datastore-preferences:1.0.0) with AarToClassTransform
Transforming datastore-1.0.0.aar (androidx.datastore:datastore:1.0.0) with AarToClassTransform
Transforming datastore-preferences-core-1.0.0.jar (androidx.datastore:datastore-preferences-core:1.0.0) with IdentityTransform
Transforming datastore-core-1.0.0.jar (androidx.datastore:datastore-core:1.0.0) with IdentityTransform
Transforming kotlinx-coroutines-play-services-1.9.0.jar (org.jetbrains.kotlinx:kotlinx-coroutines-play-services:1.9.0) with IdentityTransform
Transforming play-services-tasks-18.2.0.aar (com.google.android.gms:play-services-tasks:18.2.0) with AarToClassTransform
Transforming play-services-tasks-18.2.0.aar (com.google.android.gms:play-services-tasks:18.2.0) with AarToClassTransform
Transforming play-services-basement-18.4.0.aar (com.google.android.gms:play-services-basement:18.4.0) with AarToClassTransform
Transforming firebase-components-18.0.0.aar (com.google.firebase:firebase-components:18.0.0) with AarToClassTransform
Transforming firebase-config-interop-16.0.1.aar (com.google.firebase:firebase-config-interop:16.0.1) with AarToClassTransform
Transforming firebase-datatransport-19.0.0.aar (com.google.firebase:firebase-datatransport:19.0.0) with AarToClassTransform
Transforming transport-backend-cct-3.3.0.aar (com.google.android.datatransport:transport-backend-cct:3.3.0) with AarToClassTransform
Transforming firebase-encoders-json-18.0.1.aar (com.google.firebase:firebase-encoders-json:18.0.1) with AarToClassTransform
Transforming transport-runtime-3.3.0.aar (com.google.android.datatransport:transport-runtime:3.3.0) with AarToClassTransform
Transforming transport-api-3.2.0.aar (com.google.android.datatransport:transport-api:3.2.0) with AarToClassTransform
Transforming firebase-encoders-proto-16.0.0.jar (com.google.firebase:firebase-encoders-proto:16.0.0) with IdentityTransform
Transforming firebase-encoders-17.0.0.jar (com.google.firebase:firebase-encoders:17.0.0) with IdentityTransform
Transforming firebase-annotations-16.2.0.jar (com.google.firebase:firebase-annotations:16.2.0) with IdentityTransform
Transforming javax.inject-1.jar (javax.inject:javax.inject:1) with IdentityTransform
Transforming firebase-crashlytics-ndk-19.2.1.aar (com.google.firebase:firebase-crashlytics-ndk:19.2.1) with AarToClassTransform
Transforming firebase-crashlytics-ndk-19.2.1.aar (com.google.firebase:firebase-crashlytics-ndk:19.2.1) with DexingWithClasspathTransform
file or directory 'E:\For Safe Keeping\WEB REF\MaterialFiles\app\libs', not found
file or directory 'E:\For Safe Keeping\WEB REF\MaterialFiles\app\libs', not found
Transforming firebase-crashlytics-19.2.1.aar (com.google.firebase:firebase-crashlytics:19.2.1) with AarToClassTransform
Transforming firebase-crashlytics-19.2.1.aar (com.google.firebase:firebase-crashlytics:19.2.1) with DexingWithClasspathTransform
file or directory 'E:\For Safe Keeping\WEB REF\MaterialFiles\app\libs', not found
file or directory 'E:\For Safe Keeping\WEB REF\MaterialFiles\app\libs', not found
Transforming play-services-measurement-api-22.1.2.aar (com.google.android.gms:play-services-measurement-api:22.1.2) with AarToClassTransform
Transforming play-services-measurement-22.1.2.aar (com.google.android.gms:play-services-measurement:22.1.2) with AarToClassTransform
Transforming play-services-measurement-sdk-22.1.2.aar (com.google.android.gms:play-services-measurement-sdk:22.1.2) with AarToClassTransform
Transforming play-services-measurement-impl-22.1.2.aar (com.google.android.gms:play-services-measurement-impl:22.1.2) with AarToClassTransform
Transforming play-services-ads-identifier-18.0.0.aar (com.google.android.gms:play-services-ads-identifier:18.0.0) with AarToClassTransform
Transforming play-services-measurement-sdk-api-22.1.2.aar (com.google.android.gms:play-services-measurement-sdk-api:22.1.2) with AarToClassTransform
Transforming play-services-measurement-base-22.1.2.aar (com.google.android.gms:play-services-measurement-base:22.1.2) with AarToClassTransform
Transforming play-services-stats-17.0.2.aar (com.google.android.gms:play-services-stats:17.0.2) with AarToClassTransform
Transforming ads-adservices-java-1.0.0-beta05.aar (androidx.privacysandbox.ads:ads-adservices-java:1.0.0-beta05) with AarToClassTransform
Transforming ads-adservices-1.0.0-beta05.aar (androidx.privacysandbox.ads:ads-adservices:1.0.0-beta05) with AarToClassTransform
Transforming ads-adservices-1.0.0-beta05.aar (androidx.privacysandbox.ads:ads-adservices:1.0.0-beta05) with AarToClassTransform
Transforming play-services-base-18.5.0.aar (com.google.android.gms:play-services-base:18.5.0) with AarToClassTransform
Transforming firebase-analytics-22.1.2.aar (com.google.firebase:firebase-analytics:22.1.2) with AarToClassTransform
Transforming firebase-analytics-22.1.2.aar (com.google.firebase:firebase-analytics:22.1.2) with DexingWithClasspathTransform
file or directory 'E:\For Safe Keeping\WEB REF\MaterialFiles\app\libs', not found
file or directory 'E:\For Safe Keeping\WEB REF\MaterialFiles\app\libs', not found
Transforming play-services-measurement-api-22.1.2.aar (com.google.android.gms:play-services-measurement-api:22.1.2) with AarToClassTransform
Transforming play-services-measurement-api-22.1.2.aar (com.google.android.gms:play-services-measurement-api:22.1.2) with DexingWithClasspathTransform
file or directory 'E:\For Safe Keeping\WEB REF\MaterialFiles\app\libs', not found
file or directory 'E:\For Safe Keeping\WEB REF\MaterialFiles\app\libs', not found
Transforming firebase-sessions-2.0.6.aar (com.google.firebase:firebase-sessions:2.0.6) with AarToClassTransform
Transforming firebase-sessions-2.0.6.aar (com.google.firebase:firebase-sessions:2.0.6) with DexingWithClasspathTransform
file or directory 'E:\For Safe Keeping\WEB REF\MaterialFiles\app\libs', not found
file or directory 'E:\For Safe Keeping\WEB REF\MaterialFiles\app\libs', not found
Transforming firebase-installations-18.0.0.aar (com.google.firebase:firebase-installations:18.0.0) with AarToClassTransform
Transforming firebase-installations-18.0.0.aar (com.google.firebase:firebase-installations:18.0.0) with DexingWithClasspathTransform
file or directory 'E:\For Safe Keeping\WEB REF\MaterialFiles\app\libs', not found
file or directory 'E:\For Safe Keeping\WEB REF\MaterialFiles\app\libs', not found
Transforming firebase-common-ktx-21.0.0.aar (com.google.firebase:firebase-common-ktx:21.0.0) with AarToClassTransform
Transforming firebase-common-ktx-21.0.0.aar (com.google.firebase:firebase-common-ktx:21.0.0) with DexingWithClasspathTransform
file or directory 'E:\For Safe Keeping\WEB REF\MaterialFiles\app\libs', not found
file or directory 'E:\For Safe Keeping\WEB REF\MaterialFiles\app\libs', not found
Transforming firebase-common-21.0.0.aar (com.google.firebase:firebase-common:21.0.0) with AarToClassTransform
Transforming firebase-common-21.0.0.aar (com.google.firebase:firebase-common:21.0.0) with DexingWithClasspathTransform
file or directory 'E:\For Safe Keeping\WEB REF\MaterialFiles\app\libs', not found
file or directory 'E:\For Safe Keeping\WEB REF\MaterialFiles\app\libs', not found
Transforming play-services-measurement-22.1.2.aar (com.google.android.gms:play-services-measurement:22.1.2) with AarToClassTransform
Transforming play-services-measurement-22.1.2.aar (com.google.android.gms:play-services-measurement:22.1.2) with DexingWithClasspathTransform
file or directory 'E:\For Safe Keeping\WEB REF\MaterialFiles\app\libs', not found
file or directory 'E:\For Safe Keeping\WEB REF\MaterialFiles\app\libs', not found
Transforming play-services-measurement-sdk-22.1.2.aar (com.google.android.gms:play-services-measurement-sdk:22.1.2) with AarToClassTransform
Transforming play-services-measurement-sdk-22.1.2.aar (com.google.android.gms:play-services-measurement-sdk:22.1.2) with DexingWithClasspathTransform
file or directory 'E:\For Safe Keeping\WEB REF\MaterialFiles\app\libs', not found
file or directory 'E:\For Safe Keeping\WEB REF\MaterialFiles\app\libs', not found
Transforming firebase-measurement-connector-20.0.1.aar (com.google.firebase:firebase-measurement-connector:20.0.1) with AarToClassTransform
Transforming firebase-measurement-connector-20.0.1.aar (com.google.firebase:firebase-measurement-connector:20.0.1) with DexingWithClasspathTransform
file or directory 'E:\For Safe Keeping\WEB REF\MaterialFiles\app\libs', not found
file or directory 'E:\For Safe Keeping\WEB REF\MaterialFiles\app\libs', not found
Transforming play-services-measurement-impl-22.1.2.aar (com.google.android.gms:play-services-measurement-impl:22.1.2) with AarToClassTransform
Transforming play-services-measurement-impl-22.1.2.aar (com.google.android.gms:play-services-measurement-impl:22.1.2) with DexingWithClasspathTransform
file or directory 'E:\For Safe Keeping\WEB REF\MaterialFiles\app\libs', not found
file or directory 'E:\For Safe Keeping\WEB REF\MaterialFiles\app\libs', not found
Transforming play-services-ads-identifier-18.0.0.aar (com.google.android.gms:play-services-ads-identifier:18.0.0) with AarToClassTransform
Transforming play-services-ads-identifier-18.0.0.aar (com.google.android.gms:play-services-ads-identifier:18.0.0) with DexingWithClasspathTransform
file or directory 'E:\For Safe Keeping\WEB REF\MaterialFiles\app\libs', not found
file or directory 'E:\For Safe Keeping\WEB REF\MaterialFiles\app\libs', not found
Transforming play-services-measurement-sdk-api-22.1.2.aar (com.google.android.gms:play-services-measurement-sdk-api:22.1.2) with AarToClassTransform
Transforming play-services-measurement-sdk-api-22.1.2.aar (com.google.android.gms:play-services-measurement-sdk-api:22.1.2) with DexingWithClasspathTransform
file or directory 'E:\For Safe Keeping\WEB REF\MaterialFiles\app\libs', not found
file or directory 'E:\For Safe Keeping\WEB REF\MaterialFiles\app\libs', not found
Transforming play-services-measurement-base-22.1.2.aar (com.google.android.gms:play-services-measurement-base:22.1.2) with AarToClassTransform
Transforming play-services-measurement-base-22.1.2.aar (com.google.android.gms:play-services-measurement-base:22.1.2) with DexingWithClasspathTransform
file or directory 'E:\For Safe Keeping\WEB REF\MaterialFiles\app\libs', not found
file or directory 'E:\For Safe Keeping\WEB REF\MaterialFiles\app\libs', not found
Transforming play-services-stats-17.0.2.aar (com.google.android.gms:play-services-stats:17.0.2) with AarToClassTransform
Transforming play-services-stats-17.0.2.aar (com.google.android.gms:play-services-stats:17.0.2) with DexingWithClasspathTransform
file or directory 'E:\For Safe Keeping\WEB REF\MaterialFiles\app\libs', not found
file or directory 'E:\For Safe Keeping\WEB REF\MaterialFiles\app\libs', not found
Transforming firebase-installations-interop-17.2.0.aar (com.google.firebase:firebase-installations-interop:17.2.0) with AarToClassTransform
Transforming firebase-installations-interop-17.2.0.aar (com.google.firebase:firebase-installations-interop:17.2.0) with DexingWithClasspathTransform
file or directory 'E:\For Safe Keeping\WEB REF\MaterialFiles\app\libs', not found
file or directory 'E:\For Safe Keeping\WEB REF\MaterialFiles\app\libs', not found
Transforming emoji2-views-helper-1.3.0.aar (androidx.emoji2:emoji2-views-helper:1.3.0) with AarToClassTransform
Transforming emoji2-views-helper-1.3.0.aar (androidx.emoji2:emoji2-views-helper:1.3.0) with DexingWithClasspathTransform
file or directory 'E:\For Safe Keeping\WEB REF\MaterialFiles\app\libs', not found
file or directory 'E:\For Safe Keeping\WEB REF\MaterialFiles\app\libs', not found
Transforming emoji2-1.3.0.aar (androidx.emoji2:emoji2:1.3.0) with AarToClassTransform
Transforming emoji2-1.3.0.aar (androidx.emoji2:emoji2:1.3.0) with DexingWithClasspathTransform
file or directory 'E:\For Safe Keeping\WEB REF\MaterialFiles\app\libs', not found
file or directory 'E:\For Safe Keeping\WEB REF\MaterialFiles\app\libs', not found
Transforming activity-1.9.3.aar (androidx.activity:activity:1.9.3) with AarToClassTransform
Transforming activity-1.9.3.aar (androidx.activity:activity:1.9.3) with DexingWithClasspathTransform
file or directory 'E:\For Safe Keeping\WEB REF\MaterialFiles\app\libs', not found
file or directory 'E:\For Safe Keeping\WEB REF\MaterialFiles\app\libs', not found
Transforming customview-poolingcontainer-1.0.0.aar (androidx.customview:customview-poolingcontainer:1.0.0) with AarToClassTransform
Transforming customview-poolingcontainer-1.0.0.aar (androidx.customview:customview-poolingcontainer:1.0.0) with DexingWithClasspathTransform
file or directory 'E:\For Safe Keeping\WEB REF\MaterialFiles\app\libs', not found
file or directory 'E:\For Safe Keeping\WEB REF\MaterialFiles\app\libs', not found
Transforming ads-adservices-java-1.0.0-beta05.aar (androidx.privacysandbox.ads:ads-adservices-java:1.0.0-beta05) with AarToClassTransform
Transforming ads-adservices-java-1.0.0-beta05.aar (androidx.privacysandbox.ads:ads-adservices-java:1.0.0-beta05) with DexingWithClasspathTransform
file or directory 'E:\For Safe Keeping\WEB REF\MaterialFiles\app\libs', not found
file or directory 'E:\For Safe Keeping\WEB REF\MaterialFiles\app\libs', not found
Transforming ads-adservices-1.0.0-beta05.aar (androidx.privacysandbox.ads:ads-adservices:1.0.0-beta05) with AarToClassTransform
Transforming ads-adservices-1.0.0-beta05.aar (androidx.privacysandbox.ads:ads-adservices:1.0.0-beta05) with DexingWithClasspathTransform
file or directory 'E:\For Safe Keeping\WEB REF\MaterialFiles\app\libs', not found
file or directory 'E:\For Safe Keeping\WEB REF\MaterialFiles\app\libs', not found
Transforming ads-adservices-1.0.0-beta05.aar (androidx.privacysandbox.ads:ads-adservices:1.0.0-beta05) with AarToClassTransform
Transforming ads-adservices-1.0.0-beta05.aar (androidx.privacysandbox.ads:ads-adservices:1.0.0-beta05) with DexingWithClasspathTransform
file or directory 'E:\For Safe Keeping\WEB REF\MaterialFiles\app\libs', not found
file or directory 'E:\For Safe Keeping\WEB REF\MaterialFiles\app\libs', not found
Transforming core-ktx-1.15.0.aar (androidx.core:core-ktx:1.15.0) with AarToClassTransform
Transforming core-ktx-1.15.0.aar (androidx.core:core-ktx:1.15.0) with DexingWithClasspathTransform
file or directory 'E:\For Safe Keeping\WEB REF\MaterialFiles\app\libs', not found
file or directory 'E:\For Safe Keeping\WEB REF\MaterialFiles\app\libs', not found
Transforming drawerlayout-1.2.0.aar (androidx.drawerlayout:drawerlayout:1.2.0) with AarToClassTransform
Transforming drawerlayout-1.2.0.aar (androidx.drawerlayout:drawerlayout:1.2.0) with DexingWithClasspathTransform
file or directory 'E:\For Safe Keeping\WEB REF\MaterialFiles\app\libs', not found
file or directory 'E:\For Safe Keeping\WEB REF\MaterialFiles\app\libs', not found
Transforming swiperefreshlayout-1.1.0.aar (androidx.swiperefreshlayout:swiperefreshlayout:1.1.0) with AarToClassTransform
Transforming swiperefreshlayout-1.1.0.aar (androidx.swiperefreshlayout:swiperefreshlayout:1.1.0) with DexingWithClasspathTransform
file or directory 'E:\For Safe Keeping\WEB REF\MaterialFiles\app\libs', not found
file or directory 'E:\For Safe Keeping\WEB REF\MaterialFiles\app\libs', not found
Transforming materialshadowninepatch-1.0.0.aar (com.h6ah4i.android.materialshadowninepatch:materialshadowninepatch:1.0.0) with AarToClassTransform
Transforming materialshadowninepatch-1.0.0.aar (com.h6ah4i.android.materialshadowninepatch:materialshadowninepatch:1.0.0) with DexingWithClasspathTransform
file or directory 'E:\For Safe Keeping\WEB REF\MaterialFiles\app\libs', not found
file or directory 'E:\For Safe Keeping\WEB REF\MaterialFiles\app\libs', not found
Transforming insetter-0.3.1.aar (dev.chrisbanes:insetter:0.3.1) with AarToClassTransform
Transforming insetter-ktx-0.3.1.aar (dev.chrisbanes:insetter-ktx:0.3.1) with AarToClassTransform
Transforming insetter-ktx-0.3.1.aar (dev.chrisbanes:insetter-ktx:0.3.1) with DexingWithClasspathTransform
file or directory 'E:\For Safe Keeping\WEB REF\MaterialFiles\app\libs', not found
file or directory 'E:\For Safe Keeping\WEB REF\MaterialFiles\app\libs', not found
Transforming exoplayer-dash-2.18.7.aar (com.google.android.exoplayer:exoplayer-dash:2.18.7) with AarToClassTransform
Transforming exoplayer-dash-2.18.7.aar (com.google.android.exoplayer:exoplayer-dash:2.18.7) with DexingWithClasspathTransform
file or directory 'E:\For Safe Keeping\WEB REF\MaterialFiles\app\libs', not found
file or directory 'E:\For Safe Keeping\WEB REF\MaterialFiles\app\libs', not found
Transforming exoplayer-hls-2.18.7.aar (com.google.android.exoplayer:exoplayer-hls:2.18.7) with AarToClassTransform
Transforming exoplayer-hls-2.18.7.aar (com.google.android.exoplayer:exoplayer-hls:2.18.7) with DexingWithClasspathTransform
file or directory 'E:\For Safe Keeping\WEB REF\MaterialFiles\app\libs', not found
file or directory 'E:\For Safe Keeping\WEB REF\MaterialFiles\app\libs', not found
Transforming exoplayer-rtsp-2.18.7.aar (com.google.android.exoplayer:exoplayer-rtsp:2.18.7) with AarToClassTransform
Transforming exoplayer-rtsp-2.18.7.aar (com.google.android.exoplayer:exoplayer-rtsp:2.18.7) with DexingWithClasspathTransform
file or directory 'E:\For Safe Keeping\WEB REF\MaterialFiles\app\libs', not found
file or directory 'E:\For Safe Keeping\WEB REF\MaterialFiles\app\libs', not found
Transforming exoplayer-smoothstreaming-2.18.7.aar (com.google.android.exoplayer:exoplayer-smoothstreaming:2.18.7) with AarToClassTransform
Transforming exoplayer-smoothstreaming-2.18.7.aar (com.google.android.exoplayer:exoplayer-smoothstreaming:2.18.7) with DexingWithClasspathTransform
file or directory 'E:\For Safe Keeping\WEB REF\MaterialFiles\app\libs', not found
file or directory 'E:\For Safe Keeping\WEB REF\MaterialFiles\app\libs', not found
Transforming exoplayer-core-2.18.7.aar (com.google.android.exoplayer:exoplayer-core:2.18.7) with AarToClassTransform
Transforming exoplayer-core-2.18.7.aar (com.google.android.exoplayer:exoplayer-core:2.18.7) with DexingWithClasspathTransform
file or directory 'E:\For Safe Keeping\WEB REF\MaterialFiles\app\libs', not found
file or directory 'E:\For Safe Keeping\WEB REF\MaterialFiles\app\libs', not found
Transforming coordinatorlayout-1.1.0.aar (androidx.coordinatorlayout:coordinatorlayout:1.1.0) with AarToClassTransform
Transforming coordinatorlayout-1.1.0.aar (androidx.coordinatorlayout:coordinatorlayout:1.1.0) with DexingWithClasspathTransform
file or directory 'E:\For Safe Keeping\WEB REF\MaterialFiles\app\libs', not found
file or directory 'E:\For Safe Keeping\WEB REF\MaterialFiles\app\libs', not found
Transforming viewpager-1.0.0.aar (androidx.viewpager:viewpager:1.0.0) with AarToClassTransform
Transforming viewpager-1.0.0.aar (androidx.viewpager:viewpager:1.0.0) with DexingWithClasspathTransform
file or directory 'E:\For Safe Keeping\WEB REF\MaterialFiles\app\libs', not found
file or directory 'E:\For Safe Keeping\WEB REF\MaterialFiles\app\libs', not found
Transforming slidingpanelayout-1.2.0.aar (androidx.slidingpanelayout:slidingpanelayout:1.2.0) with AarToClassTransform
Transforming slidingpanelayout-1.2.0.aar (androidx.slidingpanelayout:slidingpanelayout:1.2.0) with DexingWithClasspathTransform
file or directory 'E:\For Safe Keeping\WEB REF\MaterialFiles\app\libs', not found
file or directory 'E:\For Safe Keeping\WEB REF\MaterialFiles\app\libs', not found
Transforming customview-1.1.0.aar (androidx.customview:customview:1.1.0) with AarToClassTransform
Transforming customview-1.1.0.aar (androidx.customview:customview:1.1.0) with DexingWithClasspathTransform
file or directory 'E:\For Safe Keeping\WEB REF\MaterialFiles\app\libs', not found
file or directory 'E:\For Safe Keeping\WEB REF\MaterialFiles\app\libs', not found
Transforming customview-1.1.0.aar (androidx.customview:customview:1.1.0) with AarToClassTransform
Transforming customview-1.1.0.aar (androidx.customview:customview:1.1.0) with DexingWithClasspathTransform
file or directory 'E:\For Safe Keeping\WEB REF\MaterialFiles\app\libs', not found
file or directory 'E:\For Safe Keeping\WEB REF\MaterialFiles\app\libs', not found
Transforming transition-1.5.0.aar (androidx.transition:transition:1.5.0) with AarToClassTransform
Transforming transition-1.5.0.aar (androidx.transition:transition:1.5.0) with DexingWithClasspathTransform
file or directory 'E:\For Safe Keeping\WEB REF\MaterialFiles\app\libs', not found
file or directory 'E:\For Safe Keeping\WEB REF\MaterialFiles\app\libs', not found
Transforming dynamicanimation-1.0.0.aar (androidx.dynamicanimation:dynamicanimation:1.0.0) with AarToClassTransform
Transforming dynamicanimation-1.0.0.aar (androidx.dynamicanimation:dynamicanimation:1.0.0) with DexingWithClasspathTransform
file or directory 'E:\For Safe Keeping\WEB REF\MaterialFiles\app\libs', not found
file or directory 'E:\For Safe Keeping\WEB REF\MaterialFiles\app\libs', not found
Transforming vectordrawable-animated-1.1.0.aar (androidx.vectordrawable:vectordrawable-animated:1.1.0) with AarToClassTransform
Transforming vectordrawable-animated-1.1.0.aar (androidx.vectordrawable:vectordrawable-animated:1.1.0) with DexingWithClasspathTransform
file or directory 'E:\For Safe Keeping\WEB REF\MaterialFiles\app\libs', not found
file or directory 'E:\For Safe Keeping\WEB REF\MaterialFiles\app\libs', not found
Transforming vectordrawable-1.1.0.aar (androidx.vectordrawable:vectordrawable:1.1.0) with AarToClassTransform
Transforming vectordrawable-1.1.0.aar (androidx.vectordrawable:vectordrawable:1.1.0) with DexingWithClasspathTransform
file or directory 'E:\For Safe Keeping\WEB REF\MaterialFiles\app\libs', not found
file or directory 'E:\For Safe Keeping\WEB REF\MaterialFiles\app\libs', not found
Transforming vectordrawable-1.1.0.aar (androidx.vectordrawable:vectordrawable:1.1.0) with AarToClassTransform
Transforming vectordrawable-1.1.0.aar (androidx.vectordrawable:vectordrawable:1.1.0) with DexingWithClasspathTransform
file or directory 'E:\For Safe Keeping\WEB REF\MaterialFiles\app\libs', not found
file or directory 'E:\For Safe Keeping\WEB REF\MaterialFiles\app\libs', not found
Transforming insetter-0.3.1.aar (dev.chrisbanes:insetter:0.3.1) with AarToClassTransform
Transforming insetter-0.3.1.aar (dev.chrisbanes:insetter:0.3.1) with DexingWithClasspathTransform
file or directory 'E:\For Safe Keeping\WEB REF\MaterialFiles\app\libs', not found
file or directory 'E:\For Safe Keeping\WEB REF\MaterialFiles\app\libs', not found
Transforming media-1.6.0.aar (androidx.media:media:1.6.0) with AarToClassTransform
Transforming media-1.6.0.aar (androidx.media:media:1.6.0) with DexingWithClasspathTransform
file or directory 'E:\For Safe Keeping\WEB REF\MaterialFiles\app\libs', not found
file or directory 'E:\For Safe Keeping\WEB REF\MaterialFiles\app\libs', not found
Transforming legacy-support-core-utils-1.0.0.aar (androidx.legacy:legacy-support-core-utils:1.0.0) with AarToClassTransform
Transforming legacy-support-core-utils-1.0.0.aar (androidx.legacy:legacy-support-core-utils:1.0.0) with DexingWithClasspathTransform
file or directory 'E:\For Safe Keeping\WEB REF\MaterialFiles\app\libs', not found
file or directory 'E:\For Safe Keeping\WEB REF\MaterialFiles\app\libs', not found
Transforming loader-1.0.0.aar (androidx.loader:loader:1.0.0) with AarToClassTransform
Transforming loader-1.0.0.aar (androidx.loader:loader:1.0.0) with DexingWithClasspathTransform
file or directory 'E:\For Safe Keeping\WEB REF\MaterialFiles\app\libs', not found
file or directory 'E:\For Safe Keeping\WEB REF\MaterialFiles\app\libs', not found
Transforming loader-1.0.0.aar (androidx.loader:loader:1.0.0) with AarToClassTransform
Transforming loader-1.0.0.aar (androidx.loader:loader:1.0.0) with DexingWithClasspathTransform
file or directory 'E:\For Safe Keeping\WEB REF\MaterialFiles\app\libs', not found
file or directory 'E:\For Safe Keeping\WEB REF\MaterialFiles\app\libs', not found
Transforming window-1.0.0.aar (androidx.window:window:1.0.0) with AarToClassTransform
Transforming window-1.0.0.aar (androidx.window:window:1.0.0) with DexingWithClasspathTransform
file or directory 'E:\For Safe Keeping\WEB REF\MaterialFiles\app\libs', not found
file or directory 'E:\For Safe Keeping\WEB REF\MaterialFiles\app\libs', not found
Transforming play-services-base-18.5.0.aar (com.google.android.gms:play-services-base:18.5.0) with AarToClassTransform
Transforming play-services-base-18.5.0.aar (com.google.android.gms:play-services-base:18.5.0) with DexingWithClasspathTransform
file or directory 'E:\For Safe Keeping\WEB REF\MaterialFiles\app\libs', not found
file or directory 'E:\For Safe Keeping\WEB REF\MaterialFiles\app\libs', not found
Transforming core-1.15.0.aar (androidx.core:core:1.15.0) with AarToClassTransform
Transforming core-1.15.0.aar (androidx.core:core:1.15.0) with DexingWithClasspathTransform
file or directory 'E:\For Safe Keeping\WEB REF\MaterialFiles\app\libs', not found
file or directory 'E:\For Safe Keeping\WEB REF\MaterialFiles\app\libs', not found
Transforming core-1.15.0.aar (androidx.core:core:1.15.0) with AarToClassTransform
Transforming core-1.15.0.aar (androidx.core:core:1.15.0) with DexingWithClasspathTransform
file or directory 'E:\For Safe Keeping\WEB REF\MaterialFiles\app\libs', not found
file or directory 'E:\For Safe Keeping\WEB REF\MaterialFiles\app\libs', not found
Transforming savedstate-ktx-1.2.1.aar (androidx.savedstate:savedstate-ktx:1.2.1) with AarToClassTransform
Transforming savedstate-ktx-1.2.1.aar (androidx.savedstate:savedstate-ktx:1.2.1) with DexingWithClasspathTransform
file or directory 'E:\For Safe Keeping\WEB REF\MaterialFiles\app\libs', not found
file or directory 'E:\For Safe Keeping\WEB REF\MaterialFiles\app\libs', not found
Transforming savedstate-1.2.1.aar (androidx.savedstate:savedstate:1.2.1) with AarToClassTransform
Transforming savedstate-1.2.1.aar (androidx.savedstate:savedstate:1.2.1) with DexingWithClasspathTransform
file or directory 'E:\For Safe Keeping\WEB REF\MaterialFiles\app\libs', not found
file or directory 'E:\For Safe Keeping\WEB REF\MaterialFiles\app\libs', not found
Transforming lifecycle-common-jvm-2.8.7.jar (androidx.lifecycle:lifecycle-common-jvm:2.8.7) with IdentityTransform
Transforming lifecycle-common-jvm-2.8.7.jar (androidx.lifecycle:lifecycle-common-jvm:2.8.7) with DexingWithClasspathTransform
file or directory 'E:\For Safe Keeping\WEB REF\MaterialFiles\app\libs', not found
file or directory 'E:\For Safe Keeping\WEB REF\MaterialFiles\app\libs', not found
Transforming lifecycle-viewmodel-2.8.7.aar (androidx.lifecycle:lifecycle-viewmodel:2.8.7) with AarToClassTransform
Transforming lifecycle-viewmodel-2.8.7.aar (androidx.lifecycle:lifecycle-viewmodel:2.8.7) with DexingWithClasspathTransform
file or directory 'E:\For Safe Keeping\WEB REF\MaterialFiles\app\libs', not found
file or directory 'E:\For Safe Keeping\WEB REF\MaterialFiles\app\libs', not found
Transforming lifecycle-viewmodel-release.aar (androidx.lifecycle:lifecycle-viewmodel-android:2.8.7) with AarToClassTransform
Transforming lifecycle-viewmodel-release.aar (androidx.lifecycle:lifecycle-viewmodel-android:2.8.7) with DexingWithClasspathTransform
file or directory 'E:\For Safe Keeping\WEB REF\MaterialFiles\app\libs', not found
file or directory 'E:\For Safe Keeping\WEB REF\MaterialFiles\app\libs', not found
Transforming lifecycle-runtime-release.aar (androidx.lifecycle:lifecycle-runtime-android:2.8.7) with AarToClassTransform
Transforming lifecycle-runtime-release.aar (androidx.lifecycle:lifecycle-runtime-android:2.8.7) with DexingWithClasspathTransform
file or directory 'E:\For Safe Keeping\WEB REF\MaterialFiles\app\libs', not found
file or directory 'E:\For Safe Keeping\WEB REF\MaterialFiles\app\libs', not found
Transforming lifecycle-livedata-core-2.8.7.aar (androidx.lifecycle:lifecycle-livedata-core:2.8.7) with AarToClassTransform
Transforming lifecycle-livedata-core-2.8.7.aar (androidx.lifecycle:lifecycle-livedata-core:2.8.7) with DexingWithClasspathTransform
file or directory 'E:\For Safe Keeping\WEB REF\MaterialFiles\app\libs', not found
file or directory 'E:\For Safe Keeping\WEB REF\MaterialFiles\app\libs', not found
Transforming lifecycle-viewmodel-savedstate-2.8.7.aar (androidx.lifecycle:lifecycle-viewmodel-savedstate:2.8.7) with AarToClassTransform
Transforming lifecycle-viewmodel-savedstate-2.8.7.aar (androidx.lifecycle:lifecycle-viewmodel-savedstate:2.8.7) with DexingWithClasspathTransform
file or directory 'E:\For Safe Keeping\WEB REF\MaterialFiles\app\libs', not found
file or directory 'E:\For Safe Keeping\WEB REF\MaterialFiles\app\libs', not found
Transforming lifecycle-runtime-ktx-release.aar (androidx.lifecycle:lifecycle-runtime-ktx-android:2.8.7) with AarToClassTransform
Transforming lifecycle-runtime-ktx-release.aar (androidx.lifecycle:lifecycle-runtime-ktx-android:2.8.7) with DexingWithClasspathTransform
file or directory 'E:\For Safe Keeping\WEB REF\MaterialFiles\app\libs', not found
file or directory 'E:\For Safe Keeping\WEB REF\MaterialFiles\app\libs', not found
Transforming lifecycle-livedata-2.8.7.aar (androidx.lifecycle:lifecycle-livedata:2.8.7) with AarToClassTransform
Transforming lifecycle-livedata-2.8.7.aar (androidx.lifecycle:lifecycle-livedata:2.8.7) with DexingWithClasspathTransform
file or directory 'E:\For Safe Keeping\WEB REF\MaterialFiles\app\libs', not found
file or directory 'E:\For Safe Keeping\WEB REF\MaterialFiles\app\libs', not found
Transforming lifecycle-livedata-2.8.7.aar (androidx.lifecycle:lifecycle-livedata:2.8.7) with AarToClassTransform
Transforming lifecycle-livedata-2.8.7.aar (androidx.lifecycle:lifecycle-livedata:2.8.7) with DexingWithClasspathTransform
file or directory 'E:\For Safe Keeping\WEB REF\MaterialFiles\app\libs', not found
file or directory 'E:\For Safe Keeping\WEB REF\MaterialFiles\app\libs', not found
Transforming lifecycle-livedata-core-ktx-2.8.7.aar (androidx.lifecycle:lifecycle-livedata-core-ktx:2.8.7) with AarToClassTransform
Transforming lifecycle-livedata-core-ktx-2.8.7.aar (androidx.lifecycle:lifecycle-livedata-core-ktx:2.8.7) with DexingWithClasspathTransform
file or directory 'E:\For Safe Keeping\WEB REF\MaterialFiles\app\libs', not found
file or directory 'E:\For Safe Keeping\WEB REF\MaterialFiles\app\libs', not found
Transforming lifecycle-process-2.8.7.aar (androidx.lifecycle:lifecycle-process:2.8.7) with AarToClassTransform
Transforming lifecycle-process-2.8.7.aar (androidx.lifecycle:lifecycle-process:2.8.7) with DexingWithClasspathTransform
file or directory 'E:\For Safe Keeping\WEB REF\MaterialFiles\app\libs', not found
file or directory 'E:\For Safe Keeping\WEB REF\MaterialFiles\app\libs', not found
Transforming lifecycle-common-java8-2.8.7.jar (androidx.lifecycle:lifecycle-common-java8:2.8.7) with IdentityTransform
Transforming lifecycle-common-java8-2.8.7.jar (androidx.lifecycle:lifecycle-common-java8:2.8.7) with DexingWithClasspathTransform
file or directory 'E:\For Safe Keeping\WEB REF\MaterialFiles\app\libs', not found
file or directory 'E:\For Safe Keeping\WEB REF\MaterialFiles\app\libs', not found
Transforming lifecycle-livedata-ktx-2.8.7.aar (androidx.lifecycle:lifecycle-livedata-ktx:2.8.7) with AarToClassTransform
Transforming lifecycle-livedata-ktx-2.8.7.aar (androidx.lifecycle:lifecycle-livedata-ktx:2.8.7) with DexingWithClasspathTransform
file or directory 'E:\For Safe Keeping\WEB REF\MaterialFiles\app\libs', not found
file or directory 'E:\For Safe Keeping\WEB REF\MaterialFiles\app\libs', not found
Transforming datastore-preferences-1.0.0.aar (androidx.datastore:datastore-preferences:1.0.0) with AarToClassTransform
Transforming datastore-preferences-1.0.0.aar (androidx.datastore:datastore-preferences:1.0.0) with DexingWithClasspathTransform
file or directory 'E:\For Safe Keeping\WEB REF\MaterialFiles\app\libs', not found
file or directory 'E:\For Safe Keeping\WEB REF\MaterialFiles\app\libs', not found
Transforming datastore-1.0.0.aar (androidx.datastore:datastore:1.0.0) with AarToClassTransform
Transforming datastore-1.0.0.aar (androidx.datastore:datastore:1.0.0) with DexingWithClasspathTransform
file or directory 'E:\For Safe Keeping\WEB REF\MaterialFiles\app\libs', not found
file or directory 'E:\For Safe Keeping\WEB REF\MaterialFiles\app\libs', not found
Transforming datastore-preferences-core-1.0.0.jar (androidx.datastore:datastore-preferences-core:1.0.0) with IdentityTransform
Transforming datastore-preferences-core-1.0.0.jar (androidx.datastore:datastore-preferences-core:1.0.0) with DexingWithClasspathTransform
file or directory 'E:\For Safe Keeping\WEB REF\MaterialFiles\app\libs', not found
file or directory 'E:\For Safe Keeping\WEB REF\MaterialFiles\app\libs', not found
Transforming datastore-core-1.0.0.jar (androidx.datastore:datastore-core:1.0.0) with IdentityTransform
Transforming datastore-core-1.0.0.jar (androidx.datastore:datastore-core:1.0.0) with DexingWithClasspathTransform
file or directory 'E:\For Safe Keeping\WEB REF\MaterialFiles\app\libs', not found
file or directory 'E:\For Safe Keeping\WEB REF\MaterialFiles\app\libs', not found
Transforming kotlinx-coroutines-core-jvm-1.9.0.jar (org.jetbrains.kotlinx:kotlinx-coroutines-core-jvm:1.9.0) with IdentityTransform
Transforming kotlinx-coroutines-core-jvm-1.9.0.jar (org.jetbrains.kotlinx:kotlinx-coroutines-core-jvm:1.9.0) with DexingWithClasspathTransform
file or directory 'E:\For Safe Keeping\WEB REF\MaterialFiles\app\libs', not found
file or directory 'E:\For Safe Keeping\WEB REF\MaterialFiles\app\libs', not found
Transforming kotlinx-coroutines-play-services-1.9.0.jar (org.jetbrains.kotlinx:kotlinx-coroutines-play-services:1.9.0) with IdentityTransform
Transforming kotlinx-coroutines-play-services-1.9.0.jar (org.jetbrains.kotlinx:kotlinx-coroutines-play-services:1.9.0) with DexingWithClasspathTransform
file or directory 'E:\For Safe Keeping\WEB REF\MaterialFiles\app\libs', not found
file or directory 'E:\For Safe Keeping\WEB REF\MaterialFiles\app\libs', not found
Transforming play-services-tasks-18.2.0.aar (com.google.android.gms:play-services-tasks:18.2.0) with AarToClassTransform
Transforming play-services-tasks-18.2.0.aar (com.google.android.gms:play-services-tasks:18.2.0) with DexingWithClasspathTransform
file or directory 'E:\For Safe Keeping\WEB REF\MaterialFiles\app\libs', not found
file or directory 'E:\For Safe Keeping\WEB REF\MaterialFiles\app\libs', not found
Transforming play-services-tasks-18.2.0.aar (com.google.android.gms:play-services-tasks:18.2.0) with AarToClassTransform
Transforming play-services-tasks-18.2.0.aar (com.google.android.gms:play-services-tasks:18.2.0) with DexingWithClasspathTransform
file or directory 'E:\For Safe Keeping\WEB REF\MaterialFiles\app\libs', not found
file or directory 'E:\For Safe Keeping\WEB REF\MaterialFiles\app\libs', not found
Transforming play-services-basement-18.4.0.aar (com.google.android.gms:play-services-basement:18.4.0) with AarToClassTransform
Transforming play-services-basement-18.4.0.aar (com.google.android.gms:play-services-basement:18.4.0) with DexingWithClasspathTransform
file or directory 'E:\For Safe Keeping\WEB REF\MaterialFiles\app\libs', not found
file or directory 'E:\For Safe Keeping\WEB REF\MaterialFiles\app\libs', not found
Transforming fragment-1.8.5.aar (androidx.fragment:fragment:1.8.5) with AarToClassTransform
Transforming fragment-1.8.5.aar (androidx.fragment:fragment:1.8.5) with DexingWithClasspathTransform
file or directory 'E:\For Safe Keeping\WEB REF\MaterialFiles\app\libs', not found
file or directory 'E:\For Safe Keeping\WEB REF\MaterialFiles\app\libs', not found
Transforming fragment-1.8.5.aar (androidx.fragment:fragment:1.8.5) with AarToClassTransform
Transforming fragment-1.8.5.aar (androidx.fragment:fragment:1.8.5) with DexingWithClasspathTransform
file or directory 'E:\For Safe Keeping\WEB REF\MaterialFiles\app\libs', not found
file or directory 'E:\For Safe Keeping\WEB REF\MaterialFiles\app\libs', not found
Transforming fragment-ktx-1.8.5.aar (androidx.fragment:fragment-ktx:1.8.5) with AarToClassTransform
Transforming fragment-ktx-1.8.5.aar (androidx.fragment:fragment-ktx:1.8.5) with DexingWithClasspathTransform
file or directory 'E:\For Safe Keeping\WEB REF\MaterialFiles\app\libs', not found
file or directory 'E:\For Safe Keeping\WEB REF\MaterialFiles\app\libs', not found
Transforming activity-ktx-1.9.3.aar (androidx.activity:activity-ktx:1.9.3) with AarToClassTransform
Transforming activity-ktx-1.9.3.aar (androidx.activity:activity-ktx:1.9.3) with DexingWithClasspathTransform
file or directory 'E:\For Safe Keeping\WEB REF\MaterialFiles\app\libs', not found
file or directory 'E:\For Safe Keeping\WEB REF\MaterialFiles\app\libs', not found
Transforming lifecycle-viewmodel-ktx-2.8.7.aar (androidx.lifecycle:lifecycle-viewmodel-ktx:2.8.7) with AarToClassTransform
Transforming lifecycle-viewmodel-ktx-2.8.7.aar (androidx.lifecycle:lifecycle-viewmodel-ktx:2.8.7) with DexingWithClasspathTransform
file or directory 'E:\For Safe Keeping\WEB REF\MaterialFiles\app\libs', not found
file or directory 'E:\For Safe Keeping\WEB REF\MaterialFiles\app\libs', not found
Transforming room-common-2.6.1.jar (androidx.room:room-common:2.6.1) with IdentityTransform
Transforming room-common-2.6.1.jar (androidx.room:room-common:2.6.1) with DexingWithClasspathTransform
file or directory 'E:\For Safe Keeping\WEB REF\MaterialFiles\app\libs', not found
file or directory 'E:\For Safe Keeping\WEB REF\MaterialFiles\app\libs', not found
Transforming room-common-2.6.1.jar (androidx.room:room-common:2.6.1) with IdentityTransform
Transforming sqlite-framework-2.4.0.aar (androidx.sqlite:sqlite-framework:2.4.0) with AarToClassTransform
Transforming sqlite-2.4.0.aar (androidx.sqlite:sqlite:2.4.0) with AarToClassTransform
Transforming room-runtime-2.6.1.aar (androidx.room:room-runtime:2.6.1) with AarToClassTransform
Transforming room-runtime-2.6.1.aar (androidx.room:room-runtime:2.6.1) with DexingWithClasspathTransform
file or directory 'E:\For Safe Keeping\WEB REF\MaterialFiles\app\libs', not found
file or directory 'E:\For Safe Keeping\WEB REF\MaterialFiles\app\libs', not found
Transforming room-runtime-2.6.1.aar (androidx.room:room-runtime:2.6.1) with AarToClassTransform
Transforming room-ktx-2.6.1.aar (androidx.room:room-ktx:2.6.1) with AarToClassTransform
Transforming room-ktx-2.6.1.aar (androidx.room:room-ktx:2.6.1) with DexingWithClasspathTransform
file or directory 'E:\For Safe Keeping\WEB REF\MaterialFiles\app\libs', not found
file or directory 'E:\For Safe Keeping\WEB REF\MaterialFiles\app\libs', not found
Transforming kotlinx-coroutines-android-1.9.0.jar (org.jetbrains.kotlinx:kotlinx-coroutines-android:1.9.0) with IdentityTransform
Transforming kotlinx-coroutines-android-1.9.0.jar (org.jetbrains.kotlinx:kotlinx-coroutines-android:1.9.0) with DexingWithClasspathTransform
file or directory 'E:\For Safe Keeping\WEB REF\MaterialFiles\app\libs', not found
file or directory 'E:\For Safe Keeping\WEB REF\MaterialFiles\app\libs', not found
Transforming kotlin-android-extensions-runtime-1.9.24.jar (org.jetbrains.kotlin:kotlin-android-extensions-runtime:1.9.24) with IdentityTransform
Transforming kotlin-android-extensions-runtime-1.9.24.jar (org.jetbrains.kotlin:kotlin-android-extensions-runtime:1.9.24) with DexingWithClasspathTransform
file or directory 'E:\For Safe Keeping\WEB REF\MaterialFiles\app\libs', not found
file or directory 'E:\For Safe Keeping\WEB REF\MaterialFiles\app\libs', not found
Transforming kotlin-stdlib-jdk7-1.9.24.jar (org.jetbrains.kotlin:kotlin-stdlib-jdk7:1.9.24) with IdentityTransform
Transforming kotlin-stdlib-jdk7-1.9.24.jar (org.jetbrains.kotlin:kotlin-stdlib-jdk7:1.9.24) with DexingWithClasspathTransform
file or directory 'E:\For Safe Keeping\WEB REF\MaterialFiles\app\libs', not found
file or directory 'E:\For Safe Keeping\WEB REF\MaterialFiles\app\libs', not found
Transforming kotlinx-serialization-core-jvm-1.6.3.jar (org.jetbrains.kotlinx:kotlinx-serialization-core-jvm:1.6.3) with IdentityTransform
Transforming kotlinx-serialization-core-jvm-1.6.3.jar (org.jetbrains.kotlinx:kotlinx-serialization-core-jvm:1.6.3) with DexingWithClasspathTransform
file or directory 'E:\For Safe Keeping\WEB REF\MaterialFiles\app\libs', not found
file or directory 'E:\For Safe Keeping\WEB REF\MaterialFiles\app\libs', not found
Transforming kotlinx-serialization-core-jvm-1.6.3.jar (org.jetbrains.kotlinx:kotlinx-serialization-core-jvm:1.6.3) with IdentityTransform
Transforming kotlinx-serialization-json-jvm-1.6.3.jar (org.jetbrains.kotlinx:kotlinx-serialization-json-jvm:1.6.3) with IdentityTransform
Transforming kotlinx-serialization-json-jvm-1.6.3.jar (org.jetbrains.kotlinx:kotlinx-serialization-json-jvm:1.6.3) with DexingWithClasspathTransform
file or directory 'E:\For Safe Keeping\WEB REF\MaterialFiles\app\libs', not found
file or directory 'E:\For Safe Keeping\WEB REF\MaterialFiles\app\libs', not found
Transforming sqlite-framework-2.4.0.aar (androidx.sqlite:sqlite-framework:2.4.0) with AarToClassTransform
Transforming sqlite-framework-2.4.0.aar (androidx.sqlite:sqlite-framework:2.4.0) with DexingWithClasspathTransform
file or directory 'E:\For Safe Keeping\WEB REF\MaterialFiles\app\libs', not found
file or directory 'E:\For Safe Keeping\WEB REF\MaterialFiles\app\libs', not found
Transforming sqlite-2.4.0.aar (androidx.sqlite:sqlite:2.4.0) with AarToClassTransform
Transforming sqlite-2.4.0.aar (androidx.sqlite:sqlite:2.4.0) with DexingWithClasspathTransform
file or directory 'E:\For Safe Keeping\WEB REF\MaterialFiles\app\libs', not found
file or directory 'E:\For Safe Keeping\WEB REF\MaterialFiles\app\libs', not found
Transforming annotation-experimental-1.4.1.aar (androidx.annotation:annotation-experimental:1.4.1) with AarToClassTransform
Transforming annotation-experimental-1.4.1.aar (androidx.annotation:annotation-experimental:1.4.1) with DexingWithClasspathTransform
file or directory 'E:\For Safe Keeping\WEB REF\MaterialFiles\app\libs', not found
file or directory 'E:\For Safe Keeping\WEB REF\MaterialFiles\app\libs', not found
Transforming exifinterface-1.3.7.aar (androidx.exifinterface:exifinterface:1.3.7) with AarToClassTransform
Transforming exifinterface-1.3.7.aar (androidx.exifinterface:exifinterface:1.3.7) with DexingWithClasspathTransform
file or directory 'E:\For Safe Keeping\WEB REF\MaterialFiles\app\libs', not found
file or directory 'E:\For Safe Keeping\WEB REF\MaterialFiles\app\libs', not found
Transforming shared-13.1.5.aar (dev.rikka.shizuku:shared:13.1.5) with AarToClassTransform
Transforming aidl-13.1.5.aar (dev.rikka.shizuku:aidl:13.1.5) with AarToClassTransform
Transforming api-13.1.5.aar (dev.rikka.shizuku:api:13.1.5) with AarToClassTransform
Transforming api-13.1.5.aar (dev.rikka.shizuku:api:13.1.5) with DexingWithClasspathTransform
file or directory 'E:\For Safe Keeping\WEB REF\MaterialFiles\app\libs', not found
file or directory 'E:\For Safe Keeping\WEB REF\MaterialFiles\app\libs', not found
Transforming appiconloader-iconloaderlib-1.5.0.aar (me.zhanghai.android.appiconloader:appiconloader-iconloaderlib:1.5.0) with AarToClassTransform
Transforming appiconloader-1.5.0.aar (me.zhanghai.android.appiconloader:appiconloader:1.5.0) with AarToClassTransform
Transforming appiconloader-1.5.0.aar (me.zhanghai.android.appiconloader:appiconloader:1.5.0) with DexingWithClasspathTransform
file or directory 'E:\For Safe Keeping\WEB REF\MaterialFiles\app\libs', not found
file or directory 'E:\For Safe Keeping\WEB REF\MaterialFiles\app\libs', not found
Transforming library-1.1.4.aar (me.zhanghai.android.libarchive:library:1.1.4) with AarToClassTransform
Transforming library-1.1.4.aar (me.zhanghai.android.libarchive:library:1.1.4) with DexingWithClasspathTransform
file or directory 'E:\For Safe Keeping\WEB REF\MaterialFiles\app\libs', not found
file or directory 'E:\For Safe Keeping\WEB REF\MaterialFiles\app\libs', not found
Transforming library-2.1.0.aar (me.zhanghai.android.libselinux:library:2.1.0) with AarToClassTransform
Transforming library-2.1.0.aar (me.zhanghai.android.libselinux:library:2.1.0) with DexingWithClasspathTransform
file or directory 'E:\For Safe Keeping\WEB REF\MaterialFiles\app\libs', not found
file or directory 'E:\For Safe Keeping\WEB REF\MaterialFiles\app\libs', not found
Transforming cursoradapter-1.0.0.aar (androidx.cursoradapter:cursoradapter:1.0.0) with AarToClassTransform
Transforming cursoradapter-1.0.0.aar (androidx.cursoradapter:cursoradapter:1.0.0) with DexingWithClasspathTransform
file or directory 'E:\For Safe Keeping\WEB REF\MaterialFiles\app\libs', not found
file or directory 'E:\For Safe Keeping\WEB REF\MaterialFiles\app\libs', not found
Transforming profileinstaller-1.3.1.aar (androidx.profileinstaller:profileinstaller:1.3.1) with AarToClassTransform
Transforming profileinstaller-1.3.1.aar (androidx.profileinstaller:profileinstaller:1.3.1) with DexingWithClasspathTransform
file or directory 'E:\For Safe Keeping\WEB REF\MaterialFiles\app\libs', not found
file or directory 'E:\For Safe Keeping\WEB REF\MaterialFiles\app\libs', not found
Transforming resourceinspection-annotation-1.0.1.jar (androidx.resourceinspection:resourceinspection-annotation:1.0.1) with IdentityTransform
Transforming resourceinspection-annotation-1.0.1.jar (androidx.resourceinspection:resourceinspection-annotation:1.0.1) with DexingWithClasspathTransform
file or directory 'E:\For Safe Keeping\WEB REF\MaterialFiles\app\libs', not found
file or directory 'E:\For Safe Keeping\WEB REF\MaterialFiles\app\libs', not found
Transforming startup-runtime-1.1.1.aar (androidx.startup:startup-runtime:1.1.1) with AarToClassTransform
Transforming startup-runtime-1.1.1.aar (androidx.startup:startup-runtime:1.1.1) with DexingWithClasspathTransform
file or directory 'E:\For Safe Keeping\WEB REF\MaterialFiles\app\libs', not found
file or directory 'E:\For Safe Keeping\WEB REF\MaterialFiles\app\libs', not found
Transforming interpolator-1.0.0.aar (androidx.interpolator:interpolator:1.0.0) with AarToClassTransform
Transforming interpolator-1.0.0.aar (androidx.interpolator:interpolator:1.0.0) with DexingWithClasspathTransform
file or directory 'E:\For Safe Keeping\WEB REF\MaterialFiles\app\libs', not found
file or directory 'E:\For Safe Keeping\WEB REF\MaterialFiles\app\libs', not found
Transforming interpolator-1.0.0.aar (androidx.interpolator:interpolator:1.0.0) with AarToClassTransform
Transforming interpolator-1.0.0.aar (androidx.interpolator:interpolator:1.0.0) with DexingWithClasspathTransform
file or directory 'E:\For Safe Keeping\WEB REF\MaterialFiles\app\libs', not found
file or directory 'E:\For Safe Keeping\WEB REF\MaterialFiles\app\libs', not found
Transforming cardview-1.0.0.aar (androidx.cardview:cardview:1.0.0) with AarToClassTransform
Transforming cardview-1.0.0.aar (androidx.cardview:cardview:1.0.0) with DexingWithClasspathTransform
file or directory 'E:\For Safe Keeping\WEB REF\MaterialFiles\app\libs', not found
file or directory 'E:\For Safe Keeping\WEB REF\MaterialFiles\app\libs', not found
Transforming shared-13.1.5.aar (dev.rikka.shizuku:shared:13.1.5) with AarToClassTransform
Transforming shared-13.1.5.aar (dev.rikka.shizuku:shared:13.1.5) with DexingWithClasspathTransform
file or directory 'E:\For Safe Keeping\WEB REF\MaterialFiles\app\libs', not found
file or directory 'E:\For Safe Keeping\WEB REF\MaterialFiles\app\libs', not found
Transforming appiconloader-iconloaderlib-1.5.0.aar (me.zhanghai.android.appiconloader:appiconloader-iconloaderlib:1.5.0) with AarToClassTransform
Transforming appiconloader-iconloaderlib-1.5.0.aar (me.zhanghai.android.appiconloader:appiconloader-iconloaderlib:1.5.0) with DexingWithClasspathTransform
file or directory 'E:\For Safe Keeping\WEB REF\MaterialFiles\app\libs', not found
file or directory 'E:\For Safe Keeping\WEB REF\MaterialFiles\app\libs', not found
Transforming core-runtime-2.2.0.aar (androidx.arch.core:core-runtime:2.2.0) with AarToClassTransform
Transforming core-runtime-2.2.0.aar (androidx.arch.core:core-runtime:2.2.0) with DexingWithClasspathTransform
file or directory 'E:\For Safe Keeping\WEB REF\MaterialFiles\app\libs', not found
file or directory 'E:\For Safe Keeping\WEB REF\MaterialFiles\app\libs', not found
Transforming exoplayer-datasource-2.18.7.aar (com.google.android.exoplayer:exoplayer-datasource:2.18.7) with AarToClassTransform
Transforming exoplayer-datasource-2.18.7.aar (com.google.android.exoplayer:exoplayer-datasource:2.18.7) with DexingWithClasspathTransform
file or directory 'E:\For Safe Keeping\WEB REF\MaterialFiles\app\libs', not found
file or directory 'E:\For Safe Keeping\WEB REF\MaterialFiles\app\libs', not found
Transforming exoplayer-extractor-2.18.7.aar (com.google.android.exoplayer:exoplayer-extractor:2.18.7) with AarToClassTransform
Transforming exoplayer-extractor-2.18.7.aar (com.google.android.exoplayer:exoplayer-extractor:2.18.7) with DexingWithClasspathTransform
file or directory 'E:\For Safe Keeping\WEB REF\MaterialFiles\app\libs', not found
file or directory 'E:\For Safe Keeping\WEB REF\MaterialFiles\app\libs', not found
Transforming exoplayer-decoder-2.18.7.aar (com.google.android.exoplayer:exoplayer-decoder:2.18.7) with AarToClassTransform
Transforming exoplayer-decoder-2.18.7.aar (com.google.android.exoplayer:exoplayer-decoder:2.18.7) with DexingWithClasspathTransform
file or directory 'E:\For Safe Keeping\WEB REF\MaterialFiles\app\libs', not found
file or directory 'E:\For Safe Keeping\WEB REF\MaterialFiles\app\libs', not found
Transforming exoplayer-database-2.18.7.aar (com.google.android.exoplayer:exoplayer-database:2.18.7) with AarToClassTransform
Transforming exoplayer-database-2.18.7.aar (com.google.android.exoplayer:exoplayer-database:2.18.7) with DexingWithClasspathTransform
file or directory 'E:\For Safe Keeping\WEB REF\MaterialFiles\app\libs', not found
file or directory 'E:\For Safe Keeping\WEB REF\MaterialFiles\app\libs', not found
Transforming exoplayer-common-2.18.7.aar (com.google.android.exoplayer:exoplayer-common:2.18.7) with AarToClassTransform
Transforming exoplayer-common-2.18.7.aar (com.google.android.exoplayer:exoplayer-common:2.18.7) with DexingWithClasspathTransform
file or directory 'E:\For Safe Keeping\WEB REF\MaterialFiles\app\libs', not found
file or directory 'E:\For Safe Keeping\WEB REF\MaterialFiles\app\libs', not found
Transforming firebase-components-18.0.0.aar (com.google.firebase:firebase-components:18.0.0) with AarToClassTransform
Transforming firebase-components-18.0.0.aar (com.google.firebase:firebase-components:18.0.0) with DexingWithClasspathTransform
file or directory 'E:\For Safe Keeping\WEB REF\MaterialFiles\app\libs', not found
file or directory 'E:\For Safe Keeping\WEB REF\MaterialFiles\app\libs', not found
Transforming concurrent-futures-1.1.0.jar (androidx.concurrent:concurrent-futures:1.1.0) with IdentityTransform
Transforming concurrent-futures-1.1.0.jar (androidx.concurrent:concurrent-futures:1.1.0) with DexingWithClasspathTransform
file or directory 'E:\For Safe Keeping\WEB REF\MaterialFiles\app\libs', not found
file or directory 'E:\For Safe Keeping\WEB REF\MaterialFiles\app\libs', not found
Transforming tracing-1.2.0.aar (androidx.tracing:tracing:1.2.0) with AarToClassTransform
Transforming tracing-1.2.0.aar (androidx.tracing:tracing:1.2.0) with DexingWithClasspathTransform
file or directory 'E:\For Safe Keeping\WEB REF\MaterialFiles\app\libs', not found
file or directory 'E:\For Safe Keeping\WEB REF\MaterialFiles\app\libs', not found
Transforming versionedparcelable-1.1.1.aar (androidx.versionedparcelable:versionedparcelable:1.1.1) with AarToClassTransform
Transforming versionedparcelable-1.1.1.aar (androidx.versionedparcelable:versionedparcelable:1.1.1) with DexingWithClasspathTransform
file or directory 'E:\For Safe Keeping\WEB REF\MaterialFiles\app\libs', not found
file or directory 'E:\For Safe Keeping\WEB REF\MaterialFiles\app\libs', not found
Transforming core-common-2.2.0.jar (androidx.arch.core:core-common:2.2.0) with IdentityTransform
Transforming core-common-2.2.0.jar (androidx.arch.core:core-common:2.2.0) with DexingWithClasspathTransform
file or directory 'E:\For Safe Keeping\WEB REF\MaterialFiles\app\libs', not found
file or directory 'E:\For Safe Keeping\WEB REF\MaterialFiles\app\libs', not found
Transforming firebase-config-interop-16.0.1.aar (com.google.firebase:firebase-config-interop:16.0.1) with AarToClassTransform
Transforming firebase-config-interop-16.0.1.aar (com.google.firebase:firebase-config-interop:16.0.1) with DexingWithClasspathTransform
file or directory 'E:\For Safe Keeping\WEB REF\MaterialFiles\app\libs', not found
file or directory 'E:\For Safe Keeping\WEB REF\MaterialFiles\app\libs', not found
Transforming firebase-datatransport-19.0.0.aar (com.google.firebase:firebase-datatransport:19.0.0) with AarToClassTransform
Transforming firebase-datatransport-19.0.0.aar (com.google.firebase:firebase-datatransport:19.0.0) with DexingWithClasspathTransform
file or directory 'E:\For Safe Keeping\WEB REF\MaterialFiles\app\libs', not found
file or directory 'E:\For Safe Keeping\WEB REF\MaterialFiles\app\libs', not found
Transforming transport-backend-cct-3.3.0.aar (com.google.android.datatransport:transport-backend-cct:3.3.0) with AarToClassTransform
Transforming transport-backend-cct-3.3.0.aar (com.google.android.datatransport:transport-backend-cct:3.3.0) with DexingWithClasspathTransform
file or directory 'E:\For Safe Keeping\WEB REF\MaterialFiles\app\libs', not found
file or directory 'E:\For Safe Keeping\WEB REF\MaterialFiles\app\libs', not found
Transforming firebase-encoders-json-18.0.1.aar (com.google.firebase:firebase-encoders-json:18.0.1) with AarToClassTransform
Transforming firebase-encoders-json-18.0.1.aar (com.google.firebase:firebase-encoders-json:18.0.1) with DexingWithClasspathTransform
file or directory 'E:\For Safe Keeping\WEB REF\MaterialFiles\app\libs', not found
file or directory 'E:\For Safe Keeping\WEB REF\MaterialFiles\app\libs', not found
Transforming transport-runtime-3.3.0.aar (com.google.android.datatransport:transport-runtime:3.3.0) with AarToClassTransform
Transforming transport-runtime-3.3.0.aar (com.google.android.datatransport:transport-runtime:3.3.0) with DexingWithClasspathTransform
file or directory 'E:\For Safe Keeping\WEB REF\MaterialFiles\app\libs', not found
file or directory 'E:\For Safe Keeping\WEB REF\MaterialFiles\app\libs', not found
Transforming transport-api-3.2.0.aar (com.google.android.datatransport:transport-api:3.2.0) with AarToClassTransform
Transforming transport-api-3.2.0.aar (com.google.android.datatransport:transport-api:3.2.0) with DexingWithClasspathTransform
file or directory 'E:\For Safe Keeping\WEB REF\MaterialFiles\app\libs', not found
file or directory 'E:\For Safe Keeping\WEB REF\MaterialFiles\app\libs', not found
Transforming firebase-encoders-proto-16.0.0.jar (com.google.firebase:firebase-encoders-proto:16.0.0) with IdentityTransform
Transforming firebase-encoders-proto-16.0.0.jar (com.google.firebase:firebase-encoders-proto:16.0.0) with DexingWithClasspathTransform
file or directory 'E:\For Safe Keeping\WEB REF\MaterialFiles\app\libs', not found
file or directory 'E:\For Safe Keeping\WEB REF\MaterialFiles\app\libs', not found
Transforming firebase-encoders-17.0.0.jar (com.google.firebase:firebase-encoders:17.0.0) with IdentityTransform
Transforming firebase-encoders-17.0.0.jar (com.google.firebase:firebase-encoders:17.0.0) with DexingWithClasspathTransform
file or directory 'E:\For Safe Keeping\WEB REF\MaterialFiles\app\libs', not found
file or directory 'E:\For Safe Keeping\WEB REF\MaterialFiles\app\libs', not found
Transforming collection-ktx-1.4.2.jar (androidx.collection:collection-ktx:1.4.2) with IdentityTransform
Transforming collection-ktx-1.4.2.jar (androidx.collection:collection-ktx:1.4.2) with DexingWithClasspathTransform
file or directory 'E:\For Safe Keeping\WEB REF\MaterialFiles\app\libs', not found
file or directory 'E:\For Safe Keeping\WEB REF\MaterialFiles\app\libs', not found
Transforming collection-jvm-1.4.2.jar (androidx.collection:collection-jvm:1.4.2) with IdentityTransform
Transforming collection-jvm-1.4.2.jar (androidx.collection:collection-jvm:1.4.2) with DexingWithClasspathTransform
file or directory 'E:\For Safe Keeping\WEB REF\MaterialFiles\app\libs', not found
file or directory 'E:\For Safe Keeping\WEB REF\MaterialFiles\app\libs', not found
Transforming documentfile-1.0.0.aar (androidx.documentfile:documentfile:1.0.0) with AarToClassTransform
Transforming documentfile-1.0.0.aar (androidx.documentfile:documentfile:1.0.0) with DexingWithClasspathTransform
file or directory 'E:\For Safe Keeping\WEB REF\MaterialFiles\app\libs', not found
file or directory 'E:\For Safe Keeping\WEB REF\MaterialFiles\app\libs', not found
Transforming localbroadcastmanager-1.0.0.aar (androidx.localbroadcastmanager:localbroadcastmanager:1.0.0) with AarToClassTransform
Transforming localbroadcastmanager-1.0.0.aar (androidx.localbroadcastmanager:localbroadcastmanager:1.0.0) with DexingWithClasspathTransform
file or directory 'E:\For Safe Keeping\WEB REF\MaterialFiles\app\libs', not found
file or directory 'E:\For Safe Keeping\WEB REF\MaterialFiles\app\libs', not found
Transforming print-1.0.0.aar (androidx.print:print:1.0.0) with AarToClassTransform
Transforming print-1.0.0.aar (androidx.print:print:1.0.0) with DexingWithClasspathTransform
file or directory 'E:\For Safe Keeping\WEB REF\MaterialFiles\app\libs', not found
file or directory 'E:\For Safe Keeping\WEB REF\MaterialFiles\app\libs', not found
Transforming annotation-jvm-1.9.0.jar (androidx.annotation:annotation-jvm:1.9.0) with IdentityTransform
Transforming annotation-jvm-1.9.0.jar (androidx.annotation:annotation-jvm:1.9.0) with DexingWithClasspathTransform
file or directory 'E:\For Safe Keeping\WEB REF\MaterialFiles\app\libs', not found
file or directory 'E:\For Safe Keeping\WEB REF\MaterialFiles\app\libs', not found
Transforming okhttp-4.12.0.jar (com.squareup.okhttp3:okhttp:4.12.0) with IdentityTransform
Transforming okhttp-4.12.0.jar (com.squareup.okhttp3:okhttp:4.12.0) with DexingWithClasspathTransform
file or directory 'E:\For Safe Keeping\WEB REF\MaterialFiles\app\libs', not found
file or directory 'E:\For Safe Keeping\WEB REF\MaterialFiles\app\libs', not found
Transforming okio-jvm-3.9.0.jar (com.squareup.okio:okio-jvm:3.9.0) with IdentityTransform
Transforming okio-jvm-3.9.0.jar (com.squareup.okio:okio-jvm:3.9.0) with DexingWithClasspathTransform
file or directory 'E:\For Safe Keeping\WEB REF\MaterialFiles\app\libs', not found
file or directory 'E:\For Safe Keeping\WEB REF\MaterialFiles\app\libs', not found
Transforming kotlin-stdlib-2.0.0.jar (org.jetbrains.kotlin:kotlin-stdlib:2.0.0) with IdentityTransform
Transforming kotlin-stdlib-2.0.0.jar (org.jetbrains.kotlin:kotlin-stdlib:2.0.0) with DexingWithClasspathTransform
file or directory 'E:\For Safe Keeping\WEB REF\MaterialFiles\app\libs', not found
file or directory 'E:\For Safe Keeping\WEB REF\MaterialFiles\app\libs', not found
Transforming kotlin-stdlib-jdk8-1.9.24.jar (org.jetbrains.kotlin:kotlin-stdlib-jdk8:1.9.24) with IdentityTransform
Transforming kotlin-stdlib-jdk8-1.9.24.jar (org.jetbrains.kotlin:kotlin-stdlib-jdk8:1.9.24) with DexingWithClasspathTransform
file or directory 'E:\For Safe Keeping\WEB REF\MaterialFiles\app\libs', not found
file or directory 'E:\For Safe Keeping\WEB REF\MaterialFiles\app\libs', not found
Transforming androidsvg-aar-1.4.aar (com.caverock:androidsvg-aar:1.4) with AarToClassTransform
Transforming androidsvg-aar-1.4.aar (com.caverock:androidsvg-aar:1.4) with DexingWithClasspathTransform
file or directory 'E:\For Safe Keeping\WEB REF\MaterialFiles\app\libs', not found
file or directory 'E:\For Safe Keeping\WEB REF\MaterialFiles\app\libs', not found
Transforming drawer-1.0.3.aar (com.drakeet.drawer:drawer:1.0.3) with AarToClassTransform
Transforming drawer-1.0.3.aar (com.drakeet.drawer:drawer:1.0.3) with DexingWithClasspathTransform
file or directory 'E:\For Safe Keeping\WEB REF\MaterialFiles\app\libs', not found
file or directory 'E:\For Safe Keeping\WEB REF\MaterialFiles\app\libs', not found
Transforming smbj-0.11.5.jar (com.hierynomus:smbj:0.11.5) with IdentityTransform
Transforming asn-one-0.6.0.jar (com.hierynomus:asn-one:0.6.0) with IdentityTransform
Transforming slf4j-api-2.0.13.jar (org.slf4j:slf4j-api:2.0.13) with IdentityTransform
Transforming mbassador-1.3.0.jar (net.engio:mbassador:1.3.0) with IdentityTransform
Transforming commons-io-2.7.jar (commons-io:commons-io:2.7) with IdentityTransform
Transforming commons-lang3-3.4.jar (org.apache.commons:commons-lang3:3.4) with IdentityTransform
Transforming dcerpc-0.12.1.jar (com.rapid7.client:dcerpc:0.12.1) with IdentityTransform
Transforming dcerpc-0.12.1.jar (com.rapid7.client:dcerpc:0.12.1) with DexingWithClasspathTransform
file or directory 'E:\For Safe Keeping\WEB REF\MaterialFiles\app\libs', not found
file or directory 'E:\For Safe Keeping\WEB REF\MaterialFiles\app\libs', not found
Transforming smbj-0.11.5.jar (com.hierynomus:smbj:0.11.5) with IdentityTransform
Transforming smbj-0.11.5.jar (com.hierynomus:smbj:0.11.5) with DexingWithClasspathTransform
file or directory 'E:\For Safe Keeping\WEB REF\MaterialFiles\app\libs', not found
file or directory 'E:\For Safe Keeping\WEB REF\MaterialFiles\app\libs', not found
Transforming bcutil-jdk15to18-1.78.1.jar (org.bouncycastle:bcutil-jdk15to18:1.78.1) with IdentityTransform
Transforming bcprov-jdk15to18-1.78.1.jar (org.bouncycastle:bcprov-jdk15to18:1.78.1) with IdentityTransform
Transforming bcpkix-jdk15to18-1.78.1.jar (org.bouncycastle:bcpkix-jdk15to18:1.78.1) with IdentityTransform
Transforming bcpkix-jdk15to18-1.78.1.jar (org.bouncycastle:bcpkix-jdk15to18:1.78.1) with DexingWithClasspathTransform
file or directory 'E:\For Safe Keeping\WEB REF\MaterialFiles\app\libs', not found
file or directory 'E:\For Safe Keeping\WEB REF\MaterialFiles\app\libs', not found
Transforming bcutil-jdk15to18-1.78.1.jar (org.bouncycastle:bcutil-jdk15to18:1.78.1) with IdentityTransform
Transforming bcutil-jdk15to18-1.78.1.jar (org.bouncycastle:bcutil-jdk15to18:1.78.1) with DexingWithClasspathTransform
file or directory 'E:\For Safe Keeping\WEB REF\MaterialFiles\app\libs', not found
file or directory 'E:\For Safe Keeping\WEB REF\MaterialFiles\app\libs', not found
Transforming bcprov-jdk15to18-1.78.1.jar (org.bouncycastle:bcprov-jdk15to18:1.78.1) with IdentityTransform
Transforming bcprov-jdk15to18-1.78.1.jar (org.bouncycastle:bcprov-jdk15to18:1.78.1) with DexingWithClasspathTransform
file or directory 'E:\For Safe Keeping\WEB REF\MaterialFiles\app\libs', not found
file or directory 'E:\For Safe Keeping\WEB REF\MaterialFiles\app\libs', not found
Transforming eddsa-0.3.0.jar (net.i2p.crypto:eddsa:0.3.0) with IdentityTransform
Transforming sshj-0.39.0.jar (com.hierynomus:sshj:0.39.0) with IdentityTransform
Transforming sshj-0.39.0.jar (com.hierynomus:sshj:0.39.0) with DexingWithClasspathTransform
file or directory 'E:\For Safe Keeping\WEB REF\MaterialFiles\app\libs', not found
file or directory 'E:\For Safe Keeping\WEB REF\MaterialFiles\app\libs', not found
Transforming guava-33.3.1-android.jar (com.google.guava:guava:33.3.1-android) with IdentityTransform
Transforming guava-33.3.1-android.jar (com.google.guava:guava:33.3.1-android) with DexingWithClasspathTransform
file or directory 'E:\For Safe Keeping\WEB REF\MaterialFiles\app\libs', not found
file or directory 'E:\For Safe Keeping\WEB REF\MaterialFiles\app\libs', not found
Transforming listenablefuture-9999.0-empty-to-avoid-conflict-with-guava.jar (com.google.guava:listenablefuture:9999.0-empty-to-avoid-conflict-with-guava) with IdentityTransform
Transforming listenablefuture-9999.0-empty-to-avoid-conflict-with-guava.jar (com.google.guava:listenablefuture:9999.0-empty-to-avoid-conflict-with-guava) with DexingWithClasspathTransform
file or directory 'E:\For Safe Keeping\WEB REF\MaterialFiles\app\libs', not found
file or directory 'E:\For Safe Keeping\WEB REF\MaterialFiles\app\libs', not found
Transforming commons-net-3.11.1.jar (commons-net:commons-net:3.11.1) with IdentityTransform
Transforming commons-net-3.11.1.jar (commons-net:commons-net:3.11.1) with DexingWithClasspathTransform
file or directory 'E:\For Safe Keeping\WEB REF\MaterialFiles\app\libs', not found
file or directory 'E:\For Safe Keeping\WEB REF\MaterialFiles\app\libs', not found
Transforming jcifs-ng-2.1.10.jar (eu.agno3.jcifs:jcifs-ng:2.1.10) with IdentityTransform
Transforming jcifs-ng-2.1.10.jar (eu.agno3.jcifs:jcifs-ng:2.1.10) with DexingWithClasspathTransform
file or directory 'E:\For Safe Keeping\WEB REF\MaterialFiles\app\libs', not found
file or directory 'E:\For Safe Keeping\WEB REF\MaterialFiles\app\libs', not found
Transforming library-1.2.0.aar (me.zhanghai.android.retrofile:library:1.2.0) with AarToClassTransform
Transforming library-1.2.0.aar (me.zhanghai.android.retrofile:library:1.2.0) with DexingWithClasspathTransform
file or directory 'E:\For Safe Keeping\WEB REF\MaterialFiles\app\libs', not found
file or directory 'E:\For Safe Keeping\WEB REF\MaterialFiles\app\libs', not found
Transforming library-1.0.0.aar (me.zhanghai.android.systemuihelper:library:1.0.0) with AarToClassTransform
Transforming library-1.0.0.aar (me.zhanghai.android.systemuihelper:library:1.0.0) with DexingWithClasspathTransform
file or directory 'E:\For Safe Keeping\WEB REF\MaterialFiles\app\libs', not found
file or directory 'E:\For Safe Keeping\WEB REF\MaterialFiles\app\libs', not found
Transforming mina-core-2.1.3.jar (org.apache.mina:mina-core:2.1.3) with IdentityTransform
Transforming ftplet-api-1.2.0.jar (org.apache.ftpserver:ftplet-api:1.2.0) with IdentityTransform
Transforming ftpserver-core-1.2.0.jar (org.apache.ftpserver:ftpserver-core:1.2.0) with IdentityTransform
Transforming ftpserver-core-1.2.0.jar (org.apache.ftpserver:ftpserver-core:1.2.0) with DexingWithClasspathTransform
file or directory 'E:\For Safe Keeping\WEB REF\MaterialFiles\app\libs', not found
file or directory 'E:\For Safe Keeping\WEB REF\MaterialFiles\app\libs', not found
Transforming mina-core-2.1.3.jar (org.apache.mina:mina-core:2.1.3) with IdentityTransform
Transforming mina-core-2.1.3.jar (org.apache.mina:mina-core:2.1.3) with DexingWithClasspathTransform
file or directory 'E:\For Safe Keeping\WEB REF\MaterialFiles\app\libs', not found
file or directory 'E:\For Safe Keeping\WEB REF\MaterialFiles\app\libs', not found
Transforming slf4j-android-1.7.36.jar (org.slf4j:slf4j-android:1.7.36) with IdentityTransform
Transforming slf4j-android-1.7.36.jar (org.slf4j:slf4j-android:1.7.36) with DexingWithClasspathTransform
file or directory 'E:\For Safe Keeping\WEB REF\MaterialFiles\app\libs', not found
file or directory 'E:\For Safe Keeping\WEB REF\MaterialFiles\app\libs', not found
Transforming gson-2.10.1.jar (com.google.code.gson:gson:2.10.1) with IdentityTransform
Transforming gson-2.10.1.jar (com.google.code.gson:gson:2.10.1) with DexingWithClasspathTransform
file or directory 'E:\For Safe Keeping\WEB REF\MaterialFiles\app\libs', not found
file or directory 'E:\For Safe Keeping\WEB REF\MaterialFiles\app\libs', not found
Transforming HoloColorPicker-1.5.aar (com.larswerkman:HoloColorPicker:1.5) with AarToClassTransform
Transforming HoloColorPicker-1.5.aar (com.larswerkman:HoloColorPicker:1.5) with DexingWithClasspathTransform
file or directory 'E:\For Safe Keeping\WEB REF\MaterialFiles\app\libs', not found
file or directory 'E:\For Safe Keeping\WEB REF\MaterialFiles\app\libs', not found
Transforming core-5.2.2.aar (com.github.topjohnwu.libsu:core:5.2.2) with AarToClassTransform
Transforming core-5.2.2.aar (com.github.topjohnwu.libsu:core:5.2.2) with DexingWithClasspathTransform
file or directory 'E:\For Safe Keeping\WEB REF\MaterialFiles\app\libs', not found
file or directory 'E:\For Safe Keeping\WEB REF\MaterialFiles\app\libs', not found
Transforming error_prone_annotations-2.28.0.jar (com.google.errorprone:error_prone_annotations:2.28.0) with IdentityTransform
Transforming error_prone_annotations-2.28.0.jar (com.google.errorprone:error_prone_annotations:2.28.0) with DexingWithClasspathTransform
file or directory 'E:\For Safe Keeping\WEB REF\MaterialFiles\app\libs', not found
file or directory 'E:\For Safe Keeping\WEB REF\MaterialFiles\app\libs', not found
Transforming asn-one-0.6.0.jar (com.hierynomus:asn-one:0.6.0) with IdentityTransform
Transforming asn-one-0.6.0.jar (com.hierynomus:asn-one:0.6.0) with DexingWithClasspathTransform
file or directory 'E:\For Safe Keeping\WEB REF\MaterialFiles\app\libs', not found
file or directory 'E:\For Safe Keeping\WEB REF\MaterialFiles\app\libs', not found
Transforming slf4j-api-2.0.13.jar (org.slf4j:slf4j-api:2.0.13) with IdentityTransform
Transforming slf4j-api-2.0.13.jar (org.slf4j:slf4j-api:2.0.13) with DexingWithClasspathTransform
file or directory 'E:\For Safe Keeping\WEB REF\MaterialFiles\app\libs', not found
file or directory 'E:\For Safe Keeping\WEB REF\MaterialFiles\app\libs', not found
Transforming mbassador-1.3.0.jar (net.engio:mbassador:1.3.0) with IdentityTransform
Transforming mbassador-1.3.0.jar (net.engio:mbassador:1.3.0) with DexingWithClasspathTransform
file or directory 'E:\For Safe Keeping\WEB REF\MaterialFiles\app\libs', not found
file or directory 'E:\For Safe Keeping\WEB REF\MaterialFiles\app\libs', not found
Transforming eddsa-0.3.0.jar (net.i2p.crypto:eddsa:0.3.0) with IdentityTransform
Transforming eddsa-0.3.0.jar (net.i2p.crypto:eddsa:0.3.0) with DexingWithClasspathTransform
file or directory 'E:\For Safe Keeping\WEB REF\MaterialFiles\app\libs', not found
file or directory 'E:\For Safe Keeping\WEB REF\MaterialFiles\app\libs', not found
Transforming commons-io-2.7.jar (commons-io:commons-io:2.7) with IdentityTransform
Transforming commons-io-2.7.jar (commons-io:commons-io:2.7) with DexingWithClasspathTransform
file or directory 'E:\For Safe Keeping\WEB REF\MaterialFiles\app\libs', not found
file or directory 'E:\For Safe Keeping\WEB REF\MaterialFiles\app\libs', not found
Transforming commons-lang3-3.4.jar (org.apache.commons:commons-lang3:3.4) with IdentityTransform
Transforming commons-lang3-3.4.jar (org.apache.commons:commons-lang3:3.4) with DexingWithClasspathTransform
file or directory 'E:\For Safe Keeping\WEB REF\MaterialFiles\app\libs', not found
file or directory 'E:\For Safe Keeping\WEB REF\MaterialFiles\app\libs', not found
Transforming failureaccess-1.0.2.jar (com.google.guava:failureaccess:1.0.2) with IdentityTransform
Transforming failureaccess-1.0.2.jar (com.google.guava:failureaccess:1.0.2) with DexingWithClasspathTransform
file or directory 'E:\For Safe Keeping\WEB REF\MaterialFiles\app\libs', not found
file or directory 'E:\For Safe Keeping\WEB REF\MaterialFiles\app\libs', not found
Transforming jsr305-3.0.2.jar (com.google.code.findbugs:jsr305:3.0.2) with IdentityTransform
Transforming jsr305-3.0.2.jar (com.google.code.findbugs:jsr305:3.0.2) with DexingWithClasspathTransform
file or directory 'E:\For Safe Keeping\WEB REF\MaterialFiles\app\libs', not found
file or directory 'E:\For Safe Keeping\WEB REF\MaterialFiles\app\libs', not found
Transforming checker-qual-3.43.0.jar (org.checkerframework:checker-qual:3.43.0) with IdentityTransform
Transforming checker-qual-3.43.0.jar (org.checkerframework:checker-qual:3.43.0) with DexingWithClasspathTransform
file or directory 'E:\For Safe Keeping\WEB REF\MaterialFiles\app\libs', not found
file or directory 'E:\For Safe Keeping\WEB REF\MaterialFiles\app\libs', not found
Transforming j2objc-annotations-3.0.0.jar (com.google.j2objc:j2objc-annotations:3.0.0) with IdentityTransform
Transforming j2objc-annotations-3.0.0.jar (com.google.j2objc:j2objc-annotations:3.0.0) with DexingWithClasspathTransform
file or directory 'E:\For Safe Keeping\WEB REF\MaterialFiles\app\libs', not found
file or directory 'E:\For Safe Keeping\WEB REF\MaterialFiles\app\libs', not found
Transforming aidl-13.1.5.aar (dev.rikka.shizuku:aidl:13.1.5) with AarToClassTransform
Transforming aidl-13.1.5.aar (dev.rikka.shizuku:aidl:13.1.5) with DexingWithClasspathTransform
file or directory 'E:\For Safe Keeping\WEB REF\MaterialFiles\app\libs', not found
file or directory 'E:\For Safe Keeping\WEB REF\MaterialFiles\app\libs', not found
Transforming ftplet-api-1.2.0.jar (org.apache.ftpserver:ftplet-api:1.2.0) with IdentityTransform
Transforming ftplet-api-1.2.0.jar (org.apache.ftpserver:ftplet-api:1.2.0) with DexingWithClasspathTransform
file or directory 'E:\For Safe Keeping\WEB REF\MaterialFiles\app\libs', not found
file or directory 'E:\For Safe Keeping\WEB REF\MaterialFiles\app\libs', not found
Transforming annotations-23.0.0.jar (org.jetbrains:annotations:23.0.0) with IdentityTransform
Transforming annotations-23.0.0.jar (org.jetbrains:annotations:23.0.0) with DexingWithClasspathTransform
file or directory 'E:\For Safe Keeping\WEB REF\MaterialFiles\app\libs', not found
file or directory 'E:\For Safe Keeping\WEB REF\MaterialFiles\app\libs', not found
Transforming constraintlayout-solver-2.0.1.jar (androidx.constraintlayout:constraintlayout-solver:2.0.1) with IdentityTransform
Transforming constraintlayout-solver-2.0.1.jar (androidx.constraintlayout:constraintlayout-solver:2.0.1) with DexingWithClasspathTransform
file or directory 'E:\For Safe Keeping\WEB REF\MaterialFiles\app\libs', not found
file or directory 'E:\For Safe Keeping\WEB REF\MaterialFiles\app\libs', not found
Transforming firebase-annotations-16.2.0.jar (com.google.firebase:firebase-annotations:16.2.0) with IdentityTransform
Transforming firebase-annotations-16.2.0.jar (com.google.firebase:firebase-annotations:16.2.0) with DexingWithClasspathTransform
file or directory 'E:\For Safe Keeping\WEB REF\MaterialFiles\app\libs', not found
file or directory 'E:\For Safe Keeping\WEB REF\MaterialFiles\app\libs', not found
Transforming javax.inject-1.jar (javax.inject:javax.inject:1) with IdentityTransform
Transforming javax.inject-1.jar (javax.inject:javax.inject:1) with DexingWithClasspathTransform
file or directory 'E:\For Safe Keeping\WEB REF\MaterialFiles\app\libs', not found
file or directory 'E:\For Safe Keeping\WEB REF\MaterialFiles\app\libs', not found
Caching disabled for task ':app:mergeExtDexDebug' because:
  Build cache is disabled
Skipping task ':app:mergeExtDexDebug' as it is up-to-date.
Resolve mutations for :app:mergeLibDexDebug (Thread[Execution worker Thread 4,5,main]) started.
:app:mergeLibDexDebug (Thread[Execution worker Thread 4,5,main]) started.

> Task :app:mergeLibDexDebug UP-TO-DATE
file or directory 'E:\For Safe Keeping\WEB REF\MaterialFiles\app\libs', not found
file or directory 'E:\For Safe Keeping\WEB REF\MaterialFiles\app\libs', not found
Caching disabled for task ':app:mergeLibDexDebug' because:
  Build cache is disabled
Skipping task ':app:mergeLibDexDebug' as it is up-to-date.
Resolve mutations for :app:configureCMakeDebug[arm64-v8a] (Thread[Execution worker Thread 4,5,main]) started.
:app:configureCMakeDebug[arm64-v8a] (Thread[Execution worker Thread 4,5,main]) started.

> Task :app:configureCMakeDebug[arm64-v8a]
Caching disabled for task ':app:configureCMakeDebug[arm64-v8a]' because:
  Build cache is disabled
  Caching has been disabled for the task
Task ':app:configureCMakeDebug[arm64-v8a]' is not up-to-date because:
  Task.upToDateWhen is false.
C/C++: E:\For Safe Keeping\WEB REF\MaterialFiles\app\CMakeLists.txt debug|arm64-v8a : Start JSON generation. Platform version: 21 min SDK version: arm64-v8a
C/C++: E:\For Safe Keeping\WEB REF\MaterialFiles\app\CMakeLists.txt debug|arm64-v8a : JSON 'E:\For Safe Keeping\WEB REF\MaterialFiles\app\.cxx\Debug\644qk3f6\arm64-v8a\android_gradle_build.json' was up-to-date
C/C++: E:\For Safe Keeping\WEB REF\MaterialFiles\app\CMakeLists.txt debug|arm64-v8a : JSON generation completed without problems
C/C++: E:\For Safe Keeping\WEB REF\MaterialFiles\app\CMakeLists.txt debug|arm64-v8a : Writing build model to E:\For Safe Keeping\WEB REF\MaterialFiles\app\build\intermediates\cxx\Debug\644qk3f6\logs\arm64-v8a\build_model.json
Resolve mutations for :app:buildCMakeDebug[arm64-v8a] (Thread[Execution worker Thread 4,5,main]) started.
:app:buildCMakeDebug[arm64-v8a] (Thread[Execution worker Thread 4,5,main]) started.

> Task :app:buildCMakeDebug[arm64-v8a]
Caching disabled for task ':app:buildCMakeDebug[arm64-v8a]' because:
  Build cache is disabled
  Caching has been disabled for the task
Task ':app:buildCMakeDebug[arm64-v8a]' is not up-to-date because:
  Task.upToDateWhen is false.
C/C++: starting build
C/C++: reading expected JSONs
C/C++: done reading expected JSONs
C/C++: executing build commands for targets that produce .so files or executables
C/C++: evaluate miniconfig
C/C++: evaluate library syscall (arm64-v8a)
C/C++: building target library syscall because no targets are specified.
C/C++: evaluate library hiddenapi (arm64-v8a)
C/C++: building target library hiddenapi because no targets are specified.
C/C++: about to build targets hiddenapi, syscall
C/C++: Build multiple targets syscall_arm64-v8a hiddenapi_arm64-v8a
C/C++: @echo off
"C:\\Users\\oMaaBo\\AppData\\Local\\Android\\Sdk\\cmake\\3.22.1\\bin\\ninja.exe" ^
  -C ^
  "E:\\For Safe Keeping\\WEB REF\\MaterialFiles\\app\\.cxx\\Debug\\644qk3f6\\arm64-v8a" ^
  hiddenapi ^
  syscall

Starting process 'command 'C:\Users\oMaaBo\AppData\Local\Android\Sdk\cmake\3.22.1\bin\ninja.exe''. Working directory: E:\For Safe Keeping\WEB REF\MaterialFiles\app Command: C:\Users\oMaaBo\AppData\Local\Android\Sdk\cmake\3.22.1\bin\ninja.exe -C E:\For Safe Keeping\WEB REF\MaterialFiles\app\.cxx\Debug\644qk3f6\arm64-v8a hiddenapi syscall
Successfully started process 'command 'C:\Users\oMaaBo\AppData\Local\Android\Sdk\cmake\3.22.1\bin\ninja.exe''
C/C++: Received process result: 0
C/C++: check expected build outputs
C/C++: build complete
Resolve mutations for :app:configureCMakeDebug[armeabi-v7a] (Thread[Execution worker Thread 4,5,main]) started.
:app:configureCMakeDebug[armeabi-v7a] (Thread[Execution worker Thread 9,5,main]) started.

> Task :app:configureCMakeDebug[armeabi-v7a]
Caching disabled for task ':app:configureCMakeDebug[armeabi-v7a]' because:
  Build cache is disabled
  Caching has been disabled for the task
Task ':app:configureCMakeDebug[armeabi-v7a]' is not up-to-date because:
  Task.upToDateWhen is false.
C/C++: E:\For Safe Keeping\WEB REF\MaterialFiles\app\CMakeLists.txt debug|armeabi-v7a : Start JSON generation. Platform version: 21 min SDK version: armeabi-v7a
C/C++: E:\For Safe Keeping\WEB REF\MaterialFiles\app\CMakeLists.txt debug|armeabi-v7a : JSON 'E:\For Safe Keeping\WEB REF\MaterialFiles\app\.cxx\Debug\644qk3f6\armeabi-v7a\android_gradle_build.json' was up-to-date
C/C++: E:\For Safe Keeping\WEB REF\MaterialFiles\app\CMakeLists.txt debug|armeabi-v7a : JSON generation completed without problems
C/C++: E:\For Safe Keeping\WEB REF\MaterialFiles\app\CMakeLists.txt debug|armeabi-v7a : Writing build model to E:\For Safe Keeping\WEB REF\MaterialFiles\app\build\intermediates\cxx\Debug\644qk3f6\logs\armeabi-v7a\build_model.json
Resolve mutations for :app:buildCMakeDebug[armeabi-v7a] (Thread[Execution worker Thread 9,5,main]) started.
:app:buildCMakeDebug[armeabi-v7a] (Thread[Execution worker Thread 7,5,main]) started.

> Task :app:buildCMakeDebug[armeabi-v7a]
Caching disabled for task ':app:buildCMakeDebug[armeabi-v7a]' because:
  Build cache is disabled
  Caching has been disabled for the task
Task ':app:buildCMakeDebug[armeabi-v7a]' is not up-to-date because:
  Task.upToDateWhen is false.
C/C++: starting build
C/C++: reading expected JSONs
C/C++: done reading expected JSONs
C/C++: executing build commands for targets that produce .so files or executables
C/C++: evaluate miniconfig
C/C++: evaluate library syscall (armeabi-v7a)
C/C++: building target library syscall because no targets are specified.
C/C++: evaluate library hiddenapi (armeabi-v7a)
C/C++: building target library hiddenapi because no targets are specified.
C/C++: about to build targets hiddenapi, syscall
C/C++: Build multiple targets syscall_armeabi-v7a hiddenapi_armeabi-v7a
C/C++: @echo off
"C:\\Users\\oMaaBo\\AppData\\Local\\Android\\Sdk\\cmake\\3.22.1\\bin\\ninja.exe" ^
  -C ^
  "E:\\For Safe Keeping\\WEB REF\\MaterialFiles\\app\\.cxx\\Debug\\644qk3f6\\armeabi-v7a" ^
  hiddenapi ^
  syscall

Starting process 'command 'C:\Users\oMaaBo\AppData\Local\Android\Sdk\cmake\3.22.1\bin\ninja.exe''. Working directory: E:\For Safe Keeping\WEB REF\MaterialFiles\app Command: C:\Users\oMaaBo\AppData\Local\Android\Sdk\cmake\3.22.1\bin\ninja.exe -C E:\For Safe Keeping\WEB REF\MaterialFiles\app\.cxx\Debug\644qk3f6\armeabi-v7a hiddenapi syscall
Successfully started process 'command 'C:\Users\oMaaBo\AppData\Local\Android\Sdk\cmake\3.22.1\bin\ninja.exe''
C/C++: Received process result: 0
C/C++: check expected build outputs
C/C++: build complete
Resolve mutations for :app:configureCMakeDebug[x86] (Thread[Execution worker Thread 7,5,main]) started.
:app:configureCMakeDebug[x86] (Thread[Execution worker Thread 2,5,main]) started.

> Task :app:configureCMakeDebug[x86]
Caching disabled for task ':app:configureCMakeDebug[x86]' because:
  Build cache is disabled
  Caching has been disabled for the task
Task ':app:configureCMakeDebug[x86]' is not up-to-date because:
  Task.upToDateWhen is false.
C/C++: E:\For Safe Keeping\WEB REF\MaterialFiles\app\CMakeLists.txt debug|x86 : Start JSON generation. Platform version: 21 min SDK version: x86
C/C++: E:\For Safe Keeping\WEB REF\MaterialFiles\app\CMakeLists.txt debug|x86 : JSON 'E:\For Safe Keeping\WEB REF\MaterialFiles\app\.cxx\Debug\644qk3f6\x86\android_gradle_build.json' was up-to-date
C/C++: E:\For Safe Keeping\WEB REF\MaterialFiles\app\CMakeLists.txt debug|x86 : JSON generation completed without problems
C/C++: E:\For Safe Keeping\WEB REF\MaterialFiles\app\CMakeLists.txt debug|x86 : Writing build model to E:\For Safe Keeping\WEB REF\MaterialFiles\app\build\intermediates\cxx\Debug\644qk3f6\logs\x86\build_model.json
Resolve mutations for :app:buildCMakeDebug[x86] (Thread[Execution worker Thread 2,5,main]) started.
:app:buildCMakeDebug[x86] (Thread[Execution worker Thread 2,5,main]) started.

> Task :app:buildCMakeDebug[x86]
Caching disabled for task ':app:buildCMakeDebug[x86]' because:
  Build cache is disabled
  Caching has been disabled for the task
Task ':app:buildCMakeDebug[x86]' is not up-to-date because:
  Task.upToDateWhen is false.
C/C++: starting build
C/C++: reading expected JSONs
C/C++: done reading expected JSONs
C/C++: executing build commands for targets that produce .so files or executables
C/C++: evaluate miniconfig
C/C++: evaluate library syscall (x86)
C/C++: building target library syscall because no targets are specified.
C/C++: evaluate library hiddenapi (x86)
C/C++: building target library hiddenapi because no targets are specified.
C/C++: about to build targets hiddenapi, syscall
C/C++: Build multiple targets syscall_x86 hiddenapi_x86
C/C++: @echo off
"C:\\Users\\oMaaBo\\AppData\\Local\\Android\\Sdk\\cmake\\3.22.1\\bin\\ninja.exe" ^
  -C ^
  "E:\\For Safe Keeping\\WEB REF\\MaterialFiles\\app\\.cxx\\Debug\\644qk3f6\\x86" ^
  hiddenapi ^
  syscall

Starting process 'command 'C:\Users\oMaaBo\AppData\Local\Android\Sdk\cmake\3.22.1\bin\ninja.exe''. Working directory: E:\For Safe Keeping\WEB REF\MaterialFiles\app Command: C:\Users\oMaaBo\AppData\Local\Android\Sdk\cmake\3.22.1\bin\ninja.exe -C E:\For Safe Keeping\WEB REF\MaterialFiles\app\.cxx\Debug\644qk3f6\x86 hiddenapi syscall
Successfully started process 'command 'C:\Users\oMaaBo\AppData\Local\Android\Sdk\cmake\3.22.1\bin\ninja.exe''
C/C++: Received process result: 0
C/C++: check expected build outputs
C/C++: build complete
Resolve mutations for :app:configureCMakeDebug[x86_64] (Thread[Execution worker Thread 2,5,main]) started.
:app:configureCMakeDebug[x86_64] (Thread[Execution worker Thread 5,5,main]) started.

> Task :app:configureCMakeDebug[x86_64]
Caching disabled for task ':app:configureCMakeDebug[x86_64]' because:
  Build cache is disabled
  Caching has been disabled for the task
Task ':app:configureCMakeDebug[x86_64]' is not up-to-date because:
  Task.upToDateWhen is false.
C/C++: E:\For Safe Keeping\WEB REF\MaterialFiles\app\CMakeLists.txt debug|x86_64 : Start JSON generation. Platform version: 21 min SDK version: x86_64
C/C++: E:\For Safe Keeping\WEB REF\MaterialFiles\app\CMakeLists.txt debug|x86_64 : JSON 'E:\For Safe Keeping\WEB REF\MaterialFiles\app\.cxx\Debug\644qk3f6\x86_64\android_gradle_build.json' was up-to-date
C/C++: E:\For Safe Keeping\WEB REF\MaterialFiles\app\CMakeLists.txt debug|x86_64 : JSON generation completed without problems
C/C++: E:\For Safe Keeping\WEB REF\MaterialFiles\app\CMakeLists.txt debug|x86_64 : Writing build model to E:\For Safe Keeping\WEB REF\MaterialFiles\app\build\intermediates\cxx\Debug\644qk3f6\logs\x86_64\build_model.json
Resolve mutations for :app:buildCMakeDebug[x86_64] (Thread[Execution worker Thread 5,5,main]) started.
:app:buildCMakeDebug[x86_64] (Thread[Execution worker,5,main]) started.

> Task :app:buildCMakeDebug[x86_64]
Caching disabled for task ':app:buildCMakeDebug[x86_64]' because:
  Build cache is disabled
  Caching has been disabled for the task
Task ':app:buildCMakeDebug[x86_64]' is not up-to-date because:
  Task.upToDateWhen is false.
C/C++: starting build
C/C++: reading expected JSONs
C/C++: done reading expected JSONs
C/C++: executing build commands for targets that produce .so files or executables
C/C++: evaluate miniconfig
C/C++: evaluate library syscall (x86_64)
C/C++: building target library syscall because no targets are specified.
C/C++: evaluate library hiddenapi (x86_64)
C/C++: building target library hiddenapi because no targets are specified.
C/C++: about to build targets hiddenapi, syscall
C/C++: Build multiple targets syscall_x86_64 hiddenapi_x86_64
C/C++: @echo off
"C:\\Users\\oMaaBo\\AppData\\Local\\Android\\Sdk\\cmake\\3.22.1\\bin\\ninja.exe" ^
  -C ^
  "E:\\For Safe Keeping\\WEB REF\\MaterialFiles\\app\\.cxx\\Debug\\644qk3f6\\x86_64" ^
  hiddenapi ^
  syscall

Starting process 'command 'C:\Users\oMaaBo\AppData\Local\Android\Sdk\cmake\3.22.1\bin\ninja.exe''. Working directory: E:\For Safe Keeping\WEB REF\MaterialFiles\app Command: C:\Users\oMaaBo\AppData\Local\Android\Sdk\cmake\3.22.1\bin\ninja.exe -C E:\For Safe Keeping\WEB REF\MaterialFiles\app\.cxx\Debug\644qk3f6\x86_64 hiddenapi syscall
Successfully started process 'command 'C:\Users\oMaaBo\AppData\Local\Android\Sdk\cmake\3.22.1\bin\ninja.exe''
C/C++: Received process result: 0
C/C++: check expected build outputs
C/C++: build complete
Resolve mutations for :app:mergeDebugJniLibFolders (Thread[Execution worker,5,main]) started.
:app:mergeDebugJniLibFolders (Thread[Execution worker,5,main]) started.

> Task :app:mergeDebugJniLibFolders UP-TO-DATE
Caching disabled for task ':app:mergeDebugJniLibFolders' because:
  Build cache is disabled
  Simple merging task
Skipping task ':app:mergeDebugJniLibFolders' as it is up-to-date.
Resolve mutations for :app:mergeDebugNativeLibs (Thread[Execution worker,5,main]) started.
:app:mergeDebugNativeLibs (Thread[Execution worker,5,main]) started.

> Task :app:mergeDebugNativeLibs UP-TO-DATE
file or directory 'E:\For Safe Keeping\WEB REF\MaterialFiles\app\libs', not found
Transforming viewbinding-8.5.0.aar (androidx.databinding:viewbinding:8.5.0) with ExtractAarTransform
Transforming viewbinding-8.5.0.aar (androidx.databinding:viewbinding:8.5.0) with AarTransform
Transforming kotlin-parcelize-runtime-1.9.24.jar (org.jetbrains.kotlin:kotlin-parcelize-runtime:1.9.24) with ExtractJniTransform
Transforming dav4jvm-c1bc143.jar (com.github.bitfireAT:dav4jvm:c1bc143) with ExtractJniTransform
Transforming PhotoView-2.3.0.aar (com.github.chrisbanes:PhotoView:2.3.0) with ExtractAarTransform
Transforming PhotoView-2.3.0.aar (com.github.chrisbanes:PhotoView:2.3.0) with AarTransform
Transforming service-5.2.2.aar (com.github.topjohnwu.libsu:service:5.2.2) with ExtractAarTransform
Transforming service-5.2.2.aar (com.github.topjohnwu.libsu:service:5.2.2) with AarTransform
Transforming preference-ktx-1.2.1.aar (androidx.preference:preference-ktx:1.2.1) with ExtractAarTransform
Transforming preference-ktx-1.2.1.aar (androidx.preference:preference-ktx:1.2.1) with AarTransform
Transforming speed-dial-3.3.0.aar (com.leinardi.android:speed-dial:3.3.0) with ExtractAarTransform
Transforming speed-dial-3.3.0.aar (com.leinardi.android:speed-dial:3.3.0) with AarTransform
Transforming material-1.12.0.aar (com.google.android.material:material:1.12.0) with ExtractAarTransform
Transforming material-1.12.0.aar (com.google.android.material:material:1.12.0) with AarTransform
Transforming subsampling-scale-image-view-androidx-3.10.0.aar (com.davemorrissey.labs:subsampling-scale-image-view-androidx:3.10.0) with ExtractAarTransform
Transforming subsampling-scale-image-view-androidx-3.10.0.aar (com.davemorrissey.labs:subsampling-scale-image-view-androidx:3.10.0) with AarTransform
Transforming licensesdialog-2.1.0.aar (de.psdev.licensesdialog:licensesdialog:2.1.0) with ExtractAarTransform
Transforming licensesdialog-2.1.0.aar (de.psdev.licensesdialog:licensesdialog:2.1.0) with AarTransform
Transforming library-1.3.0.aar (me.zhanghai.android.fastscroll:library:1.3.0) with ExtractAarTransform
Transforming library-1.3.0.aar (me.zhanghai.android.fastscroll:library:1.3.0) with AarTransform
Transforming library-1.0.2.aar (me.zhanghai.android.foregroundcompat:library:1.0.2) with ExtractAarTransform
Transforming library-1.0.2.aar (me.zhanghai.android.foregroundcompat:library:1.0.2) with AarTransform
Transforming coil-gif-2.7.0.aar (io.coil-kt:coil-gif:2.7.0) with ExtractAarTransform
Transforming coil-gif-2.7.0.aar (io.coil-kt:coil-gif:2.7.0) with AarTransform
Transforming coil-2.7.0.aar (io.coil-kt:coil:2.7.0) with ExtractAarTransform
Transforming coil-2.7.0.aar (io.coil-kt:coil:2.7.0) with AarTransform
Transforming coil-svg-2.7.0.aar (io.coil-kt:coil-svg:2.7.0) with ExtractAarTransform
Transforming coil-svg-2.7.0.aar (io.coil-kt:coil-svg:2.7.0) with AarTransform
Transforming coil-video-2.7.0.aar (io.coil-kt:coil-video:2.7.0) with ExtractAarTransform
Transforming coil-video-2.7.0.aar (io.coil-kt:coil-video:2.7.0) with AarTransform
Transforming coil-base-2.7.0.aar (io.coil-kt:coil-base:2.7.0) with ExtractAarTransform
Transforming coil-base-2.7.0.aar (io.coil-kt:coil-base:2.7.0) with AarTransform
Transforming appcompat-resources-1.7.0.aar (androidx.appcompat:appcompat-resources:1.7.0) with ExtractAarTransform
Transforming appcompat-resources-1.7.0.aar (androidx.appcompat:appcompat-resources:1.7.0) with AarTransform
Transforming preferencex-1.1.0.aar (com.takisoft.preferencex:preferencex:1.1.0) with ExtractAarTransform
Transforming preferencex-1.1.0.aar (com.takisoft.preferencex:preferencex:1.1.0) with AarTransform
Transforming simplemenu-preference-1.0.3.aar (dev.rikka.rikkax.preference:simplemenu-preference:1.0.3) with ExtractAarTransform
Transforming simplemenu-preference-1.0.3.aar (dev.rikka.rikkax.preference:simplemenu-preference:1.0.3) with AarTransform
Transforming preference-1.2.1.aar (androidx.preference:preference:1.2.1) with ExtractAarTransform
Transforming preference-1.2.1.aar (androidx.preference:preference:1.2.1) with AarTransform
Transforming constraintlayout-2.0.1.aar (androidx.constraintlayout:constraintlayout:2.0.1) with ExtractAarTransform
Transforming constraintlayout-2.0.1.aar (androidx.constraintlayout:constraintlayout:2.0.1) with AarTransform
Transforming appcompat-1.7.0.aar (androidx.appcompat:appcompat:1.7.0) with ExtractAarTransform
Transforming appcompat-1.7.0.aar (androidx.appcompat:appcompat:1.7.0) with AarTransform
Transforming appcompat-1.7.0.aar (androidx.appcompat:appcompat:1.7.0) with ExtractAarTransform
Transforming appcompat-1.7.0.aar (androidx.appcompat:appcompat:1.7.0) with AarTransform
Transforming advrecyclerview-1.0.0.aar (com.h6ah4i.android.widget.advrecyclerview:advrecyclerview:1.0.0) with ExtractAarTransform
Transforming advrecyclerview-1.0.0.aar (com.h6ah4i.android.widget.advrecyclerview:advrecyclerview:1.0.0) with AarTransform
Transforming exoplayer-2.18.7.aar (com.google.android.exoplayer:exoplayer:2.18.7) with ExtractAarTransform
Transforming exoplayer-2.18.7.aar (com.google.android.exoplayer:exoplayer:2.18.7) with AarTransform
Transforming exoplayer-ui-2.18.7.aar (com.google.android.exoplayer:exoplayer-ui:2.18.7) with ExtractAarTransform
Transforming exoplayer-ui-2.18.7.aar (com.google.android.exoplayer:exoplayer-ui:2.18.7) with AarTransform
Transforming recyclerview-1.3.2.aar (androidx.recyclerview:recyclerview:1.3.2) with ExtractAarTransform
Transforming recyclerview-1.3.2.aar (androidx.recyclerview:recyclerview:1.3.2) with AarTransform
Transforming viewpager2-1.1.0-beta02.aar (androidx.viewpager2:viewpager2:1.1.0-beta02) with ExtractAarTransform
Transforming viewpager2-1.1.0-beta02.aar (androidx.viewpager2:viewpager2:1.1.0-beta02) with AarTransform
Transforming firebase-crashlytics-ndk-19.2.1.aar (com.google.firebase:firebase-crashlytics-ndk:19.2.1) with ExtractAarTransform
Transforming firebase-crashlytics-ndk-19.2.1.aar (com.google.firebase:firebase-crashlytics-ndk:19.2.1) with AarTransform
Transforming firebase-crashlytics-19.2.1.aar (com.google.firebase:firebase-crashlytics:19.2.1) with ExtractAarTransform
Transforming firebase-crashlytics-19.2.1.aar (com.google.firebase:firebase-crashlytics:19.2.1) with AarTransform
Transforming firebase-analytics-22.1.2.aar (com.google.firebase:firebase-analytics:22.1.2) with ExtractAarTransform
Transforming firebase-analytics-22.1.2.aar (com.google.firebase:firebase-analytics:22.1.2) with AarTransform
Transforming play-services-measurement-api-22.1.2.aar (com.google.android.gms:play-services-measurement-api:22.1.2) with ExtractAarTransform
Transforming play-services-measurement-api-22.1.2.aar (com.google.android.gms:play-services-measurement-api:22.1.2) with AarTransform
Transforming firebase-sessions-2.0.6.aar (com.google.firebase:firebase-sessions:2.0.6) with ExtractAarTransform
Transforming firebase-sessions-2.0.6.aar (com.google.firebase:firebase-sessions:2.0.6) with AarTransform
Transforming firebase-installations-18.0.0.aar (com.google.firebase:firebase-installations:18.0.0) with ExtractAarTransform
Transforming firebase-installations-18.0.0.aar (com.google.firebase:firebase-installations:18.0.0) with AarTransform
Transforming firebase-common-ktx-21.0.0.aar (com.google.firebase:firebase-common-ktx:21.0.0) with ExtractAarTransform
Transforming firebase-common-ktx-21.0.0.aar (com.google.firebase:firebase-common-ktx:21.0.0) with AarTransform
Transforming firebase-common-21.0.0.aar (com.google.firebase:firebase-common:21.0.0) with ExtractAarTransform
Transforming firebase-common-21.0.0.aar (com.google.firebase:firebase-common:21.0.0) with AarTransform
Transforming play-services-measurement-22.1.2.aar (com.google.android.gms:play-services-measurement:22.1.2) with ExtractAarTransform
Transforming play-services-measurement-22.1.2.aar (com.google.android.gms:play-services-measurement:22.1.2) with AarTransform
Transforming play-services-measurement-sdk-22.1.2.aar (com.google.android.gms:play-services-measurement-sdk:22.1.2) with ExtractAarTransform
Transforming play-services-measurement-sdk-22.1.2.aar (com.google.android.gms:play-services-measurement-sdk:22.1.2) with AarTransform
Transforming firebase-measurement-connector-20.0.1.aar (com.google.firebase:firebase-measurement-connector:20.0.1) with ExtractAarTransform
Transforming firebase-measurement-connector-20.0.1.aar (com.google.firebase:firebase-measurement-connector:20.0.1) with AarTransform
Transforming play-services-measurement-impl-22.1.2.aar (com.google.android.gms:play-services-measurement-impl:22.1.2) with ExtractAarTransform
Transforming play-services-measurement-impl-22.1.2.aar (com.google.android.gms:play-services-measurement-impl:22.1.2) with AarTransform
Transforming play-services-ads-identifier-18.0.0.aar (com.google.android.gms:play-services-ads-identifier:18.0.0) with ExtractAarTransform
Transforming play-services-ads-identifier-18.0.0.aar (com.google.android.gms:play-services-ads-identifier:18.0.0) with AarTransform
Transforming play-services-measurement-sdk-api-22.1.2.aar (com.google.android.gms:play-services-measurement-sdk-api:22.1.2) with ExtractAarTransform
Transforming play-services-measurement-sdk-api-22.1.2.aar (com.google.android.gms:play-services-measurement-sdk-api:22.1.2) with AarTransform
Transforming play-services-measurement-base-22.1.2.aar (com.google.android.gms:play-services-measurement-base:22.1.2) with ExtractAarTransform
Transforming play-services-measurement-base-22.1.2.aar (com.google.android.gms:play-services-measurement-base:22.1.2) with AarTransform
Transforming play-services-stats-17.0.2.aar (com.google.android.gms:play-services-stats:17.0.2) with ExtractAarTransform
Transforming play-services-stats-17.0.2.aar (com.google.android.gms:play-services-stats:17.0.2) with AarTransform
Transforming firebase-installations-interop-17.2.0.aar (com.google.firebase:firebase-installations-interop:17.2.0) with ExtractAarTransform
Transforming firebase-installations-interop-17.2.0.aar (com.google.firebase:firebase-installations-interop:17.2.0) with AarTransform
Transforming emoji2-views-helper-1.3.0.aar (androidx.emoji2:emoji2-views-helper:1.3.0) with ExtractAarTransform
Transforming emoji2-views-helper-1.3.0.aar (androidx.emoji2:emoji2-views-helper:1.3.0) with AarTransform
Transforming emoji2-1.3.0.aar (androidx.emoji2:emoji2:1.3.0) with ExtractAarTransform
Transforming emoji2-1.3.0.aar (androidx.emoji2:emoji2:1.3.0) with AarTransform
Transforming activity-1.9.3.aar (androidx.activity:activity:1.9.3) with ExtractAarTransform
Transforming activity-1.9.3.aar (androidx.activity:activity:1.9.3) with AarTransform
Transforming customview-poolingcontainer-1.0.0.aar (androidx.customview:customview-poolingcontainer:1.0.0) with ExtractAarTransform
Transforming customview-poolingcontainer-1.0.0.aar (androidx.customview:customview-poolingcontainer:1.0.0) with AarTransform
Transforming ads-adservices-java-1.0.0-beta05.aar (androidx.privacysandbox.ads:ads-adservices-java:1.0.0-beta05) with ExtractAarTransform
Transforming ads-adservices-java-1.0.0-beta05.aar (androidx.privacysandbox.ads:ads-adservices-java:1.0.0-beta05) with AarTransform
Transforming ads-adservices-1.0.0-beta05.aar (androidx.privacysandbox.ads:ads-adservices:1.0.0-beta05) with ExtractAarTransform
Transforming ads-adservices-1.0.0-beta05.aar (androidx.privacysandbox.ads:ads-adservices:1.0.0-beta05) with AarTransform
Transforming ads-adservices-1.0.0-beta05.aar (androidx.privacysandbox.ads:ads-adservices:1.0.0-beta05) with ExtractAarTransform
Transforming ads-adservices-1.0.0-beta05.aar (androidx.privacysandbox.ads:ads-adservices:1.0.0-beta05) with AarTransform
Transforming core-ktx-1.15.0.aar (androidx.core:core-ktx:1.15.0) with ExtractAarTransform
Transforming core-ktx-1.15.0.aar (androidx.core:core-ktx:1.15.0) with AarTransform
Transforming drawerlayout-1.2.0.aar (androidx.drawerlayout:drawerlayout:1.2.0) with ExtractAarTransform
Transforming drawerlayout-1.2.0.aar (androidx.drawerlayout:drawerlayout:1.2.0) with AarTransform
Transforming swiperefreshlayout-1.1.0.aar (androidx.swiperefreshlayout:swiperefreshlayout:1.1.0) with ExtractAarTransform
Transforming swiperefreshlayout-1.1.0.aar (androidx.swiperefreshlayout:swiperefreshlayout:1.1.0) with AarTransform
Transforming materialshadowninepatch-1.0.0.aar (com.h6ah4i.android.materialshadowninepatch:materialshadowninepatch:1.0.0) with ExtractAarTransform
Transforming materialshadowninepatch-1.0.0.aar (com.h6ah4i.android.materialshadowninepatch:materialshadowninepatch:1.0.0) with AarTransform
Transforming insetter-ktx-0.3.1.aar (dev.chrisbanes:insetter-ktx:0.3.1) with ExtractAarTransform
Transforming insetter-ktx-0.3.1.aar (dev.chrisbanes:insetter-ktx:0.3.1) with AarTransform
Transforming exoplayer-dash-2.18.7.aar (com.google.android.exoplayer:exoplayer-dash:2.18.7) with ExtractAarTransform
Transforming exoplayer-dash-2.18.7.aar (com.google.android.exoplayer:exoplayer-dash:2.18.7) with AarTransform
Transforming exoplayer-hls-2.18.7.aar (com.google.android.exoplayer:exoplayer-hls:2.18.7) with ExtractAarTransform
Transforming exoplayer-hls-2.18.7.aar (com.google.android.exoplayer:exoplayer-hls:2.18.7) with AarTransform
Transforming exoplayer-rtsp-2.18.7.aar (com.google.android.exoplayer:exoplayer-rtsp:2.18.7) with ExtractAarTransform
Transforming exoplayer-rtsp-2.18.7.aar (com.google.android.exoplayer:exoplayer-rtsp:2.18.7) with AarTransform
Transforming exoplayer-smoothstreaming-2.18.7.aar (com.google.android.exoplayer:exoplayer-smoothstreaming:2.18.7) with ExtractAarTransform
Transforming exoplayer-smoothstreaming-2.18.7.aar (com.google.android.exoplayer:exoplayer-smoothstreaming:2.18.7) with AarTransform
Transforming exoplayer-core-2.18.7.aar (com.google.android.exoplayer:exoplayer-core:2.18.7) with ExtractAarTransform
Transforming exoplayer-core-2.18.7.aar (com.google.android.exoplayer:exoplayer-core:2.18.7) with AarTransform
Transforming coordinatorlayout-1.1.0.aar (androidx.coordinatorlayout:coordinatorlayout:1.1.0) with ExtractAarTransform
Transforming coordinatorlayout-1.1.0.aar (androidx.coordinatorlayout:coordinatorlayout:1.1.0) with AarTransform
Transforming viewpager-1.0.0.aar (androidx.viewpager:viewpager:1.0.0) with ExtractAarTransform
Transforming viewpager-1.0.0.aar (androidx.viewpager:viewpager:1.0.0) with AarTransform
Transforming slidingpanelayout-1.2.0.aar (androidx.slidingpanelayout:slidingpanelayout:1.2.0) with ExtractAarTransform
Transforming slidingpanelayout-1.2.0.aar (androidx.slidingpanelayout:slidingpanelayout:1.2.0) with AarTransform
Transforming customview-1.1.0.aar (androidx.customview:customview:1.1.0) with ExtractAarTransform
Transforming customview-1.1.0.aar (androidx.customview:customview:1.1.0) with AarTransform
Transforming customview-1.1.0.aar (androidx.customview:customview:1.1.0) with ExtractAarTransform
Transforming customview-1.1.0.aar (androidx.customview:customview:1.1.0) with AarTransform
Transforming transition-1.5.0.aar (androidx.transition:transition:1.5.0) with ExtractAarTransform
Transforming transition-1.5.0.aar (androidx.transition:transition:1.5.0) with AarTransform
Transforming dynamicanimation-1.0.0.aar (androidx.dynamicanimation:dynamicanimation:1.0.0) with ExtractAarTransform
Transforming dynamicanimation-1.0.0.aar (androidx.dynamicanimation:dynamicanimation:1.0.0) with AarTransform
Transforming vectordrawable-animated-1.1.0.aar (androidx.vectordrawable:vectordrawable-animated:1.1.0) with ExtractAarTransform
Transforming vectordrawable-animated-1.1.0.aar (androidx.vectordrawable:vectordrawable-animated:1.1.0) with AarTransform
Transforming vectordrawable-1.1.0.aar (androidx.vectordrawable:vectordrawable:1.1.0) with ExtractAarTransform
Transforming vectordrawable-1.1.0.aar (androidx.vectordrawable:vectordrawable:1.1.0) with AarTransform
Transforming vectordrawable-1.1.0.aar (androidx.vectordrawable:vectordrawable:1.1.0) with ExtractAarTransform
Transforming vectordrawable-1.1.0.aar (androidx.vectordrawable:vectordrawable:1.1.0) with AarTransform
Transforming insetter-0.3.1.aar (dev.chrisbanes:insetter:0.3.1) with ExtractAarTransform
Transforming insetter-0.3.1.aar (dev.chrisbanes:insetter:0.3.1) with AarTransform
Transforming media-1.6.0.aar (androidx.media:media:1.6.0) with ExtractAarTransform
Transforming media-1.6.0.aar (androidx.media:media:1.6.0) with AarTransform
Transforming legacy-support-core-utils-1.0.0.aar (androidx.legacy:legacy-support-core-utils:1.0.0) with ExtractAarTransform
Transforming legacy-support-core-utils-1.0.0.aar (androidx.legacy:legacy-support-core-utils:1.0.0) with AarTransform
Transforming loader-1.0.0.aar (androidx.loader:loader:1.0.0) with ExtractAarTransform
Transforming loader-1.0.0.aar (androidx.loader:loader:1.0.0) with AarTransform
Transforming loader-1.0.0.aar (androidx.loader:loader:1.0.0) with ExtractAarTransform
Transforming loader-1.0.0.aar (androidx.loader:loader:1.0.0) with AarTransform
Transforming window-1.0.0.aar (androidx.window:window:1.0.0) with ExtractAarTransform
Transforming window-1.0.0.aar (androidx.window:window:1.0.0) with AarTransform
Transforming play-services-base-18.5.0.aar (com.google.android.gms:play-services-base:18.5.0) with ExtractAarTransform
Transforming play-services-base-18.5.0.aar (com.google.android.gms:play-services-base:18.5.0) with AarTransform
Transforming core-1.15.0.aar (androidx.core:core:1.15.0) with ExtractAarTransform
Transforming core-1.15.0.aar (androidx.core:core:1.15.0) with AarTransform
Transforming core-1.15.0.aar (androidx.core:core:1.15.0) with ExtractAarTransform
Transforming core-1.15.0.aar (androidx.core:core:1.15.0) with AarTransform
Transforming savedstate-ktx-1.2.1.aar (androidx.savedstate:savedstate-ktx:1.2.1) with ExtractAarTransform
Transforming savedstate-ktx-1.2.1.aar (androidx.savedstate:savedstate-ktx:1.2.1) with AarTransform
Transforming savedstate-1.2.1.aar (androidx.savedstate:savedstate:1.2.1) with ExtractAarTransform
Transforming savedstate-1.2.1.aar (androidx.savedstate:savedstate:1.2.1) with AarTransform
Transforming lifecycle-common-jvm-2.8.7.jar (androidx.lifecycle:lifecycle-common-jvm:2.8.7) with ExtractJniTransform
Transforming lifecycle-viewmodel-2.8.7.aar (androidx.lifecycle:lifecycle-viewmodel:2.8.7) with ExtractAarTransform
Transforming lifecycle-viewmodel-2.8.7.aar (androidx.lifecycle:lifecycle-viewmodel:2.8.7) with AarTransform
Transforming lifecycle-viewmodel-release.aar (androidx.lifecycle:lifecycle-viewmodel-android:2.8.7) with ExtractAarTransform
Transforming lifecycle-viewmodel-release.aar (androidx.lifecycle:lifecycle-viewmodel-android:2.8.7) with AarTransform
Transforming lifecycle-runtime-release.aar (androidx.lifecycle:lifecycle-runtime-android:2.8.7) with ExtractAarTransform
Transforming lifecycle-runtime-release.aar (androidx.lifecycle:lifecycle-runtime-android:2.8.7) with AarTransform
Transforming lifecycle-livedata-core-2.8.7.aar (androidx.lifecycle:lifecycle-livedata-core:2.8.7) with ExtractAarTransform
Transforming lifecycle-livedata-core-2.8.7.aar (androidx.lifecycle:lifecycle-livedata-core:2.8.7) with AarTransform
Transforming lifecycle-viewmodel-savedstate-2.8.7.aar (androidx.lifecycle:lifecycle-viewmodel-savedstate:2.8.7) with ExtractAarTransform
Transforming lifecycle-viewmodel-savedstate-2.8.7.aar (androidx.lifecycle:lifecycle-viewmodel-savedstate:2.8.7) with AarTransform
Transforming lifecycle-runtime-ktx-release.aar (androidx.lifecycle:lifecycle-runtime-ktx-android:2.8.7) with ExtractAarTransform
Transforming lifecycle-runtime-ktx-release.aar (androidx.lifecycle:lifecycle-runtime-ktx-android:2.8.7) with AarTransform
Transforming lifecycle-livedata-2.8.7.aar (androidx.lifecycle:lifecycle-livedata:2.8.7) with ExtractAarTransform
Transforming lifecycle-livedata-2.8.7.aar (androidx.lifecycle:lifecycle-livedata:2.8.7) with AarTransform
Transforming lifecycle-livedata-2.8.7.aar (androidx.lifecycle:lifecycle-livedata:2.8.7) with ExtractAarTransform
Transforming lifecycle-livedata-2.8.7.aar (androidx.lifecycle:lifecycle-livedata:2.8.7) with AarTransform
Transforming lifecycle-livedata-core-ktx-2.8.7.aar (androidx.lifecycle:lifecycle-livedata-core-ktx:2.8.7) with ExtractAarTransform
Transforming lifecycle-livedata-core-ktx-2.8.7.aar (androidx.lifecycle:lifecycle-livedata-core-ktx:2.8.7) with AarTransform
Transforming lifecycle-process-2.8.7.aar (androidx.lifecycle:lifecycle-process:2.8.7) with ExtractAarTransform
Transforming lifecycle-process-2.8.7.aar (androidx.lifecycle:lifecycle-process:2.8.7) with AarTransform
Transforming lifecycle-common-java8-2.8.7.jar (androidx.lifecycle:lifecycle-common-java8:2.8.7) with ExtractJniTransform
Transforming lifecycle-livedata-ktx-2.8.7.aar (androidx.lifecycle:lifecycle-livedata-ktx:2.8.7) with ExtractAarTransform
Transforming lifecycle-livedata-ktx-2.8.7.aar (androidx.lifecycle:lifecycle-livedata-ktx:2.8.7) with AarTransform
Transforming datastore-preferences-1.0.0.aar (androidx.datastore:datastore-preferences:1.0.0) with ExtractAarTransform
Transforming datastore-preferences-1.0.0.aar (androidx.datastore:datastore-preferences:1.0.0) with AarTransform
Transforming datastore-1.0.0.aar (androidx.datastore:datastore:1.0.0) with ExtractAarTransform
Transforming datastore-1.0.0.aar (androidx.datastore:datastore:1.0.0) with AarTransform
Transforming datastore-preferences-core-1.0.0.jar (androidx.datastore:datastore-preferences-core:1.0.0) with ExtractJniTransform
Transforming datastore-core-1.0.0.jar (androidx.datastore:datastore-core:1.0.0) with ExtractJniTransform
Transforming kotlinx-coroutines-core-jvm-1.9.0.jar (org.jetbrains.kotlinx:kotlinx-coroutines-core-jvm:1.9.0) with ExtractJniTransform
Transforming kotlinx-coroutines-play-services-1.9.0.jar (org.jetbrains.kotlinx:kotlinx-coroutines-play-services:1.9.0) with ExtractJniTransform
Transforming play-services-tasks-18.2.0.aar (com.google.android.gms:play-services-tasks:18.2.0) with ExtractAarTransform
Transforming play-services-tasks-18.2.0.aar (com.google.android.gms:play-services-tasks:18.2.0) with AarTransform
Transforming play-services-tasks-18.2.0.aar (com.google.android.gms:play-services-tasks:18.2.0) with ExtractAarTransform
Transforming play-services-tasks-18.2.0.aar (com.google.android.gms:play-services-tasks:18.2.0) with AarTransform
Transforming play-services-basement-18.4.0.aar (com.google.android.gms:play-services-basement:18.4.0) with ExtractAarTransform
Transforming play-services-basement-18.4.0.aar (com.google.android.gms:play-services-basement:18.4.0) with AarTransform
Transforming fragment-1.8.5.aar (androidx.fragment:fragment:1.8.5) with ExtractAarTransform
Transforming fragment-1.8.5.aar (androidx.fragment:fragment:1.8.5) with AarTransform
Transforming fragment-1.8.5.aar (androidx.fragment:fragment:1.8.5) with ExtractAarTransform
Transforming fragment-1.8.5.aar (androidx.fragment:fragment:1.8.5) with AarTransform
Transforming fragment-ktx-1.8.5.aar (androidx.fragment:fragment-ktx:1.8.5) with ExtractAarTransform
Transforming fragment-ktx-1.8.5.aar (androidx.fragment:fragment-ktx:1.8.5) with AarTransform
Transforming activity-ktx-1.9.3.aar (androidx.activity:activity-ktx:1.9.3) with ExtractAarTransform
Transforming activity-ktx-1.9.3.aar (androidx.activity:activity-ktx:1.9.3) with AarTransform
Transforming lifecycle-viewmodel-ktx-2.8.7.aar (androidx.lifecycle:lifecycle-viewmodel-ktx:2.8.7) with ExtractAarTransform
Transforming lifecycle-viewmodel-ktx-2.8.7.aar (androidx.lifecycle:lifecycle-viewmodel-ktx:2.8.7) with AarTransform
Transforming room-common-2.6.1.jar (androidx.room:room-common:2.6.1) with ExtractJniTransform
Transforming room-runtime-2.6.1.aar (androidx.room:room-runtime:2.6.1) with ExtractAarTransform
Transforming room-runtime-2.6.1.aar (androidx.room:room-runtime:2.6.1) with AarTransform
Transforming room-ktx-2.6.1.aar (androidx.room:room-ktx:2.6.1) with ExtractAarTransform
Transforming room-ktx-2.6.1.aar (androidx.room:room-ktx:2.6.1) with AarTransform
Transforming kotlinx-coroutines-android-1.9.0.jar (org.jetbrains.kotlinx:kotlinx-coroutines-android:1.9.0) with ExtractJniTransform
Transforming kotlin-android-extensions-runtime-1.9.24.jar (org.jetbrains.kotlin:kotlin-android-extensions-runtime:1.9.24) with ExtractJniTransform
Transforming kotlin-stdlib-jdk7-1.9.24.jar (org.jetbrains.kotlin:kotlin-stdlib-jdk7:1.9.24) with ExtractJniTransform
Transforming kotlinx-serialization-core-jvm-1.6.3.jar (org.jetbrains.kotlinx:kotlinx-serialization-core-jvm:1.6.3) with ExtractJniTransform
Transforming kotlinx-serialization-json-jvm-1.6.3.jar (org.jetbrains.kotlinx:kotlinx-serialization-json-jvm:1.6.3) with ExtractJniTransform
Transforming sqlite-framework-2.4.0.aar (androidx.sqlite:sqlite-framework:2.4.0) with ExtractAarTransform
Transforming sqlite-framework-2.4.0.aar (androidx.sqlite:sqlite-framework:2.4.0) with AarTransform
Transforming sqlite-2.4.0.aar (androidx.sqlite:sqlite:2.4.0) with ExtractAarTransform
Transforming sqlite-2.4.0.aar (androidx.sqlite:sqlite:2.4.0) with AarTransform
Transforming annotation-experimental-1.4.1.aar (androidx.annotation:annotation-experimental:1.4.1) with ExtractAarTransform
Transforming annotation-experimental-1.4.1.aar (androidx.annotation:annotation-experimental:1.4.1) with AarTransform
Transforming exifinterface-1.3.7.aar (androidx.exifinterface:exifinterface:1.3.7) with ExtractAarTransform
Transforming exifinterface-1.3.7.aar (androidx.exifinterface:exifinterface:1.3.7) with AarTransform
Transforming api-13.1.5.aar (dev.rikka.shizuku:api:13.1.5) with ExtractAarTransform
Transforming api-13.1.5.aar (dev.rikka.shizuku:api:13.1.5) with AarTransform
Transforming appiconloader-1.5.0.aar (me.zhanghai.android.appiconloader:appiconloader:1.5.0) with ExtractAarTransform
Transforming appiconloader-1.5.0.aar (me.zhanghai.android.appiconloader:appiconloader:1.5.0) with AarTransform
Transforming library-1.1.4.aar (me.zhanghai.android.libarchive:library:1.1.4) with ExtractAarTransform
Transforming library-1.1.4.aar (me.zhanghai.android.libarchive:library:1.1.4) with AarTransform
Transforming library-2.1.0.aar (me.zhanghai.android.libselinux:library:2.1.0) with ExtractAarTransform
Transforming library-2.1.0.aar (me.zhanghai.android.libselinux:library:2.1.0) with AarTransform
Transforming cursoradapter-1.0.0.aar (androidx.cursoradapter:cursoradapter:1.0.0) with ExtractAarTransform
Transforming cursoradapter-1.0.0.aar (androidx.cursoradapter:cursoradapter:1.0.0) with AarTransform
Transforming profileinstaller-1.3.1.aar (androidx.profileinstaller:profileinstaller:1.3.1) with ExtractAarTransform
Transforming profileinstaller-1.3.1.aar (androidx.profileinstaller:profileinstaller:1.3.1) with AarTransform
Transforming resourceinspection-annotation-1.0.1.jar (androidx.resourceinspection:resourceinspection-annotation:1.0.1) with ExtractJniTransform
Transforming startup-runtime-1.1.1.aar (androidx.startup:startup-runtime:1.1.1) with ExtractAarTransform
Transforming startup-runtime-1.1.1.aar (androidx.startup:startup-runtime:1.1.1) with AarTransform
Transforming interpolator-1.0.0.aar (androidx.interpolator:interpolator:1.0.0) with ExtractAarTransform
Transforming interpolator-1.0.0.aar (androidx.interpolator:interpolator:1.0.0) with AarTransform
Transforming interpolator-1.0.0.aar (androidx.interpolator:interpolator:1.0.0) with ExtractAarTransform
Transforming interpolator-1.0.0.aar (androidx.interpolator:interpolator:1.0.0) with AarTransform
Transforming cardview-1.0.0.aar (androidx.cardview:cardview:1.0.0) with ExtractAarTransform
Transforming cardview-1.0.0.aar (androidx.cardview:cardview:1.0.0) with AarTransform
Transforming shared-13.1.5.aar (dev.rikka.shizuku:shared:13.1.5) with ExtractAarTransform
Transforming shared-13.1.5.aar (dev.rikka.shizuku:shared:13.1.5) with AarTransform
Transforming appiconloader-iconloaderlib-1.5.0.aar (me.zhanghai.android.appiconloader:appiconloader-iconloaderlib:1.5.0) with ExtractAarTransform
Transforming appiconloader-iconloaderlib-1.5.0.aar (me.zhanghai.android.appiconloader:appiconloader-iconloaderlib:1.5.0) with AarTransform
Transforming core-runtime-2.2.0.aar (androidx.arch.core:core-runtime:2.2.0) with ExtractAarTransform
Transforming core-runtime-2.2.0.aar (androidx.arch.core:core-runtime:2.2.0) with AarTransform
Transforming exoplayer-datasource-2.18.7.aar (com.google.android.exoplayer:exoplayer-datasource:2.18.7) with ExtractAarTransform
Transforming exoplayer-datasource-2.18.7.aar (com.google.android.exoplayer:exoplayer-datasource:2.18.7) with AarTransform
Transforming exoplayer-extractor-2.18.7.aar (com.google.android.exoplayer:exoplayer-extractor:2.18.7) with ExtractAarTransform
Transforming exoplayer-extractor-2.18.7.aar (com.google.android.exoplayer:exoplayer-extractor:2.18.7) with AarTransform
Transforming exoplayer-decoder-2.18.7.aar (com.google.android.exoplayer:exoplayer-decoder:2.18.7) with ExtractAarTransform
Transforming exoplayer-decoder-2.18.7.aar (com.google.android.exoplayer:exoplayer-decoder:2.18.7) with AarTransform
Transforming exoplayer-database-2.18.7.aar (com.google.android.exoplayer:exoplayer-database:2.18.7) with ExtractAarTransform
Transforming exoplayer-database-2.18.7.aar (com.google.android.exoplayer:exoplayer-database:2.18.7) with AarTransform
Transforming exoplayer-common-2.18.7.aar (com.google.android.exoplayer:exoplayer-common:2.18.7) with ExtractAarTransform
Transforming exoplayer-common-2.18.7.aar (com.google.android.exoplayer:exoplayer-common:2.18.7) with AarTransform
Transforming firebase-components-18.0.0.aar (com.google.firebase:firebase-components:18.0.0) with ExtractAarTransform
Transforming firebase-components-18.0.0.aar (com.google.firebase:firebase-components:18.0.0) with AarTransform
Transforming concurrent-futures-1.1.0.jar (androidx.concurrent:concurrent-futures:1.1.0) with ExtractJniTransform
Transforming tracing-1.2.0.aar (androidx.tracing:tracing:1.2.0) with ExtractAarTransform
Transforming tracing-1.2.0.aar (androidx.tracing:tracing:1.2.0) with AarTransform
Transforming versionedparcelable-1.1.1.aar (androidx.versionedparcelable:versionedparcelable:1.1.1) with ExtractAarTransform
Transforming versionedparcelable-1.1.1.aar (androidx.versionedparcelable:versionedparcelable:1.1.1) with AarTransform
Transforming core-common-2.2.0.jar (androidx.arch.core:core-common:2.2.0) with ExtractJniTransform
Transforming firebase-config-interop-16.0.1.aar (com.google.firebase:firebase-config-interop:16.0.1) with ExtractAarTransform
Transforming firebase-config-interop-16.0.1.aar (com.google.firebase:firebase-config-interop:16.0.1) with AarTransform
Transforming firebase-datatransport-19.0.0.aar (com.google.firebase:firebase-datatransport:19.0.0) with ExtractAarTransform
Transforming firebase-datatransport-19.0.0.aar (com.google.firebase:firebase-datatransport:19.0.0) with AarTransform
Transforming transport-backend-cct-3.3.0.aar (com.google.android.datatransport:transport-backend-cct:3.3.0) with ExtractAarTransform
Transforming transport-backend-cct-3.3.0.aar (com.google.android.datatransport:transport-backend-cct:3.3.0) with AarTransform
Transforming firebase-encoders-json-18.0.1.aar (com.google.firebase:firebase-encoders-json:18.0.1) with ExtractAarTransform
Transforming firebase-encoders-json-18.0.1.aar (com.google.firebase:firebase-encoders-json:18.0.1) with AarTransform
Transforming transport-runtime-3.3.0.aar (com.google.android.datatransport:transport-runtime:3.3.0) with ExtractAarTransform
Transforming transport-runtime-3.3.0.aar (com.google.android.datatransport:transport-runtime:3.3.0) with AarTransform
Transforming transport-api-3.2.0.aar (com.google.android.datatransport:transport-api:3.2.0) with ExtractAarTransform
Transforming transport-api-3.2.0.aar (com.google.android.datatransport:transport-api:3.2.0) with AarTransform
Transforming firebase-encoders-proto-16.0.0.jar (com.google.firebase:firebase-encoders-proto:16.0.0) with ExtractJniTransform
Transforming firebase-encoders-17.0.0.jar (com.google.firebase:firebase-encoders:17.0.0) with ExtractJniTransform
Transforming collection-ktx-1.4.2.jar (androidx.collection:collection-ktx:1.4.2) with ExtractJniTransform
Transforming collection-jvm-1.4.2.jar (androidx.collection:collection-jvm:1.4.2) with ExtractJniTransform
Transforming documentfile-1.0.0.aar (androidx.documentfile:documentfile:1.0.0) with ExtractAarTransform
Transforming documentfile-1.0.0.aar (androidx.documentfile:documentfile:1.0.0) with AarTransform
Transforming localbroadcastmanager-1.0.0.aar (androidx.localbroadcastmanager:localbroadcastmanager:1.0.0) with ExtractAarTransform
Transforming localbroadcastmanager-1.0.0.aar (androidx.localbroadcastmanager:localbroadcastmanager:1.0.0) with AarTransform
Transforming print-1.0.0.aar (androidx.print:print:1.0.0) with ExtractAarTransform
Transforming print-1.0.0.aar (androidx.print:print:1.0.0) with AarTransform
Transforming annotation-jvm-1.9.0.jar (androidx.annotation:annotation-jvm:1.9.0) with ExtractJniTransform
Transforming okhttp-4.12.0.jar (com.squareup.okhttp3:okhttp:4.12.0) with ExtractJniTransform
Transforming okio-jvm-3.9.0.jar (com.squareup.okio:okio-jvm:3.9.0) with ExtractJniTransform
Transforming kotlin-stdlib-2.0.0.jar (org.jetbrains.kotlin:kotlin-stdlib:2.0.0) with ExtractJniTransform
Transforming kotlin-stdlib-jdk8-1.9.24.jar (org.jetbrains.kotlin:kotlin-stdlib-jdk8:1.9.24) with ExtractJniTransform
Transforming androidsvg-aar-1.4.aar (com.caverock:androidsvg-aar:1.4) with ExtractAarTransform
Transforming androidsvg-aar-1.4.aar (com.caverock:androidsvg-aar:1.4) with AarTransform
Transforming drawer-1.0.3.aar (com.drakeet.drawer:drawer:1.0.3) with ExtractAarTransform
Transforming drawer-1.0.3.aar (com.drakeet.drawer:drawer:1.0.3) with AarTransform
Transforming dcerpc-0.12.1.jar (com.rapid7.client:dcerpc:0.12.1) with ExtractJniTransform
Transforming smbj-0.11.5.jar (com.hierynomus:smbj:0.11.5) with ExtractJniTransform
Transforming bcpkix-jdk15to18-1.78.1.jar (org.bouncycastle:bcpkix-jdk15to18:1.78.1) with ExtractJniTransform
Transforming bcutil-jdk15to18-1.78.1.jar (org.bouncycastle:bcutil-jdk15to18:1.78.1) with ExtractJniTransform
Transforming bcprov-jdk15to18-1.78.1.jar (org.bouncycastle:bcprov-jdk15to18:1.78.1) with ExtractJniTransform
Transforming sshj-0.39.0.jar (com.hierynomus:sshj:0.39.0) with ExtractJniTransform
Transforming guava-33.3.1-android.jar (com.google.guava:guava:33.3.1-android) with ExtractJniTransform
Transforming listenablefuture-9999.0-empty-to-avoid-conflict-with-guava.jar (com.google.guava:listenablefuture:9999.0-empty-to-avoid-conflict-with-guava) with ExtractJniTransform
Transforming commons-net-3.11.1.jar (commons-net:commons-net:3.11.1) with ExtractJniTransform
Transforming jcifs-ng-2.1.10.jar (eu.agno3.jcifs:jcifs-ng:2.1.10) with ExtractJniTransform
Transforming library-1.2.0.aar (me.zhanghai.android.retrofile:library:1.2.0) with ExtractAarTransform
Transforming library-1.2.0.aar (me.zhanghai.android.retrofile:library:1.2.0) with AarTransform
Transforming library-1.0.0.aar (me.zhanghai.android.systemuihelper:library:1.0.0) with ExtractAarTransform
Transforming library-1.0.0.aar (me.zhanghai.android.systemuihelper:library:1.0.0) with AarTransform
Transforming ftpserver-core-1.2.0.jar (org.apache.ftpserver:ftpserver-core:1.2.0) with ExtractJniTransform
Transforming mina-core-2.1.3.jar (org.apache.mina:mina-core:2.1.3) with ExtractJniTransform
Transforming slf4j-android-1.7.36.jar (org.slf4j:slf4j-android:1.7.36) with ExtractJniTransform
Transforming gson-2.10.1.jar (com.google.code.gson:gson:2.10.1) with ExtractJniTransform
Transforming HoloColorPicker-1.5.aar (com.larswerkman:HoloColorPicker:1.5) with ExtractAarTransform
Transforming HoloColorPicker-1.5.aar (com.larswerkman:HoloColorPicker:1.5) with AarTransform
Transforming core-5.2.2.aar (com.github.topjohnwu.libsu:core:5.2.2) with ExtractAarTransform
Transforming core-5.2.2.aar (com.github.topjohnwu.libsu:core:5.2.2) with AarTransform
Transforming error_prone_annotations-2.28.0.jar (com.google.errorprone:error_prone_annotations:2.28.0) with ExtractJniTransform
Transforming asn-one-0.6.0.jar (com.hierynomus:asn-one:0.6.0) with ExtractJniTransform
Transforming slf4j-api-2.0.13.jar (org.slf4j:slf4j-api:2.0.13) with ExtractJniTransform
Transforming mbassador-1.3.0.jar (net.engio:mbassador:1.3.0) with ExtractJniTransform
Transforming eddsa-0.3.0.jar (net.i2p.crypto:eddsa:0.3.0) with ExtractJniTransform
Transforming commons-io-2.7.jar (commons-io:commons-io:2.7) with ExtractJniTransform
Transforming commons-lang3-3.4.jar (org.apache.commons:commons-lang3:3.4) with ExtractJniTransform
Transforming failureaccess-1.0.2.jar (com.google.guava:failureaccess:1.0.2) with ExtractJniTransform
Transforming jsr305-3.0.2.jar (com.google.code.findbugs:jsr305:3.0.2) with ExtractJniTransform
Transforming checker-qual-3.43.0.jar (org.checkerframework:checker-qual:3.43.0) with ExtractJniTransform
Transforming j2objc-annotations-3.0.0.jar (com.google.j2objc:j2objc-annotations:3.0.0) with ExtractJniTransform
Transforming aidl-13.1.5.aar (dev.rikka.shizuku:aidl:13.1.5) with ExtractAarTransform
Transforming aidl-13.1.5.aar (dev.rikka.shizuku:aidl:13.1.5) with AarTransform
Transforming ftplet-api-1.2.0.jar (org.apache.ftpserver:ftplet-api:1.2.0) with ExtractJniTransform
Transforming annotations-23.0.0.jar (org.jetbrains:annotations:23.0.0) with ExtractJniTransform
Transforming constraintlayout-solver-2.0.1.jar (androidx.constraintlayout:constraintlayout-solver:2.0.1) with ExtractJniTransform
Transforming firebase-annotations-16.2.0.jar (com.google.firebase:firebase-annotations:16.2.0) with ExtractJniTransform
Transforming javax.inject-1.jar (javax.inject:javax.inject:1) with ExtractJniTransform
file or directory 'E:\For Safe Keeping\WEB REF\MaterialFiles\app\libs', not found
Caching disabled for task ':app:mergeDebugNativeLibs' because:
  Build cache is disabled
  Caching has been disabled for the task
Skipping task ':app:mergeDebugNativeLibs' as it is up-to-date.
Resolve mutations for :app:stripDebugDebugSymbols (Thread[Execution worker,5,main]) started.
:app:stripDebugDebugSymbols (Thread[Execution worker,5,main]) started.

> Task :app:stripDebugDebugSymbols UP-TO-DATE
Caching disabled for task ':app:stripDebugDebugSymbols' because:
  Build cache is disabled
  Caching has been disabled for the task
Skipping task ':app:stripDebugDebugSymbols' as it is up-to-date.
Resolve mutations for :app:validateSigningDebug (Thread[Execution worker,5,main]) started.
:app:validateSigningDebug (Thread[Execution worker,5,main]) started.

> Task :app:validateSigningDebug UP-TO-DATE
Caching disabled for task ':app:validateSigningDebug' because:
  Build cache is disabled
  Caching has been disabled for the task
Skipping task ':app:validateSigningDebug' as it is up-to-date.
Resolve mutations for :app:writeDebugAppMetadata (Thread[Execution worker,5,main]) started.
:app:writeDebugAppMetadata (Thread[Execution worker Thread 8,5,main]) started.

> Task :app:writeDebugAppMetadata UP-TO-DATE
Caching disabled for task ':app:writeDebugAppMetadata' because:
  Build cache is disabled
  Caching has been disabled for the task
Skipping task ':app:writeDebugAppMetadata' as it is up-to-date.
Resolve mutations for :app:writeDebugSigningConfigVersions (Thread[Execution worker Thread 8,5,main]) started.
:app:writeDebugSigningConfigVersions (Thread[Execution worker Thread 8,5,main]) started.

> Task :app:writeDebugSigningConfigVersions UP-TO-DATE
Caching disabled for task ':app:writeDebugSigningConfigVersions' because:
  Build cache is disabled
  Caching has been disabled for the task
Skipping task ':app:writeDebugSigningConfigVersions' as it is up-to-date.

> Task :app:compileDebugKotlin
file or directory 'E:\For Safe Keeping\WEB REF\MaterialFiles\app\libs', not found
Transforming R.jar with ClasspathEntrySnapshotTransform
Transforming viewbinding-8.5.0-api.jar with ClasspathEntrySnapshotTransform
Transforming kotlin-parcelize-runtime-1.9.24.jar with ClasspathEntrySnapshotTransform
Transforming dav4jvm-c1bc143.jar with ClasspathEntrySnapshotTransform
Transforming PhotoView-2.3.0-api.jar with ClasspathEntrySnapshotTransform
Transforming service-5.2.2-api.jar with ClasspathEntrySnapshotTransform
Transforming preference-ktx-1.2.1-api.jar with ClasspathEntrySnapshotTransform
Transforming speed-dial-3.3.0-api.jar with ClasspathEntrySnapshotTransform
Transforming material-1.12.0-api.jar with ClasspathEntrySnapshotTransform
Transforming subsampling-scale-image-view-androidx-3.10.0-api.jar with ClasspathEntrySnapshotTransform
Transforming licensesdialog-2.1.0-api.jar with ClasspathEntrySnapshotTransform
Transforming appcompat-resources-1.7.0-api.jar with ClasspathEntrySnapshotTransform
Transforming preferencex-1.1.0-api.jar with ClasspathEntrySnapshotTransform
Transforming preference-1.2.1-api.jar with ClasspathEntrySnapshotTransform
Transforming constraintlayout-2.0.1-api.jar with ClasspathEntrySnapshotTransform
Transforming appcompat-1.7.0-api.jar with ClasspathEntrySnapshotTransform
Transforming viewpager2-1.1.0-beta02-api.jar with ClasspathEntrySnapshotTransform
Transforming firebase-analytics-22.1.2-api.jar with ClasspathEntrySnapshotTransform
Transforming play-services-measurement-22.1.2-api.jar with ClasspathEntrySnapshotTransform
Transforming play-services-measurement-api-22.1.2-api.jar with ClasspathEntrySnapshotTransform
Transforming play-services-measurement-sdk-22.1.2-api.jar with ClasspathEntrySnapshotTransform
Transforming play-services-measurement-impl-22.1.2-api.jar with ClasspathEntrySnapshotTransform
Transforming play-services-ads-identifier-18.0.0-api.jar with ClasspathEntrySnapshotTransform
Transforming play-services-measurement-sdk-api-22.1.2-api.jar with ClasspathEntrySnapshotTransform
Transforming play-services-measurement-base-22.1.2-api.jar with ClasspathEntrySnapshotTransform
Transforming play-services-stats-17.0.2-api.jar with ClasspathEntrySnapshotTransform
Transforming firebase-crashlytics-ndk-19.2.1-api.jar with ClasspathEntrySnapshotTransform
Transforming firebase-crashlytics-19.2.1-api.jar with ClasspathEntrySnapshotTransform
Transforming firebase-installations-18.0.0-api.jar with ClasspathEntrySnapshotTransform
Transforming firebase-sessions-2.0.6-api.jar with ClasspathEntrySnapshotTransform
Transforming firebase-installations-interop-17.2.0-api.jar with ClasspathEntrySnapshotTransform
Transforming firebase-common-ktx-21.0.0-api.jar with ClasspathEntrySnapshotTransform
Transforming firebase-common-21.0.0-api.jar with ClasspathEntrySnapshotTransform
Transforming activity-1.9.3-api.jar with ClasspathEntrySnapshotTransform
Transforming core-ktx-1.15.0-api.jar with ClasspathEntrySnapshotTransform
Transforming drawerlayout-1.2.0-api.jar with ClasspathEntrySnapshotTransform
Transforming advrecyclerview-1.0.0-api.jar with ClasspathEntrySnapshotTransform
Transforming recyclerview-1.3.2-api.jar with ClasspathEntrySnapshotTransform
Transforming swiperefreshlayout-1.1.0-api.jar with ClasspathEntrySnapshotTransform
Transforming materialshadowninepatch-1.0.0-api.jar with ClasspathEntrySnapshotTransform
Transforming insetter-ktx-0.3.1-api.jar with ClasspathEntrySnapshotTransform
Transforming coordinatorlayout-1.1.0-api.jar with ClasspathEntrySnapshotTransform
Transforming viewpager-1.0.0-api.jar with ClasspathEntrySnapshotTransform
Transforming slidingpanelayout-1.2.0-api.jar with ClasspathEntrySnapshotTransform
Transforming customview-1.1.0-api.jar with ClasspathEntrySnapshotTransform
Transforming dynamicanimation-1.0.0-api.jar with ClasspathEntrySnapshotTransform
Transforming transition-1.5.0-api.jar with ClasspathEntrySnapshotTransform
Transforming vectordrawable-animated-1.1.0-api.jar with ClasspathEntrySnapshotTransform
Transforming vectordrawable-1.1.0-api.jar with ClasspathEntrySnapshotTransform
Transforming insetter-0.3.1-api.jar with ClasspathEntrySnapshotTransform
Transforming exoplayer-2.18.7-api.jar with ClasspathEntrySnapshotTransform
Transforming exoplayer-ui-2.18.7-api.jar with ClasspathEntrySnapshotTransform
Transforming media-1.6.0-api.jar with ClasspathEntrySnapshotTransform
Transforming legacy-support-core-utils-1.0.0-api.jar with ClasspathEntrySnapshotTransform
Transforming loader-1.0.0-api.jar with ClasspathEntrySnapshotTransform
Transforming play-services-base-18.5.0-api.jar with ClasspathEntrySnapshotTransform
Transforming core-1.15.0-api.jar with ClasspathEntrySnapshotTransform
Transforming coil-2.7.0-api.jar with ClasspathEntrySnapshotTransform
Transforming coil-gif-2.7.0-api.jar with ClasspathEntrySnapshotTransform
Transforming coil-svg-2.7.0-api.jar with ClasspathEntrySnapshotTransform
Transforming coil-video-2.7.0-api.jar with ClasspathEntrySnapshotTransform
Transforming coil-base-2.7.0-api.jar with ClasspathEntrySnapshotTransform
Transforming lifecycle-viewmodel-2.8.7-api.jar with ClasspathEntrySnapshotTransform
Transforming lifecycle-viewmodel-release-api.jar with ClasspathEntrySnapshotTransform
Transforming lifecycle-runtime-release-api.jar with ClasspathEntrySnapshotTransform
Transforming lifecycle-common-jvm-2.8.7.jar with ClasspathEntrySnapshotTransform
Transforming lifecycle-livedata-core-2.8.7-api.jar with ClasspathEntrySnapshotTransform
Transforming lifecycle-viewmodel-savedstate-2.8.7-api.jar with ClasspathEntrySnapshotTransform
Transforming lifecycle-runtime-ktx-release-api.jar with ClasspathEntrySnapshotTransform
Transforming lifecycle-livedata-2.8.7-api.jar with ClasspathEntrySnapshotTransform
Transforming lifecycle-livedata-core-ktx-2.8.7-api.jar with ClasspathEntrySnapshotTransform
Transforming lifecycle-process-2.8.7-api.jar with ClasspathEntrySnapshotTransform
Transforming lifecycle-common-java8-2.8.7.jar with ClasspathEntrySnapshotTransform
Transforming lifecycle-livedata-ktx-2.8.7-api.jar with ClasspathEntrySnapshotTransform
Transforming ads-adservices-java-1.0.0-beta05-api.jar with ClasspathEntrySnapshotTransform
Transforming ads-adservices-1.0.0-beta05-api.jar with ClasspathEntrySnapshotTransform
Transforming kotlinx-coroutines-core-jvm-1.9.0.jar with ClasspathEntrySnapshotTransform
Transforming kotlinx-coroutines-play-services-1.9.0.jar with ClasspathEntrySnapshotTransform
Transforming play-services-tasks-18.2.0-api.jar with ClasspathEntrySnapshotTransform
Transforming firebase-measurement-connector-20.0.1-api.jar with ClasspathEntrySnapshotTransform
Transforming play-services-basement-18.4.0-api.jar with ClasspathEntrySnapshotTransform
Transforming fragment-1.8.5-api.jar with ClasspathEntrySnapshotTransform
Transforming fragment-ktx-1.8.5-api.jar with ClasspathEntrySnapshotTransform
Transforming activity-ktx-1.9.3-api.jar with ClasspathEntrySnapshotTransform
Transforming lifecycle-viewmodel-ktx-2.8.7-api.jar with ClasspathEntrySnapshotTransform
Transforming room-common-2.6.1.jar with ClasspathEntrySnapshotTransform
Transforming room-runtime-2.6.1-api.jar with ClasspathEntrySnapshotTransform
Transforming room-ktx-2.6.1-api.jar with ClasspathEntrySnapshotTransform
Transforming kotlinx-coroutines-android-1.9.0.jar with ClasspathEntrySnapshotTransform
Transforming kotlin-android-extensions-runtime-1.9.24.jar with ClasspathEntrySnapshotTransform
Transforming kotlin-stdlib-jdk7-1.9.24.jar with ClasspathEntrySnapshotTransform
Transforming kotlinx-serialization-core-jvm-1.6.3.jar with ClasspathEntrySnapshotTransform
Transforming kotlinx-serialization-json-jvm-1.6.3.jar with ClasspathEntrySnapshotTransform
Transforming savedstate-1.2.1-api.jar with ClasspathEntrySnapshotTransform
Transforming savedstate-ktx-1.2.1-api.jar with ClasspathEntrySnapshotTransform
Transforming annotation-experimental-1.4.1-api.jar with ClasspathEntrySnapshotTransform
Transforming cursoradapter-1.0.0-api.jar with ClasspathEntrySnapshotTransform
Transforming interpolator-1.0.0-api.jar with ClasspathEntrySnapshotTransform
Transforming cardview-1.0.0-api.jar with ClasspathEntrySnapshotTransform
Transforming sqlite-framework-2.4.0-api.jar with ClasspathEntrySnapshotTransform
Transforming sqlite-2.4.0-api.jar with ClasspathEntrySnapshotTransform
Transforming versionedparcelable-1.1.1-api.jar with ClasspathEntrySnapshotTransform
Transforming core-runtime-2.2.0-api.jar with ClasspathEntrySnapshotTransform
Transforming firebase-config-interop-16.0.1-api.jar with ClasspathEntrySnapshotTransform
Transforming firebase-encoders-json-18.0.1-api.jar with ClasspathEntrySnapshotTransform
Transforming firebase-encoders-17.0.0.jar with ClasspathEntrySnapshotTransform
Transforming collection-ktx-1.4.2.jar with ClasspathEntrySnapshotTransform
Transforming collection-jvm-1.4.2.jar with ClasspathEntrySnapshotTransform
Transforming core-common-2.2.0.jar with ClasspathEntrySnapshotTransform
Transforming documentfile-1.0.0-api.jar with ClasspathEntrySnapshotTransform
Transforming localbroadcastmanager-1.0.0-api.jar with ClasspathEntrySnapshotTransform
Transforming print-1.0.0-api.jar with ClasspathEntrySnapshotTransform
Transforming annotation-jvm-1.9.0.jar with ClasspathEntrySnapshotTransform
Transforming okhttp-4.12.0.jar with ClasspathEntrySnapshotTransform
Transforming okio-jvm-3.9.0.jar with ClasspathEntrySnapshotTransform
Transforming kotlin-stdlib-2.0.0.jar with ClasspathEntrySnapshotTransform
Transforming kotlin-stdlib-jdk8-1.9.24.jar with ClasspathEntrySnapshotTransform
Transforming exifinterface-1.3.7-api.jar with ClasspathEntrySnapshotTransform
Transforming androidsvg-aar-1.4-api.jar with ClasspathEntrySnapshotTransform
Transforming drawer-1.0.3-api.jar with ClasspathEntrySnapshotTransform
Transforming dcerpc-0.12.1.jar with ClasspathEntrySnapshotTransform
Transforming smbj-0.11.5.jar with ClasspathEntrySnapshotTransform
Transforming bcpkix-jdk15to18-1.78.1.jar with ClasspathEntrySnapshotTransform
Transforming bcutil-jdk15to18-1.78.1.jar with ClasspathEntrySnapshotTransform
Transforming bcprov-jdk15to18-1.78.1.jar with ClasspathEntrySnapshotTransform
Transforming sshj-0.39.0.jar with ClasspathEntrySnapshotTransform
Transforming exoplayer-core-2.18.7-api.jar with ClasspathEntrySnapshotTransform
Transforming exoplayer-common-2.18.7-api.jar with ClasspathEntrySnapshotTransform
Transforming guava-33.3.1-android.jar with ClasspathEntrySnapshotTransform
Transforming listenablefuture-9999.0-empty-to-avoid-conflict-with-guava.jar with ClasspathEntrySnapshotTransform
Transforming commons-net-3.11.1.jar with ClasspathEntrySnapshotTransform
Transforming simplemenu-preference-1.0.3-api.jar with ClasspathEntrySnapshotTransform
Transforming api-13.1.5-api.jar with ClasspathEntrySnapshotTransform
Transforming jcifs-ng-2.1.10.jar with ClasspathEntrySnapshotTransform
Transforming appiconloader-1.5.0-api.jar with ClasspathEntrySnapshotTransform
Transforming library-1.3.0-api.jar with ClasspathEntrySnapshotTransform
Transforming library-1.0.2-api.jar with ClasspathEntrySnapshotTransform
Transforming library-1.1.4-api.jar with ClasspathEntrySnapshotTransform
Transforming library-2.1.0-api.jar with ClasspathEntrySnapshotTransform
Transforming library-1.2.0-api.jar with ClasspathEntrySnapshotTransform
Transforming library-1.0.0-api.jar with ClasspathEntrySnapshotTransform
Transforming ftpserver-core-1.2.0.jar with ClasspathEntrySnapshotTransform
Transforming mina-core-2.1.3.jar with ClasspathEntrySnapshotTransform
Transforming slf4j-android-1.7.36.jar with ClasspathEntrySnapshotTransform
Transforming gson-2.10.1.jar with ClasspathEntrySnapshotTransform
Transforming HoloColorPicker-1.5-api.jar with ClasspathEntrySnapshotTransform
Transforming annotations-23.0.0.jar with ClasspathEntrySnapshotTransform
Transforming startup-runtime-1.1.1-api.jar with ClasspathEntrySnapshotTransform
Transforming resourceinspection-annotation-1.0.1.jar with ClasspathEntrySnapshotTransform
Transforming core-5.2.2-api.jar with ClasspathEntrySnapshotTransform
Transforming error_prone_annotations-2.28.0.jar with ClasspathEntrySnapshotTransform
Transforming constraintlayout-solver-2.0.1.jar with ClasspathEntrySnapshotTransform
Transforming slf4j-api-2.0.13.jar with ClasspathEntrySnapshotTransform
Transforming commons-io-2.7.jar with ClasspathEntrySnapshotTransform
Transforming commons-lang3-3.4.jar with ClasspathEntrySnapshotTransform
Transforming failureaccess-1.0.2.jar with ClasspathEntrySnapshotTransform
Transforming jsr305-3.0.2.jar with ClasspathEntrySnapshotTransform
Transforming checker-qual-3.43.0.jar with ClasspathEntrySnapshotTransform
Transforming j2objc-annotations-3.0.0.jar with ClasspathEntrySnapshotTransform
Transforming aidl-13.1.5-api.jar with ClasspathEntrySnapshotTransform
Transforming shared-13.1.5-api.jar with ClasspathEntrySnapshotTransform
Transforming ftplet-api-1.2.0.jar with ClasspathEntrySnapshotTransform
Transforming firebase-components-18.0.0-api.jar with ClasspathEntrySnapshotTransform
Transforming firebase-annotations-16.2.0.jar with ClasspathEntrySnapshotTransform
Transforming javax.inject-1.jar with ClasspathEntrySnapshotTransform
Transforming exoplayer-datasource-2.18.7-api.jar with ClasspathEntrySnapshotTransform
Transforming exoplayer-database-2.18.7-api.jar with ClasspathEntrySnapshotTransform
Transforming exoplayer-decoder-2.18.7-api.jar with ClasspathEntrySnapshotTransform
Transforming exoplayer-extractor-2.18.7-api.jar with ClasspathEntrySnapshotTransform
Transforming exoplayer-dash-2.18.7-api.jar with ClasspathEntrySnapshotTransform
Transforming exoplayer-hls-2.18.7-api.jar with ClasspathEntrySnapshotTransform
Transforming exoplayer-rtsp-2.18.7-api.jar with ClasspathEntrySnapshotTransform
Transforming exoplayer-smoothstreaming-2.18.7-api.jar with ClasspathEntrySnapshotTransform
Transforming android.jar with ClasspathEntrySnapshotTransform
Transforming core-lambda-stubs.jar with ClasspathEntrySnapshotTransform
Registered task dependencies: app:kotlinCompilerPluginClasspathDebug
Starting dependency analysis
Caching disabled for task ':app:compileDebugKotlin' because:
  Build cache is disabled
Task ':app:compileDebugKotlin' is not up-to-date because:
  Task has failed previously.
The input changes require a full rebuild for incremental task ':app:compileDebugKotlin'.
file or directory 'E:\For Safe Keeping\WEB REF\MaterialFiles\app\src\debug\kotlin', not found
file or directory 'E:\For Safe Keeping\WEB REF\MaterialFiles\app\src\debug\kotlin', not found
file or directory 'E:\For Safe Keeping\WEB REF\MaterialFiles\app\src\debug\java', not found
file or directory 'E:\For Safe Keeping\WEB REF\MaterialFiles\app\src\debug\kotlin', not found
file or directory 'E:\For Safe Keeping\WEB REF\MaterialFiles\app\src\debug\java', not found
file or directory 'E:\For Safe Keeping\WEB REF\MaterialFiles\app\src\main\kotlin', not found
file or directory 'E:\For Safe Keeping\WEB REF\MaterialFiles\app\src\main\kotlin', not found
file or directory 'E:\For Safe Keeping\WEB REF\MaterialFiles\app\src\main\kotlin', not found
file or directory 'E:\For Safe Keeping\WEB REF\MaterialFiles\app\src\debug\java', not found
file or directory 'E:\For Safe Keeping\WEB REF\MaterialFiles\app\src\debug\kotlin', not found
file or directory 'E:\For Safe Keeping\WEB REF\MaterialFiles\app\src\debug\kotlin', not found
file or directory 'E:\For Safe Keeping\WEB REF\MaterialFiles\app\src\debug\java', not found
file or directory 'E:\For Safe Keeping\WEB REF\MaterialFiles\app\src\debug\kotlin', not found
file or directory 'E:\For Safe Keeping\WEB REF\MaterialFiles\app\src\debug\java', not found
file or directory 'E:\For Safe Keeping\WEB REF\MaterialFiles\app\src\main\kotlin', not found
file or directory 'E:\For Safe Keeping\WEB REF\MaterialFiles\app\src\main\kotlin', not found
file or directory 'E:\For Safe Keeping\WEB REF\MaterialFiles\app\libs', not found
file or directory 'E:\For Safe Keeping\WEB REF\MaterialFiles\app\libs', not found
file or directory 'E:\For Safe Keeping\WEB REF\MaterialFiles\app\libs', not found
file or directory 'E:\For Safe Keeping\WEB REF\MaterialFiles\app\src\debug\kotlin', not found
file or directory 'E:\For Safe Keeping\WEB REF\MaterialFiles\app\src\debug\kotlin', not found
file or directory 'E:\For Safe Keeping\WEB REF\MaterialFiles\app\src\debug\java', not found
file or directory 'E:\For Safe Keeping\WEB REF\MaterialFiles\app\src\debug\kotlin', not found
file or directory 'E:\For Safe Keeping\WEB REF\MaterialFiles\app\src\debug\java', not found
file or directory 'E:\For Safe Keeping\WEB REF\MaterialFiles\app\src\main\kotlin', not found
file or directory 'E:\For Safe Keeping\WEB REF\MaterialFiles\app\src\main\kotlin', not found
file or directory 'E:\For Safe Keeping\WEB REF\MaterialFiles\app\src\main\kotlin', not found
file or directory 'E:\For Safe Keeping\WEB REF\MaterialFiles\app\src\debug\java', not found
file or directory 'E:\For Safe Keeping\WEB REF\MaterialFiles\app\src\debug\kotlin', not found
file or directory 'E:\For Safe Keeping\WEB REF\MaterialFiles\app\src\debug\kotlin', not found
file or directory 'E:\For Safe Keeping\WEB REF\MaterialFiles\app\src\debug\java', not found
file or directory 'E:\For Safe Keeping\WEB REF\MaterialFiles\app\src\debug\kotlin', not found
file or directory 'E:\For Safe Keeping\WEB REF\MaterialFiles\app\src\debug\java', not found
file or directory 'E:\For Safe Keeping\WEB REF\MaterialFiles\app\src\main\kotlin', not found
file or directory 'E:\For Safe Keeping\WEB REF\MaterialFiles\app\src\main\kotlin', not found
file or directory 'E:\For Safe Keeping\WEB REF\MaterialFiles\app\src\main\kotlin', not found
file or directory 'E:\For Safe Keeping\WEB REF\MaterialFiles\app\src\debug\java', not found
file or directory 'E:\For Safe Keeping\WEB REF\MaterialFiles\app\src\debug\kotlin', not found
file or directory 'E:\For Safe Keeping\WEB REF\MaterialFiles\app\src\debug\kotlin', not found
file or directory 'E:\For Safe Keeping\WEB REF\MaterialFiles\app\src\debug\java', not found
file or directory 'E:\For Safe Keeping\WEB REF\MaterialFiles\app\src\debug\kotlin', not found
file or directory 'E:\For Safe Keeping\WEB REF\MaterialFiles\app\src\debug\java', not found
file or directory 'E:\For Safe Keeping\WEB REF\MaterialFiles\app\src\main\kotlin', not found
file or directory 'E:\For Safe Keeping\WEB REF\MaterialFiles\app\src\main\kotlin', not found
file or directory 'E:\For Safe Keeping\WEB REF\MaterialFiles\app\src\main\kotlin', not found
file or directory 'E:\For Safe Keeping\WEB REF\MaterialFiles\app\src\debug\java', not found
Kotlin source files: E:\For Safe Keeping\WEB REF\MaterialFiles\app\src\main\java\me\zhanghai\android\files\about\AboutActivity.kt, E:\For Safe Keeping\WEB REF\MaterialFiles\app\src\main\java\me\zhanghai\android\files\about\AboutFragment.kt, E:\For Safe Keeping\WEB REF\MaterialFiles\app\src\main\java\me\zhanghai\android\files\app\AppActivity.kt, E:\For Safe Keeping\WEB REF\MaterialFiles\app\src\main\java\me\zhanghai\android\files\app\AppInitializers.kt, E:\For Safe Keeping\WEB REF\MaterialFiles\app\src\main\java\me\zhanghai\android\files\app\AppProvider.kt, E:\For Safe Keeping\WEB REF\MaterialFiles\app\src\main\java\me\zhanghai\android\files\app\AppUpgrader.kt, E:\For Safe Keeping\WEB REF\MaterialFiles\app\src\main\java\me\zhanghai\android\files\app\AppUpgraders.kt, E:\For Safe Keeping\WEB REF\MaterialFiles\app\src\main\java\me\zhanghai\android\files\app\BackgroundActivityStarter.kt, E:\For Safe Keeping\WEB REF\MaterialFiles\app\src\main\java\me\zhanghai\android\files\app\NotificationIds.kt, E:\For Safe Keeping\WEB REF\MaterialFiles\app\src\main\java\me\zhanghai\android\files\app\SystemServices.kt, E:\For Safe Keeping\WEB REF\MaterialFiles\app\src\main\java\me\zhanghai\android\files\coil\AppIconApplicationInfoFetcherFactory.kt, E:\For Safe Keeping\WEB REF\MaterialFiles\app\src\main\java\me\zhanghai\android\files\coil\AppIconFetcher.kt, E:\For Safe Keeping\WEB REF\MaterialFiles\app\src\main\java\me\zhanghai\android\files\coil\AppIconPackageNameFetcherFactory.kt, E:\For Safe Keeping\WEB REF\MaterialFiles\app\src\main\java\me\zhanghai\android\files\coil\CoilExtensions.kt, E:\For Safe Keeping\WEB REF\MaterialFiles\app\src\main\java\me\zhanghai\android\files\coil\CoilInitializer.kt, E:\For Safe Keeping\WEB REF\MaterialFiles\app\src\main\java\me\zhanghai\android\files\coil\CoilUtils.kt, E:\For Safe Keeping\WEB REF\MaterialFiles\app\src\main\java\me\zhanghai\android\files\coil\LoadRequestBuilderExtensions.kt, E:\For Safe Keeping\WEB REF\MaterialFiles\app\src\main\java\me\zhanghai\android\files\coil\PathAttributesFetcher.kt, E:\For Safe Keeping\WEB REF\MaterialFiles\app\src\main\java\me\zhanghai\android\files\coil\PdfPageFetcher.kt, E:\For Safe Keeping\WEB REF\MaterialFiles\app\src\main\java\me\zhanghai\android\files\coil\VideoFrameFetcher.kt, E:\For Safe Keeping\WEB REF\MaterialFiles\app\src\main\java\me\zhanghai\android\files\colorpicker\BaseColorPreference.kt, E:\For Safe Keeping\WEB REF\MaterialFiles\app\src\main\java\me\zhanghai\android\files\colorpicker\ColorPaletteAdapter.kt, E:\For Safe Keeping\WEB REF\MaterialFiles\app\src\main\java\me\zhanghai\android\files\colorpicker\ColorPickerDialog.kt, E:\For Safe Keeping\WEB REF\MaterialFiles\app\src\main\java\me\zhanghai\android\files\colorpicker\ColorPreferenceDialogFragment.kt, E:\For Safe Keeping\WEB REF\MaterialFiles\app\src\main\java\me\zhanghai\android\files\colorpicker\ColorSwatchView.kt, E:\For Safe Keeping\WEB REF\MaterialFiles\app\src\main\java\me\zhanghai\android\files\compat\ActivityCompat.kt, E:\For Safe Keeping\WEB REF\MaterialFiles\app\src\main\java\me\zhanghai\android\files\compat\ApplicationInfoCompat.kt, E:\For Safe Keeping\WEB REF\MaterialFiles\app\src\main\java\me\zhanghai\android\files\compat\ContextCompat.kt, E:\For Safe Keeping\WEB REF\MaterialFiles\app\src\main\java\me\zhanghai\android\files\compat\DialogCompat.kt, E:\For Safe Keeping\WEB REF\MaterialFiles\app\src\main\java\me\zhanghai\android\files\compat\DigitsKeyListenerCompat.kt, E:\For Safe Keeping\WEB REF\MaterialFiles\app\src\main\java\me\zhanghai\android\files\compat\DocumentsContractCompat.kt, E:\For Safe Keeping\WEB REF\MaterialFiles\app\src\main\java\me\zhanghai\android\files\compat\DrawableCompat.kt, E:\For Safe Keeping\WEB REF\MaterialFiles\app\src\main\java\me\zhanghai\android\files\compat\EnvironmentCompat2.kt, E:\For Safe Keeping\WEB REF\MaterialFiles\app\src\main\java\me\zhanghai\android\files\compat\ErrnoExceptionCompat.kt, E:\For Safe Keeping\WEB REF\MaterialFiles\app\src\main\java\me\zhanghai\android\files\compat\InputStreamCompat.kt, E:\For Safe Keeping\WEB REF\MaterialFiles\app\src\main\java\me\zhanghai\android\files\compat\IntentCompat.kt, E:\For Safe Keeping\WEB REF\MaterialFiles\app\src\main\java\me\zhanghai\android\files\compat\KotlinCompat.kt, E:\For Safe Keeping\WEB REF\MaterialFiles\app\src\main\java\me\zhanghai\android\files\compat\ListFormatterCompat.kt, E:\For Safe Keeping\WEB REF\MaterialFiles\app\src\main\java\me\zhanghai\android\files\compat\LocaleConfigCompat.kt, E:\For Safe Keeping\WEB REF\MaterialFiles\app\src\main\java\me\zhanghai\android\files\compat\MediaMetadataRetrieverCompat.kt, E:\For Safe Keeping\WEB REF\MaterialFiles\app\src\main\java\me\zhanghai\android\files\compat\MenuCompat.kt, E:\For Safe Keeping\WEB REF\MaterialFiles\app\src\main\java\me\zhanghai\android\files\compat\MimeTypeMapCompat.kt, E:\For Safe Keeping\WEB REF\MaterialFiles\app\src\main\java\me\zhanghai\android\files\compat\NioUtilsCompat.kt, E:\For Safe Keeping\WEB REF\MaterialFiles\app\src\main\java\me\zhanghai\android\files\compat\PackageInfoCompat.kt, E:\For Safe Keeping\WEB REF\MaterialFiles\app\src\main\java\me\zhanghai\android\files\compat\PackageManagerCompat.kt, E:\For Safe Keeping\WEB REF\MaterialFiles\app\src\main\java\me\zhanghai\android\files\compat\ParcelCompat.kt, E:\For Safe Keeping\WEB REF\MaterialFiles\app\src\main\java\me\zhanghai\android\files\compat\PermissionInfoCompat.kt, E:\For Safe Keeping\WEB REF\MaterialFiles\app\src\main\java\me\zhanghai\android\files\compat\PreferenceManagerCompat.kt, E:\For Safe Keeping\WEB REF\MaterialFiles\app\src\main\java\me\zhanghai\android\files\compat\ProxyFileDescriptorCallbackCompat.kt, E:\For Safe Keeping\WEB REF\MaterialFiles\app\src\main\java\me\zhanghai\android\files\compat\ResourcesCompat.kt, E:\For Safe Keeping\WEB REF\MaterialFiles\app\src\main\java\me\zhanghai\android\files\compat\RotateDrawableCompat.kt, E:\For Safe Keeping\WEB REF\MaterialFiles\app\src\main\java\me\zhanghai\android\files\compat\SeekableByteChannelCompat.kt, E:\For Safe Keeping\WEB REF\MaterialFiles\app\src\main\java\me\zhanghai\android\files\compat\SELinuxCompat.kt, E:\For Safe Keeping\WEB REF\MaterialFiles\app\src\main\java\me\zhanghai\android\files\compat\ServiceCompat.kt, E:\For Safe Keeping\WEB REF\MaterialFiles\app\src\main\java\me\zhanghai\android\files\compat\StorageManagerCompat.kt, E:\For Safe Keeping\WEB REF\MaterialFiles\app\src\main\java\me\zhanghai\android\files\compat\StorageVolumeCompat.kt, E:\For Safe Keeping\WEB REF\MaterialFiles\app\src\main\java\me\zhanghai\android\files\compat\TextViewCompat.kt, E:\For Safe Keeping\WEB REF\MaterialFiles\app\src\main\java\me\zhanghai\android\files\compat\ThreadLocalCompat.kt, E:\For Safe Keeping\WEB REF\MaterialFiles\app\src\main\java\me\zhanghai\android\files\compat\TileServiceCompat.kt, E:\For Safe Keeping\WEB REF\MaterialFiles\app\src\main\java\me\zhanghai\android\files\compat\TypedValueCompat.kt, E:\For Safe Keeping\WEB REF\MaterialFiles\app\src\main\java\me\zhanghai\android\files\compat\ViewCompat.kt, E:\For Safe Keeping\WEB REF\MaterialFiles\app\src\main\java\me\zhanghai\android\files\compat\ViewGroupCompat.kt, E:\For Safe Keeping\WEB REF\MaterialFiles\app\src\main\java\me\zhanghai\android\files\database\AppDatabase.kt, E:\For Safe Keeping\WEB REF\MaterialFiles\app\src\main\java\me\zhanghai\android\files\database\VideoMetadata.kt, E:\For Safe Keeping\WEB REF\MaterialFiles\app\src\main\java\me\zhanghai\android\files\database\VideoMetadataDao.kt, E:\For Safe Keeping\WEB REF\MaterialFiles\app\src\main\java\me\zhanghai\android\files\file\BasicFileAttributesExtensions.kt, E:\For Safe Keeping\WEB REF\MaterialFiles\app\src\main\java\me\zhanghai\android\files\file\DocumentTreeUri.kt, E:\For Safe Keeping\WEB REF\MaterialFiles\app\src\main\java\me\zhanghai\android\files\file\DocumentUri.kt, E:\For Safe Keeping\WEB REF\MaterialFiles\app\src\main\java\me\zhanghai\android\files\file\DurationExtensions.kt, E:\For Safe Keeping\WEB REF\MaterialFiles\app\src\main\java\me\zhanghai\android\files\file\ExternalStorageUri.kt, E:\For Safe Keeping\WEB REF\MaterialFiles\app\src\main\java\me\zhanghai\android\files\file\FileExtensions.kt, E:\For Safe Keeping\WEB REF\MaterialFiles\app\src\main\java\me\zhanghai\android\files\file\FileItem.kt, E:\For Safe Keeping\WEB REF\MaterialFiles\app\src\main\java\me\zhanghai\android\files\file\FileProvider.kt, E:\For Safe Keeping\WEB REF\MaterialFiles\app\src\main\java\me\zhanghai\android\files\file\FileRatingManager.kt, E:\For Safe Keeping\WEB REF\MaterialFiles\app\src\main\java\me\zhanghai\android\files\file\FileSize.kt, E:\For Safe Keeping\WEB REF\MaterialFiles\app\src\main\java\me\zhanghai\android\files\file\FileTag.kt, E:\For Safe Keeping\WEB REF\MaterialFiles\app\src\main\java\me\zhanghai\android\files\file\FileTagManager.kt, E:\For Safe Keeping\WEB REF\MaterialFiles\app\src\main\java\me\zhanghai\android\files\file\FileTagTestColors.kt, E:\For Safe Keeping\WEB REF\MaterialFiles\app\src\main\java\me\zhanghai\android\files\file\FolderItemCountManager.kt, E:\For Safe Keeping\WEB REF\MaterialFiles\app\src\main\java\me\zhanghai\android\files\file\FormatUtils.kt, E:\For Safe Keeping\WEB REF\MaterialFiles\app\src\main\java\me\zhanghai\android\files\file\InstantExtensions.kt, E:\For Safe Keeping\WEB REF\MaterialFiles\app\src\main\java\me\zhanghai\android\files\file\JavaFile.kt, E:\For Safe Keeping\WEB REF\MaterialFiles\app\src\main\java\me\zhanghai\android\files\file\MimeType.kt, E:\For Safe Keeping\WEB REF\MaterialFiles\app\src\main\java\me\zhanghai\android\files\file\MimeTypeConversionExtensions.kt, E:\For Safe Keeping\WEB REF\MaterialFiles\app\src\main\java\me\zhanghai\android\files\file\MimeTypeIcon.kt, E:\For Safe Keeping\WEB REF\MaterialFiles\app\src\main\java\me\zhanghai\android\files\file\MimeTypeNameExtensions.kt, E:\For Safe Keeping\WEB REF\MaterialFiles\app\src\main\java\me\zhanghai\android\files\file\MimeTypeTypeExtensions.kt, E:\For Safe Keeping\WEB REF\MaterialFiles\app\src\main\java\me\zhanghai\android\files\fileaction\ArchivePasswordDialogActivity.kt, E:\For Safe Keeping\WEB REF\MaterialFiles\app\src\main\java\me\zhanghai\android\files\fileaction\ArchivePasswordDialogFragment.kt, E:\For Safe Keeping\WEB REF\MaterialFiles\app\src\main\java\me\zhanghai\android\files\filejob\FileJob.kt, E:\For Safe Keeping\WEB REF\MaterialFiles\app\src\main\java\me\zhanghai\android\files\filejob\FileJobConflictAction.kt, E:\For Safe Keeping\WEB REF\MaterialFiles\app\src\main\java\me\zhanghai\android\files\filejob\FileJobConflictDialogActivity.kt, E:\For Safe Keeping\WEB REF\MaterialFiles\app\src\main\java\me\zhanghai\android\files\filejob\FileJobConflictDialogFragment.kt, E:\For Safe Keeping\WEB REF\MaterialFiles\app\src\main\java\me\zhanghai\android\files\filejob\FileJobErrorAction.kt, E:\For Safe Keeping\WEB REF\MaterialFiles\app\src\main\java\me\zhanghai\android\files\filejob\FileJobErrorDialogActivity.kt, E:\For Safe Keeping\WEB REF\MaterialFiles\app\src\main\java\me\zhanghai\android\files\filejob\FileJobErrorDialogFragment.kt, E:\For Safe Keeping\WEB REF\MaterialFiles\app\src\main\java\me\zhanghai\android\files\filejob\FileJobErrorViewModel.kt, E:\For Safe Keeping\WEB REF\MaterialFiles\app\src\main\java\me\zhanghai\android\files\filejob\FileJobNotificationTemplate.kt, E:\For Safe Keeping\WEB REF\MaterialFiles\app\src\main\java\me\zhanghai\android\files\filejob\FileJobReceiver.kt, E:\For Safe Keeping\WEB REF\MaterialFiles\app\src\main\java\me\zhanghai\android\files\filejob\FileJobs.kt, E:\For Safe Keeping\WEB REF\MaterialFiles\app\src\main\java\me\zhanghai\android\files\filejob\FileJobService.kt, E:\For Safe Keeping\WEB REF\MaterialFiles\app\src\main\java\me\zhanghai\android\files\filelist\BreadcrumbData.kt, E:\For Safe Keeping\WEB REF\MaterialFiles\app\src\main\java\me\zhanghai\android\files\filelist\BreadcrumbLayout.kt, E:\For Safe Keeping\WEB REF\MaterialFiles\app\src\main\java\me\zhanghai\android\files\filelist\BreadcrumbLiveData.kt, E:\For Safe Keeping\WEB REF\MaterialFiles\app\src\main\java\me\zhanghai\android\files\filelist\CollatorFileNameExtensions.kt, E:\For Safe Keeping\WEB REF\MaterialFiles\app\src\main\java\me\zhanghai\android\files\filelist\ColorPickerDialog.kt, E:\For Safe Keeping\WEB REF\MaterialFiles\app\src\main\java\me\zhanghai\android\files\filelist\ConfirmDeleteFilesDialogFragment.kt, E:\For Safe Keeping\WEB REF\MaterialFiles\app\src\main\java\me\zhanghai\android\files\filelist\ConfirmReplaceFileDialogFragment.kt, E:\For Safe Keeping\WEB REF\MaterialFiles\app\src\main\java\me\zhanghai\android\files\filelist\CreateArchiveDialogFragment.kt, E:\For Safe Keeping\WEB REF\MaterialFiles\app\src\main\java\me\zhanghai\android\files\filelist\CreateArchiveTypeRadioGroup.kt, E:\For Safe Keeping\WEB REF\MaterialFiles\app\src\main\java\me\zhanghai\android\files\filelist\CreateDirectoryDialogFragment.kt, E:\For Safe Keeping\WEB REF\MaterialFiles\app\src\main\java\me\zhanghai\android\files\filelist\CreateFileDialogFragment.kt, E:\For Safe Keeping\WEB REF\MaterialFiles\app\src\main\java\me\zhanghai\android\files\filelist\EditFileActivity.kt, E:\For Safe Keeping\WEB REF\MaterialFiles\app\src\main\java\me\zhanghai\android\files\filelist\FileItemCallback.kt, E:\For Safe Keeping\WEB REF\MaterialFiles\app\src\main\java\me\zhanghai\android\files\filelist\FileItemExtensions.kt, E:\For Safe Keeping\WEB REF\MaterialFiles\app\src\main\java\me\zhanghai\android\files\filelist\FileItemScaleDialogFragment.kt, E:\For Safe Keeping\WEB REF\MaterialFiles\app\src\main\java\me\zhanghai\android\files\filelist\FileItemScaleLiveData.kt, E:\For Safe Keeping\WEB REF\MaterialFiles\app\src\main\java\me\zhanghai\android\files\filelist\FileItemSet.kt, E:\For Safe Keeping\WEB REF\MaterialFiles\app\src\main\java\me\zhanghai\android\files\filelist\FileListActivity.kt, E:\For Safe Keeping\WEB REF\MaterialFiles\app\src\main\java\me\zhanghai\android\files\filelist\FileListAdapter.kt, E:\For Safe Keeping\WEB REF\MaterialFiles\app\src\main\java\me\zhanghai\android\files\filelist\FileListFragment.kt, E:\For Safe Keeping\WEB REF\MaterialFiles\app\src\main\java\me\zhanghai\android\files\filelist\FileListLiveData.kt, E:\For Safe Keeping\WEB REF\MaterialFiles\app\src\main\java\me\zhanghai\android\files\filelist\FileListViewModel.kt, E:\For Safe Keeping\WEB REF\MaterialFiles\app\src\main\java\me\zhanghai\android\files\filelist\FileNameDialogFragment.kt, E:\For Safe Keeping\WEB REF\MaterialFiles\app\src\main\java\me\zhanghai\android\files\filelist\FilePortraitModeInGridLiveData.kt, E:\For Safe Keeping\WEB REF\MaterialFiles\app\src\main\java\me\zhanghai\android\files\filelist\FileRatingDialogFragment.kt, E:\For Safe Keeping\WEB REF\MaterialFiles\app\src\main\java\me\zhanghai\android\files\filelist\FileSortOptions.kt, E:\For Safe Keeping\WEB REF\MaterialFiles\app\src\main\java\me\zhanghai\android\files\filelist\FileSortOptionsLiveData.kt, E:\For Safe Keeping\WEB REF\MaterialFiles\app\src\main\java\me\zhanghai\android\files\filelist\FileSquareThumbnailsInGridLiveData.kt, E:\For Safe Keeping\WEB REF\MaterialFiles\app\src\main\java\me\zhanghai\android\files\filelist\FileTag.kt, E:\For Safe Keeping\WEB REF\MaterialFiles\app\src\main\java\me\zhanghai\android\files\filelist\FileTagFilterAdapter.kt, E:\For Safe Keeping\WEB REF\MaterialFiles\app\src\main\java\me\zhanghai\android\files\filelist\FileTagFilterDialog.kt, E:\For Safe Keeping\WEB REF\MaterialFiles\app\src\main\java\me\zhanghai\android\files\filelist\FileTagManagementDialogFragment.kt, E:\For Safe Keeping\WEB REF\MaterialFiles\app\src\main\java\me\zhanghai\android\files\filelist\FileViewSortPathSpecificLiveData.kt, E:\For Safe Keeping\WEB REF\MaterialFiles\app\src\main\java\me\zhanghai\android\files\filelist\FileViewType.kt, E:\For Safe Keeping\WEB REF\MaterialFiles\app\src\main\java\me\zhanghai\android\files\filelist\FileViewTypeLiveData.kt, E:\For Safe Keeping\WEB REF\MaterialFiles\app\src\main\java\me\zhanghai\android\files\filelist\FolderThumbnailManager.kt, E:\For Safe Keeping\WEB REF\MaterialFiles\app\src\main\java\me\zhanghai\android\files\filelist\NameDialogFragment.kt, E:\For Safe Keeping\WEB REF\MaterialFiles\app\src\main\java\me\zhanghai\android\files\filelist\NavigateToPathDialogFragment.kt, E:\For Safe Keeping\WEB REF\MaterialFiles\app\src\main\java\me\zhanghai\android\files\filelist\OpenApkDefaultAction.kt, E:\For Safe Keeping\WEB REF\MaterialFiles\app\src\main\java\me\zhanghai\android\files\filelist\OpenApkDialogFragment.kt, E:\For Safe Keeping\WEB REF\MaterialFiles\app\src\main\java\me\zhanghai\android\files\filelist\OpenFileActivity.kt, E:\For Safe Keeping\WEB REF\MaterialFiles\app\src\main\java\me\zhanghai\android\files\filelist\OpenFileAsDialogActivity.kt, E:\For Safe Keeping\WEB REF\MaterialFiles\app\src\main\java\me\zhanghai\android\files\filelist\OpenFileAsDialogFragment.kt, E:\For Safe Keeping\WEB REF\MaterialFiles\app\src\main\java\me\zhanghai\android\files\filelist\PasteState.kt, E:\For Safe Keeping\WEB REF\MaterialFiles\app\src\main\java\me\zhanghai\android\files\filelist\PathDialogFragment.kt, E:\For Safe Keeping\WEB REF\MaterialFiles\app\src\main\java\me\zhanghai\android\files\filelist\PathExtensions.kt, E:\For Safe Keeping\WEB REF\MaterialFiles\app\src\main\java\me\zhanghai\android\files\filelist\PathObserver.kt, E:\For Safe Keeping\WEB REF\MaterialFiles\app\src\main\java\me\zhanghai\android\files\filelist\PickOptions.kt, E:\For Safe Keeping\WEB REF\MaterialFiles\app\src\main\java\me\zhanghai\android\files\filelist\RenameFileDialogFragment.kt, E:\For Safe Keeping\WEB REF\MaterialFiles\app\src\main\java\me\zhanghai\android\files\filelist\SearchFileListLiveData.kt, E:\For Safe Keeping\WEB REF\MaterialFiles\app\src\main\java\me\zhanghai\android\files\filelist\SearchState.kt, E:\For Safe Keeping\WEB REF\MaterialFiles\app\src\main\java\me\zhanghai\android\files\filelist\SelectionMode.kt, E:\For Safe Keeping\WEB REF\MaterialFiles\app\src\main\java\me\zhanghai\android\files\filelist\ShowRequestAllFilesAccessRationaleDialogFragment.kt, E:\For Safe Keeping\WEB REF\MaterialFiles\app\src\main\java\me\zhanghai\android\files\filelist\ShowRequestNotificationPermissionInSettingsRationaleDialogFragment.kt, E:\For Safe Keeping\WEB REF\MaterialFiles\app\src\main\java\me\zhanghai\android\files\filelist\ShowRequestNotificationPermissionRationaleDialogFragment.kt, E:\For Safe Keeping\WEB REF\MaterialFiles\app\src\main\java\me\zhanghai\android\files\filelist\ShowRequestStoragePermissionInSettingsRationaleDialogFragment.kt, E:\For Safe Keeping\WEB REF\MaterialFiles\app\src\main\java\me\zhanghai\android\files\filelist\ShowRequestStoragePermissionRationaleDialogFragment.kt, E:\For Safe Keeping\WEB REF\MaterialFiles\app\src\main\java\me\zhanghai\android\files\filelist\TagFilterMode.kt, E:\For Safe Keeping\WEB REF\MaterialFiles\app\src\main\java\me\zhanghai\android\files\filelist\TrailData.kt, E:\For Safe Keeping\WEB REF\MaterialFiles\app\src\main\java\me\zhanghai\android\files\filelist\TrailLiveData.kt, E:\For Safe Keeping\WEB REF\MaterialFiles\app\src\main\java\me\zhanghai\android\files\filelist\VideoMetadataCache.kt, E:\For Safe Keeping\WEB REF\MaterialFiles\app\src\main\java\me\zhanghai\android\files\filelist\VideoSelectionForThumbnailDialogFragment.kt, E:\For Safe Keeping\WEB REF\MaterialFiles\app\src\main\java\me\zhanghai\android\files\filelist\VideoThumbnailManagementDialogFragment.kt, E:\For Safe Keeping\WEB REF\MaterialFiles\app\src\main\java\me\zhanghai\android\files\fileproperties\apk\ApkInfo.kt, E:\For Safe Keeping\WEB REF\MaterialFiles\app\src\main\java\me\zhanghai\android\files\fileproperties\apk\ApkInfoLiveData.kt, E:\For Safe Keeping\WEB REF\MaterialFiles\app\src\main\java\me\zhanghai\android\files\fileproperties\apk\FilePropertiesApkTabFragment.kt, E:\For Safe Keeping\WEB REF\MaterialFiles\app\src\main\java\me\zhanghai\android\files\fileproperties\apk\FilePropertiesApkTabViewModel.kt, E:\For Safe Keeping\WEB REF\MaterialFiles\app\src\main\java\me\zhanghai\android\files\fileproperties\apk\PermissionItem.kt, E:\For Safe Keeping\WEB REF\MaterialFiles\app\src\main\java\me\zhanghai\android\files\fileproperties\apk\PermissionListAdapter.kt, E:\For Safe Keeping\WEB REF\MaterialFiles\app\src\main\java\me\zhanghai\android\files\fileproperties\apk\PermissionListDialogFragment.kt, E:\For Safe Keeping\WEB REF\MaterialFiles\app\src\main\java\me\zhanghai\android\files\fileproperties\apk\PermissionListLiveData.kt, E:\For Safe Keeping\WEB REF\MaterialFiles\app\src\main\java\me\zhanghai\android\files\fileproperties\apk\PermissionListViewModel.kt, E:\For Safe Keeping\WEB REF\MaterialFiles\app\src\main\java\me\zhanghai\android\files\fileproperties\audio\AudioInfo.kt, E:\For Safe Keeping\WEB REF\MaterialFiles\app\src\main\java\me\zhanghai\android\files\fileproperties\audio\AudioInfoLiveData.kt, E:\For Safe Keeping\WEB REF\MaterialFiles\app\src\main\java\me\zhanghai\android\files\fileproperties\audio\FilePropertiesAudioTabFragment.kt, E:\For Safe Keeping\WEB REF\MaterialFiles\app\src\main\java\me\zhanghai\android\files\fileproperties\audio\FilePropertiesAudioTabViewModel.kt, E:\For Safe Keeping\WEB REF\MaterialFiles\app\src\main\java\me\zhanghai\android\files\fileproperties\basic\FilePropertiesBasicTabFragment.kt, E:\For Safe Keeping\WEB REF\MaterialFiles\app\src\main\java\me\zhanghai\android\files\fileproperties\checksum\ChecksumInfo.kt, E:\For Safe Keeping\WEB REF\MaterialFiles\app\src\main\java\me\zhanghai\android\files\fileproperties\checksum\ChecksumInfoLiveData.kt, E:\For Safe Keeping\WEB REF\MaterialFiles\app\src\main\java\me\zhanghai\android\files\fileproperties\checksum\Crc32MessageDigest.kt, E:\For Safe Keeping\WEB REF\MaterialFiles\app\src\main\java\me\zhanghai\android\files\fileproperties\checksum\FilePropertiesChecksumTabFragment.kt, E:\For Safe Keeping\WEB REF\MaterialFiles\app\src\main\java\me\zhanghai\android\files\fileproperties\checksum\FilePropertiesChecksumTabViewModel.kt, E:\For Safe Keeping\WEB REF\MaterialFiles\app\src\main\java\me\zhanghai\android\files\fileproperties\FileLiveData.kt, E:\For Safe Keeping\WEB REF\MaterialFiles\app\src\main\java\me\zhanghai\android\files\fileproperties\FilePropertiesDialogFragment.kt, E:\For Safe Keeping\WEB REF\MaterialFiles\app\src\main\java\me\zhanghai\android\files\fileproperties\FilePropertiesFileViewModel.kt, E:\For Safe Keeping\WEB REF\MaterialFiles\app\src\main\java\me\zhanghai\android\files\fileproperties\FilePropertiesTabFragment.kt, E:\For Safe Keeping\WEB REF\MaterialFiles\app\src\main\java\me\zhanghai\android\files\fileproperties\image\ExifInterfaceExtensions.kt, E:\For Safe Keeping\WEB REF\MaterialFiles\app\src\main\java\me\zhanghai\android\files\fileproperties\image\FilePropertiesImageTabFragment.kt, E:\For Safe Keeping\WEB REF\MaterialFiles\app\src\main\java\me\zhanghai\android\files\fileproperties\image\FilePropertiesImageTabViewModel.kt, E:\For Safe Keeping\WEB REF\MaterialFiles\app\src\main\java\me\zhanghai\android\files\fileproperties\image\ImageInfo.kt, E:\For Safe Keeping\WEB REF\MaterialFiles\app\src\main\java\me\zhanghai\android\files\fileproperties\image\ImageInfoLiveData.kt, E:\For Safe Keeping\WEB REF\MaterialFiles\app\src\main\java\me\zhanghai\android\files\fileproperties\MediaMetadataRetrieverExtensions.kt, E:\For Safe Keeping\WEB REF\MaterialFiles\app\src\main\java\me\zhanghai\android\files\fileproperties\PathObserverLiveData.kt, E:\For Safe Keeping\WEB REF\MaterialFiles\app\src\main\java\me\zhanghai\android\files\fileproperties\permission\FilePropertiesPermissionTabFragment.kt, E:\For Safe Keeping\WEB REF\MaterialFiles\app\src\main\java\me\zhanghai\android\files\fileproperties\permission\GroupListAdapter.kt, E:\For Safe Keeping\WEB REF\MaterialFiles\app\src\main\java\me\zhanghai\android\files\fileproperties\permission\GroupListLiveData.kt, E:\For Safe Keeping\WEB REF\MaterialFiles\app\src\main\java\me\zhanghai\android\files\fileproperties\permission\ModeBitListAdapter.kt, E:\For Safe Keeping\WEB REF\MaterialFiles\app\src\main\java\me\zhanghai\android\files\fileproperties\permission\PrincipalItem.kt, E:\For Safe Keeping\WEB REF\MaterialFiles\app\src\main\java\me\zhanghai\android\files\fileproperties\permission\PrincipalListAdapter.kt, E:\For Safe Keeping\WEB REF\MaterialFiles\app\src\main\java\me\zhanghai\android\files\fileproperties\permission\PrincipalListLiveData.kt, E:\For Safe Keeping\WEB REF\MaterialFiles\app\src\main\java\me\zhanghai\android\files\fileproperties\permission\SetGroupDialogFragment.kt, E:\For Safe Keeping\WEB REF\MaterialFiles\app\src\main\java\me\zhanghai\android\files\fileproperties\permission\SetGroupViewModel.kt, E:\For Safe Keeping\WEB REF\MaterialFiles\app\src\main\java\me\zhanghai\android\files\fileproperties\permission\SetModeDialogFragment.kt, E:\For Safe Keeping\WEB REF\MaterialFiles\app\src\main\java\me\zhanghai\android\files\fileproperties\permission\SetModeViewModel.kt, E:\For Safe Keeping\WEB REF\MaterialFiles\app\src\main\java\me\zhanghai\android\files\fileproperties\permission\SetOwnerDialogFragment.kt, E:\For Safe Keeping\WEB REF\MaterialFiles\app\src\main\java\me\zhanghai\android\files\fileproperties\permission\SetOwnerViewModel.kt, E:\For Safe Keeping\WEB REF\MaterialFiles\app\src\main\java\me\zhanghai\android\files\fileproperties\permission\SetPrincipalDialogFragment.kt, E:\For Safe Keeping\WEB REF\MaterialFiles\app\src\main\java\me\zhanghai\android\files\fileproperties\permission\SetPrincipalViewModel.kt, E:\For Safe Keeping\WEB REF\MaterialFiles\app\src\main\java\me\zhanghai\android\files\fileproperties\permission\SetSeLinuxContextDialogFragment.kt, E:\For Safe Keeping\WEB REF\MaterialFiles\app\src\main\java\me\zhanghai\android\files\fileproperties\permission\UserListAdapter.kt, E:\For Safe Keeping\WEB REF\MaterialFiles\app\src\main\java\me\zhanghai\android\files\fileproperties\permission\UserListLiveData.kt, E:\For Safe Keeping\WEB REF\MaterialFiles\app\src\main\java\me\zhanghai\android\files\fileproperties\video\FilePropertiesVideoTabFragment.kt, E:\For Safe Keeping\WEB REF\MaterialFiles\app\src\main\java\me\zhanghai\android\files\fileproperties\video\FilePropertiesVideoTabViewModel.kt, E:\For Safe Keeping\WEB REF\MaterialFiles\app\src\main\java\me\zhanghai\android\files\fileproperties\video\VideoInfo.kt, E:\For Safe Keeping\WEB REF\MaterialFiles\app\src\main\java\me\zhanghai\android\files\fileproperties\video\VideoInfoLiveData.kt, E:\For Safe Keeping\WEB REF\MaterialFiles\app\src\main\java\me\zhanghai\android\files\ftpserver\FtpServer.kt, E:\For Safe Keeping\WEB REF\MaterialFiles\app\src\main\java\me\zhanghai\android\files\ftpserver\FtpServerActivity.kt, E:\For Safe Keeping\WEB REF\MaterialFiles\app\src\main\java\me\zhanghai\android\files\ftpserver\FtpServerAddTilePreference.kt, E:\For Safe Keeping\WEB REF\MaterialFiles\app\src\main\java\me\zhanghai\android\files\ftpserver\FtpServerFragment.kt, E:\For Safe Keeping\WEB REF\MaterialFiles\app\src\main\java\me\zhanghai\android\files\ftpserver\FtpServerHomeDirectoryPreference.kt, E:\For Safe Keeping\WEB REF\MaterialFiles\app\src\main\java\me\zhanghai\android\files\ftpserver\FtpServerNotification.kt, E:\For Safe Keeping\WEB REF\MaterialFiles\app\src\main\java\me\zhanghai\android\files\ftpserver\FtpServerPreferenceFragment.kt, E:\For Safe Keeping\WEB REF\MaterialFiles\app\src\main\java\me\zhanghai\android\files\ftpserver\FtpServerReceiver.kt, E:\For Safe Keeping\WEB REF\MaterialFiles\app\src\main\java\me\zhanghai\android\files\ftpserver\FtpServerService.kt, E:\For Safe Keeping\WEB REF\MaterialFiles\app\src\main\java\me\zhanghai\android\files\ftpserver\FtpServerStatePreference.kt, E:\For Safe Keeping\WEB REF\MaterialFiles\app\src\main\java\me\zhanghai\android\files\ftpserver\FtpServerTileService.kt, E:\For Safe Keeping\WEB REF\MaterialFiles\app\src\main\java\me\zhanghai\android\files\ftpserver\FtpServerUrl.kt, E:\For Safe Keeping\WEB REF\MaterialFiles\app\src\main\java\me\zhanghai\android\files\ftpserver\FtpServerUrlPreference.kt, E:\For Safe Keeping\WEB REF\MaterialFiles\app\src\main\java\me\zhanghai\android\files\ftpserver\ProviderFileSystemFactory.kt, E:\For Safe Keeping\WEB REF\MaterialFiles\app\src\main\java\me\zhanghai\android\files\ftpserver\ProviderFileSystemView.kt, E:\For Safe Keeping\WEB REF\MaterialFiles\app\src\main\java\me\zhanghai\android\files\ftpserver\ProviderFtpFile.kt, E:\For Safe Keeping\WEB REF\MaterialFiles\app\src\main\java\me\zhanghai\android\files\hiddenapi\HiddenApi.kt, E:\For Safe Keeping\WEB REF\MaterialFiles\app\src\main\java\me\zhanghai\android\files\hiddenapi\RestrictedHiddenApi.kt, E:\For Safe Keeping\WEB REF\MaterialFiles\app\src\main\java\me\zhanghai\android\files\navigation\BookmarkDirectories.kt, E:\For Safe Keeping\WEB REF\MaterialFiles\app\src\main\java\me\zhanghai\android\files\navigation\BookmarkDirectory.kt, E:\For Safe Keeping\WEB REF\MaterialFiles\app\src\main\java\me\zhanghai\android\files\navigation\EditBookmarkDirectoryDialogActivity.kt, E:\For Safe Keeping\WEB REF\MaterialFiles\app\src\main\java\me\zhanghai\android\files\navigation\EditBookmarkDirectoryDialogFragment.kt, E:\For Safe Keeping\WEB REF\MaterialFiles\app\src\main\java\me\zhanghai\android\files\navigation\NavigationFragment.kt, E:\For Safe Keeping\WEB REF\MaterialFiles\app\src\main\java\me\zhanghai\android\files\navigation\NavigationItem.kt, E:\For Safe Keeping\WEB REF\MaterialFiles\app\src\main\java\me\zhanghai\android\files\navigation\NavigationItemListLiveData.kt, E:\For Safe Keeping\WEB REF\MaterialFiles\app\src\main\java\me\zhanghai\android\files\navigation\NavigationItems.kt, E:\For Safe Keeping\WEB REF\MaterialFiles\app\src\main\java\me\zhanghai\android\files\navigation\NavigationListAdapter.kt, E:\For Safe Keeping\WEB REF\MaterialFiles\app\src\main\java\me\zhanghai\android\files\navigation\NavigationRecyclerView.kt, E:\For Safe Keeping\WEB REF\MaterialFiles\app\src\main\java\me\zhanghai\android\files\navigation\NavigationRoot.kt, E:\For Safe Keeping\WEB REF\MaterialFiles\app\src\main\java\me\zhanghai\android\files\navigation\NavigationRootMapLiveData.kt, E:\For Safe Keeping\WEB REF\MaterialFiles\app\src\main\java\me\zhanghai\android\files\navigation\StandardDirectoriesLiveData.kt, E:\For Safe Keeping\WEB REF\MaterialFiles\app\src\main\java\me\zhanghai\android\files\navigation\StandardDirectory.kt, E:\For Safe Keeping\WEB REF\MaterialFiles\app\src\main\java\me\zhanghai\android\files\navigation\StandardDirectorySettings.kt, E:\For Safe Keeping\WEB REF\MaterialFiles\app\src\main\java\me\zhanghai\android\files\nonfree\CrashlyticsInitializer.kt, E:\For Safe Keeping\WEB REF\MaterialFiles\app\src\main\java\me\zhanghai\android\files\provider\archive\ArchiveExceptionExtensions.kt, E:\For Safe Keeping\WEB REF\MaterialFiles\app\src\main\java\me\zhanghai\android\files\provider\archive\ArchiveFileAttributes.kt, E:\For Safe Keeping\WEB REF\MaterialFiles\app\src\main\java\me\zhanghai\android\files\provider\archive\ArchiveFileAttributeView.kt, E:\For Safe Keeping\WEB REF\MaterialFiles\app\src\main\java\me\zhanghai\android\files\provider\archive\ArchiveFileKey.kt, E:\For Safe Keeping\WEB REF\MaterialFiles\app\src\main\java\me\zhanghai\android\files\provider\archive\ArchiveFileStore.kt, E:\For Safe Keeping\WEB REF\MaterialFiles\app\src\main\java\me\zhanghai\android\files\provider\archive\ArchiveFileSystem.kt, E:\For Safe Keeping\WEB REF\MaterialFiles\app\src\main\java\me\zhanghai\android\files\provider\archive\ArchiveFileSystemProvider.kt, E:\For Safe Keeping\WEB REF\MaterialFiles\app\src\main\java\me\zhanghai\android\files\provider\archive\ArchivePasswordRequiredException.kt, E:\For Safe Keeping\WEB REF\MaterialFiles\app\src\main\java\me\zhanghai\android\files\provider\archive\ArchivePath.kt, E:\For Safe Keeping\WEB REF\MaterialFiles\app\src\main\java\me\zhanghai\android\files\provider\archive\archiver\ArchiveReader.kt, E:\For Safe Keeping\WEB REF\MaterialFiles\app\src\main\java\me\zhanghai\android\files\provider\archive\archiver\ArchiveWriter.kt, E:\For Safe Keeping\WEB REF\MaterialFiles\app\src\main\java\me\zhanghai\android\files\provider\archive\archiver\ReadArchive.kt, E:\For Safe Keeping\WEB REF\MaterialFiles\app\src\main\java\me\zhanghai\android\files\provider\archive\archiver\WriteArchive.kt, E:\For Safe Keeping\WEB REF\MaterialFiles\app\src\main\java\me\zhanghai\android\files\provider\archive\OpenOptionsArchiveExtensions.kt, E:\For Safe Keeping\WEB REF\MaterialFiles\app\src\main\java\me\zhanghai\android\files\provider\archive\PathArchiveExtensions.kt, E:\For Safe Keeping\WEB REF\MaterialFiles\app\src\main\java\me\zhanghai\android\files\provider\common\AbstractBasicFileAttributes.kt, E:\For Safe Keeping\WEB REF\MaterialFiles\app\src\main\java\me\zhanghai\android\files\provider\common\AbstractContentProviderFileAttributes.kt, E:\For Safe Keeping\WEB REF\MaterialFiles\app\src\main\java\me\zhanghai\android\files\provider\common\AbstractFileByteChannel.kt, E:\For Safe Keeping\WEB REF\MaterialFiles\app\src\main\java\me\zhanghai\android\files\provider\common\AbstractFileStore.kt, E:\For Safe Keeping\WEB REF\MaterialFiles\app\src\main\java\me\zhanghai\android\files\provider\common\AbstractPath.kt, E:\For Safe Keeping\WEB REF\MaterialFiles\app\src\main\java\me\zhanghai\android\files\provider\common\AbstractPathObservable.kt, E:\For Safe Keeping\WEB REF\MaterialFiles\app\src\main\java\me\zhanghai\android\files\provider\common\AbstractPosixFileAttributes.kt, E:\For Safe Keeping\WEB REF\MaterialFiles\app\src\main\java\me\zhanghai\android\files\provider\common\AbstractWatchKey.kt, E:\For Safe Keeping\WEB REF\MaterialFiles\app\src\main\java\me\zhanghai\android\files\provider\common\AbstractWatchService.kt, E:\For Safe Keeping\WEB REF\MaterialFiles\app\src\main\java\me\zhanghai\android\files\provider\common\AccessModes.kt, E:\For Safe Keeping\WEB REF\MaterialFiles\app\src\main\java\me\zhanghai\android\files\provider\common\AndroidFileTypeDetector.kt, E:\For Safe Keeping\WEB REF\MaterialFiles\app\src\main\java\me\zhanghai\android\files\provider\common\ByteBufferExtensions.kt, E:\For Safe Keeping\WEB REF\MaterialFiles\app\src\main\java\me\zhanghai\android\files\provider\common\ByteBufferInputStream.kt, E:\For Safe Keeping\WEB REF\MaterialFiles\app\src\main\java\me\zhanghai\android\files\provider\common\ByteString.kt, E:\For Safe Keeping\WEB REF\MaterialFiles\app\src\main\java\me\zhanghai\android\files\provider\common\ByteStringBuilder.kt, E:\For Safe Keeping\WEB REF\MaterialFiles\app\src\main\java\me\zhanghai\android\files\provider\common\ByteStringListPath.kt, E:\For Safe Keeping\WEB REF\MaterialFiles\app\src\main\java\me\zhanghai\android\files\provider\common\ByteStringListPathCreator.kt, E:\For Safe Keeping\WEB REF\MaterialFiles\app\src\main\java\me\zhanghai\android\files\provider\common\ByteStringPath.kt, E:\For Safe Keeping\WEB REF\MaterialFiles\app\src\main\java\me\zhanghai\android\files\provider\common\ChannelExtensions.kt, E:\For Safe Keeping\WEB REF\MaterialFiles\app\src\main\java\me\zhanghai\android\files\provider\common\CloseableIterator.kt, E:\For Safe Keeping\WEB REF\MaterialFiles\app\src\main\java\me\zhanghai\android\files\provider\common\ClosedDirectoryObserverException.kt, E:\For Safe Keeping\WEB REF\MaterialFiles\app\src\main\java\me\zhanghai\android\files\provider\common\ContentProviderFileAttributes.kt, E:\For Safe Keeping\WEB REF\MaterialFiles\app\src\main\java\me\zhanghai\android\files\provider\common\CopyOptions.kt, E:\For Safe Keeping\WEB REF\MaterialFiles\app\src\main\java\me\zhanghai\android\files\provider\common\CovariantPath.kt, E:\For Safe Keeping\WEB REF\MaterialFiles\app\src\main\java\me\zhanghai\android\files\provider\common\DelegateFileChannel.kt, E:\For Safe Keeping\WEB REF\MaterialFiles\app\src\main\java\me\zhanghai\android\files\provider\common\DelegateInputStream.kt, E:\For Safe Keeping\WEB REF\MaterialFiles\app\src\main\java\me\zhanghai\android\files\provider\common\DelegateOutputStream.kt, E:\For Safe Keeping\WEB REF\MaterialFiles\app\src\main\java\me\zhanghai\android\files\provider\common\DelegateSchemeFileSystemProvider.kt, E:\For Safe Keeping\WEB REF\MaterialFiles\app\src\main\java\me\zhanghai\android\files\provider\common\DelegateSeekableByteChannel.kt, E:\For Safe Keeping\WEB REF\MaterialFiles\app\src\main\java\me\zhanghai\android\files\provider\common\EncryptedFileAttributes.kt, E:\For Safe Keeping\WEB REF\MaterialFiles\app\src\main\java\me\zhanghai\android\files\provider\common\FileChannelExtensions.kt, E:\For Safe Keeping\WEB REF\MaterialFiles\app\src\main\java\me\zhanghai\android\files\provider\common\FileStoreNotFoundException.kt, E:\For Safe Keeping\WEB REF\MaterialFiles\app\src\main\java\me\zhanghai\android\files\provider\common\FileSystemCache.kt, E:\For Safe Keeping\WEB REF\MaterialFiles\app\src\main\java\me\zhanghai\android\files\provider\common\FileTimeExtensions.kt, E:\For Safe Keeping\WEB REF\MaterialFiles\app\src\main\java\me\zhanghai\android\files\provider\common\FileTimeParceler.kt, E:\For Safe Keeping\WEB REF\MaterialFiles\app\src\main\java\me\zhanghai\android\files\provider\common\ForceableChannel.kt, E:\For Safe Keeping\WEB REF\MaterialFiles\app\src\main\java\me\zhanghai\android\files\provider\common\ForeignCopyMove.kt, E:\For Safe Keeping\WEB REF\MaterialFiles\app\src\main\java\me\zhanghai\android\files\provider\common\FutureExtensions.kt, E:\For Safe Keeping\WEB REF\MaterialFiles\app\src\main\java\me\zhanghai\android\files\provider\common\InputStreamExtensions.kt, E:\For Safe Keeping\WEB REF\MaterialFiles\app\src\main\java\me\zhanghai\android\files\provider\common\InvalidFileNameException.kt, E:\For Safe Keeping\WEB REF\MaterialFiles\app\src\main\java\me\zhanghai\android\files\provider\common\IsDirectoryException.kt, E:\For Safe Keeping\WEB REF\MaterialFiles\app\src\main\java\me\zhanghai\android\files\provider\common\LinkOptions.kt, E:\For Safe Keeping\WEB REF\MaterialFiles\app\src\main\java\me\zhanghai\android\files\provider\common\LocalWatchKey.kt, E:\For Safe Keeping\WEB REF\MaterialFiles\app\src\main\java\me\zhanghai\android\files\provider\common\LocalWatchService.kt, E:\For Safe Keeping\WEB REF\MaterialFiles\app\src\main\java\me\zhanghai\android\files\provider\common\OpenOptions.kt, E:\For Safe Keeping\WEB REF\MaterialFiles\app\src\main\java\me\zhanghai\android\files\provider\common\ParcelableFileTime.kt, E:\For Safe Keeping\WEB REF\MaterialFiles\app\src\main\java\me\zhanghai\android\files\provider\common\ParcelablePosixFileMode.kt, E:\For Safe Keeping\WEB REF\MaterialFiles\app\src\main\java\me\zhanghai\android\files\provider\common\ParcelFileDescriptorExtensions.kt, E:\For Safe Keeping\WEB REF\MaterialFiles\app\src\main\java\me\zhanghai\android\files\provider\common\PathExtensions.kt, E:\For Safe Keeping\WEB REF\MaterialFiles\app\src\main\java\me\zhanghai\android\files\provider\common\PathIteratorDirectoryStream.kt, E:\For Safe Keeping\WEB REF\MaterialFiles\app\src\main\java\me\zhanghai\android\files\provider\common\PathListDirectoryStream.kt, E:\For Safe Keeping\WEB REF\MaterialFiles\app\src\main\java\me\zhanghai\android\files\provider\common\PathObservable.kt, E:\For Safe Keeping\WEB REF\MaterialFiles\app\src\main\java\me\zhanghai\android\files\provider\common\PathObservableProvider.kt, E:\For Safe Keeping\WEB REF\MaterialFiles\app\src\main\java\me\zhanghai\android\files\provider\common\PollingWatchKey.kt, E:\For Safe Keeping\WEB REF\MaterialFiles\app\src\main\java\me\zhanghai\android\files\provider\common\PollingWatchService.kt, E:\For Safe Keeping\WEB REF\MaterialFiles\app\src\main\java\me\zhanghai\android\files\provider\common\PosixFileAttributes.kt, E:\For Safe Keeping\WEB REF\MaterialFiles\app\src\main\java\me\zhanghai\android\files\provider\common\PosixFileAttributeView.kt, E:\For Safe Keeping\WEB REF\MaterialFiles\app\src\main\java\me\zhanghai\android\files\provider\common\PosixFileMode.kt, E:\For Safe Keeping\WEB REF\MaterialFiles\app\src\main\java\me\zhanghai\android\files\provider\common\PosixFileStore.kt, E:\For Safe Keeping\WEB REF\MaterialFiles\app\src\main\java\me\zhanghai\android\files\provider\common\PosixFileType.kt, E:\For Safe Keeping\WEB REF\MaterialFiles\app\src\main\java\me\zhanghai\android\files\provider\common\PosixGroup.kt, E:\For Safe Keeping\WEB REF\MaterialFiles\app\src\main\java\me\zhanghai\android\files\provider\common\PosixPrincipal.kt, E:\For Safe Keeping\WEB REF\MaterialFiles\app\src\main\java\me\zhanghai\android\files\provider\common\PosixUser.kt, E:\For Safe Keeping\WEB REF\MaterialFiles\app\src\main\java\me\zhanghai\android\files\provider\common\ProgressCopyOption.kt, E:\For Safe Keeping\WEB REF\MaterialFiles\app\src\main\java\me\zhanghai\android\files\provider\common\ReadOnlyFileSystemException.kt, E:\For Safe Keeping\WEB REF\MaterialFiles\app\src\main\java\me\zhanghai\android\files\provider\common\Searchable.kt, E:\For Safe Keeping\WEB REF\MaterialFiles\app\src\main\java\me\zhanghai\android\files\provider\common\UriAuthority.kt, E:\For Safe Keeping\WEB REF\MaterialFiles\app\src\main\java\me\zhanghai\android\files\provider\common\UriByteStringExtensions.kt, E:\For Safe Keeping\WEB REF\MaterialFiles\app\src\main\java\me\zhanghai\android\files\provider\common\UserActionRequiredException.kt, E:\For Safe Keeping\WEB REF\MaterialFiles\app\src\main\java\me\zhanghai\android\files\provider\common\VideoMetadataRepository.kt, E:\For Safe Keeping\WEB REF\MaterialFiles\app\src\main\java\me\zhanghai\android\files\provider\common\WalkFileTreeSearchable.kt, E:\For Safe Keeping\WEB REF\MaterialFiles\app\src\main\java\me\zhanghai\android\files\provider\common\WatchServicePathObservable.kt, E:\For Safe Keeping\WEB REF\MaterialFiles\app\src\main\java\me\zhanghai\android\files\provider\content\ContentFileAttributes.kt, E:\For Safe Keeping\WEB REF\MaterialFiles\app\src\main\java\me\zhanghai\android\files\provider\content\ContentFileAttributeView.kt, E:\For Safe Keeping\WEB REF\MaterialFiles\app\src\main\java\me\zhanghai\android\files\provider\content\ContentFileSystem.kt, E:\For Safe Keeping\WEB REF\MaterialFiles\app\src\main\java\me\zhanghai\android\files\provider\content\ContentFileSystemProvider.kt, E:\For Safe Keeping\WEB REF\MaterialFiles\app\src\main\java\me\zhanghai\android\files\provider\content\ContentPath.kt, E:\For Safe Keeping\WEB REF\MaterialFiles\app\src\main\java\me\zhanghai\android\files\provider\content\ContentPathObservable.kt, E:\For Safe Keeping\WEB REF\MaterialFiles\app\src\main\java\me\zhanghai\android\files\provider\content\OpenOptionsContentExtensions.kt, E:\For Safe Keeping\WEB REF\MaterialFiles\app\src\main\java\me\zhanghai\android\files\provider\content\resolver\CursorExtensions.kt, E:\For Safe Keeping\WEB REF\MaterialFiles\app\src\main\java\me\zhanghai\android\files\provider\content\resolver\Resolver.kt, E:\For Safe Keeping\WEB REF\MaterialFiles\app\src\main\java\me\zhanghai\android\files\provider\content\resolver\ResolverException.kt, E:\For Safe Keeping\WEB REF\MaterialFiles\app\src\main\java\me\zhanghai\android\files\provider\document\DocumentCopyMove.kt, E:\For Safe Keeping\WEB REF\MaterialFiles\app\src\main\java\me\zhanghai\android\files\provider\document\DocumentFileAttributes.kt, E:\For Safe Keeping\WEB REF\MaterialFiles\app\src\main\java\me\zhanghai\android\files\provider\document\DocumentFileAttributeView.kt, E:\For Safe Keeping\WEB REF\MaterialFiles\app\src\main\java\me\zhanghai\android\files\provider\document\DocumentFileSystem.kt, E:\For Safe Keeping\WEB REF\MaterialFiles\app\src\main\java\me\zhanghai\android\files\provider\document\DocumentFileSystemProvider.kt, E:\For Safe Keeping\WEB REF\MaterialFiles\app\src\main\java\me\zhanghai\android\files\provider\document\DocumentPath.kt, E:\For Safe Keeping\WEB REF\MaterialFiles\app\src\main\java\me\zhanghai\android\files\provider\document\DocumentPathObservable.kt, E:\For Safe Keeping\WEB REF\MaterialFiles\app\src\main\java\me\zhanghai\android\files\provider\document\FileAttributesExtensions.kt, E:\For Safe Keeping\WEB REF\MaterialFiles\app\src\main\java\me\zhanghai\android\files\provider\document\OpenOptionsDocumentExtensions.kt, E:\For Safe Keeping\WEB REF\MaterialFiles\app\src\main\java\me\zhanghai\android\files\provider\document\PathDocumentExtensions.kt, E:\For Safe Keeping\WEB REF\MaterialFiles\app\src\main\java\me\zhanghai\android\files\provider\document\resolver\DocumentResolver.kt, E:\For Safe Keeping\WEB REF\MaterialFiles\app\src\main\java\me\zhanghai\android\files\provider\document\resolver\ExternalStorageProviderHacks.kt, E:\For Safe Keeping\WEB REF\MaterialFiles\app\src\main\java\me\zhanghai\android\files\provider\FileSystemProviders.kt, E:\For Safe Keeping\WEB REF\MaterialFiles\app\src\main\java\me\zhanghai\android\files\provider\ftp\client\Authenticator.kt, E:\For Safe Keeping\WEB REF\MaterialFiles\app\src\main\java\me\zhanghai\android\files\provider\ftp\client\Authority.kt, E:\For Safe Keeping\WEB REF\MaterialFiles\app\src\main\java\me\zhanghai\android\files\provider\ftp\client\Client.kt, E:\For Safe Keeping\WEB REF\MaterialFiles\app\src\main\java\me\zhanghai\android\files\provider\ftp\client\FileByteChannel.kt, E:\For Safe Keeping\WEB REF\MaterialFiles\app\src\main\java\me\zhanghai\android\files\provider\ftp\client\FTPClientCompat.kt, E:\For Safe Keeping\WEB REF\MaterialFiles\app\src\main\java\me\zhanghai\android\files\provider\ftp\client\Mode.kt, E:\For Safe Keeping\WEB REF\MaterialFiles\app\src\main\java\me\zhanghai\android\files\provider\ftp\client\NegativeReplyCodeException.kt, E:\For Safe Keeping\WEB REF\MaterialFiles\app\src\main\java\me\zhanghai\android\files\provider\ftp\client\Protocol.kt, E:\For Safe Keeping\WEB REF\MaterialFiles\app\src\main\java\me\zhanghai\android\files\provider\ftp\FtpCopyMove.kt, E:\For Safe Keeping\WEB REF\MaterialFiles\app\src\main\java\me\zhanghai\android\files\provider\ftp\FtpFileAttributes.kt, E:\For Safe Keeping\WEB REF\MaterialFiles\app\src\main\java\me\zhanghai\android\files\provider\ftp\FtpFileAttributeView.kt, E:\For Safe Keeping\WEB REF\MaterialFiles\app\src\main\java\me\zhanghai\android\files\provider\ftp\FtpFileSystem.kt, E:\For Safe Keeping\WEB REF\MaterialFiles\app\src\main\java\me\zhanghai\android\files\provider\ftp\FtpFileSystemProvider.kt, E:\For Safe Keeping\WEB REF\MaterialFiles\app\src\main\java\me\zhanghai\android\files\provider\ftp\FtpPath.kt, E:\For Safe Keeping\WEB REF\MaterialFiles\app\src\main\java\me\zhanghai\android\files\provider\ftp\IOExceptionFtpExtensions.kt, E:\For Safe Keeping\WEB REF\MaterialFiles\app\src\main\java\me\zhanghai\android\files\provider\ftp\OpenOptionsFtpExtensions.kt, E:\For Safe Keeping\WEB REF\MaterialFiles\app\src\main\java\me\zhanghai\android\files\provider\ftp\PathFtpExtensions.kt, E:\For Safe Keeping\WEB REF\MaterialFiles\app\src\main\java\me\zhanghai\android\files\provider\linux\LinuxCopyMove.kt, E:\For Safe Keeping\WEB REF\MaterialFiles\app\src\main\java\me\zhanghai\android\files\provider\linux\LinuxDirectoryStream.kt, E:\For Safe Keeping\WEB REF\MaterialFiles\app\src\main\java\me\zhanghai\android\files\provider\linux\LinuxFileAttributes.kt, E:\For Safe Keeping\WEB REF\MaterialFiles\app\src\main\java\me\zhanghai\android\files\provider\linux\LinuxFileAttributeView.kt, E:\For Safe Keeping\WEB REF\MaterialFiles\app\src\main\java\me\zhanghai\android\files\provider\linux\LinuxFileKey.kt, E:\For Safe Keeping\WEB REF\MaterialFiles\app\src\main\java\me\zhanghai\android\files\provider\linux\LinuxFileStore.kt, E:\For Safe Keeping\WEB REF\MaterialFiles\app\src\main\java\me\zhanghai\android\files\provider\linux\LinuxFileSystem.kt, E:\For Safe Keeping\WEB REF\MaterialFiles\app\src\main\java\me\zhanghai\android\files\provider\linux\LinuxFileSystemProvider.kt, E:\For Safe Keeping\WEB REF\MaterialFiles\app\src\main\java\me\zhanghai\android\files\provider\linux\LinuxPath.kt, E:\For Safe Keeping\WEB REF\MaterialFiles\app\src\main\java\me\zhanghai\android\files\provider\linux\LinuxUserPrincipalLookupService.kt, E:\For Safe Keeping\WEB REF\MaterialFiles\app\src\main\java\me\zhanghai\android\files\provider\linux\LocalLinuxFileAttributeView.kt, E:\For Safe Keeping\WEB REF\MaterialFiles\app\src\main\java\me\zhanghai\android\files\provider\linux\LocalLinuxFileStore.kt, E:\For Safe Keeping\WEB REF\MaterialFiles\app\src\main\java\me\zhanghai\android\files\provider\linux\LocalLinuxFileSystem.kt, E:\For Safe Keeping\WEB REF\MaterialFiles\app\src\main\java\me\zhanghai\android\files\provider\linux\LocalLinuxFileSystemProvider.kt, E:\For Safe Keeping\WEB REF\MaterialFiles\app\src\main\java\me\zhanghai\android\files\provider\linux\LocalLinuxWatchKey.kt, E:\For Safe Keeping\WEB REF\MaterialFiles\app\src\main\java\me\zhanghai\android\files\provider\linux\LocalLinuxWatchService.kt, E:\For Safe Keeping\WEB REF\MaterialFiles\app\src\main\java\me\zhanghai\android\files\provider\linux\media\MediaScanner.kt, E:\For Safe Keeping\WEB REF\MaterialFiles\app\src\main\java\me\zhanghai\android\files\provider\linux\OpenOptionsLinuxExtensions.kt, E:\For Safe Keeping\WEB REF\MaterialFiles\app\src\main\java\me\zhanghai\android\files\provider\linux\syscall\Constants.kt, E:\For Safe Keeping\WEB REF\MaterialFiles\app\src\main\java\me\zhanghai\android\files\provider\linux\syscall\Int32Ref.kt, E:\For Safe Keeping\WEB REF\MaterialFiles\app\src\main\java\me\zhanghai\android\files\provider\linux\syscall\StructDirent.kt, E:\For Safe Keeping\WEB REF\MaterialFiles\app\src\main\java\me\zhanghai\android\files\provider\linux\syscall\StructGroup.kt, E:\For Safe Keeping\WEB REF\MaterialFiles\app\src\main\java\me\zhanghai\android\files\provider\linux\syscall\StructInotifyEvent.kt, E:\For Safe Keeping\WEB REF\MaterialFiles\app\src\main\java\me\zhanghai\android\files\provider\linux\syscall\StructMntent.kt, E:\For Safe Keeping\WEB REF\MaterialFiles\app\src\main\java\me\zhanghai\android\files\provider\linux\syscall\StructPasswd.kt, E:\For Safe Keeping\WEB REF\MaterialFiles\app\src\main\java\me\zhanghai\android\files\provider\linux\syscall\StructStat.kt, E:\For Safe Keeping\WEB REF\MaterialFiles\app\src\main\java\me\zhanghai\android\files\provider\linux\syscall\StructTimespec.kt, E:\For Safe Keeping\WEB REF\MaterialFiles\app\src\main\java\me\zhanghai\android\files\provider\linux\syscall\Syscall.kt, E:\For Safe Keeping\WEB REF\MaterialFiles\app\src\main\java\me\zhanghai\android\files\provider\linux\syscall\SyscallException.kt, E:\For Safe Keeping\WEB REF\MaterialFiles\app\src\main\java\me\zhanghai\android\files\provider\remote\FilesAcceptAllFilter.kt, E:\For Safe Keeping\WEB REF\MaterialFiles\app\src\main\java\me\zhanghai\android\files\provider\remote\IInterfaceExtensions.kt, E:\For Safe Keeping\WEB REF\MaterialFiles\app\src\main\java\me\zhanghai\android\files\provider\remote\ParcelableCopyOptions.kt, E:\For Safe Keeping\WEB REF\MaterialFiles\app\src\main\java\me\zhanghai\android\files\provider\remote\ParcelableDirectoryStream.kt, E:\For Safe Keeping\WEB REF\MaterialFiles\app\src\main\java\me\zhanghai\android\files\provider\remote\ParcelableException.kt, E:\For Safe Keeping\WEB REF\MaterialFiles\app\src\main\java\me\zhanghai\android\files\provider\remote\ParcelableFileAttributes.kt, E:\For Safe Keeping\WEB REF\MaterialFiles\app\src\main\java\me\zhanghai\android\files\provider\remote\ParcelableObject.kt, E:\For Safe Keeping\WEB REF\MaterialFiles\app\src\main\java\me\zhanghai\android\files\provider\remote\ParcelablePathListConsumer.kt, E:\For Safe Keeping\WEB REF\MaterialFiles\app\src\main\java\me\zhanghai\android\files\provider\remote\ParcelableSerializable.kt, E:\For Safe Keeping\WEB REF\MaterialFiles\app\src\main\java\me\zhanghai\android\files\provider\remote\RemoteFileService.kt, E:\For Safe Keeping\WEB REF\MaterialFiles\app\src\main\java\me\zhanghai\android\files\provider\remote\RemoteFileServiceInterface.kt, E:\For Safe Keeping\WEB REF\MaterialFiles\app\src\main\java\me\zhanghai\android\files\provider\remote\RemoteFileSystem.kt, E:\For Safe Keeping\WEB REF\MaterialFiles\app\src\main\java\me\zhanghai\android\files\provider\remote\RemoteFileSystemException.kt, E:\For Safe Keeping\WEB REF\MaterialFiles\app\src\main\java\me\zhanghai\android\files\provider\remote\RemoteFileSystemInterface.kt, E:\For Safe Keeping\WEB REF\MaterialFiles\app\src\main\java\me\zhanghai\android\files\provider\remote\RemoteFileSystemProvider.kt, E:\For Safe Keeping\WEB REF\MaterialFiles\app\src\main\java\me\zhanghai\android\files\provider\remote\RemoteFileSystemProviderInterface.kt, E:\For Safe Keeping\WEB REF\MaterialFiles\app\src\main\java\me\zhanghai\android\files\provider\remote\RemoteInputStream.kt, E:\For Safe Keeping\WEB REF\MaterialFiles\app\src\main\java\me\zhanghai\android\files\provider\remote\RemoteInterface.kt, E:\For Safe Keeping\WEB REF\MaterialFiles\app\src\main\java\me\zhanghai\android\files\provider\remote\RemotePathObservable.kt, E:\For Safe Keeping\WEB REF\MaterialFiles\app\src\main\java\me\zhanghai\android\files\provider\remote\RemotePosixFileAttributeView.kt, E:\For Safe Keeping\WEB REF\MaterialFiles\app\src\main\java\me\zhanghai\android\files\provider\remote\RemotePosixFileAttributeViewInterface.kt, E:\For Safe Keeping\WEB REF\MaterialFiles\app\src\main\java\me\zhanghai\android\files\provider\remote\RemotePosixFileStore.kt, E:\For Safe Keeping\WEB REF\MaterialFiles\app\src\main\java\me\zhanghai\android\files\provider\remote\RemotePosixFileStoreInterface.kt, E:\For Safe Keeping\WEB REF\MaterialFiles\app\src\main\java\me\zhanghai\android\files\provider\remote\RemoteSeekableByteChannel.kt, E:\For Safe Keeping\WEB REF\MaterialFiles\app\src\main\java\me\zhanghai\android\files\provider\root\LibSuFileServiceLauncher.kt, E:\For Safe Keeping\WEB REF\MaterialFiles\app\src\main\java\me\zhanghai\android\files\provider\root\RootableFileSystem.kt, E:\For Safe Keeping\WEB REF\MaterialFiles\app\src\main\java\me\zhanghai\android\files\provider\root\RootableFileSystemProvider.kt, E:\For Safe Keeping\WEB REF\MaterialFiles\app\src\main\java\me\zhanghai\android\files\provider\root\RootablePath.kt, E:\For Safe Keeping\WEB REF\MaterialFiles\app\src\main\java\me\zhanghai\android\files\provider\root\RootablePosixFileAttributeView.kt, E:\For Safe Keeping\WEB REF\MaterialFiles\app\src\main\java\me\zhanghai\android\files\provider\root\RootablePosixFileStore.kt, E:\For Safe Keeping\WEB REF\MaterialFiles\app\src\main\java\me\zhanghai\android\files\provider\root\RootFileService.kt, E:\For Safe Keeping\WEB REF\MaterialFiles\app\src\main\java\me\zhanghai\android\files\provider\root\RootFileSystem.kt, E:\For Safe Keeping\WEB REF\MaterialFiles\app\src\main\java\me\zhanghai\android\files\provider\root\RootFileSystemProvider.kt, E:\For Safe Keeping\WEB REF\MaterialFiles\app\src\main\java\me\zhanghai\android\files\provider\root\RootPosixFileAttributeView.kt, E:\For Safe Keeping\WEB REF\MaterialFiles\app\src\main\java\me\zhanghai\android\files\provider\root\RootPosixFileStore.kt, E:\For Safe Keeping\WEB REF\MaterialFiles\app\src\main\java\me\zhanghai\android\files\provider\root\RootStrategy.kt, E:\For Safe Keeping\WEB REF\MaterialFiles\app\src\main\java\me\zhanghai\android\files\provider\root\SuiFileServiceLauncher.kt, E:\For Safe Keeping\WEB REF\MaterialFiles\app\src\main\java\me\zhanghai\android\files\provider\sftp\client\Authentication.kt, E:\For Safe Keeping\WEB REF\MaterialFiles\app\src\main\java\me\zhanghai\android\files\provider\sftp\client\Authenticator.kt, E:\For Safe Keeping\WEB REF\MaterialFiles\app\src\main\java\me\zhanghai\android\files\provider\sftp\client\Authority.kt, E:\For Safe Keeping\WEB REF\MaterialFiles\app\src\main\java\me\zhanghai\android\files\provider\sftp\client\Client.kt, E:\For Safe Keeping\WEB REF\MaterialFiles\app\src\main\java\me\zhanghai\android\files\provider\sftp\client\ClientException.kt, E:\For Safe Keeping\WEB REF\MaterialFiles\app\src\main\java\me\zhanghai\android\files\provider\sftp\client\FileByteChannel.kt, E:\For Safe Keeping\WEB REF\MaterialFiles\app\src\main\java\me\zhanghai\android\files\provider\sftp\client\SecurityProviderHelper.kt, E:\For Safe Keeping\WEB REF\MaterialFiles\app\src\main\java\me\zhanghai\android\files\provider\sftp\OpenOptionsSftpExtensions.kt, E:\For Safe Keeping\WEB REF\MaterialFiles\app\src\main\java\me\zhanghai\android\files\provider\sftp\PathSftpExtensions.kt, E:\For Safe Keeping\WEB REF\MaterialFiles\app\src\main\java\me\zhanghai\android\files\provider\sftp\PosixFileModeSftpExtensions.kt, E:\For Safe Keeping\WEB REF\MaterialFiles\app\src\main\java\me\zhanghai\android\files\provider\sftp\SftpCopyMove.kt, E:\For Safe Keeping\WEB REF\MaterialFiles\app\src\main\java\me\zhanghai\android\files\provider\sftp\SftpFileAttributes.kt, E:\For Safe Keeping\WEB REF\MaterialFiles\app\src\main\java\me\zhanghai\android\files\provider\sftp\SftpFileAttributeView.kt, E:\For Safe Keeping\WEB REF\MaterialFiles\app\src\main\java\me\zhanghai\android\files\provider\sftp\SftpFileSystem.kt, E:\For Safe Keeping\WEB REF\MaterialFiles\app\src\main\java\me\zhanghai\android\files\provider\sftp\SftpFileSystemProvider.kt, E:\For Safe Keeping\WEB REF\MaterialFiles\app\src\main\java\me\zhanghai\android\files\provider\sftp\SftpPath.kt, E:\For Safe Keeping\WEB REF\MaterialFiles\app\src\main\java\me\zhanghai\android\files\provider\smb\client\Authenticator.kt, E:\For Safe Keeping\WEB REF\MaterialFiles\app\src\main\java\me\zhanghai\android\files\provider\smb\client\Authority.kt, E:\For Safe Keeping\WEB REF\MaterialFiles\app\src\main\java\me\zhanghai\android\files\provider\smb\client\Client.kt, E:\For Safe Keeping\WEB REF\MaterialFiles\app\src\main\java\me\zhanghai\android\files\provider\smb\client\ClientException.kt, E:\For Safe Keeping\WEB REF\MaterialFiles\app\src\main\java\me\zhanghai\android\files\provider\smb\client\DiskEntryExtensions.kt, E:\For Safe Keeping\WEB REF\MaterialFiles\app\src\main\java\me\zhanghai\android\files\provider\smb\client\FileByteChannel.kt, E:\For Safe Keeping\WEB REF\MaterialFiles\app\src\main\java\me\zhanghai\android\files\provider\smb\client\FileExtensions.kt, E:\For Safe Keeping\WEB REF\MaterialFiles\app\src\main\java\me\zhanghai\android\files\provider\smb\client\NtStatuses.kt, E:\For Safe Keeping\WEB REF\MaterialFiles\app\src\main\java\me\zhanghai\android\files\provider\smb\client\PathInformation.kt, E:\For Safe Keeping\WEB REF\MaterialFiles\app\src\main\java\me\zhanghai\android\files\provider\smb\client\ShareTypes.kt, E:\For Safe Keeping\WEB REF\MaterialFiles\app\src\main\java\me\zhanghai\android\files\provider\smb\OpenOptionsSmbExtensions.kt, E:\For Safe Keeping\WEB REF\MaterialFiles\app\src\main\java\me\zhanghai\android\files\provider\smb\PathSmbExtensions.kt, E:\For Safe Keeping\WEB REF\MaterialFiles\app\src\main\java\me\zhanghai\android\files\provider\smb\SmbCopyMove.kt, E:\For Safe Keeping\WEB REF\MaterialFiles\app\src\main\java\me\zhanghai\android\files\provider\smb\SmbFileAttributes.kt, E:\For Safe Keeping\WEB REF\MaterialFiles\app\src\main\java\me\zhanghai\android\files\provider\smb\SmbFileAttributeView.kt, E:\For Safe Keeping\WEB REF\MaterialFiles\app\src\main\java\me\zhanghai\android\files\provider\smb\SmbFileKey.kt, E:\For Safe Keeping\WEB REF\MaterialFiles\app\src\main\java\me\zhanghai\android\files\provider\smb\SmbFileSystem.kt, E:\For Safe Keeping\WEB REF\MaterialFiles\app\src\main\java\me\zhanghai\android\files\provider\smb\SmbFileSystemProvider.kt, E:\For Safe Keeping\WEB REF\MaterialFiles\app\src\main\java\me\zhanghai\android\files\provider\smb\SmbPath.kt, E:\For Safe Keeping\WEB REF\MaterialFiles\app\src\main\java\me\zhanghai\android\files\provider\smb\SmbShareFileAttributes.kt, E:\For Safe Keeping\WEB REF\MaterialFiles\app\src\main\java\me\zhanghai\android\files\provider\smb\SmbWatchKey.kt, E:\For Safe Keeping\WEB REF\MaterialFiles\app\src\main\java\me\zhanghai\android\files\provider\smb\SmbWatchService.kt, E:\For Safe Keeping\WEB REF\MaterialFiles\app\src\main\java\me\zhanghai\android\files\provider\webdav\client\Authentication.kt, E:\For Safe Keeping\WEB REF\MaterialFiles\app\src\main\java\me\zhanghai\android\files\provider\webdav\client\Authenticator.kt, E:\For Safe Keeping\WEB REF\MaterialFiles\app\src\main\java\me\zhanghai\android\files\provider\webdav\client\Authority.kt, E:\For Safe Keeping\WEB REF\MaterialFiles\app\src\main\java\me\zhanghai\android\files\provider\webdav\client\Client.kt, E:\For Safe Keeping\WEB REF\MaterialFiles\app\src\main\java\me\zhanghai\android\files\provider\webdav\client\DavIOException.kt, E:\For Safe Keeping\WEB REF\MaterialFiles\app\src\main\java\me\zhanghai\android\files\provider\webdav\client\DavResourceCompat.kt, E:\For Safe Keeping\WEB REF\MaterialFiles\app\src\main\java\me\zhanghai\android\files\provider\webdav\client\FileByteChannel.kt, E:\For Safe Keeping\WEB REF\MaterialFiles\app\src\main\java\me\zhanghai\android\files\provider\webdav\client\MemoryCookieJar.kt, E:\For Safe Keeping\WEB REF\MaterialFiles\app\src\main\java\me\zhanghai\android\files\provider\webdav\client\Protocol.kt, E:\For Safe Keeping\WEB REF\MaterialFiles\app\src\main\java\me\zhanghai\android\files\provider\webdav\client\ResponseExtensions.kt, E:\For Safe Keeping\WEB REF\MaterialFiles\app\src\main\java\me\zhanghai\android\files\provider\webdav\DavExceptionExtensions.kt, E:\For Safe Keeping\WEB REF\MaterialFiles\app\src\main\java\me\zhanghai\android\files\provider\webdav\OpenOptionsWebDavExtensions.kt, E:\For Safe Keeping\WEB REF\MaterialFiles\app\src\main\java\me\zhanghai\android\files\provider\webdav\PathWebDavExtensions.kt, E:\For Safe Keeping\WEB REF\MaterialFiles\app\src\main\java\me\zhanghai\android\files\provider\webdav\WebDavCopyMove.kt, E:\For Safe Keeping\WEB REF\MaterialFiles\app\src\main\java\me\zhanghai\android\files\provider\webdav\WebDavFileAttributes.kt, E:\For Safe Keeping\WEB REF\MaterialFiles\app\src\main\java\me\zhanghai\android\files\provider\webdav\WebDavFileAttributeView.kt, E:\For Safe Keeping\WEB REF\MaterialFiles\app\src\main\java\me\zhanghai\android\files\provider\webdav\WebDavFileSystem.kt, E:\For Safe Keeping\WEB REF\MaterialFiles\app\src\main\java\me\zhanghai\android\files\provider\webdav\WebDavFileSystemProvider.kt, E:\For Safe Keeping\WEB REF\MaterialFiles\app\src\main\java\me\zhanghai\android\files\provider\webdav\WebDavPath.kt, E:\For Safe Keeping\WEB REF\MaterialFiles\app\src\main\java\me\zhanghai\android\files\settings\BookmarkDirectoriesPreference.kt, E:\For Safe Keeping\WEB REF\MaterialFiles\app\src\main\java\me\zhanghai\android\files\settings\BookmarkDirectoryListActivity.kt, E:\For Safe Keeping\WEB REF\MaterialFiles\app\src\main\java\me\zhanghai\android\files\settings\BookmarkDirectoryListAdapter.kt, E:\For Safe Keeping\WEB REF\MaterialFiles\app\src\main\java\me\zhanghai\android\files\settings\BookmarkDirectoryListFragment.kt, E:\For Safe Keeping\WEB REF\MaterialFiles\app\src\main\java\me\zhanghai\android\files\settings\CharsetPreference.kt, E:\For Safe Keeping\WEB REF\MaterialFiles\app\src\main\java\me\zhanghai\android\files\settings\DefaultDirectoryPreference.kt, E:\For Safe Keeping\WEB REF\MaterialFiles\app\src\main\java\me\zhanghai\android\files\settings\DefaultIfEmptyEditTextPreference.kt, E:\For Safe Keeping\WEB REF\MaterialFiles\app\src\main\java\me\zhanghai\android\files\settings\FolderItemCountBackupPreference.kt, E:\For Safe Keeping\WEB REF\MaterialFiles\app\src\main\java\me\zhanghai\android\files\settings\LocalePreference.kt, E:\For Safe Keeping\WEB REF\MaterialFiles\app\src\main\java\me\zhanghai\android\files\settings\NonNegativeIntegerPreference.kt, E:\For Safe Keeping\WEB REF\MaterialFiles\app\src\main\java\me\zhanghai\android\files\settings\PasswordPreference.kt, E:\For Safe Keeping\WEB REF\MaterialFiles\app\src\main\java\me\zhanghai\android\files\settings\PathPreference.kt, E:\For Safe Keeping\WEB REF\MaterialFiles\app\src\main\java\me\zhanghai\android\files\settings\PathSettings.kt, E:\For Safe Keeping\WEB REF\MaterialFiles\app\src\main\java\me\zhanghai\android\files\settings\RootStrategyPreference.kt, E:\For Safe Keeping\WEB REF\MaterialFiles\app\src\main\java\me\zhanghai\android\files\settings\SettingLiveData.kt, E:\For Safe Keeping\WEB REF\MaterialFiles\app\src\main\java\me\zhanghai\android\files\settings\SettingLiveDatas.kt, E:\For Safe Keeping\WEB REF\MaterialFiles\app\src\main\java\me\zhanghai\android\files\settings\Settings.kt, E:\For Safe Keeping\WEB REF\MaterialFiles\app\src\main\java\me\zhanghai\android\files\settings\SettingsActivity.kt, E:\For Safe Keeping\WEB REF\MaterialFiles\app\src\main\java\me\zhanghai\android\files\settings\SettingsFragment.kt, E:\For Safe Keeping\WEB REF\MaterialFiles\app\src\main\java\me\zhanghai\android\files\settings\SettingsPreferenceFragment.kt, E:\For Safe Keeping\WEB REF\MaterialFiles\app\src\main\java\me\zhanghai\android\files\settings\StandardDirectoriesPreference.kt, E:\For Safe Keeping\WEB REF\MaterialFiles\app\src\main\java\me\zhanghai\android\files\settings\StandardDirectoryListActivity.kt, E:\For Safe Keeping\WEB REF\MaterialFiles\app\src\main\java\me\zhanghai\android\files\settings\StandardDirectoryListFragment.kt, E:\For Safe Keeping\WEB REF\MaterialFiles\app\src\main\java\me\zhanghai\android\files\settings\StandardDirectoryListPreferenceFragment.kt, E:\For Safe Keeping\WEB REF\MaterialFiles\app\src\main\java\me\zhanghai\android\files\settings\StoragesPreference.kt, E:\For Safe Keeping\WEB REF\MaterialFiles\app\src\main\java\me\zhanghai\android\files\settings\TagBackupPreference.kt, E:\For Safe Keeping\WEB REF\MaterialFiles\app\src\main\java\me\zhanghai\android\files\settings\VideoMetadataBackupPreference.kt, E:\For Safe Keeping\WEB REF\MaterialFiles\app\src\main\java\me\zhanghai\android\files\storage\AddDocumentTreeActivity.kt, E:\For Safe Keeping\WEB REF\MaterialFiles\app\src\main\java\me\zhanghai\android\files\storage\AddDocumentTreeFragment.kt, E:\For Safe Keeping\WEB REF\MaterialFiles\app\src\main\java\me\zhanghai\android\files\storage\AddExternalStorageShortcutActivity.kt, E:\For Safe Keeping\WEB REF\MaterialFiles\app\src\main\java\me\zhanghai\android\files\storage\AddExternalStorageShortcutFragment.kt, E:\For Safe Keeping\WEB REF\MaterialFiles\app\src\main\java\me\zhanghai\android\files\storage\AddLanSmbServerActivity.kt, E:\For Safe Keeping\WEB REF\MaterialFiles\app\src\main\java\me\zhanghai\android\files\storage\AddLanSmbServerFragment.kt, E:\For Safe Keeping\WEB REF\MaterialFiles\app\src\main\java\me\zhanghai\android\files\storage\AddLanSmbServerViewModel.kt, E:\For Safe Keeping\WEB REF\MaterialFiles\app\src\main\java\me\zhanghai\android\files\storage\AddStorageDialogActivity.kt, E:\For Safe Keeping\WEB REF\MaterialFiles\app\src\main\java\me\zhanghai\android\files\storage\AddStorageDialogFragment.kt, E:\For Safe Keeping\WEB REF\MaterialFiles\app\src\main\java\me\zhanghai\android\files\storage\DeviceStorage.kt, E:\For Safe Keeping\WEB REF\MaterialFiles\app\src\main\java\me\zhanghai\android\files\storage\DocumentTree.kt, E:\For Safe Keeping\WEB REF\MaterialFiles\app\src\main\java\me\zhanghai\android\files\storage\EditDeviceStorageDialogActivity.kt, E:\For Safe Keeping\WEB REF\MaterialFiles\app\src\main\java\me\zhanghai\android\files\storage\EditDeviceStorageDialogFragment.kt, E:\For Safe Keeping\WEB REF\MaterialFiles\app\src\main\java\me\zhanghai\android\files\storage\EditDocumentTreeDialogActivity.kt, E:\For Safe Keeping\WEB REF\MaterialFiles\app\src\main\java\me\zhanghai\android\files\storage\EditDocumentTreeDialogFragment.kt, E:\For Safe Keeping\WEB REF\MaterialFiles\app\src\main\java\me\zhanghai\android\files\storage\EditExternalStorageShortcutDialogActivity.kt, E:\For Safe Keeping\WEB REF\MaterialFiles\app\src\main\java\me\zhanghai\android\files\storage\EditExternalStorageShortcutDialogFragment.kt, E:\For Safe Keeping\WEB REF\MaterialFiles\app\src\main\java\me\zhanghai\android\files\storage\EditFtpServerActivity.kt, E:\For Safe Keeping\WEB REF\MaterialFiles\app\src\main\java\me\zhanghai\android\files\storage\EditFtpServerFragment.kt, E:\For Safe Keeping\WEB REF\MaterialFiles\app\src\main\java\me\zhanghai\android\files\storage\EditFtpServerViewModel.kt, E:\For Safe Keeping\WEB REF\MaterialFiles\app\src\main\java\me\zhanghai\android\files\storage\EditSftpServerActivity.kt, E:\For Safe Keeping\WEB REF\MaterialFiles\app\src\main\java\me\zhanghai\android\files\storage\EditSftpServerFragment.kt, E:\For Safe Keeping\WEB REF\MaterialFiles\app\src\main\java\me\zhanghai\android\files\storage\EditSftpServerViewModel.kt, E:\For Safe Keeping\WEB REF\MaterialFiles\app\src\main\java\me\zhanghai\android\files\storage\EditSmbServerActivity.kt, E:\For Safe Keeping\WEB REF\MaterialFiles\app\src\main\java\me\zhanghai\android\files\storage\EditSmbServerFragment.kt, E:\For Safe Keeping\WEB REF\MaterialFiles\app\src\main\java\me\zhanghai\android\files\storage\EditSmbServerViewModel.kt, E:\For Safe Keeping\WEB REF\MaterialFiles\app\src\main\java\me\zhanghai\android\files\storage\EditWebDavServerActivity.kt, E:\For Safe Keeping\WEB REF\MaterialFiles\app\src\main\java\me\zhanghai\android\files\storage\EditWebDavServerFragment.kt, E:\For Safe Keeping\WEB REF\MaterialFiles\app\src\main\java\me\zhanghai\android\files\storage\EditWebDavServerViewModel.kt, E:\For Safe Keeping\WEB REF\MaterialFiles\app\src\main\java\me\zhanghai\android\files\storage\ExternalStorageShortcut.kt, E:\For Safe Keeping\WEB REF\MaterialFiles\app\src\main\java\me\zhanghai\android\files\storage\FtpServer.kt, E:\For Safe Keeping\WEB REF\MaterialFiles\app\src\main\java\me\zhanghai\android\files\storage\FtpServerAuthenticator.kt, E:\For Safe Keeping\WEB REF\MaterialFiles\app\src\main\java\me\zhanghai\android\files\storage\LanSmbServer.kt, E:\For Safe Keeping\WEB REF\MaterialFiles\app\src\main\java\me\zhanghai\android\files\storage\LanSmbServerListAdapter.kt, E:\For Safe Keeping\WEB REF\MaterialFiles\app\src\main\java\me\zhanghai\android\files\storage\LanSmbServerListLiveData.kt, E:\For Safe Keeping\WEB REF\MaterialFiles\app\src\main\java\me\zhanghai\android\files\storage\SftpServer.kt, E:\For Safe Keeping\WEB REF\MaterialFiles\app\src\main\java\me\zhanghai\android\files\storage\SftpServerAuthenticator.kt, E:\For Safe Keeping\WEB REF\MaterialFiles\app\src\main\java\me\zhanghai\android\files\storage\SmbServer.kt, E:\For Safe Keeping\WEB REF\MaterialFiles\app\src\main\java\me\zhanghai\android\files\storage\SmbServerAuthenticator.kt, E:\For Safe Keeping\WEB REF\MaterialFiles\app\src\main\java\me\zhanghai\android\files\storage\Storage.kt, E:\For Safe Keeping\WEB REF\MaterialFiles\app\src\main\java\me\zhanghai\android\files\storage\StorageListActivity.kt, E:\For Safe Keeping\WEB REF\MaterialFiles\app\src\main\java\me\zhanghai\android\files\storage\StorageListAdapter.kt, E:\For Safe Keeping\WEB REF\MaterialFiles\app\src\main\java\me\zhanghai\android\files\storage\StorageListFragment.kt, E:\For Safe Keeping\WEB REF\MaterialFiles\app\src\main\java\me\zhanghai\android\files\storage\Storages.kt, E:\For Safe Keeping\WEB REF\MaterialFiles\app\src\main\java\me\zhanghai\android\files\storage\StorageVolumeListLiveData.kt, E:\For Safe Keeping\WEB REF\MaterialFiles\app\src\main\java\me\zhanghai\android\files\storage\URIExtensions.kt, E:\For Safe Keeping\WEB REF\MaterialFiles\app\src\main\java\me\zhanghai\android\files\storage\WebDavServer.kt, E:\For Safe Keeping\WEB REF\MaterialFiles\app\src\main\java\me\zhanghai\android\files\storage\WebDavServerAuthenticator.kt, E:\For Safe Keeping\WEB REF\MaterialFiles\app\src\main\java\me\zhanghai\android\files\terminal\Terminal.kt, E:\For Safe Keeping\WEB REF\MaterialFiles\app\src\main\java\me\zhanghai\android\files\theme\custom\CustomThemeHelper.kt, E:\For Safe Keeping\WEB REF\MaterialFiles\app\src\main\java\me\zhanghai\android\files\theme\custom\ThemeColor.kt, E:\For Safe Keeping\WEB REF\MaterialFiles\app\src\main\java\me\zhanghai\android\files\theme\custom\ThemeColorPreference.kt, E:\For Safe Keeping\WEB REF\MaterialFiles\app\src\main\java\me\zhanghai\android\files\theme\night\NightMode.kt, E:\For Safe Keeping\WEB REF\MaterialFiles\app\src\main\java\me\zhanghai\android\files\theme\night\NightModeHelper.kt, E:\For Safe Keeping\WEB REF\MaterialFiles\app\src\main\java\me\zhanghai\android\files\ui\AllowSoftInputHackAlertDialogCustomView.kt, E:\For Safe Keeping\WEB REF\MaterialFiles\app\src\main\java\me\zhanghai\android\files\ui\AnimatedListAdapter.kt, E:\For Safe Keeping\WEB REF\MaterialFiles\app\src\main\java\me\zhanghai\android\files\ui\AppBarLayoutExpandHackListener.kt, E:\For Safe Keeping\WEB REF\MaterialFiles\app\src\main\java\me\zhanghai\android\files\ui\AspectRatioFrameLayout.kt, E:\For Safe Keeping\WEB REF\MaterialFiles\app\src\main\java\me\zhanghai\android\files\ui\AspectRatioImageView.kt, E:\For Safe Keeping\WEB REF\MaterialFiles\app\src\main\java\me\zhanghai\android\files\ui\AutoGoneTextView.kt, E:\For Safe Keeping\WEB REF\MaterialFiles\app\src\main\java\me\zhanghai\android\files\ui\AutoMirrorDrawable.kt, E:\For Safe Keeping\WEB REF\MaterialFiles\app\src\main\java\me\zhanghai\android\files\ui\BottomBarLayout.kt, E:\For Safe Keeping\WEB REF\MaterialFiles\app\src\main\java\me\zhanghai\android\files\ui\CheckableForegroundLinearLayout.kt, E:\For Safe Keeping\WEB REF\MaterialFiles\app\src\main\java\me\zhanghai\android\files\ui\CheckableFrameLayout.kt, E:\For Safe Keeping\WEB REF\MaterialFiles\app\src\main\java\me\zhanghai\android\files\ui\CheckableItemBackground.kt, E:\For Safe Keeping\WEB REF\MaterialFiles\app\src\main\java\me\zhanghai\android\files\ui\CheckableView.kt, E:\For Safe Keeping\WEB REF\MaterialFiles\app\src\main\java\me\zhanghai\android\files\ui\CoordinatorAppBarLayout.kt, E:\For Safe Keeping\WEB REF\MaterialFiles\app\src\main\java\me\zhanghai\android\files\ui\CoordinatorScrollingFrameLayout.kt, E:\For Safe Keeping\WEB REF\MaterialFiles\app\src\main\java\me\zhanghai\android\files\ui\CoordinatorScrollingLinearLayout.kt, E:\For Safe Keeping\WEB REF\MaterialFiles\app\src\main\java\me\zhanghai\android\files\ui\CrossfadeSubtitleToolbar.kt, E:\For Safe Keeping\WEB REF\MaterialFiles\app\src\main\java\me\zhanghai\android\files\ui\DisabledAlphaImageView.kt, E:\For Safe Keeping\WEB REF\MaterialFiles\app\src\main\java\me\zhanghai\android\files\ui\DrawerLayoutOnBackPressedCallback.kt, E:\For Safe Keeping\WEB REF\MaterialFiles\app\src\main\java\me\zhanghai\android\files\ui\DropDownView.kt, E:\For Safe Keeping\WEB REF\MaterialFiles\app\src\main\java\me\zhanghai\android\files\ui\FitsSystemWindowsAppBarLayout.kt, E:\For Safe Keeping\WEB REF\MaterialFiles\app\src\main\java\me\zhanghai\android\files\ui\FixLayoutSearchView.kt, E:\For Safe Keeping\WEB REF\MaterialFiles\app\src\main\java\me\zhanghai\android\files\ui\FixQueryChangeSearchView.kt, E:\For Safe Keeping\WEB REF\MaterialFiles\app\src\main\java\me\zhanghai\android\files\ui\IgnoreFitsSystemWindowsFullyDraggableDrawerContentLayout.kt, E:\For Safe Keeping\WEB REF\MaterialFiles\app\src\main\java\me\zhanghai\android\files\ui\LicensesDialogExtensions.kt, E:\For Safe Keeping\WEB REF\MaterialFiles\app\src\main\java\me\zhanghai\android\files\ui\LicensesDialogFragment.kt, E:\For Safe Keeping\WEB REF\MaterialFiles\app\src\main\java\me\zhanghai\android\files\ui\ListAdapter.kt, E:\For Safe Keeping\WEB REF\MaterialFiles\app\src\main\java\me\zhanghai\android\files\ui\ListDiffer.kt, E:\For Safe Keeping\WEB REF\MaterialFiles\app\src\main\java\me\zhanghai\android\files\ui\MaterialListPreferenceDialogFragmentCompat.kt, E:\For Safe Keeping\WEB REF\MaterialFiles\app\src\main\java\me\zhanghai\android\files\ui\MaterialPreferenceDialogFragmentCompat.kt, E:\For Safe Keeping\WEB REF\MaterialFiles\app\src\main\java\me\zhanghai\android\files\ui\NavigationFrameLayout.kt, E:\For Safe Keeping\WEB REF\MaterialFiles\app\src\main\java\me\zhanghai\android\files\ui\OverlayToolbar.kt, E:\For Safe Keeping\WEB REF\MaterialFiles\app\src\main\java\me\zhanghai\android\files\ui\OverlayToolbarActionMode.kt, E:\For Safe Keeping\WEB REF\MaterialFiles\app\src\main\java\me\zhanghai\android\files\ui\PersistentBarLayout.kt, E:\For Safe Keeping\WEB REF\MaterialFiles\app\src\main\java\me\zhanghai\android\files\ui\PersistentBarLayoutToolbarActionMode.kt, E:\For Safe Keeping\WEB REF\MaterialFiles\app\src\main\java\me\zhanghai\android\files\ui\PersistentDrawerLayout.kt, E:\For Safe Keeping\WEB REF\MaterialFiles\app\src\main\java\me\zhanghai\android\files\ui\PreferenceFragmentCompat.kt, E:\For Safe Keeping\WEB REF\MaterialFiles\app\src\main\java\me\zhanghai\android\files\ui\ReadOnlyTextInputEditText.kt, E:\For Safe Keeping\WEB REF\MaterialFiles\app\src\main\java\me\zhanghai\android\files\ui\ReadOnlyTextInputLayout.kt, E:\For Safe Keeping\WEB REF\MaterialFiles\app\src\main\java\me\zhanghai\android\files\ui\SaveStateSubsamplingScaleImageView.kt, E:\For Safe Keeping\WEB REF\MaterialFiles\app\src\main\java\me\zhanghai\android\files\ui\ScrollingChildEditText.kt, E:\For Safe Keeping\WEB REF\MaterialFiles\app\src\main\java\me\zhanghai\android\files\ui\ScrollingViewOnApplyWindowInsetsListener.kt, E:\For Safe Keeping\WEB REF\MaterialFiles\app\src\main\java\me\zhanghai\android\files\ui\SimpleAdapter.kt, E:\For Safe Keeping\WEB REF\MaterialFiles\app\src\main\java\me\zhanghai\android\files\ui\SpeedDialViewOnBackPressedCallback.kt, E:\For Safe Keeping\WEB REF\MaterialFiles\app\src\main\java\me\zhanghai\android\files\ui\StaticAdapter.kt, E:\For Safe Keeping\WEB REF\MaterialFiles\app\src\main\java\me\zhanghai\android\files\ui\TabFragmentPagerAdapter.kt, E:\For Safe Keeping\WEB REF\MaterialFiles\app\src\main\java\me\zhanghai\android\files\ui\TagsView.kt, E:\For Safe Keeping\WEB REF\MaterialFiles\app\src\main\java\me\zhanghai\android\files\ui\ThemedFastScroller.kt, E:\For Safe Keeping\WEB REF\MaterialFiles\app\src\main\java\me\zhanghai\android\files\ui\ThemedSpeedDialView.kt, E:\For Safe Keeping\WEB REF\MaterialFiles\app\src\main\java\me\zhanghai\android\files\ui\ToolbarActionMode.kt, E:\For Safe Keeping\WEB REF\MaterialFiles\app\src\main\java\me\zhanghai\android\files\ui\UnfilteredArrayAdapter.kt, E:\For Safe Keeping\WEB REF\MaterialFiles\app\src\main\java\me\zhanghai\android\files\ui\ViewPagerAdapter.kt, E:\For Safe Keeping\WEB REF\MaterialFiles\app\src\main\java\me\zhanghai\android\files\ui\ViewPagerTransformers.kt, E:\For Safe Keeping\WEB REF\MaterialFiles\app\src\main\java\me\zhanghai\android\files\ui\WrapFirstPageContentViewPager.kt, E:\For Safe Keeping\WEB REF\MaterialFiles\app\src\main\java\me\zhanghai\android\files\util\AbstractLocalCursor.kt, E:\For Safe Keeping\WEB REF\MaterialFiles\app\src\main\java\me\zhanghai\android\files\util\ActionState.kt, E:\For Safe Keeping\WEB REF\MaterialFiles\app\src\main\java\me\zhanghai\android\files\util\ActivityResultLauncherExtensions.kt, E:\For Safe Keeping\WEB REF\MaterialFiles\app\src\main\java\me\zhanghai\android\files\util\AddressExtensions.kt, E:\For Safe Keeping\WEB REF\MaterialFiles\app\src\main\java\me\zhanghai\android\files\util\AnimatorExtensions.kt, E:\For Safe Keeping\WEB REF\MaterialFiles\app\src\main\java\me\zhanghai\android\files\util\AnyExtensions.kt, E:\For Safe Keeping\WEB REF\MaterialFiles\app\src\main\java\me\zhanghai\android\files\util\AutoCloseableExtensions.kt, E:\For Safe Keeping\WEB REF\MaterialFiles\app\src\main\java\me\zhanghai\android\files\util\Base64.kt, E:\For Safe Keeping\WEB REF\MaterialFiles\app\src\main\java\me\zhanghai\android\files\util\BundleExtensions.kt, E:\For Safe Keeping\WEB REF\MaterialFiles\app\src\main\java\me\zhanghai\android\files\util\ByteArrayExtensions.kt, E:\For Safe Keeping\WEB REF\MaterialFiles\app\src\main\java\me\zhanghai\android\files\util\BytePathName.kt, E:\For Safe Keeping\WEB REF\MaterialFiles\app\src\main\java\me\zhanghai\android\files\util\CancellationSignalExtensions.kt, E:\For Safe Keeping\WEB REF\MaterialFiles\app\src\main\java\me\zhanghai\android\files\util\CharSequenceExtensions.kt, E:\For Safe Keeping\WEB REF\MaterialFiles\app\src\main\java\me\zhanghai\android\files\util\ClickableArrowKeyMovementMethod.kt, E:\For Safe Keeping\WEB REF\MaterialFiles\app\src\main\java\me\zhanghai\android\files\util\ClickableMovementMethod.kt, E:\For Safe Keeping\WEB REF\MaterialFiles\app\src\main\java\me\zhanghai\android\files\util\ClipboardManagerExtensions.kt, E:\For Safe Keeping\WEB REF\MaterialFiles\app\src\main\java\me\zhanghai\android\files\util\ClipDataExtensions.kt, E:\For Safe Keeping\WEB REF\MaterialFiles\app\src\main\java\me\zhanghai\android\files\util\CloseableLiveData.kt, E:\For Safe Keeping\WEB REF\MaterialFiles\app\src\main\java\me\zhanghai\android\files\util\CollectionExtensions.kt, E:\For Safe Keeping\WEB REF\MaterialFiles\app\src\main\java\me\zhanghai\android\files\util\Color.kt, E:\For Safe Keeping\WEB REF\MaterialFiles\app\src\main\java\me\zhanghai\android\files\util\ColorUtils.kt, E:\For Safe Keeping\WEB REF\MaterialFiles\app\src\main\java\me\zhanghai\android\files\util\ConcurrentMapExtensions.kt, E:\For Safe Keeping\WEB REF\MaterialFiles\app\src\main\java\me\zhanghai\android\files\util\ContextExtensions.kt, E:\For Safe Keeping\WEB REF\MaterialFiles\app\src\main\java\me\zhanghai\android\files\util\DataState.kt, E:\For Safe Keeping\WEB REF\MaterialFiles\app\src\main\java\me\zhanghai\android\files\util\DebouncedRunnable.kt, E:\For Safe Keeping\WEB REF\MaterialFiles\app\src\main\java\me\zhanghai\android\files\util\DialogFragmentExtensions.kt, E:\For Safe Keeping\WEB REF\MaterialFiles\app\src\main\java\me\zhanghai\android\files\util\DrawableExtensions.kt, E:\For Safe Keeping\WEB REF\MaterialFiles\app\src\main\java\me\zhanghai\android\files\util\EditTextExtensions.kt, E:\For Safe Keeping\WEB REF\MaterialFiles\app\src\main\java\me\zhanghai\android\files\util\EnvironmentExtensions.kt, E:\For Safe Keeping\WEB REF\MaterialFiles\app\src\main\java\me\zhanghai\android\files\util\Extensions.kt, E:\For Safe Keeping\WEB REF\MaterialFiles\app\src\main\java\me\zhanghai\android\files\util\ForegroundNotificationManager.kt, E:\For Safe Keeping\WEB REF\MaterialFiles\app\src\main\java\me\zhanghai\android\files\util\FragmentExtensions.kt, E:\For Safe Keeping\WEB REF\MaterialFiles\app\src\main\java\me\zhanghai\android\files\util\FragmentViewModelLazy.kt, E:\For Safe Keeping\WEB REF\MaterialFiles\app\src\main\java\me\zhanghai\android\files\util\GeocoderExtensions.kt, E:\For Safe Keeping\WEB REF\MaterialFiles\app\src\main\java\me\zhanghai\android\files\util\hash.kt, E:\For Safe Keeping\WEB REF\MaterialFiles\app\src\main\java\me\zhanghai\android\files\util\InetAddressExtensions.kt, E:\For Safe Keeping\WEB REF\MaterialFiles\app\src\main\java\me\zhanghai\android\files\util\IntentExtensions.kt, E:\For Safe Keeping\WEB REF\MaterialFiles\app\src\main\java\me\zhanghai\android\files\util\IntentPathExtensions.kt, E:\For Safe Keeping\WEB REF\MaterialFiles\app\src\main\java\me\zhanghai\android\files\util\IntExtensions.kt, E:\For Safe Keeping\WEB REF\MaterialFiles\app\src\main\java\me\zhanghai\android\files\util\LateInitMutableStateFlow.kt, E:\For Safe Keeping\WEB REF\MaterialFiles\app\src\main\java\me\zhanghai\android\files\util\LazyReflection.kt, E:\For Safe Keeping\WEB REF\MaterialFiles\app\src\main\java\me\zhanghai\android\files\util\ListExtensions.kt, E:\For Safe Keeping\WEB REF\MaterialFiles\app\src\main\java\me\zhanghai\android\files\util\LiveDataExtensions.kt, E:\For Safe Keeping\WEB REF\MaterialFiles\app\src\main\java\me\zhanghai\android\files\util\LocaleListCompatExtensions.kt, E:\For Safe Keeping\WEB REF\MaterialFiles\app\src\main\java\me\zhanghai\android\files\util\LongExtensions.kt, E:\For Safe Keeping\WEB REF\MaterialFiles\app\src\main\java\me\zhanghai\android\files\util\MapSet.kt, E:\For Safe Keeping\WEB REF\MaterialFiles\app\src\main\java\me\zhanghai\android\files\util\MediaLogger.kt, E:\For Safe Keeping\WEB REF\MaterialFiles\app\src\main\java\me\zhanghai\android\files\util\MediaMetadataRetrieverPathExtensions.kt, E:\For Safe Keeping\WEB REF\MaterialFiles\app\src\main\java\me\zhanghai\android\files\util\NotificationTemplate.kt, E:\For Safe Keeping\WEB REF\MaterialFiles\app\src\main\java\me\zhanghai\android\files\util\PackageManagerExtensions.kt, E:\For Safe Keeping\WEB REF\MaterialFiles\app\src\main\java\me\zhanghai\android\files\util\PackageManagerPathExtensions.kt, E:\For Safe Keeping\WEB REF\MaterialFiles\app\src\main\java\me\zhanghai\android\files\util\ParcelableArgs.kt, E:\For Safe Keeping\WEB REF\MaterialFiles\app\src\main\java\me\zhanghai\android\files\util\ParcelableState.kt, E:\For Safe Keeping\WEB REF\MaterialFiles\app\src\main\java\me\zhanghai\android\files\util\Parcelers.kt, E:\For Safe Keeping\WEB REF\MaterialFiles\app\src\main\java\me\zhanghai\android\files\util\ParcelExtensions.kt, E:\For Safe Keeping\WEB REF\MaterialFiles\app\src\main\java\me\zhanghai\android\files\util\ParcelSlicedList.kt, E:\For Safe Keeping\WEB REF\MaterialFiles\app\src\main\java\me\zhanghai\android\files\util\PathName.kt, E:\For Safe Keeping\WEB REF\MaterialFiles\app\src\main\java\me\zhanghai\android\files\util\RecyclerViewExtensions.kt, E:\For Safe Keeping\WEB REF\MaterialFiles\app\src\main\java\me\zhanghai\android\files\util\RemoteCallback.kt, E:\For Safe Keeping\WEB REF\MaterialFiles\app\src\main\java\me\zhanghai\android\files\util\RuntimeBroadcastReceiver.kt, E:\For Safe Keeping\WEB REF\MaterialFiles\app\src\main\java\me\zhanghai\android\files\util\SelectionLiveData.kt, E:\For Safe Keeping\WEB REF\MaterialFiles\app\src\main\java\me\zhanghai\android\files\util\SimpleActivityLifecycleCallbacks.kt, E:\For Safe Keeping\WEB REF\MaterialFiles\app\src\main\java\me\zhanghai\android\files\util\StableUriParceler.kt, E:\For Safe Keeping\WEB REF\MaterialFiles\app\src\main\java\me\zhanghai\android\files\util\Stateful.kt, E:\For Safe Keeping\WEB REF\MaterialFiles\app\src\main\java\me\zhanghai\android\files\util\StatefulLiveData.kt, E:\For Safe Keeping\WEB REF\MaterialFiles\app\src\main\java\me\zhanghai\android\files\util\StatusBarManagerExtensions.kt, E:\For Safe Keeping\WEB REF\MaterialFiles\app\src\main\java\me\zhanghai\android\files\util\StorageVolumeExtensions.kt, E:\For Safe Keeping\WEB REF\MaterialFiles\app\src\main\java\me\zhanghai\android\files\util\StrictModeExtensions.kt, E:\For Safe Keeping\WEB REF\MaterialFiles\app\src\main\java\me\zhanghai\android\files\util\TextViewExtensions.kt, E:\For Safe Keeping\WEB REF\MaterialFiles\app\src\main\java\me\zhanghai\android\files\util\ThrottledRunnable.kt, E:\For Safe Keeping\WEB REF\MaterialFiles\app\src\main\java\me\zhanghai\android\files\util\ThrowableExtensions.kt, E:\For Safe Keeping\WEB REF\MaterialFiles\app\src\main\java\me\zhanghai\android\files\util\TypedValueExtensions.kt, E:\For Safe Keeping\WEB REF\MaterialFiles\app\src\main\java\me\zhanghai\android\files\util\UriExtensions.kt, E:\For Safe Keeping\WEB REF\MaterialFiles\app\src\main\java\me\zhanghai\android\files\util\ViewExtensions.kt, E:\For Safe Keeping\WEB REF\MaterialFiles\app\src\main\java\me\zhanghai\android\files\util\WakeWifiLock.kt, E:\For Safe Keeping\WEB REF\MaterialFiles\app\src\main\java\me\zhanghai\android\files\viewer\image\ConfirmDeleteDialogFragment.kt, E:\For Safe Keeping\WEB REF\MaterialFiles\app\src\main\java\me\zhanghai\android\files\viewer\image\ImageViewerActivity.kt, E:\For Safe Keeping\WEB REF\MaterialFiles\app\src\main\java\me\zhanghai\android\files\viewer\image\ImageViewerAdapter.kt, E:\For Safe Keeping\WEB REF\MaterialFiles\app\src\main\java\me\zhanghai\android\files\viewer\image\ImageViewerFragment.kt, E:\For Safe Keeping\WEB REF\MaterialFiles\app\src\main\java\me\zhanghai\android\files\viewer\saveas\SaveAsActivity.kt, E:\For Safe Keeping\WEB REF\MaterialFiles\app\src\main\java\me\zhanghai\android\files\viewer\text\ConfirmCloseDialogFragment.kt, E:\For Safe Keeping\WEB REF\MaterialFiles\app\src\main\java\me\zhanghai\android\files\viewer\text\ConfirmReloadDialogFragment.kt, E:\For Safe Keeping\WEB REF\MaterialFiles\app\src\main\java\me\zhanghai\android\files\viewer\text\TextEditorActivity.kt, E:\For Safe Keeping\WEB REF\MaterialFiles\app\src\main\java\me\zhanghai\android\files\viewer\text\TextEditorFragment.kt, E:\For Safe Keeping\WEB REF\MaterialFiles\app\src\main\java\me\zhanghai\android\files\viewer\text\TextEditorViewModel.kt
Java source files: E:\For Safe Keeping\WEB REF\MaterialFiles\app\build\generated\ksp\debug\java\me\zhanghai\android\files\database\AppDatabase_Impl.java, E:\For Safe Keeping\WEB REF\MaterialFiles\app\build\generated\ksp\debug\java\me\zhanghai\android\files\database\VideoMetadataDao_Impl.java, E:\For Safe Keeping\WEB REF\MaterialFiles\app\src\main\java\androidx\appcompat\app\AppCompatDelegateCompat.java, E:\For Safe Keeping\WEB REF\MaterialFiles\app\src\main\java\androidx\appcompat\widget\FixPaddingListPopupWindow.java, E:\For Safe Keeping\WEB REF\MaterialFiles\app\src\main\java\androidx\swiperefreshlayout\widget\ThemedSwipeRefreshLayout.java, E:\For Safe Keeping\WEB REF\MaterialFiles\app\src\main\java\at\bitfire\dav4jvm\DavResourceAccessor.java, E:\For Safe Keeping\WEB REF\MaterialFiles\app\src\main\java\com\google\android\material\appbar\OnWindowInsetChangedAppBarLayout.java, E:\For Safe Keeping\WEB REF\MaterialFiles\app\src\main\java\com\google\android\material\shape\MaterialShapeDrawableAccessor.java, E:\For Safe Keeping\WEB REF\MaterialFiles\app\src\main\java\com\hierynomus\smbj\share\FileAccessor.java, E:\For Safe Keeping\WEB REF\MaterialFiles\app\src\main\java\com\hierynomus\smbj\share\ShareAccessor.java, E:\For Safe Keeping\WEB REF\MaterialFiles\app\src\main\java\net\schmizz\sshj\sftp\RemoteFileAccessor.java, E:\For Safe Keeping\WEB REF\MaterialFiles\app\build\generated\source\buildConfig\debug\me\zhanghai\android\files\BuildConfig.java, E:\For Safe Keeping\WEB REF\MaterialFiles\app\build\generated\aidl_source_output_dir\debug\out\me\zhanghai\android\files\provider\common\ParcelableFileTime.java, E:\For Safe Keeping\WEB REF\MaterialFiles\app\build\generated\aidl_source_output_dir\debug\out\me\zhanghai\android\files\provider\common\ParcelablePosixFileMode.java, E:\For Safe Keeping\WEB REF\MaterialFiles\app\build\generated\aidl_source_output_dir\debug\out\me\zhanghai\android\files\provider\common\PosixGroup.java, E:\For Safe Keeping\WEB REF\MaterialFiles\app\build\generated\aidl_source_output_dir\debug\out\me\zhanghai\android\files\provider\common\PosixUser.java, E:\For Safe Keeping\WEB REF\MaterialFiles\app\build\generated\aidl_source_output_dir\debug\out\me\zhanghai\android\files\provider\remote\IRemoteFileService.java, E:\For Safe Keeping\WEB REF\MaterialFiles\app\build\generated\aidl_source_output_dir\debug\out\me\zhanghai\android\files\provider\remote\IRemoteFileSystem.java, E:\For Safe Keeping\WEB REF\MaterialFiles\app\build\generated\aidl_source_output_dir\debug\out\me\zhanghai\android\files\provider\remote\IRemoteFileSystemProvider.java, E:\For Safe Keeping\WEB REF\MaterialFiles\app\build\generated\aidl_source_output_dir\debug\out\me\zhanghai\android\files\provider\remote\IRemoteInputStream.java, E:\For Safe Keeping\WEB REF\MaterialFiles\app\build\generated\aidl_source_output_dir\debug\out\me\zhanghai\android\files\provider\remote\IRemotePathObservable.java, E:\For Safe Keeping\WEB REF\MaterialFiles\app\build\generated\aidl_source_output_dir\debug\out\me\zhanghai\android\files\provider\remote\IRemotePosixFileAttributeView.java, E:\For Safe Keeping\WEB REF\MaterialFiles\app\build\generated\aidl_source_output_dir\debug\out\me\zhanghai\android\files\provider\remote\IRemotePosixFileStore.java, E:\For Safe Keeping\WEB REF\MaterialFiles\app\build\generated\aidl_source_output_dir\debug\out\me\zhanghai\android\files\provider\remote\IRemoteSeekableByteChannel.java, E:\For Safe Keeping\WEB REF\MaterialFiles\app\build\generated\aidl_source_output_dir\debug\out\me\zhanghai\android\files\provider\remote\ParcelableCopyOptions.java, E:\For Safe Keeping\WEB REF\MaterialFiles\app\build\generated\aidl_source_output_dir\debug\out\me\zhanghai\android\files\provider\remote\ParcelableDirectoryStream.java, E:\For Safe Keeping\WEB REF\MaterialFiles\app\build\generated\aidl_source_output_dir\debug\out\me\zhanghai\android\files\provider\remote\ParcelableException.java, E:\For Safe Keeping\WEB REF\MaterialFiles\app\build\generated\aidl_source_output_dir\debug\out\me\zhanghai\android\files\provider\remote\ParcelableFileAttributes.java, E:\For Safe Keeping\WEB REF\MaterialFiles\app\build\generated\aidl_source_output_dir\debug\out\me\zhanghai\android\files\provider\remote\ParcelableObject.java, E:\For Safe Keeping\WEB REF\MaterialFiles\app\build\generated\aidl_source_output_dir\debug\out\me\zhanghai\android\files\provider\remote\ParcelablePathListConsumer.java, E:\For Safe Keeping\WEB REF\MaterialFiles\app\build\generated\aidl_source_output_dir\debug\out\me\zhanghai\android\files\provider\remote\ParcelableSerializable.java, E:\For Safe Keeping\WEB REF\MaterialFiles\app\build\generated\aidl_source_output_dir\debug\out\me\zhanghai\android\files\provider\remote\RemoteInputStream.java, E:\For Safe Keeping\WEB REF\MaterialFiles\app\build\generated\aidl_source_output_dir\debug\out\me\zhanghai\android\files\provider\remote\RemotePathObservable.java, E:\For Safe Keeping\WEB REF\MaterialFiles\app\build\generated\aidl_source_output_dir\debug\out\me\zhanghai\android\files\provider\remote\RemoteSeekableByteChannel.java, E:\For Safe Keeping\WEB REF\MaterialFiles\app\build\generated\aidl_source_output_dir\debug\out\me\zhanghai\android\files\util\IRemoteCallback.java, E:\For Safe Keeping\WEB REF\MaterialFiles\app\build\generated\aidl_source_output_dir\debug\out\me\zhanghai\android\files\util\ParcelSlicedList.java, E:\For Safe Keeping\WEB REF\MaterialFiles\app\build\generated\aidl_source_output_dir\debug\out\me\zhanghai\android\files\util\RemoteCallback.java, E:\For Safe Keeping\WEB REF\MaterialFiles\app\build\generated\data_binding_base_class_source_out\debug\out\me\zhanghai\android\files\databinding\AboutFragmentBinding.java, E:\For Safe Keeping\WEB REF\MaterialFiles\app\build\generated\data_binding_base_class_source_out\debug\out\me\zhanghai\android\files\databinding\AddLanSmbServerFragmentBinding.java, E:\For Safe Keeping\WEB REF\MaterialFiles\app\build\generated\data_binding_base_class_source_out\debug\out\me\zhanghai\android\files\databinding\ArchivePasswordDialogBinding.java, E:\For Safe Keeping\WEB REF\MaterialFiles\app\build\generated\data_binding_base_class_source_out\debug\out\me\zhanghai\android\files\databinding\BookmarkDirectoryItemBinding.java, E:\For Safe Keeping\WEB REF\MaterialFiles\app\build\generated\data_binding_base_class_source_out\debug\out\me\zhanghai\android\files\databinding\BookmarkDirectoryListFragmentBinding.java, E:\For Safe Keeping\WEB REF\MaterialFiles\app\build\generated\data_binding_base_class_source_out\debug\out\me\zhanghai\android\files\databinding\BreadcrumbItemBinding.java, E:\For Safe Keeping\WEB REF\MaterialFiles\app\build\generated\data_binding_base_class_source_out\debug\out\me\zhanghai\android\files\databinding\ColorPickerDialogBinding.java, E:\For Safe Keeping\WEB REF\MaterialFiles\app\build\generated\data_binding_base_class_source_out\debug\out\me\zhanghai\android\files\databinding\ColorPickerItemBinding.java, E:\For Safe Keeping\WEB REF\MaterialFiles\app\build\generated\data_binding_base_class_source_out\debug\out\me\zhanghai\android\files\databinding\ColorPreferenceDialogBinding.java, E:\For Safe Keeping\WEB REF\MaterialFiles\app\build\generated\data_binding_base_class_source_out\debug\out\me\zhanghai\android\files\databinding\ColorPreferenceWidgetBinding.java, E:\For Safe Keeping\WEB REF\MaterialFiles\app\build\generated\data_binding_base_class_source_out\debug\out\me\zhanghai\android\files\databinding\CreateArchiveDialogBinding.java, E:\For Safe Keeping\WEB REF\MaterialFiles\app\build\generated\data_binding_base_class_source_out\debug\out\me\zhanghai\android\files\databinding\CustomMinimalPlayerControlsBinding.java, E:\For Safe Keeping\WEB REF\MaterialFiles\app\build\generated\data_binding_base_class_source_out\debug\out\me\zhanghai\android\files\databinding\DialogTagFilterBinding.java, E:\For Safe Keeping\WEB REF\MaterialFiles\app\build\generated\data_binding_base_class_source_out\debug\out\me\zhanghai\android\files\databinding\DropdownItemBinding.java, E:\For Safe Keeping\WEB REF\MaterialFiles\app\build\generated\data_binding_base_class_source_out\debug\out\me\zhanghai\android\files\databinding\EditBookmarkDirectoryDialogBinding.java, E:\For Safe Keeping\WEB REF\MaterialFiles\app\build\generated\data_binding_base_class_source_out\debug\out\me\zhanghai\android\files\databinding\EditDeviceStorageDialogBinding.java, E:\For Safe Keeping\WEB REF\MaterialFiles\app\build\generated\data_binding_base_class_source_out\debug\out\me\zhanghai\android\files\databinding\EditDocumentTreeDialogBinding.java, E:\For Safe Keeping\WEB REF\MaterialFiles\app\build\generated\data_binding_base_class_source_out\debug\out\me\zhanghai\android\files\databinding\EditExternalStorageShortcutDialogBinding.java, E:\For Safe Keeping\WEB REF\MaterialFiles\app\build\generated\data_binding_base_class_source_out\debug\out\me\zhanghai\android\files\databinding\EditFtpServerFragmentBinding.java, E:\For Safe Keeping\WEB REF\MaterialFiles\app\build\generated\data_binding_base_class_source_out\debug\out\me\zhanghai\android\files\databinding\EditSftpServerFragmentBinding.java, E:\For Safe Keeping\WEB REF\MaterialFiles\app\build\generated\data_binding_base_class_source_out\debug\out\me\zhanghai\android\files\databinding\EditSmbServerFragmentBinding.java, E:\For Safe Keeping\WEB REF\MaterialFiles\app\build\generated\data_binding_base_class_source_out\debug\out\me\zhanghai\android\files\databinding\EditWebdavServerFragmentBinding.java, E:\For Safe Keeping\WEB REF\MaterialFiles\app\build\generated\data_binding_base_class_source_out\debug\out\me\zhanghai\android\files\databinding\FileItemGridBinding.java, E:\For Safe Keeping\WEB REF\MaterialFiles\app\build\generated\data_binding_base_class_source_out\debug\out\me\zhanghai\android\files\databinding\FileItemListBinding.java, E:\For Safe Keeping\WEB REF\MaterialFiles\app\build\generated\data_binding_base_class_source_out\debug\out\me\zhanghai\android\files\databinding\FileJobConflictDialogViewBinding.java, E:\For Safe Keeping\WEB REF\MaterialFiles\app\build\generated\data_binding_base_class_source_out\debug\out\me\zhanghai\android\files\databinding\FileJobErrorDialogViewBinding.java, E:\For Safe Keeping\WEB REF\MaterialFiles\app\build\generated\data_binding_base_class_source_out\debug\out\me\zhanghai\android\files\databinding\FileListFragmentAppBarIncludeBinding.java, E:\For Safe Keeping\WEB REF\MaterialFiles\app\build\generated\data_binding_base_class_source_out\debug\out\me\zhanghai\android\files\databinding\FileListFragmentBinding.java, E:\For Safe Keeping\WEB REF\MaterialFiles\app\build\generated\data_binding_base_class_source_out\debug\out\me\zhanghai\android\files\databinding\FileListFragmentBottomBarIncludeBinding.java, E:\For Safe Keeping\WEB REF\MaterialFiles\app\build\generated\data_binding_base_class_source_out\debug\out\me\zhanghai\android\files\databinding\FileListFragmentContentIncludeBinding.java, E:\For Safe Keeping\WEB REF\MaterialFiles\app\build\generated\data_binding_base_class_source_out\debug\out\me\zhanghai\android\files\databinding\FileListFragmentIncludeBinding.java, E:\For Safe Keeping\WEB REF\MaterialFiles\app\build\generated\data_binding_base_class_source_out\debug\out\me\zhanghai\android\files\databinding\FileListFragmentSpeedDialIncludeBinding.java, E:\For Safe Keeping\WEB REF\MaterialFiles\app\build\generated\data_binding_base_class_source_out\debug\out\me\zhanghai\android\files\databinding\FileListItemScaleDialogBinding.java, E:\For Safe Keeping\WEB REF\MaterialFiles\app\build\generated\data_binding_base_class_source_out\debug\out\me\zhanghai\android\files\databinding\FilePropertiesChecksumCompareItemBinding.java, E:\For Safe Keeping\WEB REF\MaterialFiles\app\build\generated\data_binding_base_class_source_out\debug\out\me\zhanghai\android\files\databinding\FilePropertiesDialogBinding.java, E:\For Safe Keeping\WEB REF\MaterialFiles\app\build\generated\data_binding_base_class_source_out\debug\out\me\zhanghai\android\files\databinding\FilePropertiesTabFragmentBinding.java, E:\For Safe Keeping\WEB REF\MaterialFiles\app\build\generated\data_binding_base_class_source_out\debug\out\me\zhanghai\android\files\databinding\FilePropertiesTabItemBinding.java, E:\For Safe Keeping\WEB REF\MaterialFiles\app\build\generated\data_binding_base_class_source_out\debug\out\me\zhanghai\android\files\databinding\FileRatingDialogBinding.java, E:\For Safe Keeping\WEB REF\MaterialFiles\app\build\generated\data_binding_base_class_source_out\debug\out\me\zhanghai\android\files\databinding\FileTagAddDialogBinding.java, E:\For Safe Keeping\WEB REF\MaterialFiles\app\build\generated\data_binding_base_class_source_out\debug\out\me\zhanghai\android\files\databinding\FileTagFilterDialogBinding.java, E:\For Safe Keeping\WEB REF\MaterialFiles\app\build\generated\data_binding_base_class_source_out\debug\out\me\zhanghai\android\files\databinding\FileTagItemBinding.java, E:\For Safe Keeping\WEB REF\MaterialFiles\app\build\generated\data_binding_base_class_source_out\debug\out\me\zhanghai\android\files\databinding\FileTagManagementDialogBinding.java, E:\For Safe Keeping\WEB REF\MaterialFiles\app\build\generated\data_binding_base_class_source_out\debug\out\me\zhanghai\android\files\databinding\FilterTagItemBinding.java, E:\For Safe Keeping\WEB REF\MaterialFiles\app\build\generated\data_binding_base_class_source_out\debug\out\me\zhanghai\android\files\databinding\FtpServerFragmentBinding.java, E:\For Safe Keeping\WEB REF\MaterialFiles\app\build\generated\data_binding_base_class_source_out\debug\out\me\zhanghai\android\files\databinding\ImageViewerFragmentBinding.java, E:\For Safe Keeping\WEB REF\MaterialFiles\app\build\generated\data_binding_base_class_source_out\debug\out\me\zhanghai\android\files\databinding\ImageViewerItemBinding.java, E:\For Safe Keeping\WEB REF\MaterialFiles\app\build\generated\data_binding_base_class_source_out\debug\out\me\zhanghai\android\files\databinding\ItemTagFilterBinding.java, E:\For Safe Keeping\WEB REF\MaterialFiles\app\build\generated\data_binding_base_class_source_out\debug\out\me\zhanghai\android\files\databinding\LanSmbServerAddItemBinding.java, E:\For Safe Keeping\WEB REF\MaterialFiles\app\build\generated\data_binding_base_class_source_out\debug\out\me\zhanghai\android\files\databinding\LanSmbServerItemBinding.java, E:\For Safe Keeping\WEB REF\MaterialFiles\app\build\generated\data_binding_base_class_source_out\debug\out\me\zhanghai\android\files\databinding\LanSmbServerLoadingItemBinding.java, E:\For Safe Keeping\WEB REF\MaterialFiles\app\build\generated\data_binding_base_class_source_out\debug\out\me\zhanghai\android\files\databinding\ModeBitItemBinding.java, E:\For Safe Keeping\WEB REF\MaterialFiles\app\build\generated\data_binding_base_class_source_out\debug\out\me\zhanghai\android\files\databinding\NameDialogBinding.java, E:\For Safe Keeping\WEB REF\MaterialFiles\app\build\generated\data_binding_base_class_source_out\debug\out\me\zhanghai\android\files\databinding\NameDialogNameIncludeBinding.java, E:\For Safe Keeping\WEB REF\MaterialFiles\app\build\generated\data_binding_base_class_source_out\debug\out\me\zhanghai\android\files\databinding\NavigationDividerItemBinding.java, E:\For Safe Keeping\WEB REF\MaterialFiles\app\build\generated\data_binding_base_class_source_out\debug\out\me\zhanghai\android\files\databinding\NavigationFragmentBinding.java, E:\For Safe Keeping\WEB REF\MaterialFiles\app\build\generated\data_binding_base_class_source_out\debug\out\me\zhanghai\android\files\databinding\NavigationItemBinding.java, E:\For Safe Keeping\WEB REF\MaterialFiles\app\build\generated\data_binding_base_class_source_out\debug\out\me\zhanghai\android\files\databinding\PermissionItemBinding.java, E:\For Safe Keeping\WEB REF\MaterialFiles\app\build\generated\data_binding_base_class_source_out\debug\out\me\zhanghai\android\files\databinding\PermissionListDialogBinding.java, E:\For Safe Keeping\WEB REF\MaterialFiles\app\build\generated\data_binding_base_class_source_out\debug\out\me\zhanghai\android\files\databinding\PrincipalItemBinding.java, E:\For Safe Keeping\WEB REF\MaterialFiles\app\build\generated\data_binding_base_class_source_out\debug\out\me\zhanghai\android\files\databinding\SetModeDialogBinding.java, E:\For Safe Keeping\WEB REF\MaterialFiles\app\build\generated\data_binding_base_class_source_out\debug\out\me\zhanghai\android\files\databinding\SetPrincipalDialogBinding.java, E:\For Safe Keeping\WEB REF\MaterialFiles\app\build\generated\data_binding_base_class_source_out\debug\out\me\zhanghai\android\files\databinding\SetSelinuxContextDialogBinding.java, E:\For Safe Keeping\WEB REF\MaterialFiles\app\build\generated\data_binding_base_class_source_out\debug\out\me\zhanghai\android\files\databinding\SettingsFragmentBinding.java, E:\For Safe Keeping\WEB REF\MaterialFiles\app\build\generated\data_binding_base_class_source_out\debug\out\me\zhanghai\android\files\databinding\StandardDirectoryListFragmentBinding.java, E:\For Safe Keeping\WEB REF\MaterialFiles\app\build\generated\data_binding_base_class_source_out\debug\out\me\zhanghai\android\files\databinding\StorageItemBinding.java, E:\For Safe Keeping\WEB REF\MaterialFiles\app\build\generated\data_binding_base_class_source_out\debug\out\me\zhanghai\android\files\databinding\StorageListFragmentBinding.java, E:\For Safe Keeping\WEB REF\MaterialFiles\app\build\generated\data_binding_base_class_source_out\debug\out\me\zhanghai\android\files\databinding\SwitchPreferenceCompatWidgetBinding.java, E:\For Safe Keeping\WEB REF\MaterialFiles\app\build\generated\data_binding_base_class_source_out\debug\out\me\zhanghai\android\files\databinding\SwitchPreferenceCompatWidgetMaterial3Binding.java, E:\For Safe Keeping\WEB REF\MaterialFiles\app\build\generated\data_binding_base_class_source_out\debug\out\me\zhanghai\android\files\databinding\TagItemBinding.java, E:\For Safe Keeping\WEB REF\MaterialFiles\app\build\generated\data_binding_base_class_source_out\debug\out\me\zhanghai\android\files\databinding\TextEditorFragmentBinding.java, E:\For Safe Keeping\WEB REF\MaterialFiles\app\build\generated\data_binding_base_class_source_out\debug\out\me\zhanghai\android\files\databinding\VideoSelectionForThumbnailDialogBinding.java, E:\For Safe Keeping\WEB REF\MaterialFiles\app\build\generated\data_binding_base_class_source_out\debug\out\me\zhanghai\android\files\databinding\VideoThumbnailManagementDialogBinding.java
Script source files: 
Script file extensions: 
Using Kotlin/JVM incremental compilation
[KOTLIN] Kotlin compilation 'jdkHome' argument: null
i: found daemon on port 17849 (5508881 ms old), trying to connect
i: connected to the daemon
Options for KOTLIN DAEMON: IncrementalCompilationOptions(super=CompilationOptions(compilerMode=INCREMENTAL_COMPILER, targetPlatform=JVM, reportCategories=[0, 3], reportSeverity=2, requestedCompilationResults=[0], kotlinScriptExtensions=[]), areFileChangesKnown=false, modifiedFiles=null, deletedFiles=null, classpathChanges=NotAvailableForNonIncrementalRun, workingDir=E:\For Safe Keeping\WEB REF\MaterialFiles\app\build\kotlin\compileDebugKotlin\cacheable, multiModuleICSettings=MultiModuleICSettings(buildHistoryFile=E:\For Safe Keeping\WEB REF\MaterialFiles\app\build\kotlin\compileDebugKotlin\local-state\build-history.bin, useModuleDetection=true), usePreciseJavaTracking=true, outputFiles=[E:\For Safe Keeping\WEB REF\MaterialFiles\app\build\tmp\kotlin-classes\debug, E:\For Safe Keeping\WEB REF\MaterialFiles\app\build\kotlin\compileDebugKotlin\cacheable, E:\For Safe Keeping\WEB REF\MaterialFiles\app\build\kotlin\compileDebugKotlin\local-state])
./gradlew : e: file:///E:/For%20Safe%20Keeping/WEB%20REF/MaterialFiles/app/src/main
/java/me/zhanghai/android/files/filelist/VideoSelectionForThumbnailDialogFragment.k
t:135:32 Unresolved reference: folder_thumbnail_set_success
At line:1 char:1
+ ./gradlew assembleDebug --info > build_output.txt 2>&1
+ ~~~~~~~~~~~~~~~~~~~~~~~~~~~~~~~~~~~~~~~~~~~~~~~~~~~~~~
    + CategoryInfo          : NotSpecified: (e: file:///E:/F...ail_set_success:Str 
   ing) [], RemoteException
    + FullyQualifiedErrorId : NativeCommandError
 
e: file:///E:/For%20Safe%20Keeping/WEB%20REF/MaterialFiles/app/src/main/java/me/zha
nghai/android/files/filelist/VideoSelectionForThumbnailDialogFragment.kt:142:45 
Unresolved reference: folder_thumbnail_set_failed

> Task :app:compileDebugKotlin FAILED

FAILURE: Build failed with an exception.

* What went wrong:
Execution failed for task ':app:compileDebugKotlin'.
> A failure occurred while executing org.jetbrains.kotlin.compilerRunner.GradleComp
ilerRunnerWithWorkers$GradleKotlinCompilerWorkAction
   > Compilation error. See log for more details

* Try:
> Run with --stacktrace option to get the stack trace.
> Run with --debug option to get more log output.
> Run with --scan to get full insights.
> Get more help at https://help.gradle.org.

BUILD FAILED in 34s
48 actionable tasks: 10 executed, 38 up-to-date
Watched directory hierarchies: [E:\For Safe Keeping\WEB REF\MaterialFiles]
